2026-06-12 11:54:46,907 - DEBUG - Using logic: Permissive10X
2026-06-12 11:54:46,922 - INFO - Read 2877 cell barcodes from /research/lab_stary/sequencing_projects/hsct/COUNT/S_7681_baseline_transcriptome/filtered_feature_bc_matrix/barcodes.tsv.gz
2026-06-12 11:54:46,923 - DEBUG - Example of barcode: AAACCTGAGCCATCGC and cell_id: velocyto:AAACCTGAGCCATCGC-1
2026-06-12 11:54:46,939 - DEBUG - Peeking into /research/peer/fdeckert/FD20250213HSCT/data/object/velocyto/S_7681_baseline_transcriptome/possorted_genome_bam.bam
2026-06-12 11:54:46,955 - WARNING - Not found cell and umi barcode in entry 9 of the bam file
2026-06-12 11:54:46,956 - WARNING - Not found cell and umi barcode in entry 10 of the bam file
2026-06-12 11:54:46,956 - WARNING - Not found cell and umi barcode in entry 11 of the bam file
2026-06-12 11:54:46,956 - WARNING - Not found cell and umi barcode in entry 14 of the bam file
2026-06-12 11:54:46,956 - WARNING - Not found cell and umi barcode in entry 15 of the bam file
2026-06-12 11:54:46,956 - WARNING - Not found cell and umi barcode in entry 16 of the bam file
2026-06-12 11:54:46,956 - WARNING - Not found cell and umi barcode in entry 18 of the bam file
2026-06-12 11:54:46,956 - WARNING - Not found cell and umi barcode in entry 23 of the bam file
2026-06-12 11:54:46,956 - WARNING - Not found cell and umi barcode in entry 40 of the bam file
2026-06-12 11:54:46,956 - WARNING - Not found cell and umi barcode in entry 81 of the bam file
2026-06-12 11:54:46,956 - WARNING - Not found cell and umi barcode in entry 82 of the bam file
2026-06-12 11:54:46,956 - WARNING - Not found cell and umi barcode in entry 83 of the bam file
2026-06-12 11:54:46,956 - WARNING - Not found cell and umi barcode in entry 84 of the bam file
2026-06-12 11:54:46,956 - WARNING - Not found cell and umi barcode in entry 85 of the bam file
2026-06-12 11:54:46,956 - WARNING - Not found cell and umi barcode in entry 86 of the bam file
2026-06-12 11:54:46,956 - WARNING - Not found cell and umi barcode in entry 87 of the bam file
2026-06-12 11:54:46,956 - WARNING - Not found cell and umi barcode in entry 89 of the bam file
2026-06-12 11:54:46,956 - WARNING - Not found cell and umi barcode in entry 90 of the bam file
2026-06-12 11:54:46,956 - WARNING - Not found cell and umi barcode in entry 91 of the bam file
2026-06-12 11:54:46,956 - WARNING - Not found cell and umi barcode in entry 92 of the bam file
2026-06-12 11:54:46,956 - WARNING - Not found cell and umi barcode in entry 93 of the bam file
2026-06-12 11:54:46,956 - WARNING - Not found cell and umi barcode in entry 94 of the bam file
2026-06-12 11:54:46,956 - WARNING - Not found cell and umi barcode in entry 95 of the bam file
2026-06-12 11:54:46,956 - WARNING - Not found cell and umi barcode in entry 104 of the bam file
2026-06-12 11:54:46,956 - WARNING - Not found cell and umi barcode in entry 105 of the bam file
2026-06-12 11:54:46,956 - WARNING - Not found cell and umi barcode in entry 106 of the bam file
2026-06-12 11:54:46,956 - WARNING - Not found cell and umi barcode in entry 111 of the bam file
2026-06-12 11:54:46,956 - WARNING - Not found cell and umi barcode in entry 113 of the bam file
2026-06-12 11:54:46,957 - WARNING - Not found cell and umi barcode in entry 122 of the bam file
2026-06-12 11:54:46,957 - WARNING - Not found cell and umi barcode in entry 123 of the bam file
2026-06-12 11:54:46,957 - WARNING - Not found cell and umi barcode in entry 124 of the bam file
2026-06-12 11:54:46,957 - WARNING - Not found cell and umi barcode in entry 125 of the bam file
2026-06-12 11:54:46,957 - WARNING - Not found cell and umi barcode in entry 132 of the bam file
2026-06-12 11:54:46,957 - WARNING - Not found cell and umi barcode in entry 133 of the bam file
2026-06-12 11:54:46,957 - WARNING - Not found cell and umi barcode in entry 134 of the bam file
2026-06-12 11:54:46,957 - WARNING - Not found cell and umi barcode in entry 135 of the bam file
2026-06-12 11:54:46,957 - WARNING - Not found cell and umi barcode in entry 136 of the bam file
2026-06-12 11:54:46,957 - WARNING - Not found cell and umi barcode in entry 137 of the bam file
2026-06-12 11:54:46,957 - WARNING - Not found cell and umi barcode in entry 138 of the bam file
2026-06-12 11:54:46,957 - WARNING - Not found cell and umi barcode in entry 139 of the bam file
2026-06-12 11:54:46,957 - WARNING - Not found cell and umi barcode in entry 140 of the bam file
2026-06-12 11:54:46,957 - WARNING - Not found cell and umi barcode in entry 141 of the bam file
2026-06-12 11:54:46,957 - WARNING - Not found cell and umi barcode in entry 142 of the bam file
2026-06-12 11:54:46,957 - WARNING - Not found cell and umi barcode in entry 146 of the bam file
2026-06-12 11:54:46,957 - WARNING - Not found cell and umi barcode in entry 147 of the bam file
2026-06-12 11:54:46,957 - WARNING - Not found cell and umi barcode in entry 148 of the bam file
2026-06-12 11:54:46,957 - WARNING - Not found cell and umi barcode in entry 149 of the bam file
2026-06-12 11:54:46,957 - WARNING - Not found cell and umi barcode in entry 151 of the bam file
2026-06-12 11:54:46,957 - WARNING - Not found cell and umi barcode in entry 152 of the bam file
2026-06-12 11:54:46,958 - WARNING - Not found cell and umi barcode in entry 311 of the bam file
2026-06-12 11:54:46,958 - WARNING - Not found cell and umi barcode in entry 316 of the bam file
2026-06-12 11:54:46,958 - WARNING - Not found cell and umi barcode in entry 317 of the bam file
2026-06-12 11:54:46,958 - WARNING - Not found cell and umi barcode in entry 322 of the bam file
2026-06-12 11:54:46,958 - WARNING - Not found cell and umi barcode in entry 328 of the bam file
2026-06-12 11:54:46,958 - WARNING - Not found cell and umi barcode in entry 336 of the bam file
2026-06-12 11:54:46,958 - WARNING - Not found cell and umi barcode in entry 340 of the bam file
2026-06-12 11:54:46,958 - WARNING - Not found cell and umi barcode in entry 341 of the bam file
2026-06-12 11:54:46,958 - WARNING - Not found cell and umi barcode in entry 342 of the bam file
2026-06-12 11:54:46,958 - WARNING - Not found cell and umi barcode in entry 343 of the bam file
2026-06-12 11:54:46,958 - WARNING - Not found cell and umi barcode in entry 344 of the bam file
2026-06-12 11:54:46,958 - WARNING - Not found cell and umi barcode in entry 345 of the bam file
2026-06-12 11:54:46,958 - WARNING - Not found cell and umi barcode in entry 346 of the bam file
2026-06-12 11:54:46,958 - WARNING - Not found cell and umi barcode in entry 347 of the bam file
2026-06-12 11:54:46,958 - WARNING - Not found cell and umi barcode in entry 349 of the bam file
2026-06-12 11:54:46,958 - WARNING - Not found cell and umi barcode in entry 350 of the bam file
2026-06-12 11:54:46,958 - WARNING - Not found cell and umi barcode in entry 362 of the bam file
2026-06-12 11:54:46,958 - WARNING - Not found cell and umi barcode in entry 363 of the bam file
2026-06-12 11:54:46,958 - WARNING - Not found cell and umi barcode in entry 386 of the bam file
2026-06-12 11:54:46,958 - WARNING - Not found cell and umi barcode in entry 387 of the bam file
2026-06-12 11:54:46,958 - WARNING - Not found cell and umi barcode in entry 400 of the bam file
2026-06-12 11:54:46,959 - WARNING - Not found cell and umi barcode in entry 424 of the bam file
2026-06-12 11:54:46,959 - WARNING - Not found cell and umi barcode in entry 452 of the bam file
2026-06-12 11:54:46,959 - WARNING - Not found cell and umi barcode in entry 535 of the bam file
2026-06-12 11:54:46,960 - WARNING - Not found cell and umi barcode in entry 780 of the bam file
2026-06-12 11:54:46,960 - WARNING - Not found cell and umi barcode in entry 819 of the bam file
2026-06-12 11:54:46,960 - WARNING - Not found cell and umi barcode in entry 820 of the bam file
2026-06-12 11:54:46,960 - WARNING - Not found cell and umi barcode in entry 821 of the bam file
2026-06-12 11:54:46,960 - WARNING - Not found cell and umi barcode in entry 822 of the bam file
2026-06-12 11:54:46,961 - WARNING - Not found cell and umi barcode in entry 905 of the bam file
2026-06-12 11:54:46,961 - WARNING - Not found cell and umi barcode in entry 911 of the bam file
2026-06-12 11:54:46,961 - WARNING - Not found cell and umi barcode in entry 912 of the bam file
2026-06-12 11:54:46,961 - WARNING - Not found cell and umi barcode in entry 964 of the bam file
2026-06-12 11:54:46,961 - WARNING - Not found cell and umi barcode in entry 965 of the bam file
2026-06-12 11:54:46,961 - WARNING - Not found cell and umi barcode in entry 966 of the bam file
2026-06-12 11:54:46,961 - WARNING - Not found cell and umi barcode in entry 967 of the bam file
2026-06-12 11:54:46,961 - WARNING - Not found cell and umi barcode in entry 968 of the bam file
2026-06-12 11:54:46,961 - WARNING - Not found cell and umi barcode in entry 969 of the bam file
2026-06-12 11:54:46,961 - WARNING - Not found cell and umi barcode in entry 986 of the bam file
2026-06-12 11:54:46,961 - WARNING - Not found cell and umi barcode in entry 987 of the bam file
2026-06-12 11:54:46,961 - WARNING - Not found cell and umi barcode in entry 989 of the bam file
2026-06-12 11:54:46,961 - WARNING - Not found cell and umi barcode in entry 1040 of the bam file
2026-06-12 11:54:46,962 - WARNING - Not found cell and umi barcode in entry 1041 of the bam file
2026-06-12 11:54:46,962 - WARNING - Not found cell and umi barcode in entry 1062 of the bam file
2026-06-12 11:54:46,962 - WARNING - Not found cell and umi barcode in entry 1063 of the bam file
2026-06-12 11:54:46,962 - WARNING - Not found cell and umi barcode in entry 1065 of the bam file
2026-06-12 11:54:46,962 - WARNING - Not found cell and umi barcode in entry 1066 of the bam file
2026-06-12 11:54:46,962 - WARNING - Not found cell and umi barcode in entry 1068 of the bam file
2026-06-12 11:54:46,962 - WARNING - Not found cell and umi barcode in entry 1069 of the bam file
2026-06-12 11:54:46,962 - WARNING - Not found cell and umi barcode in entry 1070 of the bam file
2026-06-12 11:54:46,962 - WARNING - Not found cell and umi barcode in entry 1071 of the bam file
2026-06-12 11:54:46,962 - WARNING - Not found cell and umi barcode in entry 1074 of the bam file
2026-06-12 11:54:46,962 - WARNING - Not found cell and umi barcode in entry 1075 of the bam file
2026-06-12 11:54:46,962 - WARNING - Not found cell and umi barcode in entry 1082 of the bam file
2026-06-12 11:54:46,962 - WARNING - Not found cell and umi barcode in entry 1092 of the bam file
2026-06-12 11:54:46,962 - WARNING - Not found cell and umi barcode in entry 1093 of the bam file
2026-06-12 11:54:46,962 - WARNING - Not found cell and umi barcode in entry 1099 of the bam file
2026-06-12 11:54:46,962 - WARNING - Not found cell and umi barcode in entry 1100 of the bam file
2026-06-12 11:54:46,962 - WARNING - Not found cell and umi barcode in entry 1104 of the bam file
2026-06-12 11:54:46,965 - INFO - Starting the sorting process of /research/peer/fdeckert/FD20250213HSCT/data/object/velocyto/S_7681_baseline_transcriptome/possorted_genome_bam.bam the output will be at: /research/peer/fdeckert/FD20250213HSCT/data/object/velocyto/S_7681_baseline_transcriptome/cellsorted_possorted_genome_bam.bam
2026-06-12 11:54:46,965 - INFO - Command being run is: samtools sort -l 7 -m 100M -t CB -O BAM -@ 16 -o /research/peer/fdeckert/FD20250213HSCT/data/object/velocyto/S_7681_baseline_transcriptome/cellsorted_possorted_genome_bam.bam /research/peer/fdeckert/FD20250213HSCT/data/object/velocyto/S_7681_baseline_transcriptome/possorted_genome_bam.bam
2026-06-12 11:54:46,965 - INFO - While the bam sorting happens do other things...
2026-06-12 11:54:46,965 - INFO - Load the annotation from /nobackup/peer/fdeckert/cellranger/GRCh38-2020-A/GRCh38/genes/genes.gtf
2026-06-12 11:54:52,487 - DEBUG - Parsing Chromosome GL000009.2 strand - [line 0]
2026-06-12 11:54:52,487 - DEBUG - Done with GL000009.2- [line 7]
2026-06-12 11:54:52,487 - DEBUG - Assigning indexes to genes
2026-06-12 11:54:52,487 - DEBUG - Seen 1 genes until now
2026-06-12 11:54:52,487 - DEBUG - Parsing Chromosome GL000194.1 strand - [line 8]
2026-06-12 11:54:52,487 - DEBUG - Done with GL000194.1- [line 33]
2026-06-12 11:54:52,487 - DEBUG - Assigning indexes to genes
2026-06-12 11:54:52,487 - DEBUG - Seen 3 genes until now
2026-06-12 11:54:52,487 - DEBUG - Parsing Chromosome GL000195.1 strand - [line 34]
2026-06-12 11:54:52,487 - DEBUG - Done with GL000195.1- [line 43]
2026-06-12 11:54:52,487 - DEBUG - Assigning indexes to genes
2026-06-12 11:54:52,487 - DEBUG - Seen 4 genes until now
2026-06-12 11:54:52,487 - DEBUG - Parsing Chromosome GL000195.1 strand + [line 44]
2026-06-12 11:54:52,487 - DEBUG - Done with GL000195.1+ [line 57]
2026-06-12 11:54:52,488 - DEBUG - Assigning indexes to genes
2026-06-12 11:54:52,488 - DEBUG - Seen 5 genes until now
2026-06-12 11:54:52,488 - DEBUG - Parsing Chromosome GL000205.2 strand - [line 58]
2026-06-12 11:54:52,488 - DEBUG - Done with GL000205.2- [line 71]
2026-06-12 11:54:52,488 - DEBUG - Assigning indexes to genes
2026-06-12 11:54:52,488 - DEBUG - Seen 6 genes until now
2026-06-12 11:54:52,488 - DEBUG - Parsing Chromosome GL000213.1 strand - [line 72]
2026-06-12 11:54:52,488 - DEBUG - Done with GL000213.1- [line 120]
2026-06-12 11:54:52,488 - DEBUG - Assigning indexes to genes
2026-06-12 11:54:52,488 - DEBUG - Seen 7 genes until now
2026-06-12 11:54:52,488 - DEBUG - Parsing Chromosome GL000218.1 strand - [line 121]
2026-06-12 11:54:52,488 - DEBUG - Done with GL000218.1- [line 128]
2026-06-12 11:54:52,488 - DEBUG - Assigning indexes to genes
2026-06-12 11:54:52,488 - DEBUG - Seen 8 genes until now
2026-06-12 11:54:52,488 - DEBUG - Parsing Chromosome GL000219.1 strand - [line 129]
2026-06-12 11:54:52,488 - DEBUG - Done with GL000219.1- [line 141]
2026-06-12 11:54:52,488 - DEBUG - Assigning indexes to genes
2026-06-12 11:54:52,488 - DEBUG - Seen 9 genes until now
2026-06-12 11:54:52,488 - DEBUG - Parsing Chromosome KI270711.1 strand - [line 142]
2026-06-12 11:54:52,488 - DEBUG - Done with KI270711.1- [line 292]
2026-06-12 11:54:52,489 - DEBUG - Assigning indexes to genes
2026-06-12 11:54:52,489 - DEBUG - Seen 10 genes until now
2026-06-12 11:54:52,489 - DEBUG - Parsing Chromosome KI270713.1 strand - [line 293]
2026-06-12 11:54:52,489 - DEBUG - Done with KI270713.1- [line 300]
2026-06-12 11:54:52,489 - DEBUG - Assigning indexes to genes
2026-06-12 11:54:52,489 - DEBUG - Seen 11 genes until now
2026-06-12 11:54:52,489 - DEBUG - Parsing Chromosome KI270713.1 strand + [line 301]
2026-06-12 11:54:52,489 - DEBUG - Done with KI270713.1+ [line 307]
2026-06-12 11:54:52,489 - DEBUG - Assigning indexes to genes
2026-06-12 11:54:52,489 - DEBUG - Seen 12 genes until now
2026-06-12 11:54:52,489 - DEBUG - Parsing Chromosome KI270721.1 strand + [line 308]
2026-06-12 11:54:52,489 - DEBUG - Done with KI270721.1+ [line 323]
2026-06-12 11:54:52,489 - DEBUG - Assigning indexes to genes
2026-06-12 11:54:52,489 - DEBUG - Seen 13 genes until now
2026-06-12 11:54:52,489 - DEBUG - Parsing Chromosome KI270726.1 strand + [line 324]
2026-06-12 11:54:52,489 - DEBUG - Done with KI270726.1+ [line 334]
2026-06-12 11:54:52,489 - DEBUG - Assigning indexes to genes
2026-06-12 11:54:52,489 - DEBUG - Seen 15 genes until now
2026-06-12 11:54:52,489 - DEBUG - Parsing Chromosome KI270727.1 strand - [line 335]
2026-06-12 11:54:52,489 - DEBUG - Done with KI270727.1- [line 394]
2026-06-12 11:54:52,489 - DEBUG - Assigning indexes to genes
2026-06-12 11:54:52,489 - DEBUG - Seen 17 genes until now
2026-06-12 11:54:52,489 - DEBUG - Parsing Chromosome KI270727.1 strand + [line 395]
2026-06-12 11:54:52,489 - DEBUG - Done with KI270727.1+ [line 409]
2026-06-12 11:54:52,489 - DEBUG - Assigning indexes to genes
2026-06-12 11:54:52,489 - DEBUG - Seen 19 genes until now
2026-06-12 11:54:52,489 - DEBUG - Parsing Chromosome KI270728.1 strand - [line 410]
2026-06-12 11:54:52,490 - DEBUG - Done with KI270728.1- [line 486]
2026-06-12 11:54:52,490 - DEBUG - Assigning indexes to genes
2026-06-12 11:54:52,490 - DEBUG - Seen 21 genes until now
2026-06-12 11:54:52,490 - DEBUG - Parsing Chromosome KI270728.1 strand + [line 487]
2026-06-12 11:54:52,490 - DEBUG - Done with KI270728.1+ [line 523]
2026-06-12 11:54:52,490 - DEBUG - Assigning indexes to genes
2026-06-12 11:54:52,490 - DEBUG - Seen 25 genes until now
2026-06-12 11:54:52,490 - DEBUG - Parsing Chromosome KI270731.1 strand - [line 524]
2026-06-12 11:54:52,490 - DEBUG - Done with KI270731.1- [line 530]
2026-06-12 11:54:52,490 - DEBUG - Assigning indexes to genes
2026-06-12 11:54:52,490 - DEBUG - Seen 26 genes until now
2026-06-12 11:54:52,490 - DEBUG - Parsing Chromosome KI270734.1 strand - [line 531]
2026-06-12 11:54:52,490 - DEBUG - Done with KI270734.1- [line 599]
2026-06-12 11:54:52,490 - DEBUG - Assigning indexes to genes
2026-06-12 11:54:52,490 - DEBUG - Seen 27 genes until now
2026-06-12 11:54:52,490 - DEBUG - Parsing Chromosome KI270734.1 strand + [line 600]
2026-06-12 11:54:52,490 - DEBUG - Done with KI270734.1+ [line 622]
2026-06-12 11:54:52,490 - DEBUG - Assigning indexes to genes
2026-06-12 11:54:52,490 - DEBUG - Seen 29 genes until now
2026-06-12 11:54:52,490 - DEBUG - Parsing Chromosome 1 strand - [line 623]
2026-06-12 11:54:52,984 - DEBUG - Done with 1- [line 118876]
2026-06-12 11:54:52,984 - DEBUG - Assigning indexes to genes
2026-06-12 11:54:52,991 - DEBUG - Seen 1711 genes until now
2026-06-12 11:54:52,991 - DEBUG - Parsing Chromosome 1 strand + [line 118877]
2026-06-12 11:54:53,813 - DEBUG - Done with 1+ [line 253796]
2026-06-12 11:54:53,813 - DEBUG - Assigning indexes to genes
2026-06-12 11:54:53,820 - DEBUG - Seen 3439 genes until now
2026-06-12 11:54:53,820 - DEBUG - Parsing Chromosome 10 strand - [line 253797]
2026-06-12 11:54:53,989 - DEBUG - Done with 10- [line 304078]
2026-06-12 11:54:53,989 - DEBUG - Assigning indexes to genes
2026-06-12 11:54:53,993 - DEBUG - Seen 4100 genes until now
2026-06-12 11:54:53,993 - DEBUG - Parsing Chromosome 10 strand + [line 304079]
2026-06-12 11:54:54,190 - DEBUG - Done with 10+ [line 356023]
2026-06-12 11:54:54,190 - DEBUG - Assigning indexes to genes
2026-06-12 11:54:54,193 - DEBUG - Seen 4833 genes until now
2026-06-12 11:54:54,193 - DEBUG - Parsing Chromosome 11 strand - [line 356024]
2026-06-12 11:54:54,722 - DEBUG - Done with 11- [line 438038]
2026-06-12 11:54:54,722 - DEBUG - Assigning indexes to genes
2026-06-12 11:54:54,727 - DEBUG - Seen 5833 genes until now
2026-06-12 11:54:54,728 - DEBUG - Parsing Chromosome 11 strand + [line 438039]
2026-06-12 11:54:55,054 - DEBUG - Done with 11+ [line 521163]
2026-06-12 11:54:55,054 - DEBUG - Assigning indexes to genes
2026-06-12 11:54:55,058 - DEBUG - Seen 6898 genes until now
2026-06-12 11:54:55,058 - DEBUG - Parsing Chromosome 12 strand - [line 521164]
2026-06-12 11:54:55,480 - DEBUG - Done with 12- [line 601582]
2026-06-12 11:54:55,480 - DEBUG - Assigning indexes to genes
2026-06-12 11:54:55,484 - DEBUG - Seen 7848 genes until now
2026-06-12 11:54:55,484 - DEBUG - Parsing Chromosome 12 strand + [line 601583]
2026-06-12 11:54:55,725 - DEBUG - Done with 12+ [line 681983]
2026-06-12 11:54:55,725 - DEBUG - Assigning indexes to genes
2026-06-12 11:54:55,729 - DEBUG - Seen 8826 genes until now
2026-06-12 11:54:55,729 - DEBUG - Parsing Chromosome 13 strand - [line 681984]
2026-06-12 11:54:55,785 - DEBUG - Done with 13- [line 702449]
2026-06-12 11:54:55,785 - DEBUG - Assigning indexes to genes
2026-06-12 11:54:55,786 - DEBUG - Seen 9225 genes until now
2026-06-12 11:54:55,786 - DEBUG - Parsing Chromosome 13 strand + [line 702450]
2026-06-12 11:54:55,849 - DEBUG - Done with 13+ [line 726349]
2026-06-12 11:54:55,849 - DEBUG - Assigning indexes to genes
2026-06-12 11:54:55,851 - DEBUG - Seen 9614 genes until now
2026-06-12 11:54:55,851 - DEBUG - Parsing Chromosome 14 strand - [line 726350]
2026-06-12 11:54:56,268 - DEBUG - Done with 14- [line 770987]
2026-06-12 11:54:56,268 - DEBUG - Assigning indexes to genes
2026-06-12 11:54:56,272 - DEBUG - Seen 10373 genes until now
2026-06-12 11:54:56,273 - DEBUG - Parsing Chromosome 14 strand + [line 770988]
2026-06-12 11:54:56,431 - DEBUG - Done with 14+ [line 822908]
2026-06-12 11:54:56,432 - DEBUG - Assigning indexes to genes
2026-06-12 11:54:56,436 - DEBUG - Seen 11088 genes until now
2026-06-12 11:54:56,436 - DEBUG - Parsing Chromosome 15 strand - [line 822909]
2026-06-12 11:54:56,634 - DEBUG - Done with 15- [line 873715]
2026-06-12 11:54:56,634 - DEBUG - Assigning indexes to genes
2026-06-12 11:54:56,638 - DEBUG - Seen 11734 genes until now
2026-06-12 11:54:56,638 - DEBUG - Parsing Chromosome 15 strand + [line 873716]
2026-06-12 11:54:56,837 - DEBUG - Done with 15+ [line 923824]
2026-06-12 11:54:56,837 - DEBUG - Assigning indexes to genes
2026-06-12 11:54:56,840 - DEBUG - Seen 12355 genes until now
2026-06-12 11:54:56,840 - DEBUG - Parsing Chromosome 16 strand - [line 923825]
2026-06-12 11:54:56,987 - DEBUG - Done with 16- [line 979238]
2026-06-12 11:54:56,987 - DEBUG - Assigning indexes to genes
2026-06-12 11:54:56,989 - DEBUG - Seen 13151 genes until now
2026-06-12 11:54:56,990 - DEBUG - Parsing Chromosome 16 strand + [line 979239]
2026-06-12 11:54:57,436 - DEBUG - Done with 16+ [line 1052152]
2026-06-12 11:54:57,436 - DEBUG - Assigning indexes to genes
2026-06-12 11:54:57,440 - DEBUG - Seen 14004 genes until now
2026-06-12 11:54:57,441 - DEBUG - Parsing Chromosome 17 strand - [line 1052153]
2026-06-12 11:54:57,673 - DEBUG - Done with 17- [line 1140008]
2026-06-12 11:54:57,673 - DEBUG - Assigning indexes to genes
2026-06-12 11:54:57,678 - DEBUG - Seen 15039 genes until now
2026-06-12 11:54:57,678 - DEBUG - Parsing Chromosome 17 strand + [line 1140009]
2026-06-12 11:54:57,888 - DEBUG - Done with 17+ [line 1219447]
2026-06-12 11:54:57,888 - DEBUG - Assigning indexes to genes
2026-06-12 11:54:57,892 - DEBUG - Seen 15996 genes until now
2026-06-12 11:54:57,892 - DEBUG - Parsing Chromosome 18 strand - [line 1219448]
2026-06-12 11:54:57,962 - DEBUG - Done with 18- [line 1246083]
2026-06-12 11:54:57,962 - DEBUG - Assigning indexes to genes
2026-06-12 11:54:57,963 - DEBUG - Seen 16371 genes until now
2026-06-12 11:54:57,963 - DEBUG - Parsing Chromosome 18 strand + [line 1246084]
2026-06-12 11:54:58,025 - DEBUG - Done with 18+ [line 1269821]
2026-06-12 11:54:58,025 - DEBUG - Assigning indexes to genes
2026-06-12 11:54:58,026 - DEBUG - Seen 16777 genes until now
2026-06-12 11:54:58,026 - DEBUG - Parsing Chromosome 19 strand - [line 1269822]
2026-06-12 11:54:58,583 - DEBUG - Done with 19- [line 1350736]
2026-06-12 11:54:58,584 - DEBUG - Assigning indexes to genes
2026-06-12 11:54:58,591 - DEBUG - Seen 17790 genes until now
2026-06-12 11:54:58,591 - DEBUG - Parsing Chromosome 19 strand + [line 1350737]
2026-06-12 11:54:58,865 - DEBUG - Done with 19+ [line 1435648]
2026-06-12 11:54:58,866 - DEBUG - Assigning indexes to genes
2026-06-12 11:54:58,870 - DEBUG - Seen 18804 genes until now
2026-06-12 11:54:58,870 - DEBUG - Parsing Chromosome 2 strand - [line 1435649]
2026-06-12 11:54:59,159 - DEBUG - Done with 2- [line 1542996]
2026-06-12 11:54:59,159 - DEBUG - Assigning indexes to genes
2026-06-12 11:54:59,165 - DEBUG - Seen 20037 genes until now
2026-06-12 11:54:59,165 - DEBUG - Parsing Chromosome 2 strand + [line 1542997]
2026-06-12 11:54:59,438 - DEBUG - Done with 2+ [line 1642863]
2026-06-12 11:54:59,438 - DEBUG - Assigning indexes to genes
2026-06-12 11:54:59,444 - DEBUG - Seen 21345 genes until now
2026-06-12 11:54:59,444 - DEBUG - Parsing Chromosome 20 strand - [line 1642864]
2026-06-12 11:54:59,534 - DEBUG - Done with 20- [line 1672442]
2026-06-12 11:54:59,534 - DEBUG - Assigning indexes to genes
2026-06-12 11:54:59,536 - DEBUG - Seen 21828 genes until now
2026-06-12 11:54:59,536 - DEBUG - Parsing Chromosome 20 strand + [line 1672443]
2026-06-12 11:54:59,637 - DEBUG - Done with 20+ [line 1707817]
2026-06-12 11:54:59,637 - DEBUG - Assigning indexes to genes
2026-06-12 11:54:59,640 - DEBUG - Seen 22309 genes until now
2026-06-12 11:54:59,640 - DEBUG - Parsing Chromosome 21 strand - [line 1707818]
2026-06-12 11:55:00,034 - DEBUG - Done with 21- [line 1722798]
2026-06-12 11:55:00,034 - DEBUG - Assigning indexes to genes
2026-06-12 11:55:00,035 - DEBUG - Seen 22596 genes until now
2026-06-12 11:55:00,035 - DEBUG - Parsing Chromosome 21 strand + [line 1722799]
2026-06-12 11:55:00,081 - DEBUG - Done with 21+ [line 1738981]
2026-06-12 11:55:00,081 - DEBUG - Assigning indexes to genes
2026-06-12 11:55:00,082 - DEBUG - Seen 22864 genes until now
2026-06-12 11:55:00,082 - DEBUG - Parsing Chromosome 22 strand - [line 1738982]
2026-06-12 11:55:00,149 - DEBUG - Done with 22- [line 1765357]
2026-06-12 11:55:00,150 - DEBUG - Assigning indexes to genes
2026-06-12 11:55:00,151 - DEBUG - Seen 23260 genes until now
2026-06-12 11:55:00,151 - DEBUG - Parsing Chromosome 22 strand + [line 1765358]
2026-06-12 11:55:00,236 - DEBUG - Done with 22+ [line 1797598]
2026-06-12 11:55:00,236 - DEBUG - Assigning indexes to genes
2026-06-12 11:55:00,238 - DEBUG - Seen 23765 genes until now
2026-06-12 11:55:00,238 - DEBUG - Parsing Chromosome 3 strand - [line 1797599]
2026-06-12 11:55:00,488 - DEBUG - Done with 3- [line 1887377]
2026-06-12 11:55:00,488 - DEBUG - Assigning indexes to genes
2026-06-12 11:55:00,493 - DEBUG - Seen 24693 genes until now
2026-06-12 11:55:00,493 - DEBUG - Parsing Chromosome 3 strand + [line 1887378]
2026-06-12 11:55:00,723 - DEBUG - Done with 3+ [line 1977011]
2026-06-12 11:55:00,723 - DEBUG - Assigning indexes to genes
2026-06-12 11:55:00,728 - DEBUG - Seen 25658 genes until now
2026-06-12 11:55:00,728 - DEBUG - Parsing Chromosome 4 strand - [line 1977012]
2026-06-12 11:55:00,870 - DEBUG - Done with 4- [line 2034238]
2026-06-12 11:55:00,870 - DEBUG - Assigning indexes to genes
2026-06-12 11:55:00,874 - DEBUG - Seen 26401 genes until now
2026-06-12 11:55:00,874 - DEBUG - Parsing Chromosome 4 strand + [line 2034239]
2026-06-12 11:55:01,024 - DEBUG - Done with 4+ [line 2094594]
2026-06-12 11:55:01,024 - DEBUG - Assigning indexes to genes
2026-06-12 11:55:01,027 - DEBUG - Seen 27191 genes until now
2026-06-12 11:55:01,027 - DEBUG - Parsing Chromosome 5 strand - [line 2094595]
2026-06-12 11:55:01,202 - DEBUG - Done with 5- [line 2152660]
2026-06-12 11:55:01,202 - DEBUG - Assigning indexes to genes
2026-06-12 11:55:01,208 - DEBUG - Seen 28071 genes until now
2026-06-12 11:55:01,208 - DEBUG - Parsing Chromosome 5 strand + [line 2152661]
2026-06-12 11:55:01,937 - DEBUG - Done with 5+ [line 2218657]
2026-06-12 11:55:01,937 - DEBUG - Assigning indexes to genes
2026-06-12 11:55:01,941 - DEBUG - Seen 29002 genes until now
2026-06-12 11:55:01,941 - DEBUG - Parsing Chromosome 6 strand - [line 2218658]
2026-06-12 11:55:02,114 - DEBUG - Done with 6- [line 2284937]
2026-06-12 11:55:02,115 - DEBUG - Assigning indexes to genes
2026-06-12 11:55:02,119 - DEBUG - Seen 29928 genes until now
2026-06-12 11:55:02,119 - DEBUG - Parsing Chromosome 6 strand + [line 2284938]
2026-06-12 11:55:02,311 - DEBUG - Done with 6+ [line 2345240]
2026-06-12 11:55:02,311 - DEBUG - Assigning indexes to genes
2026-06-12 11:55:02,314 - DEBUG - Seen 30829 genes until now
2026-06-12 11:55:02,315 - DEBUG - Parsing Chromosome 7 strand - [line 2345241]
2026-06-12 11:55:02,497 - DEBUG - Done with 7- [line 2406845]
2026-06-12 11:55:02,497 - DEBUG - Assigning indexes to genes
2026-06-12 11:55:02,502 - DEBUG - Seen 31621 genes until now
2026-06-12 11:55:02,502 - DEBUG - Parsing Chromosome 7 strand + [line 2406846]
2026-06-12 11:55:02,750 - DEBUG - Done with 7+ [line 2476014]
2026-06-12 11:55:02,751 - DEBUG - Assigning indexes to genes
2026-06-12 11:55:02,755 - DEBUG - Seen 32515 genes until now
2026-06-12 11:55:02,756 - DEBUG - Parsing Chromosome 8 strand - [line 2476015]
2026-06-12 11:55:02,952 - DEBUG - Done with 8- [line 2527366]
2026-06-12 11:55:02,952 - DEBUG - Assigning indexes to genes
2026-06-12 11:55:02,957 - DEBUG - Seen 33270 genes until now
2026-06-12 11:55:02,957 - DEBUG - Parsing Chromosome 8 strand + [line 2527367]
2026-06-12 11:55:03,148 - DEBUG - Done with 8+ [line 2577021]
2026-06-12 11:55:03,148 - DEBUG - Assigning indexes to genes
2026-06-12 11:55:03,151 - DEBUG - Seen 34010 genes until now
2026-06-12 11:55:03,151 - DEBUG - Parsing Chromosome 9 strand - [line 2577022]
2026-06-12 11:55:03,316 - DEBUG - Done with 9- [line 2622811]
2026-06-12 11:55:03,317 - DEBUG - Assigning indexes to genes
2026-06-12 11:55:03,320 - DEBUG - Seen 34681 genes until now
2026-06-12 11:55:03,320 - DEBUG - Parsing Chromosome 9 strand + [line 2622812]
2026-06-12 11:55:03,458 - DEBUG - Done with 9+ [line 2672374]
2026-06-12 11:55:03,458 - DEBUG - Assigning indexes to genes
2026-06-12 11:55:03,461 - DEBUG - Seen 35329 genes until now
2026-06-12 11:55:03,461 - DEBUG - Parsing Chromosome M strand - [line 2672375]
2026-06-12 11:55:03,461 - DEBUG - Done with M- [line 2672379]
2026-06-12 11:55:03,461 - DEBUG - Assigning indexes to genes
2026-06-12 11:55:03,461 - DEBUG - Seen 35330 genes until now
2026-06-12 11:55:03,461 - DEBUG - Parsing Chromosome M strand + [line 2672380]
2026-06-12 11:55:03,461 - DEBUG - Done with M+ [line 2672445]
2026-06-12 11:55:03,461 - DEBUG - Assigning indexes to genes
2026-06-12 11:55:03,461 - DEBUG - Seen 35342 genes until now
2026-06-12 11:55:03,461 - DEBUG - Parsing Chromosome X strand - [line 2672446]
2026-06-12 11:55:03,568 - DEBUG - Done with X- [line 2716088]
2026-06-12 11:55:03,568 - DEBUG - Assigning indexes to genes
2026-06-12 11:55:03,570 - DEBUG - Seen 35884 genes until now
2026-06-12 11:55:03,571 - DEBUG - Parsing Chromosome X strand + [line 2716089]
2026-06-12 11:55:03,697 - DEBUG - Done with X+ [line 2760500]
2026-06-12 11:55:03,697 - DEBUG - Assigning indexes to genes
2026-06-12 11:55:03,700 - DEBUG - Seen 36490 genes until now
2026-06-12 11:55:03,700 - DEBUG - Parsing Chromosome Y strand - [line 2760501]
2026-06-12 11:55:03,708 - DEBUG - Done with Y- [line 2763031]
2026-06-12 11:55:03,709 - DEBUG - Assigning indexes to genes
2026-06-12 11:55:03,709 - DEBUG - Seen 36543 genes until now
2026-06-12 11:55:03,709 - DEBUG - Parsing Chromosome Y strand + [line 2763032]
2026-06-12 11:55:03,716 - DEBUG - Assigning indexes to genes
2026-06-12 11:55:03,716 - DEBUG - Done with Y+ [line 2765967]
2026-06-12 11:55:03,716 - DEBUG - Fixing corner cases of transcript models containg intron longer than 1000Kbp
2026-06-12 11:55:04,769 - DEBUG - Generated 2411536 features corresponding to 199138 transcript models from /nobackup/peer/fdeckert/cellranger/GRCh38-2020-A/GRCh38/genes/genes.gtf
2026-06-12 11:55:04,789 - INFO - Scan /research/peer/fdeckert/FD20250213HSCT/data/object/velocyto/S_7681_baseline_transcriptome/possorted_genome_bam.bam to validate intron intervals
2026-06-12 11:55:06,336 - DEBUG - Reading /research/peer/fdeckert/FD20250213HSCT/data/object/velocyto/S_7681_baseline_transcriptome/possorted_genome_bam.bam
2026-06-12 11:55:06,348 - DEBUG - Read first 0 million reads
2026-06-12 11:55:06,348 - DEBUG - Marking up chromosome 1
2026-06-12 11:55:54,401 - DEBUG - Marking up chromosome 10
2026-06-12 11:56:08,336 - DEBUG - Marking up chromosome 11
2026-06-12 11:56:35,275 - DEBUG - Read first 10 million reads
2026-06-12 11:57:03,142 - DEBUG - Marking up chromosome 12
2026-06-12 11:57:30,774 - DEBUG - Marking up chromosome 13
2026-06-12 11:57:40,304 - DEBUG - Marking up chromosome 14
2026-06-12 11:57:59,285 - DEBUG - Marking up chromosome 15
2026-06-12 11:58:19,661 - DEBUG - Read first 20 million reads
2026-06-12 11:58:24,571 - DEBUG - Marking up chromosome 16
2026-06-12 11:58:49,848 - DEBUG - Marking up chromosome 17
2026-06-12 11:59:25,696 - DEBUG - Marking up chromosome 18
2026-06-12 11:59:32,749 - DEBUG - Marking up chromosome 19
2026-06-12 12:00:08,035 - DEBUG - Read first 30 million reads
2026-06-12 12:00:23,625 - DEBUG - Marking up chromosome 2
2026-06-12 12:01:01,701 - DEBUG - Marking up chromosome 20
2026-06-12 12:01:10,983 - DEBUG - Marking up chromosome 21
2026-06-12 12:01:15,540 - DEBUG - Read first 40 million reads
2026-06-12 12:01:21,205 - DEBUG - Marking up chromosome 22
2026-06-12 12:01:27,984 - DEBUG - Marking up chromosome 3
2026-06-12 12:01:48,989 - DEBUG - Marking up chromosome 4
2026-06-12 12:02:01,488 - DEBUG - Marking up chromosome 5
2026-06-12 12:02:15,132 - DEBUG - Read first 50 million reads
2026-06-12 12:02:23,380 - DEBUG - Marking up chromosome 6
2026-06-12 12:02:53,839 - DEBUG - Marking up chromosome 7
2026-06-12 12:03:10,901 - DEBUG - Marking up chromosome 8
2026-06-12 12:03:23,140 - DEBUG - Marking up chromosome 9
2026-06-12 12:03:23,819 - DEBUG - Read first 60 million reads
2026-06-12 12:03:35,840 - DEBUG - Marking up chromosome MT
2026-06-12 12:03:35,840 - WARNING - The .bam file refers to a chromosome 'MT+' not present in the annotation (.gtf) file
2026-06-12 12:03:35,840 - WARNING - The .bam file refers to a chromosome 'MT-' not present in the annotation (.gtf) file
2026-06-12 12:04:21,453 - DEBUG - Read first 70 million reads
2026-06-12 12:04:24,795 - DEBUG - Marking up chromosome X
2026-06-12 12:04:43,340 - DEBUG - Marking up chromosome Y
2026-06-12 12:04:43,347 - DEBUG - Marking up chromosome KI270728.1
2026-06-12 12:04:43,347 - DEBUG - Marking up chromosome KI270727.1
2026-06-12 12:04:43,347 - DEBUG - Marking up chromosome KI270442.1
2026-06-12 12:04:43,347 - WARNING - The .bam file refers to a chromosome 'KI270442.1+' not present in the annotation (.gtf) file
2026-06-12 12:04:43,347 - WARNING - The .bam file refers to a chromosome 'KI270442.1-' not present in the annotation (.gtf) file
2026-06-12 12:04:43,347 - DEBUG - Marking up chromosome KI270729.1
2026-06-12 12:04:43,347 - WARNING - The .bam file refers to a chromosome 'KI270729.1+' not present in the annotation (.gtf) file
2026-06-12 12:04:43,348 - WARNING - The .bam file refers to a chromosome 'KI270729.1-' not present in the annotation (.gtf) file
2026-06-12 12:04:43,348 - DEBUG - Marking up chromosome GL000225.1
2026-06-12 12:04:43,348 - WARNING - The .bam file refers to a chromosome 'GL000225.1+' not present in the annotation (.gtf) file
2026-06-12 12:04:43,348 - WARNING - The .bam file refers to a chromosome 'GL000225.1-' not present in the annotation (.gtf) file
2026-06-12 12:04:43,348 - DEBUG - Marking up chromosome KI270743.1
2026-06-12 12:04:43,348 - WARNING - The .bam file refers to a chromosome 'KI270743.1+' not present in the annotation (.gtf) file
2026-06-12 12:04:43,348 - WARNING - The .bam file refers to a chromosome 'KI270743.1-' not present in the annotation (.gtf) file
2026-06-12 12:04:43,348 - DEBUG - Marking up chromosome GL000008.2
2026-06-12 12:04:43,348 - WARNING - The .bam file refers to a chromosome 'GL000008.2+' not present in the annotation (.gtf) file
2026-06-12 12:04:43,348 - WARNING - The .bam file refers to a chromosome 'GL000008.2-' not present in the annotation (.gtf) file
2026-06-12 12:04:43,348 - DEBUG - Marking up chromosome GL000009.2
2026-06-12 12:04:43,348 - WARNING - The .bam file refers to a chromosome 'GL000009.2+' not present in the annotation (.gtf) file
2026-06-12 12:04:43,348 - DEBUG - Marking up chromosome KI270722.1
2026-06-12 12:04:43,348 - WARNING - The .bam file refers to a chromosome 'KI270722.1+' not present in the annotation (.gtf) file
2026-06-12 12:04:43,348 - WARNING - The .bam file refers to a chromosome 'KI270722.1-' not present in the annotation (.gtf) file
2026-06-12 12:04:43,348 - DEBUG - Marking up chromosome GL000194.1
2026-06-12 12:04:43,348 - WARNING - The .bam file refers to a chromosome 'GL000194.1+' not present in the annotation (.gtf) file
2026-06-12 12:04:43,352 - DEBUG - Marking up chromosome KI270742.1
2026-06-12 12:04:43,352 - WARNING - The .bam file refers to a chromosome 'KI270742.1+' not present in the annotation (.gtf) file
2026-06-12 12:04:43,352 - WARNING - The .bam file refers to a chromosome 'KI270742.1-' not present in the annotation (.gtf) file
2026-06-12 12:04:43,352 - DEBUG - Marking up chromosome GL000205.2
2026-06-12 12:04:43,352 - WARNING - The .bam file refers to a chromosome 'GL000205.2+' not present in the annotation (.gtf) file
2026-06-12 12:04:43,355 - DEBUG - Marking up chromosome GL000195.1
2026-06-12 12:04:43,386 - DEBUG - Marking up chromosome KI270733.1
2026-06-12 12:04:43,386 - WARNING - The .bam file refers to a chromosome 'KI270733.1+' not present in the annotation (.gtf) file
2026-06-12 12:04:43,386 - WARNING - The .bam file refers to a chromosome 'KI270733.1-' not present in the annotation (.gtf) file
2026-06-12 12:04:44,518 - DEBUG - Marking up chromosome GL000219.1
2026-06-12 12:04:44,521 - WARNING - The .bam file refers to a chromosome 'GL000219.1+' not present in the annotation (.gtf) file
2026-06-12 12:04:44,546 - DEBUG - Marking up chromosome KI270712.1
2026-06-12 12:04:44,546 - WARNING - The .bam file refers to a chromosome 'KI270712.1+' not present in the annotation (.gtf) file
2026-06-12 12:04:44,546 - WARNING - The .bam file refers to a chromosome 'KI270712.1-' not present in the annotation (.gtf) file
2026-06-12 12:04:44,546 - DEBUG - Marking up chromosome KI270706.1
2026-06-12 12:04:44,546 - WARNING - The .bam file refers to a chromosome 'KI270706.1+' not present in the annotation (.gtf) file
2026-06-12 12:04:44,546 - WARNING - The .bam file refers to a chromosome 'KI270706.1-' not present in the annotation (.gtf) file
2026-06-12 12:04:44,551 - DEBUG - Marking up chromosome KI270725.1
2026-06-12 12:04:44,551 - WARNING - The .bam file refers to a chromosome 'KI270725.1+' not present in the annotation (.gtf) file
2026-06-12 12:04:44,551 - WARNING - The .bam file refers to a chromosome 'KI270725.1-' not present in the annotation (.gtf) file
2026-06-12 12:04:44,551 - DEBUG - Marking up chromosome KI270744.1
2026-06-12 12:04:44,551 - WARNING - The .bam file refers to a chromosome 'KI270744.1+' not present in the annotation (.gtf) file
2026-06-12 12:04:44,551 - WARNING - The .bam file refers to a chromosome 'KI270744.1-' not present in the annotation (.gtf) file
2026-06-12 12:04:44,552 - DEBUG - Marking up chromosome KI270734.1
2026-06-12 12:04:44,552 - DEBUG - Marking up chromosome GL000220.1
2026-06-12 12:04:44,552 - WARNING - The .bam file refers to a chromosome 'GL000220.1+' not present in the annotation (.gtf) file
2026-06-12 12:04:44,552 - WARNING - The .bam file refers to a chromosome 'GL000220.1-' not present in the annotation (.gtf) file
2026-06-12 12:04:50,711 - DEBUG - Marking up chromosome GL000218.1
2026-06-12 12:04:50,713 - WARNING - The .bam file refers to a chromosome 'GL000218.1+' not present in the annotation (.gtf) file
2026-06-12 12:04:50,717 - DEBUG - Marking up chromosome KI270749.1
2026-06-12 12:04:50,717 - WARNING - The .bam file refers to a chromosome 'KI270749.1+' not present in the annotation (.gtf) file
2026-06-12 12:04:50,717 - WARNING - The .bam file refers to a chromosome 'KI270749.1-' not present in the annotation (.gtf) file
2026-06-12 12:04:50,717 - DEBUG - Marking up chromosome GL000221.1
2026-06-12 12:04:50,717 - WARNING - The .bam file refers to a chromosome 'GL000221.1+' not present in the annotation (.gtf) file
2026-06-12 12:04:50,717 - WARNING - The .bam file refers to a chromosome 'GL000221.1-' not present in the annotation (.gtf) file
2026-06-12 12:04:50,717 - DEBUG - Marking up chromosome KI270708.1
2026-06-12 12:04:50,717 - WARNING - The .bam file refers to a chromosome 'KI270708.1+' not present in the annotation (.gtf) file
2026-06-12 12:04:50,717 - WARNING - The .bam file refers to a chromosome 'KI270708.1-' not present in the annotation (.gtf) file
2026-06-12 12:04:50,717 - DEBUG - Marking up chromosome KI270438.1
2026-06-12 12:04:50,717 - WARNING - The .bam file refers to a chromosome 'KI270438.1+' not present in the annotation (.gtf) file
2026-06-12 12:04:50,718 - WARNING - The .bam file refers to a chromosome 'KI270438.1-' not present in the annotation (.gtf) file
2026-06-12 12:04:50,725 - DEBUG - Marking up chromosome KI270753.1
2026-06-12 12:04:50,725 - WARNING - The .bam file refers to a chromosome 'KI270753.1+' not present in the annotation (.gtf) file
2026-06-12 12:04:50,725 - WARNING - The .bam file refers to a chromosome 'KI270753.1-' not present in the annotation (.gtf) file
2026-06-12 12:04:50,725 - DEBUG - Marking up chromosome KI270711.1
2026-06-12 12:04:50,725 - WARNING - The .bam file refers to a chromosome 'KI270711.1+' not present in the annotation (.gtf) file
2026-06-12 12:04:50,726 - DEBUG - Marking up chromosome KI270745.1
2026-06-12 12:04:50,726 - WARNING - The .bam file refers to a chromosome 'KI270745.1+' not present in the annotation (.gtf) file
2026-06-12 12:04:50,726 - WARNING - The .bam file refers to a chromosome 'KI270745.1-' not present in the annotation (.gtf) file
2026-06-12 12:04:50,727 - DEBUG - Marking up chromosome KI270713.1
2026-06-12 12:04:50,727 - DEBUG - Marking up chromosome KI270710.1
2026-06-12 12:04:50,727 - WARNING - The .bam file refers to a chromosome 'KI270710.1+' not present in the annotation (.gtf) file
2026-06-12 12:04:50,727 - WARNING - The .bam file refers to a chromosome 'KI270710.1-' not present in the annotation (.gtf) file
2026-06-12 12:04:50,727 - DEBUG - Marking up chromosome KI270720.1
2026-06-12 12:04:50,727 - WARNING - The .bam file refers to a chromosome 'KI270720.1+' not present in the annotation (.gtf) file
2026-06-12 12:04:50,727 - WARNING - The .bam file refers to a chromosome 'KI270720.1-' not present in the annotation (.gtf) file
2026-06-12 12:04:50,728 - DEBUG - Marking up chromosome KI270718.1
2026-06-12 12:04:50,728 - WARNING - The .bam file refers to a chromosome 'KI270718.1+' not present in the annotation (.gtf) file
2026-06-12 12:04:50,728 - WARNING - The .bam file refers to a chromosome 'KI270718.1-' not present in the annotation (.gtf) file
2026-06-12 12:04:50,728 - DEBUG - Marking up chromosome KI270707.1
2026-06-12 12:04:50,728 - WARNING - The .bam file refers to a chromosome 'KI270707.1+' not present in the annotation (.gtf) file
2026-06-12 12:04:50,728 - WARNING - The .bam file refers to a chromosome 'KI270707.1-' not present in the annotation (.gtf) file
2026-06-12 12:04:50,729 - DEBUG - Marking up chromosome KI270310.1
2026-06-12 12:04:50,729 - WARNING - The .bam file refers to a chromosome 'KI270310.1+' not present in the annotation (.gtf) file
2026-06-12 12:04:50,729 - WARNING - The .bam file refers to a chromosome 'KI270310.1-' not present in the annotation (.gtf) file
2026-06-12 12:04:51,764 - DEBUG - Read first 80 million reads
2026-06-12 12:05:00,619 - DEBUG - Read first 90 million reads
2026-06-12 12:05:10,244 - DEBUG - Read first 100 million reads
2026-06-12 12:05:19,808 - DEBUG - Read first 110 million reads
2026-06-12 12:05:29,382 - DEBUG - Read first 120 million reads
2026-06-12 12:05:30,923 - DEBUG - End of file. Reset index: start scanning from initial position.
2026-06-12 12:05:30,924 - DEBUG - 4986558 reads were skipped because no apropiate cell or umi barcode was found
2026-06-12 12:05:30,925 - INFO - Now just waiting that the bam sorting process terminates
2026-06-12 12:05:30,925 - INFO - bam file #0 has been sorted
2026-06-12 12:05:30,925 - DEBUG - Start molecule counting!
2026-06-12 12:05:32,341 - DEBUG - Features available for chromosomes : ['GL000009.2-', 'GL000194.1-', 'GL000195.1-', 'GL000195.1+', 'GL000205.2-', 'GL000213.1-', 'GL000218.1-', 'GL000219.1-', 'KI270711.1-', 'KI270713.1-', 'KI270713.1+', 'KI270721.1+', 'KI270726.1+', 'KI270727.1-', 'KI270727.1+', 'KI270728.1-', 'KI270728.1+', 'KI270731.1-', 'KI270734.1-', 'KI270734.1+', '1-', '1+', '10-', '10+', '11-', '11+', '12-', '12+', '13-', '13+', '14-', '14+', '15-', '15+', '16-', '16+', '17-', '17+', '18-', '18+', '19-', '19+', '2-', '2+', '20-', '20+', '21-', '21+', '22-', '22+', '3-', '3+', '4-', '4+', '5-', '5+', '6-', '6+', '7-', '7+', '8-', '8+', '9-', '9+', 'M-', 'M+', 'X-', 'X+', 'Y-', 'Y+']
2026-06-12 12:05:32,341 - DEBUG - Mask available for chromosomes : []
2026-06-12 12:05:32,341 - DEBUG - Summarizing the results of intron validation.
2026-06-12 12:05:32,636 - DEBUG - Validated 263938 introns (of which unique intervals 84978) out of 1106199 total possible introns (considering each possible transcript models).
2026-06-12 12:05:32,637 - DEBUG - Reading /research/peer/fdeckert/FD20250213HSCT/data/object/velocyto/S_7681_baseline_transcriptome/cellsorted_possorted_genome_bam.bam
2026-06-12 12:05:32,643 - DEBUG - Read first 0 million reads
2026-06-12 12:05:58,266 - DEBUG - Read first 10 million reads
2026-06-12 12:06:19,599 - DEBUG - Counting for batch 1, containing 100 cells and 1807544 reads
2026-06-12 12:06:41,127 - DEBUG - 0 reads not considered because fully enclosed in repeat masked regions
2026-06-12 12:07:05,648 - DEBUG - Counting for batch 2, containing 100 cells and 1922182 reads
2026-06-12 12:07:28,327 - DEBUG - 0 reads not considered because fully enclosed in repeat masked regions
2026-06-12 12:07:38,420 - DEBUG - Read first 20 million reads
2026-06-12 12:07:49,259 - DEBUG - Counting for batch 3, containing 100 cells and 1585806 reads
2026-06-12 12:08:09,896 - DEBUG - 0 reads not considered because fully enclosed in repeat masked regions
2026-06-12 12:08:30,544 - DEBUG - Counting for batch 4, containing 100 cells and 1734028 reads
2026-06-12 12:08:53,403 - DEBUG - 0 reads not considered because fully enclosed in repeat masked regions
2026-06-12 12:09:12,260 - DEBUG - Counting for batch 5, containing 100 cells and 1614294 reads
2026-06-12 12:09:31,701 - DEBUG - 0 reads not considered because fully enclosed in repeat masked regions
2026-06-12 12:09:35,724 - DEBUG - Read first 30 million reads
2026-06-12 12:09:53,738 - DEBUG - Counting for batch 6, containing 100 cells and 1797428 reads
2026-06-12 12:10:16,951 - DEBUG - 0 reads not considered because fully enclosed in repeat masked regions
2026-06-12 12:10:38,846 - DEBUG - Counting for batch 7, containing 100 cells and 1809598 reads
2026-06-12 12:11:00,502 - DEBUG - 0 reads not considered because fully enclosed in repeat masked regions
2026-06-12 12:11:15,814 - DEBUG - Read first 40 million reads
2026-06-12 12:11:21,309 - DEBUG - Counting for batch 8, containing 100 cells and 1642398 reads
2026-06-12 12:11:41,958 - DEBUG - 0 reads not considered because fully enclosed in repeat masked regions
2026-06-12 12:12:04,383 - DEBUG - Counting for batch 9, containing 100 cells and 1794500 reads
2026-06-12 12:12:27,805 - DEBUG - 0 reads not considered because fully enclosed in repeat masked regions
2026-06-12 12:12:48,660 - DEBUG - Counting for batch 10, containing 100 cells and 1688804 reads
2026-06-12 12:13:10,527 - DEBUG - 0 reads not considered because fully enclosed in repeat masked regions
2026-06-12 12:13:17,517 - DEBUG - Read first 50 million reads
2026-06-12 12:13:32,309 - DEBUG - Counting for batch 11, containing 100 cells and 1841900 reads
2026-06-12 12:13:54,438 - DEBUG - 0 reads not considered because fully enclosed in repeat masked regions
2026-06-12 12:14:15,581 - DEBUG - Counting for batch 12, containing 100 cells and 1755494 reads
2026-06-12 12:14:38,005 - DEBUG - 0 reads not considered because fully enclosed in repeat masked regions
2026-06-12 12:14:56,809 - DEBUG - Read first 60 million reads
2026-06-12 12:14:57,815 - DEBUG - Counting for batch 13, containing 100 cells and 1680622 reads
2026-06-12 12:15:19,951 - DEBUG - 0 reads not considered because fully enclosed in repeat masked regions
2026-06-12 12:15:41,151 - DEBUG - Counting for batch 14, containing 100 cells and 1796712 reads
2026-06-12 12:16:02,529 - DEBUG - 0 reads not considered because fully enclosed in repeat masked regions
2026-06-12 12:16:26,223 - DEBUG - Counting for batch 15, containing 100 cells and 1771348 reads
2026-06-12 12:16:47,181 - DEBUG - 0 reads not considered because fully enclosed in repeat masked regions
2026-06-12 12:16:59,000 - DEBUG - Read first 70 million reads
2026-06-12 12:17:07,505 - DEBUG - Counting for batch 16, containing 100 cells and 1539268 reads
2026-06-12 12:17:26,456 - DEBUG - 0 reads not considered because fully enclosed in repeat masked regions
2026-06-12 12:17:49,491 - DEBUG - Counting for batch 17, containing 100 cells and 1824876 reads
2026-06-12 12:18:12,705 - DEBUG - 0 reads not considered because fully enclosed in repeat masked regions
2026-06-12 12:18:35,623 - DEBUG - Counting for batch 18, containing 100 cells and 1796050 reads
2026-06-12 12:18:59,014 - DEBUG - 0 reads not considered because fully enclosed in repeat masked regions
2026-06-12 12:19:03,138 - DEBUG - Read first 80 million reads
2026-06-12 12:19:19,927 - DEBUG - Counting for batch 19, containing 100 cells and 1725584 reads
2026-06-12 12:19:42,866 - DEBUG - 0 reads not considered because fully enclosed in repeat masked regions
2026-06-12 12:20:02,255 - DEBUG - Counting for batch 20, containing 100 cells and 1755868 reads
2026-06-12 12:20:25,073 - DEBUG - 0 reads not considered because fully enclosed in repeat masked regions
2026-06-12 12:20:40,629 - DEBUG - Read first 90 million reads
2026-06-12 12:20:44,866 - DEBUG - Counting for batch 21, containing 100 cells and 1676742 reads
2026-06-12 12:21:06,849 - DEBUG - 0 reads not considered because fully enclosed in repeat masked regions
2026-06-12 12:21:28,504 - DEBUG - Counting for batch 22, containing 100 cells and 1786232 reads
2026-06-12 12:21:49,871 - DEBUG - 0 reads not considered because fully enclosed in repeat masked regions
2026-06-12 12:22:12,455 - DEBUG - Counting for batch 23, containing 100 cells and 1818394 reads
2026-06-12 12:22:35,974 - DEBUG - 0 reads not considered because fully enclosed in repeat masked regions
2026-06-12 12:22:41,829 - DEBUG - Read first 100 million reads
2026-06-12 12:22:57,428 - DEBUG - Counting for batch 24, containing 100 cells and 1888422 reads
2026-06-12 12:23:22,026 - DEBUG - 0 reads not considered because fully enclosed in repeat masked regions
2026-06-12 12:23:41,115 - DEBUG - Counting for batch 25, containing 100 cells and 1597122 reads
2026-06-12 12:24:02,525 - DEBUG - 0 reads not considered because fully enclosed in repeat masked regions
2026-06-12 12:24:18,470 - DEBUG - Read first 110 million reads
2026-06-12 12:24:21,811 - DEBUG - Counting for batch 26, containing 100 cells and 1735046 reads
2026-06-12 12:24:44,420 - DEBUG - 0 reads not considered because fully enclosed in repeat masked regions
2026-06-12 12:25:04,974 - DEBUG - Counting for batch 27, containing 100 cells and 1736164 reads
2026-06-12 12:25:27,573 - DEBUG - 0 reads not considered because fully enclosed in repeat masked regions
2026-06-12 12:25:48,115 - DEBUG - Counting for batch 28, containing 100 cells and 1780436 reads
2026-06-12 12:26:11,038 - DEBUG - 0 reads not considered because fully enclosed in repeat masked regions
2026-06-12 12:26:20,127 - DEBUG - Read first 120 million reads
2026-06-12 12:26:28,260 - DEBUG - Counting for batch 29, containing 77 cells and 1480508 reads
2026-06-12 12:26:45,988 - DEBUG - 0 reads not considered because fully enclosed in repeat masked regions
2026-06-12 12:26:48,028 - DEBUG - 4986558 reads were skipped because no apropiate cell or umi barcode was found
2026-06-12 12:26:48,029 - DEBUG - Counting done!
2026-06-12 12:26:48,039 - DEBUG - Generating output file /research/peer/fdeckert/FD20250213HSCT/data/object/velocyto/S_7681_baseline_transcriptome/velocyto.loom
2026-06-12 12:26:48,039 - DEBUG - Collecting row attributes
2026-06-12 12:26:48,119 - DEBUG - Generating data table
2026-06-12 12:26:48,584 - DEBUG - Writing loom file
2026-06-12 12:26:48,989 - DEBUG - Creating converter from 5 to 3
2026-06-12 12:26:48,991 - DEBUG - Creating converter from 3 to 5
2026-06-12 12:26:52,523 - DEBUG - Terminated Succesfully!
