2026-06-12 11:52:12,469 - DEBUG - Using logic: Permissive10X
2026-06-12 11:52:12,493 - INFO - Read 3082 cell barcodes from /research/lab_stary/sequencing_projects/hsct/COUNT/S_7664_day100_transcriptome/filtered_feature_bc_matrix/barcodes.tsv.gz
2026-06-12 11:52:12,493 - DEBUG - Example of barcode: AAACCTGCAGTATGCT and cell_id: velocyto:AAACCTGCAGTATGCT-1
2026-06-12 11:52:12,511 - DEBUG - Peeking into /research/peer/fdeckert/FD20250213HSCT/data/object/velocyto/S_7664_day100_transcriptome/possorted_genome_bam.bam
2026-06-12 11:52:12,543 - WARNING - Not found cell and umi barcode in entry 16 of the bam file
2026-06-12 11:52:12,543 - WARNING - Not found cell and umi barcode in entry 37 of the bam file
2026-06-12 11:52:12,543 - WARNING - Not found cell and umi barcode in entry 88 of the bam file
2026-06-12 11:52:12,543 - WARNING - Not found cell and umi barcode in entry 90 of the bam file
2026-06-12 11:52:12,543 - WARNING - Not found cell and umi barcode in entry 195 of the bam file
2026-06-12 11:52:12,543 - WARNING - Not found cell and umi barcode in entry 201 of the bam file
2026-06-12 11:52:12,543 - WARNING - Not found cell and umi barcode in entry 202 of the bam file
2026-06-12 11:52:12,543 - WARNING - Not found cell and umi barcode in entry 204 of the bam file
2026-06-12 11:52:12,543 - WARNING - Not found cell and umi barcode in entry 205 of the bam file
2026-06-12 11:52:12,544 - WARNING - Not found cell and umi barcode in entry 291 of the bam file
2026-06-12 11:52:12,544 - WARNING - Not found cell and umi barcode in entry 294 of the bam file
2026-06-12 11:52:12,544 - WARNING - Not found cell and umi barcode in entry 295 of the bam file
2026-06-12 11:52:12,544 - WARNING - Not found cell and umi barcode in entry 346 of the bam file
2026-06-12 11:52:12,544 - WARNING - Not found cell and umi barcode in entry 347 of the bam file
2026-06-12 11:52:12,544 - WARNING - Not found cell and umi barcode in entry 360 of the bam file
2026-06-12 11:52:12,544 - WARNING - Not found cell and umi barcode in entry 381 of the bam file
2026-06-12 11:52:12,544 - WARNING - Not found cell and umi barcode in entry 421 of the bam file
2026-06-12 11:52:12,544 - WARNING - Not found cell and umi barcode in entry 424 of the bam file
2026-06-12 11:52:12,544 - WARNING - Not found cell and umi barcode in entry 425 of the bam file
2026-06-12 11:52:12,544 - WARNING - Not found cell and umi barcode in entry 446 of the bam file
2026-06-12 11:52:12,545 - WARNING - Not found cell and umi barcode in entry 466 of the bam file
2026-06-12 11:52:12,545 - WARNING - Not found cell and umi barcode in entry 467 of the bam file
2026-06-12 11:52:12,545 - WARNING - Not found cell and umi barcode in entry 487 of the bam file
2026-06-12 11:52:12,545 - WARNING - Not found cell and umi barcode in entry 488 of the bam file
2026-06-12 11:52:12,545 - WARNING - Not found cell and umi barcode in entry 526 of the bam file
2026-06-12 11:52:12,545 - WARNING - Not found cell and umi barcode in entry 528 of the bam file
2026-06-12 11:52:12,545 - WARNING - Not found cell and umi barcode in entry 542 of the bam file
2026-06-12 11:52:12,545 - WARNING - Not found cell and umi barcode in entry 554 of the bam file
2026-06-12 11:52:12,545 - WARNING - Not found cell and umi barcode in entry 555 of the bam file
2026-06-12 11:52:12,545 - WARNING - Not found cell and umi barcode in entry 582 of the bam file
2026-06-12 11:52:12,545 - WARNING - Not found cell and umi barcode in entry 583 of the bam file
2026-06-12 11:52:12,545 - WARNING - Not found cell and umi barcode in entry 584 of the bam file
2026-06-12 11:52:12,545 - WARNING - Not found cell and umi barcode in entry 585 of the bam file
2026-06-12 11:52:12,545 - WARNING - Not found cell and umi barcode in entry 591 of the bam file
2026-06-12 11:52:12,545 - WARNING - Not found cell and umi barcode in entry 626 of the bam file
2026-06-12 11:52:12,545 - WARNING - Not found cell and umi barcode in entry 669 of the bam file
2026-06-12 11:52:12,547 - WARNING - Not found cell and umi barcode in entry 852 of the bam file
2026-06-12 11:52:12,551 - INFO - Starting the sorting process of /research/peer/fdeckert/FD20250213HSCT/data/object/velocyto/S_7664_day100_transcriptome/possorted_genome_bam.bam the output will be at: /research/peer/fdeckert/FD20250213HSCT/data/object/velocyto/S_7664_day100_transcriptome/cellsorted_possorted_genome_bam.bam
2026-06-12 11:52:12,551 - INFO - Command being run is: samtools sort -l 7 -m 100M -t CB -O BAM -@ 16 -o /research/peer/fdeckert/FD20250213HSCT/data/object/velocyto/S_7664_day100_transcriptome/cellsorted_possorted_genome_bam.bam /research/peer/fdeckert/FD20250213HSCT/data/object/velocyto/S_7664_day100_transcriptome/possorted_genome_bam.bam
2026-06-12 11:52:12,551 - INFO - While the bam sorting happens do other things...
2026-06-12 11:52:12,551 - INFO - Load the annotation from /nobackup/peer/fdeckert/cellranger/GRCh38-2020-A/GRCh38/genes/genes.gtf
2026-06-12 11:52:17,837 - DEBUG - Parsing Chromosome GL000009.2 strand - [line 0]
2026-06-12 11:52:17,838 - DEBUG - Done with GL000009.2- [line 7]
2026-06-12 11:52:17,838 - DEBUG - Assigning indexes to genes
2026-06-12 11:52:17,838 - DEBUG - Seen 1 genes until now
2026-06-12 11:52:17,838 - DEBUG - Parsing Chromosome GL000194.1 strand - [line 8]
2026-06-12 11:52:17,838 - DEBUG - Done with GL000194.1- [line 33]
2026-06-12 11:52:17,838 - DEBUG - Assigning indexes to genes
2026-06-12 11:52:17,838 - DEBUG - Seen 3 genes until now
2026-06-12 11:52:17,838 - DEBUG - Parsing Chromosome GL000195.1 strand - [line 34]
2026-06-12 11:52:17,838 - DEBUG - Done with GL000195.1- [line 43]
2026-06-12 11:52:17,838 - DEBUG - Assigning indexes to genes
2026-06-12 11:52:17,838 - DEBUG - Seen 4 genes until now
2026-06-12 11:52:17,838 - DEBUG - Parsing Chromosome GL000195.1 strand + [line 44]
2026-06-12 11:52:17,838 - DEBUG - Done with GL000195.1+ [line 57]
2026-06-12 11:52:17,838 - DEBUG - Assigning indexes to genes
2026-06-12 11:52:17,838 - DEBUG - Seen 5 genes until now
2026-06-12 11:52:17,838 - DEBUG - Parsing Chromosome GL000205.2 strand - [line 58]
2026-06-12 11:52:17,838 - DEBUG - Done with GL000205.2- [line 71]
2026-06-12 11:52:17,838 - DEBUG - Assigning indexes to genes
2026-06-12 11:52:17,838 - DEBUG - Seen 6 genes until now
2026-06-12 11:52:17,838 - DEBUG - Parsing Chromosome GL000213.1 strand - [line 72]
2026-06-12 11:52:17,839 - DEBUG - Done with GL000213.1- [line 120]
2026-06-12 11:52:17,839 - DEBUG - Assigning indexes to genes
2026-06-12 11:52:17,839 - DEBUG - Seen 7 genes until now
2026-06-12 11:52:17,839 - DEBUG - Parsing Chromosome GL000218.1 strand - [line 121]
2026-06-12 11:52:17,839 - DEBUG - Done with GL000218.1- [line 128]
2026-06-12 11:52:17,839 - DEBUG - Assigning indexes to genes
2026-06-12 11:52:17,839 - DEBUG - Seen 8 genes until now
2026-06-12 11:52:17,839 - DEBUG - Parsing Chromosome GL000219.1 strand - [line 129]
2026-06-12 11:52:17,839 - DEBUG - Done with GL000219.1- [line 141]
2026-06-12 11:52:17,839 - DEBUG - Assigning indexes to genes
2026-06-12 11:52:17,839 - DEBUG - Seen 9 genes until now
2026-06-12 11:52:17,839 - DEBUG - Parsing Chromosome KI270711.1 strand - [line 142]
2026-06-12 11:52:17,840 - DEBUG - Done with KI270711.1- [line 292]
2026-06-12 11:52:17,840 - DEBUG - Assigning indexes to genes
2026-06-12 11:52:17,840 - DEBUG - Seen 10 genes until now
2026-06-12 11:52:17,840 - DEBUG - Parsing Chromosome KI270713.1 strand - [line 293]
2026-06-12 11:52:17,840 - DEBUG - Done with KI270713.1- [line 300]
2026-06-12 11:52:17,840 - DEBUG - Assigning indexes to genes
2026-06-12 11:52:17,840 - DEBUG - Seen 11 genes until now
2026-06-12 11:52:17,840 - DEBUG - Parsing Chromosome KI270713.1 strand + [line 301]
2026-06-12 11:52:17,840 - DEBUG - Done with KI270713.1+ [line 307]
2026-06-12 11:52:17,840 - DEBUG - Assigning indexes to genes
2026-06-12 11:52:17,840 - DEBUG - Seen 12 genes until now
2026-06-12 11:52:17,840 - DEBUG - Parsing Chromosome KI270721.1 strand + [line 308]
2026-06-12 11:52:17,840 - DEBUG - Done with KI270721.1+ [line 323]
2026-06-12 11:52:17,840 - DEBUG - Assigning indexes to genes
2026-06-12 11:52:17,840 - DEBUG - Seen 13 genes until now
2026-06-12 11:52:17,840 - DEBUG - Parsing Chromosome KI270726.1 strand + [line 324]
2026-06-12 11:52:17,840 - DEBUG - Done with KI270726.1+ [line 334]
2026-06-12 11:52:17,840 - DEBUG - Assigning indexes to genes
2026-06-12 11:52:17,840 - DEBUG - Seen 15 genes until now
2026-06-12 11:52:17,840 - DEBUG - Parsing Chromosome KI270727.1 strand - [line 335]
2026-06-12 11:52:17,841 - DEBUG - Done with KI270727.1- [line 394]
2026-06-12 11:52:17,841 - DEBUG - Assigning indexes to genes
2026-06-12 11:52:17,841 - DEBUG - Seen 17 genes until now
2026-06-12 11:52:17,841 - DEBUG - Parsing Chromosome KI270727.1 strand + [line 395]
2026-06-12 11:52:17,841 - DEBUG - Done with KI270727.1+ [line 409]
2026-06-12 11:52:17,841 - DEBUG - Assigning indexes to genes
2026-06-12 11:52:17,841 - DEBUG - Seen 19 genes until now
2026-06-12 11:52:17,841 - DEBUG - Parsing Chromosome KI270728.1 strand - [line 410]
2026-06-12 11:52:17,841 - DEBUG - Done with KI270728.1- [line 486]
2026-06-12 11:52:17,841 - DEBUG - Assigning indexes to genes
2026-06-12 11:52:17,841 - DEBUG - Seen 21 genes until now
2026-06-12 11:52:17,841 - DEBUG - Parsing Chromosome KI270728.1 strand + [line 487]
2026-06-12 11:52:17,841 - DEBUG - Done with KI270728.1+ [line 523]
2026-06-12 11:52:17,841 - DEBUG - Assigning indexes to genes
2026-06-12 11:52:17,841 - DEBUG - Seen 25 genes until now
2026-06-12 11:52:17,841 - DEBUG - Parsing Chromosome KI270731.1 strand - [line 524]
2026-06-12 11:52:17,842 - DEBUG - Done with KI270731.1- [line 530]
2026-06-12 11:52:17,842 - DEBUG - Assigning indexes to genes
2026-06-12 11:52:17,842 - DEBUG - Seen 26 genes until now
2026-06-12 11:52:17,842 - DEBUG - Parsing Chromosome KI270734.1 strand - [line 531]
2026-06-12 11:52:17,842 - DEBUG - Done with KI270734.1- [line 599]
2026-06-12 11:52:17,842 - DEBUG - Assigning indexes to genes
2026-06-12 11:52:17,842 - DEBUG - Seen 27 genes until now
2026-06-12 11:52:17,842 - DEBUG - Parsing Chromosome KI270734.1 strand + [line 600]
2026-06-12 11:52:17,842 - DEBUG - Done with KI270734.1+ [line 622]
2026-06-12 11:52:17,842 - DEBUG - Assigning indexes to genes
2026-06-12 11:52:17,842 - DEBUG - Seen 29 genes until now
2026-06-12 11:52:17,842 - DEBUG - Parsing Chromosome 1 strand - [line 623]
2026-06-12 11:52:18,389 - DEBUG - Done with 1- [line 118876]
2026-06-12 11:52:18,389 - DEBUG - Assigning indexes to genes
2026-06-12 11:52:18,396 - DEBUG - Seen 1711 genes until now
2026-06-12 11:52:18,396 - DEBUG - Parsing Chromosome 1 strand + [line 118877]
2026-06-12 11:52:19,048 - DEBUG - Done with 1+ [line 253796]
2026-06-12 11:52:19,048 - DEBUG - Assigning indexes to genes
2026-06-12 11:52:19,055 - DEBUG - Seen 3439 genes until now
2026-06-12 11:52:19,055 - DEBUG - Parsing Chromosome 10 strand - [line 253797]
2026-06-12 11:52:19,184 - DEBUG - Done with 10- [line 304078]
2026-06-12 11:52:19,184 - DEBUG - Assigning indexes to genes
2026-06-12 11:52:19,187 - DEBUG - Seen 4100 genes until now
2026-06-12 11:52:19,187 - DEBUG - Parsing Chromosome 10 strand + [line 304079]
2026-06-12 11:52:19,317 - DEBUG - Done with 10+ [line 356023]
2026-06-12 11:52:19,317 - DEBUG - Assigning indexes to genes
2026-06-12 11:52:19,320 - DEBUG - Seen 4833 genes until now
2026-06-12 11:52:19,320 - DEBUG - Parsing Chromosome 11 strand - [line 356024]
2026-06-12 11:52:19,707 - DEBUG - Done with 11- [line 438038]
2026-06-12 11:52:19,707 - DEBUG - Assigning indexes to genes
2026-06-12 11:52:19,711 - DEBUG - Seen 5833 genes until now
2026-06-12 11:52:19,711 - DEBUG - Parsing Chromosome 11 strand + [line 438039]
2026-06-12 11:52:19,924 - DEBUG - Done with 11+ [line 521163]
2026-06-12 11:52:19,924 - DEBUG - Assigning indexes to genes
2026-06-12 11:52:19,928 - DEBUG - Seen 6898 genes until now
2026-06-12 11:52:19,929 - DEBUG - Parsing Chromosome 12 strand - [line 521164]
2026-06-12 11:52:20,427 - DEBUG - Done with 12- [line 601582]
2026-06-12 11:52:20,427 - DEBUG - Assigning indexes to genes
2026-06-12 11:52:20,433 - DEBUG - Seen 7848 genes until now
2026-06-12 11:52:20,433 - DEBUG - Parsing Chromosome 12 strand + [line 601583]
2026-06-12 11:52:20,706 - DEBUG - Done with 12+ [line 681983]
2026-06-12 11:52:20,706 - DEBUG - Assigning indexes to genes
2026-06-12 11:52:20,711 - DEBUG - Seen 8826 genes until now
2026-06-12 11:52:20,711 - DEBUG - Parsing Chromosome 13 strand - [line 681984]
2026-06-12 11:52:20,796 - DEBUG - Done with 13- [line 702449]
2026-06-12 11:52:20,796 - DEBUG - Assigning indexes to genes
2026-06-12 11:52:20,797 - DEBUG - Seen 9225 genes until now
2026-06-12 11:52:20,798 - DEBUG - Parsing Chromosome 13 strand + [line 702450]
2026-06-12 11:52:20,899 - DEBUG - Done with 13+ [line 726349]
2026-06-12 11:52:20,899 - DEBUG - Assigning indexes to genes
2026-06-12 11:52:20,901 - DEBUG - Seen 9614 genes until now
2026-06-12 11:52:20,902 - DEBUG - Parsing Chromosome 14 strand - [line 726350]
2026-06-12 11:52:21,361 - DEBUG - Done with 14- [line 770987]
2026-06-12 11:52:21,361 - DEBUG - Assigning indexes to genes
2026-06-12 11:52:21,364 - DEBUG - Seen 10373 genes until now
2026-06-12 11:52:21,365 - DEBUG - Parsing Chromosome 14 strand + [line 770988]
2026-06-12 11:52:21,540 - DEBUG - Done with 14+ [line 822908]
2026-06-12 11:52:21,540 - DEBUG - Assigning indexes to genes
2026-06-12 11:52:21,543 - DEBUG - Seen 11088 genes until now
2026-06-12 11:52:21,543 - DEBUG - Parsing Chromosome 15 strand - [line 822909]
2026-06-12 11:52:21,706 - DEBUG - Done with 15- [line 873715]
2026-06-12 11:52:21,706 - DEBUG - Assigning indexes to genes
2026-06-12 11:52:21,709 - DEBUG - Seen 11734 genes until now
2026-06-12 11:52:21,709 - DEBUG - Parsing Chromosome 15 strand + [line 873716]
2026-06-12 11:52:21,841 - DEBUG - Done with 15+ [line 923824]
2026-06-12 11:52:21,841 - DEBUG - Assigning indexes to genes
2026-06-12 11:52:21,844 - DEBUG - Seen 12355 genes until now
2026-06-12 11:52:21,844 - DEBUG - Parsing Chromosome 16 strand - [line 923825]
2026-06-12 11:52:21,983 - DEBUG - Done with 16- [line 979238]
2026-06-12 11:52:21,984 - DEBUG - Assigning indexes to genes
2026-06-12 11:52:21,986 - DEBUG - Seen 13151 genes until now
2026-06-12 11:52:21,987 - DEBUG - Parsing Chromosome 16 strand + [line 979239]
2026-06-12 11:52:22,560 - DEBUG - Done with 16+ [line 1052152]
2026-06-12 11:52:22,560 - DEBUG - Assigning indexes to genes
2026-06-12 11:52:22,565 - DEBUG - Seen 14004 genes until now
2026-06-12 11:52:22,565 - DEBUG - Parsing Chromosome 17 strand - [line 1052153]
2026-06-12 11:52:22,828 - DEBUG - Done with 17- [line 1140008]
2026-06-12 11:52:22,828 - DEBUG - Assigning indexes to genes
2026-06-12 11:52:22,832 - DEBUG - Seen 15039 genes until now
2026-06-12 11:52:22,832 - DEBUG - Parsing Chromosome 17 strand + [line 1140009]
2026-06-12 11:52:23,080 - DEBUG - Done with 17+ [line 1219447]
2026-06-12 11:52:23,080 - DEBUG - Assigning indexes to genes
2026-06-12 11:52:23,084 - DEBUG - Seen 15996 genes until now
2026-06-12 11:52:23,084 - DEBUG - Parsing Chromosome 18 strand - [line 1219448]
2026-06-12 11:52:23,154 - DEBUG - Done with 18- [line 1246083]
2026-06-12 11:52:23,154 - DEBUG - Assigning indexes to genes
2026-06-12 11:52:23,155 - DEBUG - Seen 16371 genes until now
2026-06-12 11:52:23,155 - DEBUG - Parsing Chromosome 18 strand + [line 1246084]
2026-06-12 11:52:23,219 - DEBUG - Done with 18+ [line 1269821]
2026-06-12 11:52:23,219 - DEBUG - Assigning indexes to genes
2026-06-12 11:52:23,221 - DEBUG - Seen 16777 genes until now
2026-06-12 11:52:23,221 - DEBUG - Parsing Chromosome 19 strand - [line 1269822]
2026-06-12 11:52:23,765 - DEBUG - Done with 19- [line 1350736]
2026-06-12 11:52:23,765 - DEBUG - Assigning indexes to genes
2026-06-12 11:52:23,770 - DEBUG - Seen 17790 genes until now
2026-06-12 11:52:23,770 - DEBUG - Parsing Chromosome 19 strand + [line 1350737]
2026-06-12 11:52:24,005 - DEBUG - Done with 19+ [line 1435648]
2026-06-12 11:52:24,005 - DEBUG - Assigning indexes to genes
2026-06-12 11:52:24,010 - DEBUG - Seen 18804 genes until now
2026-06-12 11:52:24,010 - DEBUG - Parsing Chromosome 2 strand - [line 1435649]
2026-06-12 11:52:24,323 - DEBUG - Done with 2- [line 1542996]
2026-06-12 11:52:24,324 - DEBUG - Assigning indexes to genes
2026-06-12 11:52:24,330 - DEBUG - Seen 20037 genes until now
2026-06-12 11:52:24,330 - DEBUG - Parsing Chromosome 2 strand + [line 1542997]
2026-06-12 11:52:24,661 - DEBUG - Done with 2+ [line 1642863]
2026-06-12 11:52:24,661 - DEBUG - Assigning indexes to genes
2026-06-12 11:52:24,668 - DEBUG - Seen 21345 genes until now
2026-06-12 11:52:24,668 - DEBUG - Parsing Chromosome 20 strand - [line 1642864]
2026-06-12 11:52:24,774 - DEBUG - Done with 20- [line 1672442]
2026-06-12 11:52:24,774 - DEBUG - Assigning indexes to genes
2026-06-12 11:52:24,776 - DEBUG - Seen 21828 genes until now
2026-06-12 11:52:24,776 - DEBUG - Parsing Chromosome 20 strand + [line 1672443]
2026-06-12 11:52:24,904 - DEBUG - Done with 20+ [line 1707817]
2026-06-12 11:52:24,904 - DEBUG - Assigning indexes to genes
2026-06-12 11:52:24,908 - DEBUG - Seen 22309 genes until now
2026-06-12 11:52:24,908 - DEBUG - Parsing Chromosome 21 strand - [line 1707818]
2026-06-12 11:52:25,316 - DEBUG - Done with 21- [line 1722798]
2026-06-12 11:52:25,316 - DEBUG - Assigning indexes to genes
2026-06-12 11:52:25,317 - DEBUG - Seen 22596 genes until now
2026-06-12 11:52:25,317 - DEBUG - Parsing Chromosome 21 strand + [line 1722799]
2026-06-12 11:52:25,360 - DEBUG - Done with 21+ [line 1738981]
2026-06-12 11:52:25,360 - DEBUG - Assigning indexes to genes
2026-06-12 11:52:25,361 - DEBUG - Seen 22864 genes until now
2026-06-12 11:52:25,361 - DEBUG - Parsing Chromosome 22 strand - [line 1738982]
2026-06-12 11:52:25,427 - DEBUG - Done with 22- [line 1765357]
2026-06-12 11:52:25,427 - DEBUG - Assigning indexes to genes
2026-06-12 11:52:25,429 - DEBUG - Seen 23260 genes until now
2026-06-12 11:52:25,429 - DEBUG - Parsing Chromosome 22 strand + [line 1765358]
2026-06-12 11:52:25,511 - DEBUG - Done with 22+ [line 1797598]
2026-06-12 11:52:25,511 - DEBUG - Assigning indexes to genes
2026-06-12 11:52:25,513 - DEBUG - Seen 23765 genes until now
2026-06-12 11:52:25,513 - DEBUG - Parsing Chromosome 3 strand - [line 1797599]
2026-06-12 11:52:25,747 - DEBUG - Done with 3- [line 1887377]
2026-06-12 11:52:25,747 - DEBUG - Assigning indexes to genes
2026-06-12 11:52:25,752 - DEBUG - Seen 24693 genes until now
2026-06-12 11:52:25,753 - DEBUG - Parsing Chromosome 3 strand + [line 1887378]
2026-06-12 11:52:26,070 - DEBUG - Done with 3+ [line 1977011]
2026-06-12 11:52:26,070 - DEBUG - Assigning indexes to genes
2026-06-12 11:52:26,077 - DEBUG - Seen 25658 genes until now
2026-06-12 11:52:26,077 - DEBUG - Parsing Chromosome 4 strand - [line 1977012]
2026-06-12 11:52:26,272 - DEBUG - Done with 4- [line 2034238]
2026-06-12 11:52:26,273 - DEBUG - Assigning indexes to genes
2026-06-12 11:52:26,277 - DEBUG - Seen 26401 genes until now
2026-06-12 11:52:26,277 - DEBUG - Parsing Chromosome 4 strand + [line 2034239]
2026-06-12 11:52:26,455 - DEBUG - Done with 4+ [line 2094594]
2026-06-12 11:52:26,456 - DEBUG - Assigning indexes to genes
2026-06-12 11:52:26,459 - DEBUG - Seen 27191 genes until now
2026-06-12 11:52:26,459 - DEBUG - Parsing Chromosome 5 strand - [line 2094595]
2026-06-12 11:52:26,611 - DEBUG - Done with 5- [line 2152660]
2026-06-12 11:52:26,611 - DEBUG - Assigning indexes to genes
2026-06-12 11:52:26,614 - DEBUG - Seen 28071 genes until now
2026-06-12 11:52:26,614 - DEBUG - Parsing Chromosome 5 strand + [line 2152661]
2026-06-12 11:52:27,363 - DEBUG - Done with 5+ [line 2218657]
2026-06-12 11:52:27,363 - DEBUG - Assigning indexes to genes
2026-06-12 11:52:27,368 - DEBUG - Seen 29002 genes until now
2026-06-12 11:52:27,369 - DEBUG - Parsing Chromosome 6 strand - [line 2218658]
2026-06-12 11:52:27,556 - DEBUG - Done with 6- [line 2284937]
2026-06-12 11:52:27,557 - DEBUG - Assigning indexes to genes
2026-06-12 11:52:27,561 - DEBUG - Seen 29928 genes until now
2026-06-12 11:52:27,561 - DEBUG - Parsing Chromosome 6 strand + [line 2284938]
2026-06-12 11:52:27,738 - DEBUG - Done with 6+ [line 2345240]
2026-06-12 11:52:27,738 - DEBUG - Assigning indexes to genes
2026-06-12 11:52:27,741 - DEBUG - Seen 30829 genes until now
2026-06-12 11:52:27,741 - DEBUG - Parsing Chromosome 7 strand - [line 2345241]
2026-06-12 11:52:27,935 - DEBUG - Done with 7- [line 2406845]
2026-06-12 11:52:27,935 - DEBUG - Assigning indexes to genes
2026-06-12 11:52:27,940 - DEBUG - Seen 31621 genes until now
2026-06-12 11:52:27,940 - DEBUG - Parsing Chromosome 7 strand + [line 2406846]
2026-06-12 11:52:28,176 - DEBUG - Done with 7+ [line 2476014]
2026-06-12 11:52:28,176 - DEBUG - Assigning indexes to genes
2026-06-12 11:52:28,182 - DEBUG - Seen 32515 genes until now
2026-06-12 11:52:28,182 - DEBUG - Parsing Chromosome 8 strand - [line 2476015]
2026-06-12 11:52:28,364 - DEBUG - Done with 8- [line 2527366]
2026-06-12 11:52:28,364 - DEBUG - Assigning indexes to genes
2026-06-12 11:52:28,367 - DEBUG - Seen 33270 genes until now
2026-06-12 11:52:28,367 - DEBUG - Parsing Chromosome 8 strand + [line 2527367]
2026-06-12 11:52:28,525 - DEBUG - Done with 8+ [line 2577021]
2026-06-12 11:52:28,525 - DEBUG - Assigning indexes to genes
2026-06-12 11:52:28,529 - DEBUG - Seen 34010 genes until now
2026-06-12 11:52:28,529 - DEBUG - Parsing Chromosome 9 strand - [line 2577022]
2026-06-12 11:52:28,703 - DEBUG - Done with 9- [line 2622811]
2026-06-12 11:52:28,703 - DEBUG - Assigning indexes to genes
2026-06-12 11:52:28,706 - DEBUG - Seen 34681 genes until now
2026-06-12 11:52:28,707 - DEBUG - Parsing Chromosome 9 strand + [line 2622812]
2026-06-12 11:52:28,879 - DEBUG - Done with 9+ [line 2672374]
2026-06-12 11:52:28,879 - DEBUG - Assigning indexes to genes
2026-06-12 11:52:28,881 - DEBUG - Seen 35329 genes until now
2026-06-12 11:52:28,882 - DEBUG - Parsing Chromosome M strand - [line 2672375]
2026-06-12 11:52:28,882 - DEBUG - Done with M- [line 2672379]
2026-06-12 11:52:28,882 - DEBUG - Assigning indexes to genes
2026-06-12 11:52:28,882 - DEBUG - Seen 35330 genes until now
2026-06-12 11:52:28,882 - DEBUG - Parsing Chromosome M strand + [line 2672380]
2026-06-12 11:52:28,882 - DEBUG - Done with M+ [line 2672445]
2026-06-12 11:52:28,882 - DEBUG - Assigning indexes to genes
2026-06-12 11:52:28,882 - DEBUG - Seen 35342 genes until now
2026-06-12 11:52:28,882 - DEBUG - Parsing Chromosome X strand - [line 2672446]
2026-06-12 11:52:28,996 - DEBUG - Done with X- [line 2716088]
2026-06-12 11:52:28,996 - DEBUG - Assigning indexes to genes
2026-06-12 11:52:28,998 - DEBUG - Seen 35884 genes until now
2026-06-12 11:52:28,998 - DEBUG - Parsing Chromosome X strand + [line 2716089]
2026-06-12 11:52:29,123 - DEBUG - Done with X+ [line 2760500]
2026-06-12 11:52:29,123 - DEBUG - Assigning indexes to genes
2026-06-12 11:52:29,125 - DEBUG - Seen 36490 genes until now
2026-06-12 11:52:29,125 - DEBUG - Parsing Chromosome Y strand - [line 2760501]
2026-06-12 11:52:29,133 - DEBUG - Done with Y- [line 2763031]
2026-06-12 11:52:29,134 - DEBUG - Assigning indexes to genes
2026-06-12 11:52:29,134 - DEBUG - Seen 36543 genes until now
2026-06-12 11:52:29,134 - DEBUG - Parsing Chromosome Y strand + [line 2763032]
2026-06-12 11:52:29,141 - DEBUG - Assigning indexes to genes
2026-06-12 11:52:29,141 - DEBUG - Done with Y+ [line 2765967]
2026-06-12 11:52:29,141 - DEBUG - Fixing corner cases of transcript models containg intron longer than 1000Kbp
2026-06-12 11:52:30,207 - DEBUG - Generated 2411536 features corresponding to 199138 transcript models from /nobackup/peer/fdeckert/cellranger/GRCh38-2020-A/GRCh38/genes/genes.gtf
2026-06-12 11:52:30,231 - INFO - Scan /research/peer/fdeckert/FD20250213HSCT/data/object/velocyto/S_7664_day100_transcriptome/possorted_genome_bam.bam to validate intron intervals
2026-06-12 11:52:31,781 - DEBUG - Reading /research/peer/fdeckert/FD20250213HSCT/data/object/velocyto/S_7664_day100_transcriptome/possorted_genome_bam.bam
2026-06-12 11:52:31,793 - DEBUG - Read first 0 million reads
2026-06-12 11:52:31,793 - DEBUG - Marking up chromosome 1
2026-06-12 11:53:48,624 - DEBUG - Read first 10 million reads
2026-06-12 11:54:45,937 - DEBUG - Marking up chromosome 10
2026-06-12 11:55:14,977 - DEBUG - Read first 20 million reads
2026-06-12 11:55:22,365 - DEBUG - Marking up chromosome 11
2026-06-12 11:56:41,934 - DEBUG - Read first 30 million reads
2026-06-12 11:57:11,659 - DEBUG - Marking up chromosome 12
2026-06-12 11:58:09,735 - DEBUG - Read first 40 million reads
2026-06-12 11:58:35,744 - DEBUG - Marking up chromosome 13
2026-06-12 11:59:03,540 - DEBUG - Marking up chromosome 14
2026-06-12 11:59:51,160 - DEBUG - Marking up chromosome 15
2026-06-12 11:59:59,100 - DEBUG - Read first 50 million reads
2026-06-12 12:01:12,820 - DEBUG - Marking up chromosome 16
2026-06-12 12:01:45,110 - DEBUG - Read first 60 million reads
2026-06-12 12:02:14,221 - DEBUG - Marking up chromosome 17
2026-06-12 12:03:34,105 - DEBUG - Read first 70 million reads
2026-06-12 12:03:51,453 - DEBUG - Marking up chromosome 18
2026-06-12 12:04:03,562 - DEBUG - Marking up chromosome 19
2026-06-12 12:04:48,196 - DEBUG - Read first 80 million reads
2026-06-12 12:05:41,480 - DEBUG - Marking up chromosome 2
2026-06-12 12:05:54,955 - DEBUG - Read first 90 million reads
2026-06-12 12:06:55,639 - DEBUG - Marking up chromosome 20
2026-06-12 12:07:04,807 - DEBUG - Read first 100 million reads
2026-06-12 12:07:18,866 - DEBUG - Marking up chromosome 21
2026-06-12 12:07:29,956 - DEBUG - Marking up chromosome 22
2026-06-12 12:07:48,511 - DEBUG - Marking up chromosome 3
2026-06-12 12:07:55,215 - DEBUG - Read first 110 million reads
2026-06-12 12:08:43,846 - DEBUG - Marking up chromosome 4
2026-06-12 12:09:04,508 - DEBUG - Read first 120 million reads
2026-06-12 12:09:15,454 - DEBUG - Marking up chromosome 5
2026-06-12 12:10:07,990 - DEBUG - Marking up chromosome 6
2026-06-12 12:10:13,943 - DEBUG - Read first 130 million reads
2026-06-12 12:11:17,982 - DEBUG - Read first 140 million reads
2026-06-12 12:11:25,039 - DEBUG - Marking up chromosome 7
2026-06-12 12:12:19,942 - DEBUG - Marking up chromosome 8
2026-06-12 12:12:23,486 - DEBUG - Read first 150 million reads
2026-06-12 12:12:54,771 - DEBUG - Marking up chromosome 9
2026-06-12 12:13:27,927 - DEBUG - Marking up chromosome MT
2026-06-12 12:13:27,928 - WARNING - The .bam file refers to a chromosome 'MT+' not present in the annotation (.gtf) file
2026-06-12 12:13:27,928 - WARNING - The .bam file refers to a chromosome 'MT-' not present in the annotation (.gtf) file
2026-06-12 12:13:30,997 - DEBUG - Read first 160 million reads
2026-06-12 12:14:24,725 - DEBUG - Read first 170 million reads
2026-06-12 12:15:08,623 - DEBUG - Marking up chromosome X
2026-06-12 12:15:26,266 - DEBUG - Read first 180 million reads
2026-06-12 12:15:57,701 - DEBUG - Marking up chromosome Y
2026-06-12 12:15:58,843 - DEBUG - Marking up chromosome KI270728.1
2026-06-12 12:15:58,843 - DEBUG - Marking up chromosome KI270727.1
2026-06-12 12:15:58,844 - DEBUG - Marking up chromosome KI270442.1
2026-06-12 12:15:58,844 - WARNING - The .bam file refers to a chromosome 'KI270442.1+' not present in the annotation (.gtf) file
2026-06-12 12:15:58,844 - WARNING - The .bam file refers to a chromosome 'KI270442.1-' not present in the annotation (.gtf) file
2026-06-12 12:15:58,844 - DEBUG - Marking up chromosome KI270743.1
2026-06-12 12:15:58,844 - WARNING - The .bam file refers to a chromosome 'KI270743.1+' not present in the annotation (.gtf) file
2026-06-12 12:15:58,844 - WARNING - The .bam file refers to a chromosome 'KI270743.1-' not present in the annotation (.gtf) file
2026-06-12 12:15:58,844 - DEBUG - Marking up chromosome GL000008.2
2026-06-12 12:15:58,844 - WARNING - The .bam file refers to a chromosome 'GL000008.2+' not present in the annotation (.gtf) file
2026-06-12 12:15:58,844 - WARNING - The .bam file refers to a chromosome 'GL000008.2-' not present in the annotation (.gtf) file
2026-06-12 12:15:58,846 - DEBUG - Marking up chromosome GL000009.2
2026-06-12 12:15:58,846 - WARNING - The .bam file refers to a chromosome 'GL000009.2+' not present in the annotation (.gtf) file
2026-06-12 12:15:58,846 - DEBUG - Marking up chromosome GL000194.1
2026-06-12 12:15:58,846 - WARNING - The .bam file refers to a chromosome 'GL000194.1+' not present in the annotation (.gtf) file
2026-06-12 12:15:58,856 - DEBUG - Marking up chromosome KI270742.1
2026-06-12 12:15:58,857 - WARNING - The .bam file refers to a chromosome 'KI270742.1+' not present in the annotation (.gtf) file
2026-06-12 12:15:58,857 - WARNING - The .bam file refers to a chromosome 'KI270742.1-' not present in the annotation (.gtf) file
2026-06-12 12:15:58,857 - DEBUG - Marking up chromosome GL000205.2
2026-06-12 12:15:58,857 - WARNING - The .bam file refers to a chromosome 'GL000205.2+' not present in the annotation (.gtf) file
2026-06-12 12:15:58,866 - DEBUG - Marking up chromosome GL000195.1
2026-06-12 12:15:58,871 - DEBUG - Marking up chromosome KI270733.1
2026-06-12 12:15:58,871 - WARNING - The .bam file refers to a chromosome 'KI270733.1+' not present in the annotation (.gtf) file
2026-06-12 12:15:58,871 - WARNING - The .bam file refers to a chromosome 'KI270733.1-' not present in the annotation (.gtf) file
2026-06-12 12:15:59,275 - DEBUG - Marking up chromosome GL000219.1
2026-06-12 12:15:59,275 - WARNING - The .bam file refers to a chromosome 'GL000219.1+' not present in the annotation (.gtf) file
2026-06-12 12:15:59,353 - DEBUG - Marking up chromosome KI270719.1
2026-06-12 12:15:59,353 - WARNING - The .bam file refers to a chromosome 'KI270719.1+' not present in the annotation (.gtf) file
2026-06-12 12:15:59,353 - WARNING - The .bam file refers to a chromosome 'KI270719.1-' not present in the annotation (.gtf) file
2026-06-12 12:15:59,353 - DEBUG - Marking up chromosome KI270712.1
2026-06-12 12:15:59,353 - WARNING - The .bam file refers to a chromosome 'KI270712.1+' not present in the annotation (.gtf) file
2026-06-12 12:15:59,353 - WARNING - The .bam file refers to a chromosome 'KI270712.1-' not present in the annotation (.gtf) file
2026-06-12 12:15:59,354 - DEBUG - Marking up chromosome KI270706.1
2026-06-12 12:15:59,354 - WARNING - The .bam file refers to a chromosome 'KI270706.1+' not present in the annotation (.gtf) file
2026-06-12 12:15:59,354 - WARNING - The .bam file refers to a chromosome 'KI270706.1-' not present in the annotation (.gtf) file
2026-06-12 12:15:59,354 - DEBUG - Marking up chromosome KI270725.1
2026-06-12 12:15:59,354 - WARNING - The .bam file refers to a chromosome 'KI270725.1+' not present in the annotation (.gtf) file
2026-06-12 12:15:59,354 - WARNING - The .bam file refers to a chromosome 'KI270725.1-' not present in the annotation (.gtf) file
2026-06-12 12:15:59,354 - DEBUG - Marking up chromosome KI270744.1
2026-06-12 12:15:59,354 - WARNING - The .bam file refers to a chromosome 'KI270744.1+' not present in the annotation (.gtf) file
2026-06-12 12:15:59,354 - WARNING - The .bam file refers to a chromosome 'KI270744.1-' not present in the annotation (.gtf) file
2026-06-12 12:15:59,355 - DEBUG - Marking up chromosome KI270734.1
2026-06-12 12:15:59,355 - DEBUG - Marking up chromosome GL000220.1
2026-06-12 12:15:59,355 - WARNING - The .bam file refers to a chromosome 'GL000220.1+' not present in the annotation (.gtf) file
2026-06-12 12:15:59,355 - WARNING - The .bam file refers to a chromosome 'GL000220.1-' not present in the annotation (.gtf) file
2026-06-12 12:16:02,432 - DEBUG - Marking up chromosome GL000218.1
2026-06-12 12:16:02,432 - WARNING - The .bam file refers to a chromosome 'GL000218.1+' not present in the annotation (.gtf) file
2026-06-12 12:16:02,436 - DEBUG - Marking up chromosome KI270741.1
2026-06-12 12:16:02,436 - WARNING - The .bam file refers to a chromosome 'KI270741.1+' not present in the annotation (.gtf) file
2026-06-12 12:16:02,436 - WARNING - The .bam file refers to a chromosome 'KI270741.1-' not present in the annotation (.gtf) file
2026-06-12 12:16:02,437 - DEBUG - Marking up chromosome GL000221.1
2026-06-12 12:16:02,437 - WARNING - The .bam file refers to a chromosome 'GL000221.1+' not present in the annotation (.gtf) file
2026-06-12 12:16:02,437 - WARNING - The .bam file refers to a chromosome 'GL000221.1-' not present in the annotation (.gtf) file
2026-06-12 12:16:02,438 - DEBUG - Marking up chromosome KI270731.1
2026-06-12 12:16:02,438 - WARNING - The .bam file refers to a chromosome 'KI270731.1+' not present in the annotation (.gtf) file
2026-06-12 12:16:02,438 - DEBUG - Marking up chromosome KI270750.1
2026-06-12 12:16:02,438 - WARNING - The .bam file refers to a chromosome 'KI270750.1+' not present in the annotation (.gtf) file
2026-06-12 12:16:02,438 - WARNING - The .bam file refers to a chromosome 'KI270750.1-' not present in the annotation (.gtf) file
2026-06-12 12:16:02,442 - DEBUG - Marking up chromosome KI270721.1
2026-06-12 12:16:02,442 - WARNING - The .bam file refers to a chromosome 'KI270721.1-' not present in the annotation (.gtf) file
2026-06-12 12:16:02,458 - DEBUG - Marking up chromosome KI270738.1
2026-06-12 12:16:02,458 - WARNING - The .bam file refers to a chromosome 'KI270738.1+' not present in the annotation (.gtf) file
2026-06-12 12:16:02,458 - WARNING - The .bam file refers to a chromosome 'KI270738.1-' not present in the annotation (.gtf) file
2026-06-12 12:16:02,458 - DEBUG - Marking up chromosome KI270726.1
2026-06-12 12:16:02,458 - WARNING - The .bam file refers to a chromosome 'KI270726.1-' not present in the annotation (.gtf) file
2026-06-12 12:16:02,459 - DEBUG - Marking up chromosome KI270711.1
2026-06-12 12:16:02,459 - WARNING - The .bam file refers to a chromosome 'KI270711.1+' not present in the annotation (.gtf) file
2026-06-12 12:16:02,461 - DEBUG - Marking up chromosome KI270745.1
2026-06-12 12:16:02,461 - WARNING - The .bam file refers to a chromosome 'KI270745.1+' not present in the annotation (.gtf) file
2026-06-12 12:16:02,461 - WARNING - The .bam file refers to a chromosome 'KI270745.1-' not present in the annotation (.gtf) file
2026-06-12 12:16:02,462 - DEBUG - Marking up chromosome KI270713.1
2026-06-12 12:16:02,463 - DEBUG - Marking up chromosome KI270710.1
2026-06-12 12:16:02,463 - WARNING - The .bam file refers to a chromosome 'KI270710.1+' not present in the annotation (.gtf) file
2026-06-12 12:16:02,463 - WARNING - The .bam file refers to a chromosome 'KI270710.1-' not present in the annotation (.gtf) file
2026-06-12 12:16:02,463 - DEBUG - Marking up chromosome KI270720.1
2026-06-12 12:16:02,463 - WARNING - The .bam file refers to a chromosome 'KI270720.1+' not present in the annotation (.gtf) file
2026-06-12 12:16:02,463 - WARNING - The .bam file refers to a chromosome 'KI270720.1-' not present in the annotation (.gtf) file
2026-06-12 12:16:02,463 - DEBUG - Marking up chromosome KI270718.1
2026-06-12 12:16:02,463 - WARNING - The .bam file refers to a chromosome 'KI270718.1+' not present in the annotation (.gtf) file
2026-06-12 12:16:02,463 - WARNING - The .bam file refers to a chromosome 'KI270718.1-' not present in the annotation (.gtf) file
2026-06-12 12:16:04,373 - DEBUG - Read first 190 million reads
2026-06-12 12:16:12,900 - DEBUG - Read first 200 million reads
2026-06-12 12:16:21,408 - DEBUG - Read first 210 million reads
2026-06-12 12:16:30,827 - DEBUG - Read first 220 million reads
2026-06-12 12:16:40,361 - DEBUG - Read first 230 million reads
2026-06-12 12:16:49,899 - DEBUG - Read first 240 million reads
2026-06-12 12:16:53,399 - DEBUG - End of file. Reset index: start scanning from initial position.
2026-06-12 12:16:53,399 - DEBUG - 8887148 reads were skipped because no apropiate cell or umi barcode was found
2026-06-12 12:16:53,399 - INFO - Now just waiting that the bam sorting process terminates
2026-06-12 12:16:53,399 - INFO - bam file #0 has been sorted
2026-06-12 12:16:53,399 - DEBUG - Start molecule counting!
2026-06-12 12:16:54,657 - DEBUG - Features available for chromosomes : ['GL000009.2-', 'GL000194.1-', 'GL000195.1-', 'GL000195.1+', 'GL000205.2-', 'GL000213.1-', 'GL000218.1-', 'GL000219.1-', 'KI270711.1-', 'KI270713.1-', 'KI270713.1+', 'KI270721.1+', 'KI270726.1+', 'KI270727.1-', 'KI270727.1+', 'KI270728.1-', 'KI270728.1+', 'KI270731.1-', 'KI270734.1-', 'KI270734.1+', '1-', '1+', '10-', '10+', '11-', '11+', '12-', '12+', '13-', '13+', '14-', '14+', '15-', '15+', '16-', '16+', '17-', '17+', '18-', '18+', '19-', '19+', '2-', '2+', '20-', '20+', '21-', '21+', '22-', '22+', '3-', '3+', '4-', '4+', '5-', '5+', '6-', '6+', '7-', '7+', '8-', '8+', '9-', '9+', 'M-', 'M+', 'X-', 'X+', 'Y-', 'Y+']
2026-06-12 12:16:54,658 - DEBUG - Mask available for chromosomes : []
2026-06-12 12:16:54,658 - DEBUG - Summarizing the results of intron validation.
2026-06-12 12:16:54,936 - DEBUG - Validated 281104 introns (of which unique intervals 89292) out of 1106199 total possible introns (considering each possible transcript models).
2026-06-12 12:16:54,936 - DEBUG - Reading /research/peer/fdeckert/FD20250213HSCT/data/object/velocyto/S_7664_day100_transcriptome/cellsorted_possorted_genome_bam.bam
2026-06-12 12:16:55,012 - DEBUG - Read first 0 million reads
2026-06-12 12:17:31,268 - DEBUG - Read first 10 million reads
2026-06-12 12:18:17,240 - DEBUG - Read first 20 million reads
2026-06-12 12:18:22,772 - DEBUG - Counting for batch 1, containing 100 cells and 4311058 reads
2026-06-12 12:19:10,400 - DEBUG - 0 reads not considered because fully enclosed in repeat masked regions
2026-06-12 12:19:55,520 - DEBUG - Counting for batch 2, containing 100 cells and 3764126 reads
2026-06-12 12:20:39,795 - DEBUG - 0 reads not considered because fully enclosed in repeat masked regions
2026-06-12 12:20:53,696 - DEBUG - Read first 30 million reads
2026-06-12 12:21:30,539 - DEBUG - Counting for batch 3, containing 100 cells and 4259072 reads
2026-06-12 12:22:15,715 - DEBUG - 0 reads not considered because fully enclosed in repeat masked regions
2026-06-12 12:22:43,348 - DEBUG - Read first 40 million reads
2026-06-12 12:23:03,668 - DEBUG - Counting for batch 4, containing 100 cells and 3969146 reads
2026-06-12 12:23:48,757 - DEBUG - 0 reads not considered because fully enclosed in repeat masked regions
2026-06-12 12:24:31,715 - DEBUG - Read first 50 million reads
2026-06-12 12:24:37,917 - DEBUG - Counting for batch 5, containing 100 cells and 4217960 reads
2026-06-12 12:25:22,350 - DEBUG - 0 reads not considered because fully enclosed in repeat masked regions
2026-06-12 12:26:13,639 - DEBUG - Counting for batch 6, containing 100 cells and 4211852 reads
2026-06-12 12:26:58,097 - DEBUG - 0 reads not considered because fully enclosed in repeat masked regions
2026-06-12 12:27:13,122 - DEBUG - Read first 60 million reads
2026-06-12 12:27:51,007 - DEBUG - Counting for batch 7, containing 100 cells and 4229468 reads
2026-06-12 12:28:35,887 - DEBUG - 0 reads not considered because fully enclosed in repeat masked regions
2026-06-12 12:29:03,251 - DEBUG - Read first 70 million reads
2026-06-12 12:29:34,242 - DEBUG - Counting for batch 8, containing 100 cells and 4631654 reads
2026-06-12 12:30:23,881 - DEBUG - 0 reads not considered because fully enclosed in repeat masked regions
2026-06-12 12:31:02,193 - DEBUG - Read first 80 million reads
2026-06-12 12:31:16,148 - DEBUG - Counting for batch 9, containing 100 cells and 4084344 reads
2026-06-12 12:32:04,016 - DEBUG - 0 reads not considered because fully enclosed in repeat masked regions
2026-06-12 12:32:49,285 - DEBUG - Counting for batch 10, containing 100 cells and 3861582 reads
2026-06-12 12:33:35,470 - DEBUG - 0 reads not considered because fully enclosed in repeat masked regions
2026-06-12 12:33:42,253 - DEBUG - Read first 90 million reads
2026-06-12 12:34:18,474 - DEBUG - Counting for batch 11, containing 100 cells and 3751128 reads
2026-06-12 12:35:03,112 - DEBUG - 0 reads not considered because fully enclosed in repeat masked regions
2026-06-12 12:35:24,252 - DEBUG - Read first 100 million reads
2026-06-12 12:35:49,105 - DEBUG - Counting for batch 12, containing 100 cells and 3966216 reads
2026-06-12 12:36:34,934 - DEBUG - 0 reads not considered because fully enclosed in repeat masked regions
2026-06-12 12:37:11,582 - DEBUG - Read first 110 million reads
2026-06-12 12:37:17,376 - DEBUG - Counting for batch 13, containing 100 cells and 3624388 reads
2026-06-12 12:37:59,466 - DEBUG - 0 reads not considered because fully enclosed in repeat masked regions
2026-06-12 12:38:45,389 - DEBUG - Counting for batch 14, containing 100 cells and 3856172 reads
2026-06-12 12:39:29,750 - DEBUG - 0 reads not considered because fully enclosed in repeat masked regions
2026-06-12 12:39:41,569 - DEBUG - Read first 120 million reads
2026-06-12 12:40:16,570 - DEBUG - Counting for batch 15, containing 100 cells and 3967920 reads
2026-06-12 12:41:03,303 - DEBUG - 0 reads not considered because fully enclosed in repeat masked regions
2026-06-12 12:41:32,091 - DEBUG - Read first 130 million reads
2026-06-12 12:41:48,699 - DEBUG - Counting for batch 16, containing 100 cells and 4008376 reads
2026-06-12 12:42:34,759 - DEBUG - 0 reads not considered because fully enclosed in repeat masked regions
2026-06-12 12:43:21,267 - DEBUG - Read first 140 million reads
2026-06-12 12:43:23,494 - DEBUG - Counting for batch 17, containing 100 cells and 4178732 reads
2026-06-12 12:44:12,888 - DEBUG - 0 reads not considered because fully enclosed in repeat masked regions
2026-06-12 12:45:05,457 - DEBUG - Counting for batch 18, containing 100 cells and 4398222 reads
2026-06-12 12:45:57,890 - DEBUG - 0 reads not considered because fully enclosed in repeat masked regions
2026-06-12 12:46:12,330 - DEBUG - Read first 150 million reads
2026-06-12 12:46:47,227 - DEBUG - Counting for batch 19, containing 100 cells and 4329012 reads
2026-06-12 12:47:35,671 - DEBUG - 0 reads not considered because fully enclosed in repeat masked regions
2026-06-12 12:48:01,193 - DEBUG - Read first 160 million reads
2026-06-12 12:48:19,926 - DEBUG - Counting for batch 20, containing 100 cells and 3732704 reads
2026-06-12 12:49:01,908 - DEBUG - 0 reads not considered because fully enclosed in repeat masked regions
2026-06-12 12:49:44,322 - DEBUG - Read first 170 million reads
2026-06-12 12:49:58,201 - DEBUG - Counting for batch 21, containing 100 cells and 4536050 reads
2026-06-12 12:50:50,885 - DEBUG - 0 reads not considered because fully enclosed in repeat masked regions
2026-06-12 12:51:37,329 - DEBUG - Counting for batch 22, containing 100 cells and 4190742 reads
2026-06-12 12:52:25,038 - DEBUG - 0 reads not considered because fully enclosed in repeat masked regions
2026-06-12 12:52:31,996 - DEBUG - Read first 180 million reads
2026-06-12 12:53:14,490 - DEBUG - Counting for batch 23, containing 100 cells and 4444806 reads
2026-06-12 12:54:05,915 - DEBUG - 0 reads not considered because fully enclosed in repeat masked regions
2026-06-12 12:54:25,628 - DEBUG - Read first 190 million reads
2026-06-12 12:54:52,349 - DEBUG - Counting for batch 24, containing 100 cells and 3822824 reads
2026-06-12 12:55:36,623 - DEBUG - 0 reads not considered because fully enclosed in repeat masked regions
2026-06-12 12:56:10,686 - DEBUG - Read first 200 million reads
2026-06-12 12:56:26,020 - DEBUG - Counting for batch 25, containing 100 cells and 4323418 reads
2026-06-12 12:57:14,385 - DEBUG - 0 reads not considered because fully enclosed in repeat masked regions
2026-06-12 12:58:01,029 - DEBUG - Counting for batch 26, containing 100 cells and 3619044 reads
2026-06-12 12:58:40,663 - DEBUG - 0 reads not considered because fully enclosed in repeat masked regions
2026-06-12 12:58:51,107 - DEBUG - Read first 210 million reads
2026-06-12 12:59:25,953 - DEBUG - Counting for batch 27, containing 100 cells and 3527730 reads
2026-06-12 13:00:05,197 - DEBUG - 0 reads not considered because fully enclosed in repeat masked regions
2026-06-12 13:00:34,411 - DEBUG - Read first 220 million reads
2026-06-12 13:00:52,777 - DEBUG - Counting for batch 28, containing 100 cells and 4053300 reads
2026-06-12 13:01:39,468 - DEBUG - 0 reads not considered because fully enclosed in repeat masked regions
2026-06-12 13:02:26,457 - DEBUG - Read first 230 million reads
2026-06-12 13:02:27,468 - DEBUG - Counting for batch 29, containing 100 cells and 4045546 reads
2026-06-12 13:03:14,819 - DEBUG - 0 reads not considered because fully enclosed in repeat masked regions
2026-06-12 13:03:59,286 - DEBUG - Counting for batch 30, containing 100 cells and 3874042 reads
2026-06-12 13:04:43,565 - DEBUG - 0 reads not considered because fully enclosed in repeat masked regions
2026-06-12 13:05:00,545 - DEBUG - Read first 240 million reads
2026-06-12 13:05:23,936 - DEBUG - Counting for batch 31, containing 82 cells and 3347326 reads
2026-06-12 13:06:00,896 - DEBUG - 0 reads not considered because fully enclosed in repeat masked regions
2026-06-12 13:06:04,413 - DEBUG - 8887148 reads were skipped because no apropiate cell or umi barcode was found
2026-06-12 13:06:04,426 - DEBUG - Counting done!
2026-06-12 13:06:04,436 - DEBUG - Generating output file /research/peer/fdeckert/FD20250213HSCT/data/object/velocyto/S_7664_day100_transcriptome/velocyto.loom
2026-06-12 13:06:04,436 - DEBUG - Collecting row attributes
2026-06-12 13:06:04,561 - DEBUG - Generating data table
2026-06-12 13:06:04,917 - DEBUG - Writing loom file
2026-06-12 13:06:06,611 - DEBUG - Creating converter from 5 to 3
2026-06-12 13:06:06,675 - DEBUG - Creating converter from 3 to 5
2026-06-12 13:06:10,685 - DEBUG - Terminated Succesfully!
