2026-06-12 11:36:04,089 - DEBUG - Using logic: Permissive10X
2026-06-12 11:36:04,104 - INFO - Read 2234 cell barcodes from /research/lab_stary/sequencing_projects/hsct/COUNT/S_7641_baseline_transcriptome/filtered_feature_bc_matrix/barcodes.tsv.gz
2026-06-12 11:36:04,104 - DEBUG - Example of barcode: AAACCTGAGGACGAAA and cell_id: velocyto:AAACCTGAGGACGAAA-1
2026-06-12 11:36:04,119 - DEBUG - Peeking into /research/peer/fdeckert/FD20250213HSCT/data/object/velocyto/S_7641_baseline_transcriptome/possorted_genome_bam.bam
2026-06-12 11:36:04,136 - WARNING - Not found cell and umi barcode in entry 24 of the bam file
2026-06-12 11:36:04,136 - WARNING - Not found cell and umi barcode in entry 98 of the bam file
2026-06-12 11:36:04,136 - WARNING - Not found cell and umi barcode in entry 108 of the bam file
2026-06-12 11:36:04,136 - WARNING - Not found cell and umi barcode in entry 114 of the bam file
2026-06-12 11:36:04,136 - WARNING - Not found cell and umi barcode in entry 149 of the bam file
2026-06-12 11:36:04,136 - WARNING - Not found cell and umi barcode in entry 150 of the bam file
2026-06-12 11:36:04,136 - WARNING - Not found cell and umi barcode in entry 155 of the bam file
2026-06-12 11:36:04,136 - WARNING - Not found cell and umi barcode in entry 156 of the bam file
2026-06-12 11:36:04,136 - WARNING - Not found cell and umi barcode in entry 157 of the bam file
2026-06-12 11:36:04,136 - WARNING - Not found cell and umi barcode in entry 158 of the bam file
2026-06-12 11:36:04,136 - WARNING - Not found cell and umi barcode in entry 159 of the bam file
2026-06-12 11:36:04,136 - WARNING - Not found cell and umi barcode in entry 160 of the bam file
2026-06-12 11:36:04,136 - WARNING - Not found cell and umi barcode in entry 162 of the bam file
2026-06-12 11:36:04,136 - WARNING - Not found cell and umi barcode in entry 163 of the bam file
2026-06-12 11:36:04,136 - WARNING - Not found cell and umi barcode in entry 164 of the bam file
2026-06-12 11:36:04,137 - WARNING - Not found cell and umi barcode in entry 257 of the bam file
2026-06-12 11:36:04,137 - WARNING - Not found cell and umi barcode in entry 284 of the bam file
2026-06-12 11:36:04,137 - WARNING - Not found cell and umi barcode in entry 285 of the bam file
2026-06-12 11:36:04,137 - WARNING - Not found cell and umi barcode in entry 286 of the bam file
2026-06-12 11:36:04,137 - WARNING - Not found cell and umi barcode in entry 287 of the bam file
2026-06-12 11:36:04,137 - WARNING - Not found cell and umi barcode in entry 304 of the bam file
2026-06-12 11:36:04,137 - WARNING - Not found cell and umi barcode in entry 368 of the bam file
2026-06-12 11:36:04,137 - WARNING - Not found cell and umi barcode in entry 369 of the bam file
2026-06-12 11:36:04,137 - WARNING - Not found cell and umi barcode in entry 379 of the bam file
2026-06-12 11:36:04,137 - WARNING - Not found cell and umi barcode in entry 380 of the bam file
2026-06-12 11:36:04,137 - WARNING - Not found cell and umi barcode in entry 382 of the bam file
2026-06-12 11:36:04,137 - WARNING - Not found cell and umi barcode in entry 383 of the bam file
2026-06-12 11:36:04,138 - WARNING - Not found cell and umi barcode in entry 534 of the bam file
2026-06-12 11:36:04,138 - WARNING - Not found cell and umi barcode in entry 535 of the bam file
2026-06-12 11:36:04,138 - WARNING - Not found cell and umi barcode in entry 536 of the bam file
2026-06-12 11:36:04,138 - WARNING - Not found cell and umi barcode in entry 537 of the bam file
2026-06-12 11:36:04,138 - WARNING - Not found cell and umi barcode in entry 538 of the bam file
2026-06-12 11:36:04,138 - WARNING - Not found cell and umi barcode in entry 539 of the bam file
2026-06-12 11:36:04,138 - WARNING - Not found cell and umi barcode in entry 540 of the bam file
2026-06-12 11:36:04,138 - WARNING - Not found cell and umi barcode in entry 541 of the bam file
2026-06-12 11:36:04,138 - WARNING - Not found cell and umi barcode in entry 542 of the bam file
2026-06-12 11:36:04,138 - WARNING - Not found cell and umi barcode in entry 543 of the bam file
2026-06-12 11:36:04,138 - WARNING - Not found cell and umi barcode in entry 598 of the bam file
2026-06-12 11:36:04,138 - WARNING - Not found cell and umi barcode in entry 599 of the bam file
2026-06-12 11:36:04,138 - WARNING - Not found cell and umi barcode in entry 612 of the bam file
2026-06-12 11:36:04,138 - WARNING - Not found cell and umi barcode in entry 613 of the bam file
2026-06-12 11:36:04,139 - WARNING - Not found cell and umi barcode in entry 726 of the bam file
2026-06-12 11:36:04,139 - WARNING - Not found cell and umi barcode in entry 727 of the bam file
2026-06-12 11:36:04,139 - WARNING - Not found cell and umi barcode in entry 728 of the bam file
2026-06-12 11:36:04,139 - WARNING - Not found cell and umi barcode in entry 737 of the bam file
2026-06-12 11:36:04,139 - WARNING - Not found cell and umi barcode in entry 738 of the bam file
2026-06-12 11:36:04,139 - WARNING - Not found cell and umi barcode in entry 739 of the bam file
2026-06-12 11:36:04,139 - WARNING - Not found cell and umi barcode in entry 740 of the bam file
2026-06-12 11:36:04,139 - WARNING - Not found cell and umi barcode in entry 742 of the bam file
2026-06-12 11:36:04,139 - WARNING - Not found cell and umi barcode in entry 743 of the bam file
2026-06-12 11:36:04,139 - WARNING - Not found cell and umi barcode in entry 744 of the bam file
2026-06-12 11:36:04,139 - WARNING - Not found cell and umi barcode in entry 745 of the bam file
2026-06-12 11:36:04,139 - WARNING - Not found cell and umi barcode in entry 746 of the bam file
2026-06-12 11:36:04,139 - WARNING - Not found cell and umi barcode in entry 749 of the bam file
2026-06-12 11:36:04,139 - WARNING - Not found cell and umi barcode in entry 751 of the bam file
2026-06-12 11:36:04,139 - WARNING - Not found cell and umi barcode in entry 753 of the bam file
2026-06-12 11:36:04,139 - WARNING - Not found cell and umi barcode in entry 755 of the bam file
2026-06-12 11:36:04,139 - WARNING - Not found cell and umi barcode in entry 756 of the bam file
2026-06-12 11:36:04,139 - WARNING - Not found cell and umi barcode in entry 758 of the bam file
2026-06-12 11:36:04,139 - WARNING - Not found cell and umi barcode in entry 759 of the bam file
2026-06-12 11:36:04,139 - WARNING - Not found cell and umi barcode in entry 761 of the bam file
2026-06-12 11:36:04,139 - WARNING - Not found cell and umi barcode in entry 762 of the bam file
2026-06-12 11:36:04,139 - WARNING - Not found cell and umi barcode in entry 763 of the bam file
2026-06-12 11:36:04,139 - WARNING - Not found cell and umi barcode in entry 764 of the bam file
2026-06-12 11:36:04,139 - WARNING - Not found cell and umi barcode in entry 765 of the bam file
2026-06-12 11:36:04,139 - WARNING - Not found cell and umi barcode in entry 780 of the bam file
2026-06-12 11:36:04,140 - WARNING - Not found cell and umi barcode in entry 784 of the bam file
2026-06-12 11:36:04,140 - WARNING - Not found cell and umi barcode in entry 785 of the bam file
2026-06-12 11:36:04,140 - WARNING - Not found cell and umi barcode in entry 786 of the bam file
2026-06-12 11:36:04,140 - WARNING - Not found cell and umi barcode in entry 787 of the bam file
2026-06-12 11:36:04,140 - WARNING - Not found cell and umi barcode in entry 788 of the bam file
2026-06-12 11:36:04,140 - WARNING - Not found cell and umi barcode in entry 791 of the bam file
2026-06-12 11:36:04,140 - WARNING - Not found cell and umi barcode in entry 792 of the bam file
2026-06-12 11:36:04,140 - WARNING - Not found cell and umi barcode in entry 795 of the bam file
2026-06-12 11:36:04,140 - WARNING - Not found cell and umi barcode in entry 797 of the bam file
2026-06-12 11:36:04,140 - WARNING - Not found cell and umi barcode in entry 806 of the bam file
2026-06-12 11:36:04,140 - WARNING - Not found cell and umi barcode in entry 807 of the bam file
2026-06-12 11:36:04,140 - WARNING - Not found cell and umi barcode in entry 808 of the bam file
2026-06-12 11:36:04,141 - WARNING - Not found cell and umi barcode in entry 825 of the bam file
2026-06-12 11:36:04,141 - WARNING - Not found cell and umi barcode in entry 826 of the bam file
2026-06-12 11:36:04,141 - WARNING - Not found cell and umi barcode in entry 827 of the bam file
2026-06-12 11:36:04,141 - WARNING - Not found cell and umi barcode in entry 828 of the bam file
2026-06-12 11:36:04,141 - WARNING - Not found cell and umi barcode in entry 829 of the bam file
2026-06-12 11:36:04,141 - WARNING - Not found cell and umi barcode in entry 830 of the bam file
2026-06-12 11:36:04,141 - WARNING - Not found cell and umi barcode in entry 833 of the bam file
2026-06-12 11:36:04,141 - WARNING - Not found cell and umi barcode in entry 834 of the bam file
2026-06-12 11:36:04,141 - WARNING - Not found cell and umi barcode in entry 836 of the bam file
2026-06-12 11:36:04,141 - WARNING - Not found cell and umi barcode in entry 837 of the bam file
2026-06-12 11:36:04,141 - WARNING - Not found cell and umi barcode in entry 838 of the bam file
2026-06-12 11:36:04,141 - WARNING - Not found cell and umi barcode in entry 840 of the bam file
2026-06-12 11:36:04,141 - WARNING - Not found cell and umi barcode in entry 842 of the bam file
2026-06-12 11:36:04,141 - WARNING - Not found cell and umi barcode in entry 843 of the bam file
2026-06-12 11:36:04,141 - WARNING - Not found cell and umi barcode in entry 844 of the bam file
2026-06-12 11:36:04,141 - WARNING - Not found cell and umi barcode in entry 846 of the bam file
2026-06-12 11:36:04,141 - WARNING - Not found cell and umi barcode in entry 853 of the bam file
2026-06-12 11:36:04,141 - WARNING - Not found cell and umi barcode in entry 854 of the bam file
2026-06-12 11:36:04,142 - WARNING - Not found cell and umi barcode in entry 966 of the bam file
2026-06-12 11:36:04,142 - WARNING - Not found cell and umi barcode in entry 967 of the bam file
2026-06-12 11:36:04,142 - WARNING - Not found cell and umi barcode in entry 997 of the bam file
2026-06-12 11:36:04,142 - WARNING - Not found cell and umi barcode in entry 998 of the bam file
2026-06-12 11:36:04,142 - WARNING - Not found cell and umi barcode in entry 999 of the bam file
2026-06-12 11:36:04,142 - WARNING - Not found cell and umi barcode in entry 1000 of the bam file
2026-06-12 11:36:04,142 - WARNING - Not found cell and umi barcode in entry 1001 of the bam file
2026-06-12 11:36:04,142 - WARNING - Not found cell and umi barcode in entry 1002 of the bam file
2026-06-12 11:36:04,142 - WARNING - Not found cell and umi barcode in entry 1012 of the bam file
2026-06-12 11:36:04,142 - WARNING - Not found cell and umi barcode in entry 1040 of the bam file
2026-06-12 11:36:04,142 - WARNING - Not found cell and umi barcode in entry 1041 of the bam file
2026-06-12 11:36:04,142 - WARNING - Not found cell and umi barcode in entry 1042 of the bam file
2026-06-12 11:36:04,142 - WARNING - Not found cell and umi barcode in entry 1045 of the bam file
2026-06-12 11:36:04,142 - WARNING - Not found cell and umi barcode in entry 1050 of the bam file
2026-06-12 11:36:04,142 - WARNING - Not found cell and umi barcode in entry 1051 of the bam file
2026-06-12 11:36:04,142 - WARNING - Not found cell and umi barcode in entry 1052 of the bam file
2026-06-12 11:36:04,142 - WARNING - Not found cell and umi barcode in entry 1053 of the bam file
2026-06-12 11:36:04,142 - WARNING - Not found cell and umi barcode in entry 1054 of the bam file
2026-06-12 11:36:04,142 - WARNING - Not found cell and umi barcode in entry 1055 of the bam file
2026-06-12 11:36:04,142 - WARNING - Not found cell and umi barcode in entry 1063 of the bam file
2026-06-12 11:36:04,142 - WARNING - Not found cell and umi barcode in entry 1064 of the bam file
2026-06-12 11:36:04,143 - WARNING - Not found cell and umi barcode in entry 1069 of the bam file
2026-06-12 11:36:04,143 - WARNING - Not found cell and umi barcode in entry 1071 of the bam file
2026-06-12 11:36:04,143 - WARNING - Not found cell and umi barcode in entry 1086 of the bam file
2026-06-12 11:36:04,143 - WARNING - Not found cell and umi barcode in entry 1100 of the bam file
2026-06-12 11:36:04,143 - WARNING - Not found cell and umi barcode in entry 1113 of the bam file
2026-06-12 11:36:04,146 - INFO - Starting the sorting process of /research/peer/fdeckert/FD20250213HSCT/data/object/velocyto/S_7641_baseline_transcriptome/possorted_genome_bam.bam the output will be at: /research/peer/fdeckert/FD20250213HSCT/data/object/velocyto/S_7641_baseline_transcriptome/cellsorted_possorted_genome_bam.bam
2026-06-12 11:36:04,146 - INFO - Command being run is: samtools sort -l 7 -m 100M -t CB -O BAM -@ 16 -o /research/peer/fdeckert/FD20250213HSCT/data/object/velocyto/S_7641_baseline_transcriptome/cellsorted_possorted_genome_bam.bam /research/peer/fdeckert/FD20250213HSCT/data/object/velocyto/S_7641_baseline_transcriptome/possorted_genome_bam.bam
2026-06-12 11:36:04,146 - INFO - While the bam sorting happens do other things...
2026-06-12 11:36:04,146 - INFO - Load the annotation from /nobackup/peer/fdeckert/cellranger/GRCh38-2020-A/GRCh38/genes/genes.gtf
2026-06-12 11:36:11,133 - DEBUG - Parsing Chromosome GL000009.2 strand - [line 0]
2026-06-12 11:36:11,133 - DEBUG - Done with GL000009.2- [line 7]
2026-06-12 11:36:11,133 - DEBUG - Assigning indexes to genes
2026-06-12 11:36:11,133 - DEBUG - Seen 1 genes until now
2026-06-12 11:36:11,134 - DEBUG - Parsing Chromosome GL000194.1 strand - [line 8]
2026-06-12 11:36:11,134 - DEBUG - Done with GL000194.1- [line 33]
2026-06-12 11:36:11,134 - DEBUG - Assigning indexes to genes
2026-06-12 11:36:11,134 - DEBUG - Seen 3 genes until now
2026-06-12 11:36:11,134 - DEBUG - Parsing Chromosome GL000195.1 strand - [line 34]
2026-06-12 11:36:11,134 - DEBUG - Done with GL000195.1- [line 43]
2026-06-12 11:36:11,134 - DEBUG - Assigning indexes to genes
2026-06-12 11:36:11,134 - DEBUG - Seen 4 genes until now
2026-06-12 11:36:11,134 - DEBUG - Parsing Chromosome GL000195.1 strand + [line 44]
2026-06-12 11:36:11,134 - DEBUG - Done with GL000195.1+ [line 57]
2026-06-12 11:36:11,134 - DEBUG - Assigning indexes to genes
2026-06-12 11:36:11,134 - DEBUG - Seen 5 genes until now
2026-06-12 11:36:11,134 - DEBUG - Parsing Chromosome GL000205.2 strand - [line 58]
2026-06-12 11:36:11,134 - DEBUG - Done with GL000205.2- [line 71]
2026-06-12 11:36:11,134 - DEBUG - Assigning indexes to genes
2026-06-12 11:36:11,134 - DEBUG - Seen 6 genes until now
2026-06-12 11:36:11,134 - DEBUG - Parsing Chromosome GL000213.1 strand - [line 72]
2026-06-12 11:36:11,134 - DEBUG - Done with GL000213.1- [line 120]
2026-06-12 11:36:11,134 - DEBUG - Assigning indexes to genes
2026-06-12 11:36:11,134 - DEBUG - Seen 7 genes until now
2026-06-12 11:36:11,134 - DEBUG - Parsing Chromosome GL000218.1 strand - [line 121]
2026-06-12 11:36:11,134 - DEBUG - Done with GL000218.1- [line 128]
2026-06-12 11:36:11,134 - DEBUG - Assigning indexes to genes
2026-06-12 11:36:11,134 - DEBUG - Seen 8 genes until now
2026-06-12 11:36:11,134 - DEBUG - Parsing Chromosome GL000219.1 strand - [line 129]
2026-06-12 11:36:11,134 - DEBUG - Done with GL000219.1- [line 141]
2026-06-12 11:36:11,134 - DEBUG - Assigning indexes to genes
2026-06-12 11:36:11,134 - DEBUG - Seen 9 genes until now
2026-06-12 11:36:11,134 - DEBUG - Parsing Chromosome KI270711.1 strand - [line 142]
2026-06-12 11:36:11,135 - DEBUG - Done with KI270711.1- [line 292]
2026-06-12 11:36:11,135 - DEBUG - Assigning indexes to genes
2026-06-12 11:36:11,135 - DEBUG - Seen 10 genes until now
2026-06-12 11:36:11,135 - DEBUG - Parsing Chromosome KI270713.1 strand - [line 293]
2026-06-12 11:36:11,135 - DEBUG - Done with KI270713.1- [line 300]
2026-06-12 11:36:11,135 - DEBUG - Assigning indexes to genes
2026-06-12 11:36:11,135 - DEBUG - Seen 11 genes until now
2026-06-12 11:36:11,135 - DEBUG - Parsing Chromosome KI270713.1 strand + [line 301]
2026-06-12 11:36:11,135 - DEBUG - Done with KI270713.1+ [line 307]
2026-06-12 11:36:11,135 - DEBUG - Assigning indexes to genes
2026-06-12 11:36:11,135 - DEBUG - Seen 12 genes until now
2026-06-12 11:36:11,135 - DEBUG - Parsing Chromosome KI270721.1 strand + [line 308]
2026-06-12 11:36:11,135 - DEBUG - Done with KI270721.1+ [line 323]
2026-06-12 11:36:11,135 - DEBUG - Assigning indexes to genes
2026-06-12 11:36:11,136 - DEBUG - Seen 13 genes until now
2026-06-12 11:36:11,136 - DEBUG - Parsing Chromosome KI270726.1 strand + [line 324]
2026-06-12 11:36:11,136 - DEBUG - Done with KI270726.1+ [line 334]
2026-06-12 11:36:11,136 - DEBUG - Assigning indexes to genes
2026-06-12 11:36:11,136 - DEBUG - Seen 15 genes until now
2026-06-12 11:36:11,136 - DEBUG - Parsing Chromosome KI270727.1 strand - [line 335]
2026-06-12 11:36:11,136 - DEBUG - Done with KI270727.1- [line 394]
2026-06-12 11:36:11,136 - DEBUG - Assigning indexes to genes
2026-06-12 11:36:11,136 - DEBUG - Seen 17 genes until now
2026-06-12 11:36:11,136 - DEBUG - Parsing Chromosome KI270727.1 strand + [line 395]
2026-06-12 11:36:11,136 - DEBUG - Done with KI270727.1+ [line 409]
2026-06-12 11:36:11,136 - DEBUG - Assigning indexes to genes
2026-06-12 11:36:11,136 - DEBUG - Seen 19 genes until now
2026-06-12 11:36:11,136 - DEBUG - Parsing Chromosome KI270728.1 strand - [line 410]
2026-06-12 11:36:11,136 - DEBUG - Done with KI270728.1- [line 486]
2026-06-12 11:36:11,136 - DEBUG - Assigning indexes to genes
2026-06-12 11:36:11,136 - DEBUG - Seen 21 genes until now
2026-06-12 11:36:11,136 - DEBUG - Parsing Chromosome KI270728.1 strand + [line 487]
2026-06-12 11:36:11,136 - DEBUG - Done with KI270728.1+ [line 523]
2026-06-12 11:36:11,136 - DEBUG - Assigning indexes to genes
2026-06-12 11:36:11,136 - DEBUG - Seen 25 genes until now
2026-06-12 11:36:11,136 - DEBUG - Parsing Chromosome KI270731.1 strand - [line 524]
2026-06-12 11:36:11,136 - DEBUG - Done with KI270731.1- [line 530]
2026-06-12 11:36:11,136 - DEBUG - Assigning indexes to genes
2026-06-12 11:36:11,137 - DEBUG - Seen 26 genes until now
2026-06-12 11:36:11,137 - DEBUG - Parsing Chromosome KI270734.1 strand - [line 531]
2026-06-12 11:36:11,137 - DEBUG - Done with KI270734.1- [line 599]
2026-06-12 11:36:11,137 - DEBUG - Assigning indexes to genes
2026-06-12 11:36:11,137 - DEBUG - Seen 27 genes until now
2026-06-12 11:36:11,137 - DEBUG - Parsing Chromosome KI270734.1 strand + [line 600]
2026-06-12 11:36:11,137 - DEBUG - Done with KI270734.1+ [line 622]
2026-06-12 11:36:11,137 - DEBUG - Assigning indexes to genes
2026-06-12 11:36:11,137 - DEBUG - Seen 29 genes until now
2026-06-12 11:36:11,137 - DEBUG - Parsing Chromosome 1 strand - [line 623]
2026-06-12 11:36:11,866 - DEBUG - Done with 1- [line 118876]
2026-06-12 11:36:11,866 - DEBUG - Assigning indexes to genes
2026-06-12 11:36:11,874 - DEBUG - Seen 1711 genes until now
2026-06-12 11:36:11,875 - DEBUG - Parsing Chromosome 1 strand + [line 118877]
2026-06-12 11:36:12,850 - DEBUG - Done with 1+ [line 253796]
2026-06-12 11:36:12,850 - DEBUG - Assigning indexes to genes
2026-06-12 11:36:12,856 - DEBUG - Seen 3439 genes until now
2026-06-12 11:36:12,856 - DEBUG - Parsing Chromosome 10 strand - [line 253797]
2026-06-12 11:36:12,994 - DEBUG - Done with 10- [line 304078]
2026-06-12 11:36:12,994 - DEBUG - Assigning indexes to genes
2026-06-12 11:36:12,997 - DEBUG - Seen 4100 genes until now
2026-06-12 11:36:12,997 - DEBUG - Parsing Chromosome 10 strand + [line 304079]
2026-06-12 11:36:13,196 - DEBUG - Done with 10+ [line 356023]
2026-06-12 11:36:13,197 - DEBUG - Assigning indexes to genes
2026-06-12 11:36:13,201 - DEBUG - Seen 4833 genes until now
2026-06-12 11:36:13,201 - DEBUG - Parsing Chromosome 11 strand - [line 356024]
2026-06-12 11:36:13,733 - DEBUG - Done with 11- [line 438038]
2026-06-12 11:36:13,736 - DEBUG - Assigning indexes to genes
2026-06-12 11:36:13,740 - DEBUG - Seen 5833 genes until now
2026-06-12 11:36:13,740 - DEBUG - Parsing Chromosome 11 strand + [line 438039]
2026-06-12 11:36:13,969 - DEBUG - Done with 11+ [line 521163]
2026-06-12 11:36:13,969 - DEBUG - Assigning indexes to genes
2026-06-12 11:36:13,975 - DEBUG - Seen 6898 genes until now
2026-06-12 11:36:13,975 - DEBUG - Parsing Chromosome 12 strand - [line 521164]
2026-06-12 11:36:14,655 - DEBUG - Done with 12- [line 601582]
2026-06-12 11:36:14,655 - DEBUG - Assigning indexes to genes
2026-06-12 11:36:14,660 - DEBUG - Seen 7848 genes until now
2026-06-12 11:36:14,660 - DEBUG - Parsing Chromosome 12 strand + [line 601583]
2026-06-12 11:36:14,882 - DEBUG - Done with 12+ [line 681983]
2026-06-12 11:36:14,882 - DEBUG - Assigning indexes to genes
2026-06-12 11:36:14,886 - DEBUG - Seen 8826 genes until now
2026-06-12 11:36:14,886 - DEBUG - Parsing Chromosome 13 strand - [line 681984]
2026-06-12 11:36:14,943 - DEBUG - Done with 13- [line 702449]
2026-06-12 11:36:14,943 - DEBUG - Assigning indexes to genes
2026-06-12 11:36:14,944 - DEBUG - Seen 9225 genes until now
2026-06-12 11:36:14,944 - DEBUG - Parsing Chromosome 13 strand + [line 702450]
2026-06-12 11:36:15,011 - DEBUG - Done with 13+ [line 726349]
2026-06-12 11:36:15,011 - DEBUG - Assigning indexes to genes
2026-06-12 11:36:15,013 - DEBUG - Seen 9614 genes until now
2026-06-12 11:36:15,013 - DEBUG - Parsing Chromosome 14 strand - [line 726350]
2026-06-12 11:36:15,490 - DEBUG - Done with 14- [line 770987]
2026-06-12 11:36:15,490 - DEBUG - Assigning indexes to genes
2026-06-12 11:36:15,494 - DEBUG - Seen 10373 genes until now
2026-06-12 11:36:15,494 - DEBUG - Parsing Chromosome 14 strand + [line 770988]
2026-06-12 11:36:15,701 - DEBUG - Done with 14+ [line 822908]
2026-06-12 11:36:15,702 - DEBUG - Assigning indexes to genes
2026-06-12 11:36:15,706 - DEBUG - Seen 11088 genes until now
2026-06-12 11:36:15,707 - DEBUG - Parsing Chromosome 15 strand - [line 822909]
2026-06-12 11:36:15,874 - DEBUG - Done with 15- [line 873715]
2026-06-12 11:36:15,874 - DEBUG - Assigning indexes to genes
2026-06-12 11:36:15,876 - DEBUG - Seen 11734 genes until now
2026-06-12 11:36:15,876 - DEBUG - Parsing Chromosome 15 strand + [line 873716]
2026-06-12 11:36:16,011 - DEBUG - Done with 15+ [line 923824]
2026-06-12 11:36:16,011 - DEBUG - Assigning indexes to genes
2026-06-12 11:36:16,013 - DEBUG - Seen 12355 genes until now
2026-06-12 11:36:16,013 - DEBUG - Parsing Chromosome 16 strand - [line 923825]
2026-06-12 11:36:16,169 - DEBUG - Done with 16- [line 979238]
2026-06-12 11:36:16,169 - DEBUG - Assigning indexes to genes
2026-06-12 11:36:16,172 - DEBUG - Seen 13151 genes until now
2026-06-12 11:36:16,172 - DEBUG - Parsing Chromosome 16 strand + [line 979239]
2026-06-12 11:36:16,772 - DEBUG - Done with 16+ [line 1052152]
2026-06-12 11:36:16,772 - DEBUG - Assigning indexes to genes
2026-06-12 11:36:16,776 - DEBUG - Seen 14004 genes until now
2026-06-12 11:36:16,776 - DEBUG - Parsing Chromosome 17 strand - [line 1052153]
2026-06-12 11:36:17,018 - DEBUG - Done with 17- [line 1140008]
2026-06-12 11:36:17,018 - DEBUG - Assigning indexes to genes
2026-06-12 11:36:17,023 - DEBUG - Seen 15039 genes until now
2026-06-12 11:36:17,023 - DEBUG - Parsing Chromosome 17 strand + [line 1140009]
2026-06-12 11:36:17,233 - DEBUG - Done with 17+ [line 1219447]
2026-06-12 11:36:17,233 - DEBUG - Assigning indexes to genes
2026-06-12 11:36:17,237 - DEBUG - Seen 15996 genes until now
2026-06-12 11:36:17,237 - DEBUG - Parsing Chromosome 18 strand - [line 1219448]
2026-06-12 11:36:17,333 - DEBUG - Done with 18- [line 1246083]
2026-06-12 11:36:17,334 - DEBUG - Assigning indexes to genes
2026-06-12 11:36:17,335 - DEBUG - Seen 16371 genes until now
2026-06-12 11:36:17,335 - DEBUG - Parsing Chromosome 18 strand + [line 1246084]
2026-06-12 11:36:17,429 - DEBUG - Done with 18+ [line 1269821]
2026-06-12 11:36:17,429 - DEBUG - Assigning indexes to genes
2026-06-12 11:36:17,431 - DEBUG - Seen 16777 genes until now
2026-06-12 11:36:17,431 - DEBUG - Parsing Chromosome 19 strand - [line 1269822]
2026-06-12 11:36:18,070 - DEBUG - Done with 19- [line 1350736]
2026-06-12 11:36:18,071 - DEBUG - Assigning indexes to genes
2026-06-12 11:36:18,075 - DEBUG - Seen 17790 genes until now
2026-06-12 11:36:18,075 - DEBUG - Parsing Chromosome 19 strand + [line 1350737]
2026-06-12 11:36:18,292 - DEBUG - Done with 19+ [line 1435648]
2026-06-12 11:36:18,293 - DEBUG - Assigning indexes to genes
2026-06-12 11:36:18,297 - DEBUG - Seen 18804 genes until now
2026-06-12 11:36:18,297 - DEBUG - Parsing Chromosome 2 strand - [line 1435649]
2026-06-12 11:36:18,690 - DEBUG - Done with 2- [line 1542996]
2026-06-12 11:36:18,690 - DEBUG - Assigning indexes to genes
2026-06-12 11:36:18,697 - DEBUG - Seen 20037 genes until now
2026-06-12 11:36:18,697 - DEBUG - Parsing Chromosome 2 strand + [line 1542997]
2026-06-12 11:36:18,959 - DEBUG - Done with 2+ [line 1642863]
2026-06-12 11:36:18,959 - DEBUG - Assigning indexes to genes
2026-06-12 11:36:18,965 - DEBUG - Seen 21345 genes until now
2026-06-12 11:36:18,965 - DEBUG - Parsing Chromosome 20 strand - [line 1642864]
2026-06-12 11:36:19,042 - DEBUG - Done with 20- [line 1672442]
2026-06-12 11:36:19,042 - DEBUG - Assigning indexes to genes
2026-06-12 11:36:19,044 - DEBUG - Seen 21828 genes until now
2026-06-12 11:36:19,044 - DEBUG - Parsing Chromosome 20 strand + [line 1672443]
2026-06-12 11:36:19,132 - DEBUG - Done with 20+ [line 1707817]
2026-06-12 11:36:19,132 - DEBUG - Assigning indexes to genes
2026-06-12 11:36:19,135 - DEBUG - Seen 22309 genes until now
2026-06-12 11:36:19,136 - DEBUG - Parsing Chromosome 21 strand - [line 1707818]
2026-06-12 11:36:19,749 - DEBUG - Done with 21- [line 1722798]
2026-06-12 11:36:19,750 - DEBUG - Assigning indexes to genes
2026-06-12 11:36:19,750 - DEBUG - Seen 22596 genes until now
2026-06-12 11:36:19,750 - DEBUG - Parsing Chromosome 21 strand + [line 1722799]
2026-06-12 11:36:19,817 - DEBUG - Done with 21+ [line 1738981]
2026-06-12 11:36:19,817 - DEBUG - Assigning indexes to genes
2026-06-12 11:36:19,818 - DEBUG - Seen 22864 genes until now
2026-06-12 11:36:19,818 - DEBUG - Parsing Chromosome 22 strand - [line 1738982]
2026-06-12 11:36:19,924 - DEBUG - Done with 22- [line 1765357]
2026-06-12 11:36:19,924 - DEBUG - Assigning indexes to genes
2026-06-12 11:36:19,926 - DEBUG - Seen 23260 genes until now
2026-06-12 11:36:19,926 - DEBUG - Parsing Chromosome 22 strand + [line 1765358]
2026-06-12 11:36:20,029 - DEBUG - Done with 22+ [line 1797598]
2026-06-12 11:36:20,029 - DEBUG - Assigning indexes to genes
2026-06-12 11:36:20,030 - DEBUG - Seen 23765 genes until now
2026-06-12 11:36:20,030 - DEBUG - Parsing Chromosome 3 strand - [line 1797599]
2026-06-12 11:36:20,292 - DEBUG - Done with 3- [line 1887377]
2026-06-12 11:36:20,292 - DEBUG - Assigning indexes to genes
2026-06-12 11:36:20,296 - DEBUG - Seen 24693 genes until now
2026-06-12 11:36:20,296 - DEBUG - Parsing Chromosome 3 strand + [line 1887378]
2026-06-12 11:36:20,584 - DEBUG - Done with 3+ [line 1977011]
2026-06-12 11:36:20,584 - DEBUG - Assigning indexes to genes
2026-06-12 11:36:20,591 - DEBUG - Seen 25658 genes until now
2026-06-12 11:36:20,591 - DEBUG - Parsing Chromosome 4 strand - [line 1977012]
2026-06-12 11:36:20,783 - DEBUG - Done with 4- [line 2034238]
2026-06-12 11:36:20,784 - DEBUG - Assigning indexes to genes
2026-06-12 11:36:20,788 - DEBUG - Seen 26401 genes until now
2026-06-12 11:36:20,788 - DEBUG - Parsing Chromosome 4 strand + [line 2034239]
2026-06-12 11:36:21,023 - DEBUG - Done with 4+ [line 2094594]
2026-06-12 11:36:21,027 - DEBUG - Assigning indexes to genes
2026-06-12 11:36:21,033 - DEBUG - Seen 27191 genes until now
2026-06-12 11:36:21,033 - DEBUG - Parsing Chromosome 5 strand - [line 2094595]
2026-06-12 11:36:21,239 - DEBUG - Done with 5- [line 2152660]
2026-06-12 11:36:21,240 - DEBUG - Assigning indexes to genes
2026-06-12 11:36:21,243 - DEBUG - Seen 28071 genes until now
2026-06-12 11:36:21,244 - DEBUG - Parsing Chromosome 5 strand + [line 2152661]
2026-06-12 11:36:22,007 - DEBUG - Done with 5+ [line 2218657]
2026-06-12 11:36:22,007 - DEBUG - Assigning indexes to genes
2026-06-12 11:36:22,013 - DEBUG - Seen 29002 genes until now
2026-06-12 11:36:22,013 - DEBUG - Parsing Chromosome 6 strand - [line 2218658]
2026-06-12 11:36:22,255 - DEBUG - Done with 6- [line 2284937]
2026-06-12 11:36:22,256 - DEBUG - Assigning indexes to genes
2026-06-12 11:36:22,261 - DEBUG - Seen 29928 genes until now
2026-06-12 11:36:22,262 - DEBUG - Parsing Chromosome 6 strand + [line 2284938]
2026-06-12 11:36:22,425 - DEBUG - Done with 6+ [line 2345240]
2026-06-12 11:36:22,425 - DEBUG - Assigning indexes to genes
2026-06-12 11:36:22,429 - DEBUG - Seen 30829 genes until now
2026-06-12 11:36:22,429 - DEBUG - Parsing Chromosome 7 strand - [line 2345241]
2026-06-12 11:36:22,591 - DEBUG - Done with 7- [line 2406845]
2026-06-12 11:36:22,591 - DEBUG - Assigning indexes to genes
2026-06-12 11:36:22,595 - DEBUG - Seen 31621 genes until now
2026-06-12 11:36:22,596 - DEBUG - Parsing Chromosome 7 strand + [line 2406846]
2026-06-12 11:36:22,792 - DEBUG - Done with 7+ [line 2476014]
2026-06-12 11:36:22,793 - DEBUG - Assigning indexes to genes
2026-06-12 11:36:22,797 - DEBUG - Seen 32515 genes until now
2026-06-12 11:36:22,797 - DEBUG - Parsing Chromosome 8 strand - [line 2476015]
2026-06-12 11:36:22,951 - DEBUG - Done with 8- [line 2527366]
2026-06-12 11:36:22,951 - DEBUG - Assigning indexes to genes
2026-06-12 11:36:22,954 - DEBUG - Seen 33270 genes until now
2026-06-12 11:36:22,955 - DEBUG - Parsing Chromosome 8 strand + [line 2527367]
2026-06-12 11:36:23,089 - DEBUG - Done with 8+ [line 2577021]
2026-06-12 11:36:23,089 - DEBUG - Assigning indexes to genes
2026-06-12 11:36:23,092 - DEBUG - Seen 34010 genes until now
2026-06-12 11:36:23,092 - DEBUG - Parsing Chromosome 9 strand - [line 2577022]
2026-06-12 11:36:23,216 - DEBUG - Done with 9- [line 2622811]
2026-06-12 11:36:23,216 - DEBUG - Assigning indexes to genes
2026-06-12 11:36:23,218 - DEBUG - Seen 34681 genes until now
2026-06-12 11:36:23,218 - DEBUG - Parsing Chromosome 9 strand + [line 2622812]
2026-06-12 11:36:23,364 - DEBUG - Done with 9+ [line 2672374]
2026-06-12 11:36:23,364 - DEBUG - Assigning indexes to genes
2026-06-12 11:36:23,368 - DEBUG - Seen 35329 genes until now
2026-06-12 11:36:23,368 - DEBUG - Parsing Chromosome M strand - [line 2672375]
2026-06-12 11:36:23,368 - DEBUG - Done with M- [line 2672379]
2026-06-12 11:36:23,368 - DEBUG - Assigning indexes to genes
2026-06-12 11:36:23,368 - DEBUG - Seen 35330 genes until now
2026-06-12 11:36:23,368 - DEBUG - Parsing Chromosome M strand + [line 2672380]
2026-06-12 11:36:23,368 - DEBUG - Done with M+ [line 2672445]
2026-06-12 11:36:23,368 - DEBUG - Assigning indexes to genes
2026-06-12 11:36:23,368 - DEBUG - Seen 35342 genes until now
2026-06-12 11:36:23,368 - DEBUG - Parsing Chromosome X strand - [line 2672446]
2026-06-12 11:36:23,519 - DEBUG - Done with X- [line 2716088]
2026-06-12 11:36:23,519 - DEBUG - Assigning indexes to genes
2026-06-12 11:36:23,522 - DEBUG - Seen 35884 genes until now
2026-06-12 11:36:23,522 - DEBUG - Parsing Chromosome X strand + [line 2716089]
2026-06-12 11:36:23,705 - DEBUG - Done with X+ [line 2760500]
2026-06-12 11:36:23,705 - DEBUG - Assigning indexes to genes
2026-06-12 11:36:23,708 - DEBUG - Seen 36490 genes until now
2026-06-12 11:36:23,709 - DEBUG - Parsing Chromosome Y strand - [line 2760501]
2026-06-12 11:36:23,720 - DEBUG - Done with Y- [line 2763031]
2026-06-12 11:36:23,720 - DEBUG - Assigning indexes to genes
2026-06-12 11:36:23,720 - DEBUG - Seen 36543 genes until now
2026-06-12 11:36:23,720 - DEBUG - Parsing Chromosome Y strand + [line 2763032]
2026-06-12 11:36:23,728 - DEBUG - Assigning indexes to genes
2026-06-12 11:36:23,728 - DEBUG - Done with Y+ [line 2765967]
2026-06-12 11:36:23,728 - DEBUG - Fixing corner cases of transcript models containg intron longer than 1000Kbp
2026-06-12 11:36:24,981 - DEBUG - Generated 2411536 features corresponding to 199138 transcript models from /nobackup/peer/fdeckert/cellranger/GRCh38-2020-A/GRCh38/genes/genes.gtf
2026-06-12 11:36:25,005 - INFO - Scan /research/peer/fdeckert/FD20250213HSCT/data/object/velocyto/S_7641_baseline_transcriptome/possorted_genome_bam.bam to validate intron intervals
2026-06-12 11:36:26,440 - DEBUG - Reading /research/peer/fdeckert/FD20250213HSCT/data/object/velocyto/S_7641_baseline_transcriptome/possorted_genome_bam.bam
2026-06-12 11:36:26,454 - DEBUG - Read first 0 million reads
2026-06-12 11:36:26,455 - DEBUG - Marking up chromosome 1
2026-06-12 11:37:24,729 - DEBUG - Marking up chromosome 10
2026-06-12 11:37:43,779 - DEBUG - Marking up chromosome 11
2026-06-12 11:37:50,620 - DEBUG - Read first 10 million reads
2026-06-12 11:38:46,325 - DEBUG - Marking up chromosome 12
2026-06-12 11:39:25,673 - DEBUG - Marking up chromosome 13
2026-06-12 11:39:27,068 - DEBUG - Read first 20 million reads
2026-06-12 11:39:39,479 - DEBUG - Marking up chromosome 14
2026-06-12 11:40:01,836 - DEBUG - Marking up chromosome 15
2026-06-12 11:40:34,593 - DEBUG - Marking up chromosome 16
2026-06-12 11:41:03,620 - DEBUG - Marking up chromosome 17
2026-06-12 11:41:10,817 - DEBUG - Read first 30 million reads
2026-06-12 11:41:43,655 - DEBUG - Marking up chromosome 18
2026-06-12 11:41:50,715 - DEBUG - Marking up chromosome 19
2026-06-12 11:42:51,186 - DEBUG - Marking up chromosome 2
2026-06-12 11:42:53,036 - DEBUG - Read first 40 million reads
2026-06-12 11:43:25,358 - DEBUG - Marking up chromosome 20
2026-06-12 11:43:35,984 - DEBUG - Marking up chromosome 21
2026-06-12 11:43:41,211 - DEBUG - Read first 50 million reads
2026-06-12 11:43:45,537 - DEBUG - Marking up chromosome 22
2026-06-12 11:43:54,340 - DEBUG - Marking up chromosome 3
2026-06-12 11:44:22,185 - DEBUG - Marking up chromosome 4
2026-06-12 11:44:38,206 - DEBUG - Marking up chromosome 5
2026-06-12 11:44:48,972 - DEBUG - Read first 60 million reads
2026-06-12 11:45:04,348 - DEBUG - Marking up chromosome 6
2026-06-12 11:45:41,816 - DEBUG - Marking up chromosome 7
2026-06-12 11:45:55,970 - DEBUG - Read first 70 million reads
2026-06-12 11:46:01,065 - DEBUG - Marking up chromosome 8
2026-06-12 11:46:17,941 - DEBUG - Marking up chromosome 9
2026-06-12 11:46:34,086 - DEBUG - Marking up chromosome MT
2026-06-12 11:46:34,087 - WARNING - The .bam file refers to a chromosome 'MT+' not present in the annotation (.gtf) file
2026-06-12 11:46:34,087 - WARNING - The .bam file refers to a chromosome 'MT-' not present in the annotation (.gtf) file
2026-06-12 11:46:56,520 - DEBUG - Read first 80 million reads
2026-06-12 11:47:40,457 - DEBUG - Marking up chromosome X
2026-06-12 11:47:53,889 - DEBUG - Read first 90 million reads
2026-06-12 11:48:03,206 - DEBUG - Marking up chromosome Y
2026-06-12 11:48:03,921 - DEBUG - Marking up chromosome KI270728.1
2026-06-12 11:48:03,921 - DEBUG - Marking up chromosome KI270727.1
2026-06-12 11:48:03,922 - DEBUG - Marking up chromosome KI270442.1
2026-06-12 11:48:03,922 - WARNING - The .bam file refers to a chromosome 'KI270442.1+' not present in the annotation (.gtf) file
2026-06-12 11:48:03,922 - WARNING - The .bam file refers to a chromosome 'KI270442.1-' not present in the annotation (.gtf) file
2026-06-12 11:48:03,922 - DEBUG - Marking up chromosome KI270729.1
2026-06-12 11:48:03,922 - WARNING - The .bam file refers to a chromosome 'KI270729.1+' not present in the annotation (.gtf) file
2026-06-12 11:48:03,922 - WARNING - The .bam file refers to a chromosome 'KI270729.1-' not present in the annotation (.gtf) file
2026-06-12 11:48:03,922 - DEBUG - Marking up chromosome KI270743.1
2026-06-12 11:48:03,922 - WARNING - The .bam file refers to a chromosome 'KI270743.1+' not present in the annotation (.gtf) file
2026-06-12 11:48:03,922 - WARNING - The .bam file refers to a chromosome 'KI270743.1-' not present in the annotation (.gtf) file
2026-06-12 11:48:03,922 - DEBUG - Marking up chromosome GL000008.2
2026-06-12 11:48:03,922 - WARNING - The .bam file refers to a chromosome 'GL000008.2+' not present in the annotation (.gtf) file
2026-06-12 11:48:03,922 - WARNING - The .bam file refers to a chromosome 'GL000008.2-' not present in the annotation (.gtf) file
2026-06-12 11:48:03,923 - DEBUG - Marking up chromosome GL000009.2
2026-06-12 11:48:03,923 - WARNING - The .bam file refers to a chromosome 'GL000009.2+' not present in the annotation (.gtf) file
2026-06-12 11:48:03,923 - DEBUG - Marking up chromosome KI270722.1
2026-06-12 11:48:03,923 - WARNING - The .bam file refers to a chromosome 'KI270722.1+' not present in the annotation (.gtf) file
2026-06-12 11:48:03,923 - WARNING - The .bam file refers to a chromosome 'KI270722.1-' not present in the annotation (.gtf) file
2026-06-12 11:48:03,924 - DEBUG - Marking up chromosome GL000194.1
2026-06-12 11:48:03,924 - WARNING - The .bam file refers to a chromosome 'GL000194.1+' not present in the annotation (.gtf) file
2026-06-12 11:48:03,937 - DEBUG - Marking up chromosome KI270742.1
2026-06-12 11:48:03,937 - WARNING - The .bam file refers to a chromosome 'KI270742.1+' not present in the annotation (.gtf) file
2026-06-12 11:48:03,937 - WARNING - The .bam file refers to a chromosome 'KI270742.1-' not present in the annotation (.gtf) file
2026-06-12 11:48:03,938 - DEBUG - Marking up chromosome GL000205.2
2026-06-12 11:48:03,938 - WARNING - The .bam file refers to a chromosome 'GL000205.2+' not present in the annotation (.gtf) file
2026-06-12 11:48:03,949 - DEBUG - Marking up chromosome GL000195.1
2026-06-12 11:48:03,953 - DEBUG - Marking up chromosome KI270733.1
2026-06-12 11:48:03,953 - WARNING - The .bam file refers to a chromosome 'KI270733.1+' not present in the annotation (.gtf) file
2026-06-12 11:48:03,953 - WARNING - The .bam file refers to a chromosome 'KI270733.1-' not present in the annotation (.gtf) file
2026-06-12 11:48:04,795 - DEBUG - Marking up chromosome GL000219.1
2026-06-12 11:48:04,795 - WARNING - The .bam file refers to a chromosome 'GL000219.1+' not present in the annotation (.gtf) file
2026-06-12 11:48:04,842 - DEBUG - Marking up chromosome KI270719.1
2026-06-12 11:48:04,842 - WARNING - The .bam file refers to a chromosome 'KI270719.1+' not present in the annotation (.gtf) file
2026-06-12 11:48:04,842 - WARNING - The .bam file refers to a chromosome 'KI270719.1-' not present in the annotation (.gtf) file
2026-06-12 11:48:04,842 - DEBUG - Marking up chromosome KI270712.1
2026-06-12 11:48:04,842 - WARNING - The .bam file refers to a chromosome 'KI270712.1+' not present in the annotation (.gtf) file
2026-06-12 11:48:04,842 - WARNING - The .bam file refers to a chromosome 'KI270712.1-' not present in the annotation (.gtf) file
2026-06-12 11:48:04,842 - DEBUG - Marking up chromosome KI270706.1
2026-06-12 11:48:04,842 - WARNING - The .bam file refers to a chromosome 'KI270706.1+' not present in the annotation (.gtf) file
2026-06-12 11:48:04,842 - WARNING - The .bam file refers to a chromosome 'KI270706.1-' not present in the annotation (.gtf) file
2026-06-12 11:48:04,847 - DEBUG - Marking up chromosome KI270744.1
2026-06-12 11:48:04,847 - WARNING - The .bam file refers to a chromosome 'KI270744.1+' not present in the annotation (.gtf) file
2026-06-12 11:48:04,847 - WARNING - The .bam file refers to a chromosome 'KI270744.1-' not present in the annotation (.gtf) file
2026-06-12 11:48:04,848 - DEBUG - Marking up chromosome KI270734.1
2026-06-12 11:48:04,848 - DEBUG - Marking up chromosome GL000220.1
2026-06-12 11:48:04,848 - WARNING - The .bam file refers to a chromosome 'GL000220.1+' not present in the annotation (.gtf) file
2026-06-12 11:48:04,848 - WARNING - The .bam file refers to a chromosome 'GL000220.1-' not present in the annotation (.gtf) file
2026-06-12 11:48:10,218 - DEBUG - Marking up chromosome GL000218.1
2026-06-12 11:48:10,218 - WARNING - The .bam file refers to a chromosome 'GL000218.1+' not present in the annotation (.gtf) file
2026-06-12 11:48:10,231 - DEBUG - Marking up chromosome GL000221.1
2026-06-12 11:48:10,232 - WARNING - The .bam file refers to a chromosome 'GL000221.1+' not present in the annotation (.gtf) file
2026-06-12 11:48:10,232 - WARNING - The .bam file refers to a chromosome 'GL000221.1-' not present in the annotation (.gtf) file
2026-06-12 11:48:10,233 - DEBUG - Marking up chromosome KI270708.1
2026-06-12 11:48:10,233 - WARNING - The .bam file refers to a chromosome 'KI270708.1+' not present in the annotation (.gtf) file
2026-06-12 11:48:10,233 - WARNING - The .bam file refers to a chromosome 'KI270708.1-' not present in the annotation (.gtf) file
2026-06-12 11:48:10,239 - DEBUG - Marking up chromosome KI270721.1
2026-06-12 11:48:10,239 - WARNING - The .bam file refers to a chromosome 'KI270721.1-' not present in the annotation (.gtf) file
2026-06-12 11:48:10,243 - DEBUG - Marking up chromosome KI270746.1
2026-06-12 11:48:10,243 - WARNING - The .bam file refers to a chromosome 'KI270746.1+' not present in the annotation (.gtf) file
2026-06-12 11:48:10,243 - WARNING - The .bam file refers to a chromosome 'KI270746.1-' not present in the annotation (.gtf) file
2026-06-12 11:48:10,244 - DEBUG - Marking up chromosome KI270711.1
2026-06-12 11:48:10,244 - WARNING - The .bam file refers to a chromosome 'KI270711.1+' not present in the annotation (.gtf) file
2026-06-12 11:48:10,246 - DEBUG - Marking up chromosome KI270713.1
2026-06-12 11:48:10,247 - DEBUG - Marking up chromosome KI270717.1
2026-06-12 11:48:10,247 - WARNING - The .bam file refers to a chromosome 'KI270717.1+' not present in the annotation (.gtf) file
2026-06-12 11:48:10,247 - WARNING - The .bam file refers to a chromosome 'KI270717.1-' not present in the annotation (.gtf) file
2026-06-12 11:48:10,247 - DEBUG - Marking up chromosome KI270720.1
2026-06-12 11:48:10,247 - WARNING - The .bam file refers to a chromosome 'KI270720.1+' not present in the annotation (.gtf) file
2026-06-12 11:48:10,247 - WARNING - The .bam file refers to a chromosome 'KI270720.1-' not present in the annotation (.gtf) file
2026-06-12 11:48:10,248 - DEBUG - Marking up chromosome KI270718.1
2026-06-12 11:48:10,248 - WARNING - The .bam file refers to a chromosome 'KI270718.1+' not present in the annotation (.gtf) file
2026-06-12 11:48:10,248 - WARNING - The .bam file refers to a chromosome 'KI270718.1-' not present in the annotation (.gtf) file
2026-06-12 11:48:10,248 - DEBUG - Marking up chromosome KI270740.1
2026-06-12 11:48:10,248 - WARNING - The .bam file refers to a chromosome 'KI270740.1+' not present in the annotation (.gtf) file
2026-06-12 11:48:10,248 - WARNING - The .bam file refers to a chromosome 'KI270740.1-' not present in the annotation (.gtf) file
2026-06-12 11:48:10,248 - DEBUG - Marking up chromosome KI270707.1
2026-06-12 11:48:10,248 - WARNING - The .bam file refers to a chromosome 'KI270707.1+' not present in the annotation (.gtf) file
2026-06-12 11:48:10,248 - WARNING - The .bam file refers to a chromosome 'KI270707.1-' not present in the annotation (.gtf) file
2026-06-12 11:48:10,248 - DEBUG - Marking up chromosome KI270330.1
2026-06-12 11:48:10,248 - WARNING - The .bam file refers to a chromosome 'KI270330.1+' not present in the annotation (.gtf) file
2026-06-12 11:48:10,248 - WARNING - The .bam file refers to a chromosome 'KI270330.1-' not present in the annotation (.gtf) file
2026-06-12 11:48:13,440 - DEBUG - Read first 100 million reads
2026-06-12 11:48:22,253 - DEBUG - Read first 110 million reads
2026-06-12 11:48:31,668 - DEBUG - Read first 120 million reads
2026-06-12 11:48:41,370 - DEBUG - Read first 130 million reads
2026-06-12 11:48:49,978 - DEBUG - End of file. Reset index: start scanning from initial position.
2026-06-12 11:48:49,978 - DEBUG - 7077106 reads were skipped because no apropiate cell or umi barcode was found
2026-06-12 11:48:49,979 - INFO - Now just waiting that the bam sorting process terminates
2026-06-12 11:48:49,979 - INFO - bam file #0 has been sorted
2026-06-12 11:48:49,979 - DEBUG - Start molecule counting!
2026-06-12 11:48:51,373 - DEBUG - Features available for chromosomes : ['GL000009.2-', 'GL000194.1-', 'GL000195.1-', 'GL000195.1+', 'GL000205.2-', 'GL000213.1-', 'GL000218.1-', 'GL000219.1-', 'KI270711.1-', 'KI270713.1-', 'KI270713.1+', 'KI270721.1+', 'KI270726.1+', 'KI270727.1-', 'KI270727.1+', 'KI270728.1-', 'KI270728.1+', 'KI270731.1-', 'KI270734.1-', 'KI270734.1+', '1-', '1+', '10-', '10+', '11-', '11+', '12-', '12+', '13-', '13+', '14-', '14+', '15-', '15+', '16-', '16+', '17-', '17+', '18-', '18+', '19-', '19+', '2-', '2+', '20-', '20+', '21-', '21+', '22-', '22+', '3-', '3+', '4-', '4+', '5-', '5+', '6-', '6+', '7-', '7+', '8-', '8+', '9-', '9+', 'M-', 'M+', 'X-', 'X+', 'Y-', 'Y+']
2026-06-12 11:48:51,373 - DEBUG - Mask available for chromosomes : []
2026-06-12 11:48:51,373 - DEBUG - Summarizing the results of intron validation.
2026-06-12 11:48:51,665 - DEBUG - Validated 263105 introns (of which unique intervals 84897) out of 1106199 total possible introns (considering each possible transcript models).
2026-06-12 11:48:51,665 - DEBUG - Reading /research/peer/fdeckert/FD20250213HSCT/data/object/velocyto/S_7641_baseline_transcriptome/cellsorted_possorted_genome_bam.bam
2026-06-12 11:48:51,671 - DEBUG - Read first 0 million reads
2026-06-12 11:49:23,071 - DEBUG - Read first 10 million reads
2026-06-12 11:49:59,985 - DEBUG - Counting for batch 1, containing 100 cells and 3045010 reads
2026-06-12 11:50:36,195 - DEBUG - 0 reads not considered because fully enclosed in repeat masked regions
2026-06-12 11:50:43,765 - DEBUG - Read first 20 million reads
2026-06-12 11:51:10,691 - DEBUG - Counting for batch 2, containing 100 cells and 2836656 reads
2026-06-12 11:51:45,698 - DEBUG - 0 reads not considered because fully enclosed in repeat masked regions
2026-06-12 11:52:15,908 - DEBUG - Read first 30 million reads
2026-06-12 11:52:15,912 - DEBUG - Counting for batch 3, containing 100 cells and 2641998 reads
2026-06-12 11:52:47,613 - DEBUG - 0 reads not considered because fully enclosed in repeat masked regions
2026-06-12 11:53:19,007 - DEBUG - Counting for batch 4, containing 100 cells and 2673066 reads
2026-06-12 11:53:51,170 - DEBUG - 0 reads not considered because fully enclosed in repeat masked regions
2026-06-12 11:54:18,723 - DEBUG - Read first 40 million reads
2026-06-12 11:54:27,704 - DEBUG - Counting for batch 5, containing 100 cells and 3023792 reads
2026-06-12 11:55:01,006 - DEBUG - 0 reads not considered because fully enclosed in repeat masked regions
2026-06-12 11:55:34,628 - DEBUG - Counting for batch 6, containing 100 cells and 2724270 reads
2026-06-12 11:56:07,212 - DEBUG - 0 reads not considered because fully enclosed in repeat masked regions
2026-06-12 11:56:26,633 - DEBUG - Read first 50 million reads
2026-06-12 11:56:41,011 - DEBUG - Counting for batch 7, containing 100 cells and 2913172 reads
2026-06-12 11:57:16,818 - DEBUG - 0 reads not considered because fully enclosed in repeat masked regions
2026-06-12 11:57:49,705 - DEBUG - Counting for batch 8, containing 100 cells and 2752460 reads
2026-06-12 11:58:23,288 - DEBUG - 0 reads not considered because fully enclosed in repeat masked regions
2026-06-12 11:58:35,712 - DEBUG - Read first 60 million reads
2026-06-12 11:58:57,027 - DEBUG - Counting for batch 9, containing 100 cells and 2913892 reads
2026-06-12 11:59:32,025 - DEBUG - 0 reads not considered because fully enclosed in repeat masked regions
2026-06-12 12:00:06,545 - DEBUG - Counting for batch 10, containing 100 cells and 2775252 reads
2026-06-12 12:00:41,539 - DEBUG - 0 reads not considered because fully enclosed in repeat masked regions
2026-06-12 12:00:47,108 - DEBUG - Read first 70 million reads
2026-06-12 12:01:15,910 - DEBUG - Counting for batch 11, containing 100 cells and 2806526 reads
2026-06-12 12:01:47,744 - DEBUG - 0 reads not considered because fully enclosed in repeat masked regions
2026-06-12 12:02:15,409 - DEBUG - Read first 80 million reads
2026-06-12 12:02:26,302 - DEBUG - Counting for batch 12, containing 100 cells and 3108588 reads
2026-06-12 12:03:04,318 - DEBUG - 0 reads not considered because fully enclosed in repeat masked regions
2026-06-12 12:03:39,034 - DEBUG - Counting for batch 13, containing 100 cells and 2898100 reads
2026-06-12 12:04:13,465 - DEBUG - 0 reads not considered because fully enclosed in repeat masked regions
2026-06-12 12:04:30,218 - DEBUG - Read first 90 million reads
2026-06-12 12:04:48,915 - DEBUG - Counting for batch 14, containing 100 cells and 2732852 reads
2026-06-12 12:05:23,925 - DEBUG - 0 reads not considered because fully enclosed in repeat masked regions
2026-06-12 12:05:55,500 - DEBUG - Counting for batch 15, containing 100 cells and 2581952 reads
2026-06-12 12:06:25,703 - DEBUG - 0 reads not considered because fully enclosed in repeat masked regions
2026-06-12 12:06:36,464 - DEBUG - Read first 100 million reads
2026-06-12 12:07:03,950 - DEBUG - Counting for batch 16, containing 100 cells and 3069796 reads
2026-06-12 12:07:41,780 - DEBUG - 0 reads not considered because fully enclosed in repeat masked regions
2026-06-12 12:08:12,770 - DEBUG - Read first 110 million reads
2026-06-12 12:08:13,361 - DEBUG - Counting for batch 17, containing 100 cells and 2768394 reads
2026-06-12 12:08:47,164 - DEBUG - 0 reads not considered because fully enclosed in repeat masked regions
2026-06-12 12:09:18,017 - DEBUG - Counting for batch 18, containing 100 cells and 2551844 reads
2026-06-12 12:09:49,301 - DEBUG - 0 reads not considered because fully enclosed in repeat masked regions
2026-06-12 12:10:17,065 - DEBUG - Read first 120 million reads
2026-06-12 12:10:17,114 - DEBUG - Counting for batch 19, containing 100 cells and 2532768 reads
2026-06-12 12:10:48,293 - DEBUG - 0 reads not considered because fully enclosed in repeat masked regions
2026-06-12 12:11:20,666 - DEBUG - Counting for batch 20, containing 100 cells and 2646536 reads
2026-06-12 12:11:53,651 - DEBUG - 0 reads not considered because fully enclosed in repeat masked regions
2026-06-12 12:12:19,553 - DEBUG - Read first 130 million reads
2026-06-12 12:12:24,983 - DEBUG - Counting for batch 21, containing 100 cells and 2617230 reads
2026-06-12 12:12:56,932 - DEBUG - 0 reads not considered because fully enclosed in repeat masked regions
2026-06-12 12:13:30,874 - DEBUG - Counting for batch 22, containing 100 cells and 2999112 reads
2026-06-12 12:14:05,982 - DEBUG - 0 reads not considered because fully enclosed in repeat masked regions
2026-06-12 12:14:17,753 - DEBUG - Counting for batch 23, containing 34 cells and 887020 reads
2026-06-12 12:14:27,453 - DEBUG - 0 reads not considered because fully enclosed in repeat masked regions
2026-06-12 12:14:28,515 - DEBUG - 7077106 reads were skipped because no apropiate cell or umi barcode was found
2026-06-12 12:14:28,515 - DEBUG - Counting done!
2026-06-12 12:14:28,524 - DEBUG - Generating output file /research/peer/fdeckert/FD20250213HSCT/data/object/velocyto/S_7641_baseline_transcriptome/velocyto.loom
2026-06-12 12:14:28,524 - DEBUG - Collecting row attributes
2026-06-12 12:14:28,600 - DEBUG - Generating data table
2026-06-12 12:14:28,960 - DEBUG - Writing loom file
2026-06-12 12:14:29,264 - DEBUG - Creating converter from 5 to 3
2026-06-12 12:14:29,266 - DEBUG - Creating converter from 3 to 5
2026-06-12 12:14:32,041 - DEBUG - Terminated Succesfully!
