2026-06-12 11:55:24,156 - DEBUG - Using logic: Permissive10X
2026-06-12 11:55:24,172 - INFO - Read 907 cell barcodes from /research/lab_stary/sequencing_projects/hsct/COUNT/S_7683_day14_transcriptome/filtered_feature_bc_matrix/barcodes.tsv.gz
2026-06-12 11:55:24,172 - DEBUG - Example of barcode: AAACCTGAGCGGATCA and cell_id: velocyto:AAACCTGAGCGGATCA-1
2026-06-12 11:55:24,176 - DEBUG - Peeking into /research/peer/fdeckert/FD20250213HSCT/data/object/velocyto/S_7683_day14_transcriptome/possorted_genome_bam.bam
2026-06-12 11:55:24,189 - WARNING - Not found cell and umi barcode in entry 273 of the bam file
2026-06-12 11:55:24,189 - WARNING - Not found cell and umi barcode in entry 274 of the bam file
2026-06-12 11:55:24,189 - WARNING - Not found cell and umi barcode in entry 275 of the bam file
2026-06-12 11:55:24,189 - WARNING - Not found cell and umi barcode in entry 276 of the bam file
2026-06-12 11:55:24,189 - WARNING - Not found cell and umi barcode in entry 277 of the bam file
2026-06-12 11:55:24,189 - WARNING - Not found cell and umi barcode in entry 278 of the bam file
2026-06-12 11:55:24,189 - WARNING - Not found cell and umi barcode in entry 280 of the bam file
2026-06-12 11:55:24,189 - WARNING - Not found cell and umi barcode in entry 287 of the bam file
2026-06-12 11:55:24,189 - WARNING - Not found cell and umi barcode in entry 288 of the bam file
2026-06-12 11:55:24,189 - WARNING - Not found cell and umi barcode in entry 290 of the bam file
2026-06-12 11:55:24,189 - WARNING - Not found cell and umi barcode in entry 291 of the bam file
2026-06-12 11:55:24,189 - WARNING - Not found cell and umi barcode in entry 293 of the bam file
2026-06-12 11:55:24,189 - WARNING - Not found cell and umi barcode in entry 294 of the bam file
2026-06-12 11:55:24,189 - WARNING - Not found cell and umi barcode in entry 296 of the bam file
2026-06-12 11:55:24,189 - WARNING - Not found cell and umi barcode in entry 298 of the bam file
2026-06-12 11:55:24,189 - WARNING - Not found cell and umi barcode in entry 319 of the bam file
2026-06-12 11:55:24,189 - WARNING - Not found cell and umi barcode in entry 324 of the bam file
2026-06-12 11:55:24,189 - WARNING - Not found cell and umi barcode in entry 325 of the bam file
2026-06-12 11:55:24,189 - WARNING - Not found cell and umi barcode in entry 326 of the bam file
2026-06-12 11:55:24,189 - WARNING - Not found cell and umi barcode in entry 327 of the bam file
2026-06-12 11:55:24,189 - WARNING - Not found cell and umi barcode in entry 352 of the bam file
2026-06-12 11:55:24,189 - WARNING - Not found cell and umi barcode in entry 353 of the bam file
2026-06-12 11:55:24,190 - WARNING - Not found cell and umi barcode in entry 370 of the bam file
2026-06-12 11:55:24,190 - WARNING - Not found cell and umi barcode in entry 371 of the bam file
2026-06-12 11:55:24,190 - WARNING - Not found cell and umi barcode in entry 372 of the bam file
2026-06-12 11:55:24,190 - WARNING - Not found cell and umi barcode in entry 373 of the bam file
2026-06-12 11:55:24,190 - WARNING - Not found cell and umi barcode in entry 374 of the bam file
2026-06-12 11:55:24,190 - WARNING - Not found cell and umi barcode in entry 375 of the bam file
2026-06-12 11:55:24,190 - WARNING - Not found cell and umi barcode in entry 376 of the bam file
2026-06-12 11:55:24,190 - WARNING - Not found cell and umi barcode in entry 377 of the bam file
2026-06-12 11:55:24,190 - WARNING - Not found cell and umi barcode in entry 378 of the bam file
2026-06-12 11:55:24,190 - WARNING - Not found cell and umi barcode in entry 379 of the bam file
2026-06-12 11:55:24,190 - WARNING - Not found cell and umi barcode in entry 380 of the bam file
2026-06-12 11:55:24,190 - WARNING - Not found cell and umi barcode in entry 381 of the bam file
2026-06-12 11:55:24,190 - WARNING - Not found cell and umi barcode in entry 382 of the bam file
2026-06-12 11:55:24,190 - WARNING - Not found cell and umi barcode in entry 383 of the bam file
2026-06-12 11:55:24,190 - WARNING - Not found cell and umi barcode in entry 384 of the bam file
2026-06-12 11:55:24,190 - WARNING - Not found cell and umi barcode in entry 386 of the bam file
2026-06-12 11:55:24,190 - WARNING - Not found cell and umi barcode in entry 393 of the bam file
2026-06-12 11:55:24,190 - WARNING - Not found cell and umi barcode in entry 394 of the bam file
2026-06-12 11:55:24,190 - WARNING - Not found cell and umi barcode in entry 396 of the bam file
2026-06-12 11:55:24,190 - WARNING - Not found cell and umi barcode in entry 406 of the bam file
2026-06-12 11:55:24,191 - WARNING - Not found cell and umi barcode in entry 437 of the bam file
2026-06-12 11:55:24,191 - WARNING - Not found cell and umi barcode in entry 438 of the bam file
2026-06-12 11:55:24,191 - WARNING - Not found cell and umi barcode in entry 439 of the bam file
2026-06-12 11:55:24,191 - WARNING - Not found cell and umi barcode in entry 440 of the bam file
2026-06-12 11:55:24,191 - WARNING - Not found cell and umi barcode in entry 441 of the bam file
2026-06-12 11:55:24,191 - WARNING - Not found cell and umi barcode in entry 442 of the bam file
2026-06-12 11:55:24,191 - WARNING - Not found cell and umi barcode in entry 443 of the bam file
2026-06-12 11:55:24,191 - WARNING - Not found cell and umi barcode in entry 444 of the bam file
2026-06-12 11:55:24,191 - WARNING - Not found cell and umi barcode in entry 445 of the bam file
2026-06-12 11:55:24,191 - WARNING - Not found cell and umi barcode in entry 446 of the bam file
2026-06-12 11:55:24,191 - WARNING - Not found cell and umi barcode in entry 447 of the bam file
2026-06-12 11:55:24,191 - WARNING - Not found cell and umi barcode in entry 448 of the bam file
2026-06-12 11:55:24,191 - WARNING - Not found cell and umi barcode in entry 449 of the bam file
2026-06-12 11:55:24,191 - WARNING - Not found cell and umi barcode in entry 450 of the bam file
2026-06-12 11:55:24,191 - WARNING - Not found cell and umi barcode in entry 451 of the bam file
2026-06-12 11:55:24,191 - WARNING - Not found cell and umi barcode in entry 453 of the bam file
2026-06-12 11:55:24,191 - WARNING - Not found cell and umi barcode in entry 454 of the bam file
2026-06-12 11:55:24,191 - WARNING - Not found cell and umi barcode in entry 455 of the bam file
2026-06-12 11:55:24,191 - WARNING - Not found cell and umi barcode in entry 456 of the bam file
2026-06-12 11:55:24,191 - WARNING - Not found cell and umi barcode in entry 458 of the bam file
2026-06-12 11:55:24,191 - WARNING - Not found cell and umi barcode in entry 460 of the bam file
2026-06-12 11:55:24,191 - WARNING - Not found cell and umi barcode in entry 461 of the bam file
2026-06-12 11:55:24,191 - WARNING - Not found cell and umi barcode in entry 477 of the bam file
2026-06-12 11:55:24,191 - WARNING - Not found cell and umi barcode in entry 478 of the bam file
2026-06-12 11:55:24,191 - WARNING - Not found cell and umi barcode in entry 481 of the bam file
2026-06-12 11:55:24,191 - WARNING - Not found cell and umi barcode in entry 492 of the bam file
2026-06-12 11:55:24,191 - WARNING - Not found cell and umi barcode in entry 493 of the bam file
2026-06-12 11:55:24,191 - WARNING - Not found cell and umi barcode in entry 494 of the bam file
2026-06-12 11:55:24,191 - WARNING - Not found cell and umi barcode in entry 497 of the bam file
2026-06-12 11:55:24,191 - WARNING - Not found cell and umi barcode in entry 498 of the bam file
2026-06-12 11:55:24,191 - WARNING - Not found cell and umi barcode in entry 499 of the bam file
2026-06-12 11:55:24,191 - WARNING - Not found cell and umi barcode in entry 500 of the bam file
2026-06-12 11:55:24,191 - WARNING - Not found cell and umi barcode in entry 501 of the bam file
2026-06-12 11:55:24,192 - WARNING - Not found cell and umi barcode in entry 502 of the bam file
2026-06-12 11:55:24,192 - WARNING - Not found cell and umi barcode in entry 503 of the bam file
2026-06-12 11:55:24,192 - WARNING - Not found cell and umi barcode in entry 504 of the bam file
2026-06-12 11:55:24,192 - WARNING - Not found cell and umi barcode in entry 505 of the bam file
2026-06-12 11:55:24,192 - WARNING - Not found cell and umi barcode in entry 506 of the bam file
2026-06-12 11:55:24,192 - WARNING - Not found cell and umi barcode in entry 507 of the bam file
2026-06-12 11:55:24,192 - WARNING - Not found cell and umi barcode in entry 508 of the bam file
2026-06-12 11:55:24,192 - WARNING - Not found cell and umi barcode in entry 509 of the bam file
2026-06-12 11:55:24,192 - WARNING - Not found cell and umi barcode in entry 510 of the bam file
2026-06-12 11:55:24,192 - WARNING - Not found cell and umi barcode in entry 511 of the bam file
2026-06-12 11:55:24,192 - WARNING - Not found cell and umi barcode in entry 512 of the bam file
2026-06-12 11:55:24,192 - WARNING - Not found cell and umi barcode in entry 513 of the bam file
2026-06-12 11:55:24,192 - WARNING - Not found cell and umi barcode in entry 514 of the bam file
2026-06-12 11:55:24,192 - WARNING - Not found cell and umi barcode in entry 515 of the bam file
2026-06-12 11:55:24,192 - WARNING - Not found cell and umi barcode in entry 516 of the bam file
2026-06-12 11:55:24,192 - WARNING - Not found cell and umi barcode in entry 517 of the bam file
2026-06-12 11:55:24,192 - WARNING - Not found cell and umi barcode in entry 518 of the bam file
2026-06-12 11:55:24,192 - WARNING - Not found cell and umi barcode in entry 525 of the bam file
2026-06-12 11:55:24,192 - WARNING - Not found cell and umi barcode in entry 557 of the bam file
2026-06-12 11:55:24,192 - WARNING - Not found cell and umi barcode in entry 567 of the bam file
2026-06-12 11:55:24,192 - WARNING - Not found cell and umi barcode in entry 568 of the bam file
2026-06-12 11:55:24,192 - WARNING - Not found cell and umi barcode in entry 569 of the bam file
2026-06-12 11:55:24,192 - WARNING - Not found cell and umi barcode in entry 570 of the bam file
2026-06-12 11:55:24,192 - WARNING - Not found cell and umi barcode in entry 581 of the bam file
2026-06-12 11:55:24,193 - WARNING - Not found cell and umi barcode in entry 740 of the bam file
2026-06-12 11:55:24,193 - WARNING - Not found cell and umi barcode in entry 808 of the bam file
2026-06-12 11:55:24,193 - WARNING - Not found cell and umi barcode in entry 828 of the bam file
2026-06-12 11:55:24,193 - WARNING - Not found cell and umi barcode in entry 829 of the bam file
2026-06-12 11:55:24,193 - WARNING - Not found cell and umi barcode in entry 833 of the bam file
2026-06-12 11:55:24,193 - WARNING - Not found cell and umi barcode in entry 834 of the bam file
2026-06-12 11:55:24,193 - WARNING - Not found cell and umi barcode in entry 835 of the bam file
2026-06-12 11:55:24,194 - WARNING - Not found cell and umi barcode in entry 838 of the bam file
2026-06-12 11:55:24,194 - WARNING - Not found cell and umi barcode in entry 844 of the bam file
2026-06-12 11:55:24,194 - WARNING - Not found cell and umi barcode in entry 845 of the bam file
2026-06-12 11:55:24,195 - WARNING - Not found cell and umi barcode in entry 1082 of the bam file
2026-06-12 11:55:24,195 - WARNING - Not found cell and umi barcode in entry 1083 of the bam file
2026-06-12 11:55:24,195 - WARNING - Not found cell and umi barcode in entry 1084 of the bam file
2026-06-12 11:55:24,195 - WARNING - Not found cell and umi barcode in entry 1085 of the bam file
2026-06-12 11:55:24,195 - WARNING - Not found cell and umi barcode in entry 1086 of the bam file
2026-06-12 11:55:24,195 - WARNING - Not found cell and umi barcode in entry 1087 of the bam file
2026-06-12 11:55:24,195 - WARNING - Not found cell and umi barcode in entry 1090 of the bam file
2026-06-12 11:55:24,195 - WARNING - Not found cell and umi barcode in entry 1091 of the bam file
2026-06-12 11:55:24,195 - WARNING - Not found cell and umi barcode in entry 1092 of the bam file
2026-06-12 11:55:24,195 - WARNING - Not found cell and umi barcode in entry 1093 of the bam file
2026-06-12 11:55:24,198 - INFO - Starting the sorting process of /research/peer/fdeckert/FD20250213HSCT/data/object/velocyto/S_7683_day14_transcriptome/possorted_genome_bam.bam the output will be at: /research/peer/fdeckert/FD20250213HSCT/data/object/velocyto/S_7683_day14_transcriptome/cellsorted_possorted_genome_bam.bam
2026-06-12 11:55:24,198 - INFO - Command being run is: samtools sort -l 7 -m 100M -t CB -O BAM -@ 16 -o /research/peer/fdeckert/FD20250213HSCT/data/object/velocyto/S_7683_day14_transcriptome/cellsorted_possorted_genome_bam.bam /research/peer/fdeckert/FD20250213HSCT/data/object/velocyto/S_7683_day14_transcriptome/possorted_genome_bam.bam
2026-06-12 11:55:24,198 - INFO - While the bam sorting happens do other things...
2026-06-12 11:55:24,198 - INFO - Load the annotation from /nobackup/peer/fdeckert/cellranger/GRCh38-2020-A/GRCh38/genes/genes.gtf
2026-06-12 11:55:31,219 - DEBUG - Parsing Chromosome GL000009.2 strand - [line 0]
2026-06-12 11:55:31,220 - DEBUG - Done with GL000009.2- [line 7]
2026-06-12 11:55:31,220 - DEBUG - Assigning indexes to genes
2026-06-12 11:55:31,220 - DEBUG - Seen 1 genes until now
2026-06-12 11:55:31,220 - DEBUG - Parsing Chromosome GL000194.1 strand - [line 8]
2026-06-12 11:55:31,220 - DEBUG - Done with GL000194.1- [line 33]
2026-06-12 11:55:31,220 - DEBUG - Assigning indexes to genes
2026-06-12 11:55:31,220 - DEBUG - Seen 3 genes until now
2026-06-12 11:55:31,220 - DEBUG - Parsing Chromosome GL000195.1 strand - [line 34]
2026-06-12 11:55:31,220 - DEBUG - Done with GL000195.1- [line 43]
2026-06-12 11:55:31,220 - DEBUG - Assigning indexes to genes
2026-06-12 11:55:31,220 - DEBUG - Seen 4 genes until now
2026-06-12 11:55:31,220 - DEBUG - Parsing Chromosome GL000195.1 strand + [line 44]
2026-06-12 11:55:31,220 - DEBUG - Done with GL000195.1+ [line 57]
2026-06-12 11:55:31,220 - DEBUG - Assigning indexes to genes
2026-06-12 11:55:31,220 - DEBUG - Seen 5 genes until now
2026-06-12 11:55:31,220 - DEBUG - Parsing Chromosome GL000205.2 strand - [line 58]
2026-06-12 11:55:31,221 - DEBUG - Done with GL000205.2- [line 71]
2026-06-12 11:55:31,221 - DEBUG - Assigning indexes to genes
2026-06-12 11:55:31,221 - DEBUG - Seen 6 genes until now
2026-06-12 11:55:31,221 - DEBUG - Parsing Chromosome GL000213.1 strand - [line 72]
2026-06-12 11:55:31,221 - DEBUG - Done with GL000213.1- [line 120]
2026-06-12 11:55:31,221 - DEBUG - Assigning indexes to genes
2026-06-12 11:55:31,221 - DEBUG - Seen 7 genes until now
2026-06-12 11:55:31,221 - DEBUG - Parsing Chromosome GL000218.1 strand - [line 121]
2026-06-12 11:55:31,221 - DEBUG - Done with GL000218.1- [line 128]
2026-06-12 11:55:31,221 - DEBUG - Assigning indexes to genes
2026-06-12 11:55:31,221 - DEBUG - Seen 8 genes until now
2026-06-12 11:55:31,221 - DEBUG - Parsing Chromosome GL000219.1 strand - [line 129]
2026-06-12 11:55:31,221 - DEBUG - Done with GL000219.1- [line 141]
2026-06-12 11:55:31,221 - DEBUG - Assigning indexes to genes
2026-06-12 11:55:31,221 - DEBUG - Seen 9 genes until now
2026-06-12 11:55:31,221 - DEBUG - Parsing Chromosome KI270711.1 strand - [line 142]
2026-06-12 11:55:31,222 - DEBUG - Done with KI270711.1- [line 292]
2026-06-12 11:55:31,222 - DEBUG - Assigning indexes to genes
2026-06-12 11:55:31,222 - DEBUG - Seen 10 genes until now
2026-06-12 11:55:31,222 - DEBUG - Parsing Chromosome KI270713.1 strand - [line 293]
2026-06-12 11:55:31,222 - DEBUG - Done with KI270713.1- [line 300]
2026-06-12 11:55:31,222 - DEBUG - Assigning indexes to genes
2026-06-12 11:55:31,222 - DEBUG - Seen 11 genes until now
2026-06-12 11:55:31,222 - DEBUG - Parsing Chromosome KI270713.1 strand + [line 301]
2026-06-12 11:55:31,222 - DEBUG - Done with KI270713.1+ [line 307]
2026-06-12 11:55:31,222 - DEBUG - Assigning indexes to genes
2026-06-12 11:55:31,222 - DEBUG - Seen 12 genes until now
2026-06-12 11:55:31,222 - DEBUG - Parsing Chromosome KI270721.1 strand + [line 308]
2026-06-12 11:55:31,222 - DEBUG - Done with KI270721.1+ [line 323]
2026-06-12 11:55:31,222 - DEBUG - Assigning indexes to genes
2026-06-12 11:55:31,222 - DEBUG - Seen 13 genes until now
2026-06-12 11:55:31,222 - DEBUG - Parsing Chromosome KI270726.1 strand + [line 324]
2026-06-12 11:55:31,222 - DEBUG - Done with KI270726.1+ [line 334]
2026-06-12 11:55:31,222 - DEBUG - Assigning indexes to genes
2026-06-12 11:55:31,222 - DEBUG - Seen 15 genes until now
2026-06-12 11:55:31,222 - DEBUG - Parsing Chromosome KI270727.1 strand - [line 335]
2026-06-12 11:55:31,223 - DEBUG - Done with KI270727.1- [line 394]
2026-06-12 11:55:31,223 - DEBUG - Assigning indexes to genes
2026-06-12 11:55:31,223 - DEBUG - Seen 17 genes until now
2026-06-12 11:55:31,223 - DEBUG - Parsing Chromosome KI270727.1 strand + [line 395]
2026-06-12 11:55:31,223 - DEBUG - Done with KI270727.1+ [line 409]
2026-06-12 11:55:31,223 - DEBUG - Assigning indexes to genes
2026-06-12 11:55:31,223 - DEBUG - Seen 19 genes until now
2026-06-12 11:55:31,223 - DEBUG - Parsing Chromosome KI270728.1 strand - [line 410]
2026-06-12 11:55:31,223 - DEBUG - Done with KI270728.1- [line 486]
2026-06-12 11:55:31,223 - DEBUG - Assigning indexes to genes
2026-06-12 11:55:31,223 - DEBUG - Seen 21 genes until now
2026-06-12 11:55:31,223 - DEBUG - Parsing Chromosome KI270728.1 strand + [line 487]
2026-06-12 11:55:31,223 - DEBUG - Done with KI270728.1+ [line 523]
2026-06-12 11:55:31,223 - DEBUG - Assigning indexes to genes
2026-06-12 11:55:31,223 - DEBUG - Seen 25 genes until now
2026-06-12 11:55:31,223 - DEBUG - Parsing Chromosome KI270731.1 strand - [line 524]
2026-06-12 11:55:31,224 - DEBUG - Done with KI270731.1- [line 530]
2026-06-12 11:55:31,224 - DEBUG - Assigning indexes to genes
2026-06-12 11:55:31,224 - DEBUG - Seen 26 genes until now
2026-06-12 11:55:31,224 - DEBUG - Parsing Chromosome KI270734.1 strand - [line 531]
2026-06-12 11:55:31,224 - DEBUG - Done with KI270734.1- [line 599]
2026-06-12 11:55:31,224 - DEBUG - Assigning indexes to genes
2026-06-12 11:55:31,224 - DEBUG - Seen 27 genes until now
2026-06-12 11:55:31,224 - DEBUG - Parsing Chromosome KI270734.1 strand + [line 600]
2026-06-12 11:55:31,224 - DEBUG - Done with KI270734.1+ [line 622]
2026-06-12 11:55:31,224 - DEBUG - Assigning indexes to genes
2026-06-12 11:55:31,224 - DEBUG - Seen 29 genes until now
2026-06-12 11:55:31,224 - DEBUG - Parsing Chromosome 1 strand - [line 623]
2026-06-12 11:55:32,122 - DEBUG - Done with 1- [line 118876]
2026-06-12 11:55:32,123 - DEBUG - Assigning indexes to genes
2026-06-12 11:55:32,138 - DEBUG - Seen 1711 genes until now
2026-06-12 11:55:32,138 - DEBUG - Parsing Chromosome 1 strand + [line 118877]
2026-06-12 11:55:33,196 - DEBUG - Done with 1+ [line 253796]
2026-06-12 11:55:33,196 - DEBUG - Assigning indexes to genes
2026-06-12 11:55:33,203 - DEBUG - Seen 3439 genes until now
2026-06-12 11:55:33,203 - DEBUG - Parsing Chromosome 10 strand - [line 253797]
2026-06-12 11:55:33,347 - DEBUG - Done with 10- [line 304078]
2026-06-12 11:55:33,348 - DEBUG - Assigning indexes to genes
2026-06-12 11:55:33,350 - DEBUG - Seen 4100 genes until now
2026-06-12 11:55:33,350 - DEBUG - Parsing Chromosome 10 strand + [line 304079]
2026-06-12 11:55:33,477 - DEBUG - Done with 10+ [line 356023]
2026-06-12 11:55:33,477 - DEBUG - Assigning indexes to genes
2026-06-12 11:55:33,480 - DEBUG - Seen 4833 genes until now
2026-06-12 11:55:33,480 - DEBUG - Parsing Chromosome 11 strand - [line 356024]
2026-06-12 11:55:34,070 - DEBUG - Done with 11- [line 438038]
2026-06-12 11:55:34,070 - DEBUG - Assigning indexes to genes
2026-06-12 11:55:34,090 - DEBUG - Seen 5833 genes until now
2026-06-12 11:55:34,090 - DEBUG - Parsing Chromosome 11 strand + [line 438039]
2026-06-12 11:55:34,409 - DEBUG - Done with 11+ [line 521163]
2026-06-12 11:55:34,409 - DEBUG - Assigning indexes to genes
2026-06-12 11:55:34,412 - DEBUG - Seen 6898 genes until now
2026-06-12 11:55:34,412 - DEBUG - Parsing Chromosome 12 strand - [line 521164]
2026-06-12 11:55:35,069 - DEBUG - Done with 12- [line 601582]
2026-06-12 11:55:35,069 - DEBUG - Assigning indexes to genes
2026-06-12 11:55:35,075 - DEBUG - Seen 7848 genes until now
2026-06-12 11:55:35,075 - DEBUG - Parsing Chromosome 12 strand + [line 601583]
2026-06-12 11:55:35,391 - DEBUG - Done with 12+ [line 681983]
2026-06-12 11:55:35,391 - DEBUG - Assigning indexes to genes
2026-06-12 11:55:35,397 - DEBUG - Seen 8826 genes until now
2026-06-12 11:55:35,397 - DEBUG - Parsing Chromosome 13 strand - [line 681984]
2026-06-12 11:55:35,483 - DEBUG - Done with 13- [line 702449]
2026-06-12 11:55:35,483 - DEBUG - Assigning indexes to genes
2026-06-12 11:55:35,485 - DEBUG - Seen 9225 genes until now
2026-06-12 11:55:35,485 - DEBUG - Parsing Chromosome 13 strand + [line 702450]
2026-06-12 11:55:35,590 - DEBUG - Done with 13+ [line 726349]
2026-06-12 11:55:35,591 - DEBUG - Assigning indexes to genes
2026-06-12 11:55:35,593 - DEBUG - Seen 9614 genes until now
2026-06-12 11:55:35,593 - DEBUG - Parsing Chromosome 14 strand - [line 726350]
2026-06-12 11:55:36,141 - DEBUG - Done with 14- [line 770987]
2026-06-12 11:55:36,141 - DEBUG - Assigning indexes to genes
2026-06-12 11:55:36,144 - DEBUG - Seen 10373 genes until now
2026-06-12 11:55:36,144 - DEBUG - Parsing Chromosome 14 strand + [line 770988]
2026-06-12 11:55:36,305 - DEBUG - Done with 14+ [line 822908]
2026-06-12 11:55:36,305 - DEBUG - Assigning indexes to genes
2026-06-12 11:55:36,310 - DEBUG - Seen 11088 genes until now
2026-06-12 11:55:36,310 - DEBUG - Parsing Chromosome 15 strand - [line 822909]
2026-06-12 11:55:36,479 - DEBUG - Done with 15- [line 873715]
2026-06-12 11:55:36,479 - DEBUG - Assigning indexes to genes
2026-06-12 11:55:36,481 - DEBUG - Seen 11734 genes until now
2026-06-12 11:55:36,481 - DEBUG - Parsing Chromosome 15 strand + [line 873716]
2026-06-12 11:55:36,611 - DEBUG - Done with 15+ [line 923824]
2026-06-12 11:55:36,611 - DEBUG - Assigning indexes to genes
2026-06-12 11:55:36,613 - DEBUG - Seen 12355 genes until now
2026-06-12 11:55:36,613 - DEBUG - Parsing Chromosome 16 strand - [line 923825]
2026-06-12 11:55:36,763 - DEBUG - Done with 16- [line 979238]
2026-06-12 11:55:36,764 - DEBUG - Assigning indexes to genes
2026-06-12 11:55:36,768 - DEBUG - Seen 13151 genes until now
2026-06-12 11:55:36,768 - DEBUG - Parsing Chromosome 16 strand + [line 979239]
2026-06-12 11:55:37,505 - DEBUG - Done with 16+ [line 1052152]
2026-06-12 11:55:37,505 - DEBUG - Assigning indexes to genes
2026-06-12 11:55:37,511 - DEBUG - Seen 14004 genes until now
2026-06-12 11:55:37,511 - DEBUG - Parsing Chromosome 17 strand - [line 1052153]
2026-06-12 11:55:37,883 - DEBUG - Done with 17- [line 1140008]
2026-06-12 11:55:37,883 - DEBUG - Assigning indexes to genes
2026-06-12 11:55:37,889 - DEBUG - Seen 15039 genes until now
2026-06-12 11:55:37,889 - DEBUG - Parsing Chromosome 17 strand + [line 1140009]
2026-06-12 11:55:38,228 - DEBUG - Done with 17+ [line 1219447]
2026-06-12 11:55:38,228 - DEBUG - Assigning indexes to genes
2026-06-12 11:55:38,233 - DEBUG - Seen 15996 genes until now
2026-06-12 11:55:38,234 - DEBUG - Parsing Chromosome 18 strand - [line 1219448]
2026-06-12 11:55:38,348 - DEBUG - Done with 18- [line 1246083]
2026-06-12 11:55:38,348 - DEBUG - Assigning indexes to genes
2026-06-12 11:55:38,350 - DEBUG - Seen 16371 genes until now
2026-06-12 11:55:38,350 - DEBUG - Parsing Chromosome 18 strand + [line 1246084]
2026-06-12 11:55:38,457 - DEBUG - Done with 18+ [line 1269821]
2026-06-12 11:55:38,457 - DEBUG - Assigning indexes to genes
2026-06-12 11:55:38,459 - DEBUG - Seen 16777 genes until now
2026-06-12 11:55:38,459 - DEBUG - Parsing Chromosome 19 strand - [line 1269822]
2026-06-12 11:55:39,349 - DEBUG - Done with 19- [line 1350736]
2026-06-12 11:55:39,349 - DEBUG - Assigning indexes to genes
2026-06-12 11:55:39,354 - DEBUG - Seen 17790 genes until now
2026-06-12 11:55:39,355 - DEBUG - Parsing Chromosome 19 strand + [line 1350737]
2026-06-12 11:55:39,793 - DEBUG - Done with 19+ [line 1435648]
2026-06-12 11:55:39,793 - DEBUG - Assigning indexes to genes
2026-06-12 11:55:39,800 - DEBUG - Seen 18804 genes until now
2026-06-12 11:55:39,801 - DEBUG - Parsing Chromosome 2 strand - [line 1435649]
2026-06-12 11:55:40,164 - DEBUG - Done with 2- [line 1542996]
2026-06-12 11:55:40,164 - DEBUG - Assigning indexes to genes
2026-06-12 11:55:40,170 - DEBUG - Seen 20037 genes until now
2026-06-12 11:55:40,170 - DEBUG - Parsing Chromosome 2 strand + [line 1542997]
2026-06-12 11:55:40,473 - DEBUG - Done with 2+ [line 1642863]
2026-06-12 11:55:40,473 - DEBUG - Assigning indexes to genes
2026-06-12 11:55:40,479 - DEBUG - Seen 21345 genes until now
2026-06-12 11:55:40,479 - DEBUG - Parsing Chromosome 20 strand - [line 1642864]
2026-06-12 11:55:40,571 - DEBUG - Done with 20- [line 1672442]
2026-06-12 11:55:40,571 - DEBUG - Assigning indexes to genes
2026-06-12 11:55:40,572 - DEBUG - Seen 21828 genes until now
2026-06-12 11:55:40,573 - DEBUG - Parsing Chromosome 20 strand + [line 1672443]
2026-06-12 11:55:40,704 - DEBUG - Done with 20+ [line 1707817]
2026-06-12 11:55:40,704 - DEBUG - Assigning indexes to genes
2026-06-12 11:55:40,714 - DEBUG - Seen 22309 genes until now
2026-06-12 11:55:40,714 - DEBUG - Parsing Chromosome 21 strand - [line 1707818]
2026-06-12 11:55:41,569 - DEBUG - Done with 21- [line 1722798]
2026-06-12 11:55:41,569 - DEBUG - Assigning indexes to genes
2026-06-12 11:55:41,570 - DEBUG - Seen 22596 genes until now
2026-06-12 11:55:41,570 - DEBUG - Parsing Chromosome 21 strand + [line 1722799]
2026-06-12 11:55:41,634 - DEBUG - Done with 21+ [line 1738981]
2026-06-12 11:55:41,634 - DEBUG - Assigning indexes to genes
2026-06-12 11:55:41,635 - DEBUG - Seen 22864 genes until now
2026-06-12 11:55:41,635 - DEBUG - Parsing Chromosome 22 strand - [line 1738982]
2026-06-12 11:55:41,718 - DEBUG - Done with 22- [line 1765357]
2026-06-12 11:55:41,718 - DEBUG - Assigning indexes to genes
2026-06-12 11:55:41,720 - DEBUG - Seen 23260 genes until now
2026-06-12 11:55:41,720 - DEBUG - Parsing Chromosome 22 strand + [line 1765358]
2026-06-12 11:55:41,837 - DEBUG - Done with 22+ [line 1797598]
2026-06-12 11:55:41,837 - DEBUG - Assigning indexes to genes
2026-06-12 11:55:41,839 - DEBUG - Seen 23765 genes until now
2026-06-12 11:55:41,839 - DEBUG - Parsing Chromosome 3 strand - [line 1797599]
2026-06-12 11:55:42,112 - DEBUG - Done with 3- [line 1887377]
2026-06-12 11:55:42,112 - DEBUG - Assigning indexes to genes
2026-06-12 11:55:42,116 - DEBUG - Seen 24693 genes until now
2026-06-12 11:55:42,117 - DEBUG - Parsing Chromosome 3 strand + [line 1887378]
2026-06-12 11:55:42,342 - DEBUG - Done with 3+ [line 1977011]
2026-06-12 11:55:42,342 - DEBUG - Assigning indexes to genes
2026-06-12 11:55:42,347 - DEBUG - Seen 25658 genes until now
2026-06-12 11:55:42,347 - DEBUG - Parsing Chromosome 4 strand - [line 1977012]
2026-06-12 11:55:42,498 - DEBUG - Done with 4- [line 2034238]
2026-06-12 11:55:42,498 - DEBUG - Assigning indexes to genes
2026-06-12 11:55:42,502 - DEBUG - Seen 26401 genes until now
2026-06-12 11:55:42,502 - DEBUG - Parsing Chromosome 4 strand + [line 2034239]
2026-06-12 11:55:42,756 - DEBUG - Done with 4+ [line 2094594]
2026-06-12 11:55:42,756 - DEBUG - Assigning indexes to genes
2026-06-12 11:55:42,761 - DEBUG - Seen 27191 genes until now
2026-06-12 11:55:42,761 - DEBUG - Parsing Chromosome 5 strand - [line 2094595]
2026-06-12 11:55:42,960 - DEBUG - Done with 5- [line 2152660]
2026-06-12 11:55:42,960 - DEBUG - Assigning indexes to genes
2026-06-12 11:55:42,963 - DEBUG - Seen 28071 genes until now
2026-06-12 11:55:42,963 - DEBUG - Parsing Chromosome 5 strand + [line 2152661]
2026-06-12 11:55:44,017 - DEBUG - Done with 5+ [line 2218657]
2026-06-12 11:55:44,017 - DEBUG - Assigning indexes to genes
2026-06-12 11:55:44,023 - DEBUG - Seen 29002 genes until now
2026-06-12 11:55:44,023 - DEBUG - Parsing Chromosome 6 strand - [line 2218658]
2026-06-12 11:55:44,297 - DEBUG - Done with 6- [line 2284937]
2026-06-12 11:55:44,297 - DEBUG - Assigning indexes to genes
2026-06-12 11:55:44,301 - DEBUG - Seen 29928 genes until now
2026-06-12 11:55:44,301 - DEBUG - Parsing Chromosome 6 strand + [line 2284938]
2026-06-12 11:55:44,471 - DEBUG - Done with 6+ [line 2345240]
2026-06-12 11:55:44,471 - DEBUG - Assigning indexes to genes
2026-06-12 11:55:44,475 - DEBUG - Seen 30829 genes until now
2026-06-12 11:55:44,475 - DEBUG - Parsing Chromosome 7 strand - [line 2345241]
2026-06-12 11:55:44,716 - DEBUG - Done with 7- [line 2406845]
2026-06-12 11:55:44,716 - DEBUG - Assigning indexes to genes
2026-06-12 11:55:44,721 - DEBUG - Seen 31621 genes until now
2026-06-12 11:55:44,721 - DEBUG - Parsing Chromosome 7 strand + [line 2406846]
2026-06-12 11:55:44,980 - DEBUG - Done with 7+ [line 2476014]
2026-06-12 11:55:44,980 - DEBUG - Assigning indexes to genes
2026-06-12 11:55:44,985 - DEBUG - Seen 32515 genes until now
2026-06-12 11:55:44,985 - DEBUG - Parsing Chromosome 8 strand - [line 2476015]
2026-06-12 11:55:45,139 - DEBUG - Done with 8- [line 2527366]
2026-06-12 11:55:45,139 - DEBUG - Assigning indexes to genes
2026-06-12 11:55:45,143 - DEBUG - Seen 33270 genes until now
2026-06-12 11:55:45,143 - DEBUG - Parsing Chromosome 8 strand + [line 2527367]
2026-06-12 11:55:45,405 - DEBUG - Done with 8+ [line 2577021]
2026-06-12 11:55:45,405 - DEBUG - Assigning indexes to genes
2026-06-12 11:55:45,411 - DEBUG - Seen 34010 genes until now
2026-06-12 11:55:45,411 - DEBUG - Parsing Chromosome 9 strand - [line 2577022]
2026-06-12 11:55:45,563 - DEBUG - Done with 9- [line 2622811]
2026-06-12 11:55:45,564 - DEBUG - Assigning indexes to genes
2026-06-12 11:55:45,566 - DEBUG - Seen 34681 genes until now
2026-06-12 11:55:45,566 - DEBUG - Parsing Chromosome 9 strand + [line 2622812]
2026-06-12 11:55:45,705 - DEBUG - Done with 9+ [line 2672374]
2026-06-12 11:55:45,705 - DEBUG - Assigning indexes to genes
2026-06-12 11:55:45,708 - DEBUG - Seen 35329 genes until now
2026-06-12 11:55:45,708 - DEBUG - Parsing Chromosome M strand - [line 2672375]
2026-06-12 11:55:45,709 - DEBUG - Done with M- [line 2672379]
2026-06-12 11:55:45,709 - DEBUG - Assigning indexes to genes
2026-06-12 11:55:45,709 - DEBUG - Seen 35330 genes until now
2026-06-12 11:55:45,709 - DEBUG - Parsing Chromosome M strand + [line 2672380]
2026-06-12 11:55:45,709 - DEBUG - Done with M+ [line 2672445]
2026-06-12 11:55:45,709 - DEBUG - Assigning indexes to genes
2026-06-12 11:55:45,709 - DEBUG - Seen 35342 genes until now
2026-06-12 11:55:45,709 - DEBUG - Parsing Chromosome X strand - [line 2672446]
2026-06-12 11:55:45,864 - DEBUG - Done with X- [line 2716088]
2026-06-12 11:55:45,864 - DEBUG - Assigning indexes to genes
2026-06-12 11:55:45,868 - DEBUG - Seen 35884 genes until now
2026-06-12 11:55:45,868 - DEBUG - Parsing Chromosome X strand + [line 2716089]
2026-06-12 11:55:46,057 - DEBUG - Done with X+ [line 2760500]
2026-06-12 11:55:46,057 - DEBUG - Assigning indexes to genes
2026-06-12 11:55:46,061 - DEBUG - Seen 36490 genes until now
2026-06-12 11:55:46,061 - DEBUG - Parsing Chromosome Y strand - [line 2760501]
2026-06-12 11:55:46,073 - DEBUG - Done with Y- [line 2763031]
2026-06-12 11:55:46,073 - DEBUG - Assigning indexes to genes
2026-06-12 11:55:46,073 - DEBUG - Seen 36543 genes until now
2026-06-12 11:55:46,073 - DEBUG - Parsing Chromosome Y strand + [line 2763032]
2026-06-12 11:55:46,086 - DEBUG - Assigning indexes to genes
2026-06-12 11:55:46,086 - DEBUG - Done with Y+ [line 2765967]
2026-06-12 11:55:46,086 - DEBUG - Fixing corner cases of transcript models containg intron longer than 1000Kbp
2026-06-12 11:55:47,557 - DEBUG - Generated 2411536 features corresponding to 199138 transcript models from /nobackup/peer/fdeckert/cellranger/GRCh38-2020-A/GRCh38/genes/genes.gtf
2026-06-12 11:55:47,578 - INFO - Scan /research/peer/fdeckert/FD20250213HSCT/data/object/velocyto/S_7683_day14_transcriptome/possorted_genome_bam.bam to validate intron intervals
2026-06-12 11:55:49,218 - DEBUG - Reading /research/peer/fdeckert/FD20250213HSCT/data/object/velocyto/S_7683_day14_transcriptome/possorted_genome_bam.bam
2026-06-12 11:55:49,234 - DEBUG - Read first 0 million reads
2026-06-12 11:55:49,235 - DEBUG - Marking up chromosome 1
2026-06-12 11:57:01,096 - DEBUG - Marking up chromosome 10
2026-06-12 11:57:10,751 - DEBUG - Read first 10 million reads
2026-06-12 11:57:26,552 - DEBUG - Marking up chromosome 11
2026-06-12 11:58:17,728 - DEBUG - Marking up chromosome 12
2026-06-12 11:58:43,673 - DEBUG - Read first 20 million reads
2026-06-12 11:58:59,011 - DEBUG - Marking up chromosome 13
2026-06-12 11:59:11,903 - DEBUG - Marking up chromosome 14
2026-06-12 11:59:32,529 - DEBUG - Marking up chromosome 15
2026-06-12 11:59:59,641 - DEBUG - Marking up chromosome 16
2026-06-12 12:00:23,963 - DEBUG - Read first 30 million reads
2026-06-12 12:00:24,555 - DEBUG - Marking up chromosome 17
2026-06-12 12:01:04,549 - DEBUG - Marking up chromosome 18
2026-06-12 12:01:12,213 - DEBUG - Marking up chromosome 19
2026-06-12 12:02:08,893 - DEBUG - Read first 40 million reads
2026-06-12 12:02:09,782 - DEBUG - Marking up chromosome 2
2026-06-12 12:02:52,234 - DEBUG - Marking up chromosome 20
2026-06-12 12:03:02,784 - DEBUG - Marking up chromosome 21
2026-06-12 12:03:07,542 - DEBUG - Read first 50 million reads
2026-06-12 12:03:20,008 - DEBUG - Read first 60 million reads
2026-06-12 12:03:26,296 - DEBUG - Marking up chromosome 22
2026-06-12 12:03:34,470 - DEBUG - Marking up chromosome 3
2026-06-12 12:03:59,124 - DEBUG - Marking up chromosome 4
2026-06-12 12:04:14,339 - DEBUG - Marking up chromosome 5
2026-06-12 12:04:15,729 - DEBUG - Read first 70 million reads
2026-06-12 12:04:38,828 - DEBUG - Marking up chromosome 6
2026-06-12 12:05:07,923 - DEBUG - Marking up chromosome 7
2026-06-12 12:05:20,416 - DEBUG - Read first 80 million reads
2026-06-12 12:05:29,231 - DEBUG - Marking up chromosome 8
2026-06-12 12:05:45,493 - DEBUG - Marking up chromosome 9
2026-06-12 12:06:01,229 - DEBUG - Marking up chromosome MT
2026-06-12 12:06:01,230 - WARNING - The .bam file refers to a chromosome 'MT+' not present in the annotation (.gtf) file
2026-06-12 12:06:01,230 - WARNING - The .bam file refers to a chromosome 'MT-' not present in the annotation (.gtf) file
2026-06-12 12:06:14,847 - DEBUG - Read first 90 million reads
2026-06-12 12:07:06,790 - DEBUG - Read first 100 million reads
2026-06-12 12:07:11,518 - DEBUG - Marking up chromosome X
2026-06-12 12:07:30,419 - DEBUG - Marking up chromosome Y
2026-06-12 12:07:30,728 - DEBUG - Marking up chromosome KI270728.1
2026-06-12 12:07:30,729 - DEBUG - Marking up chromosome KI270727.1
2026-06-12 12:07:30,729 - DEBUG - Marking up chromosome KI270442.1
2026-06-12 12:07:30,729 - WARNING - The .bam file refers to a chromosome 'KI270442.1+' not present in the annotation (.gtf) file
2026-06-12 12:07:30,729 - WARNING - The .bam file refers to a chromosome 'KI270442.1-' not present in the annotation (.gtf) file
2026-06-12 12:07:30,729 - DEBUG - Marking up chromosome KI270743.1
2026-06-12 12:07:30,729 - WARNING - The .bam file refers to a chromosome 'KI270743.1+' not present in the annotation (.gtf) file
2026-06-12 12:07:30,729 - WARNING - The .bam file refers to a chromosome 'KI270743.1-' not present in the annotation (.gtf) file
2026-06-12 12:07:30,729 - DEBUG - Marking up chromosome GL000008.2
2026-06-12 12:07:30,729 - WARNING - The .bam file refers to a chromosome 'GL000008.2+' not present in the annotation (.gtf) file
2026-06-12 12:07:30,729 - WARNING - The .bam file refers to a chromosome 'GL000008.2-' not present in the annotation (.gtf) file
2026-06-12 12:07:30,730 - DEBUG - Marking up chromosome GL000009.2
2026-06-12 12:07:30,730 - WARNING - The .bam file refers to a chromosome 'GL000009.2+' not present in the annotation (.gtf) file
2026-06-12 12:07:30,730 - DEBUG - Marking up chromosome GL000194.1
2026-06-12 12:07:30,730 - WARNING - The .bam file refers to a chromosome 'GL000194.1+' not present in the annotation (.gtf) file
2026-06-12 12:07:30,738 - DEBUG - Marking up chromosome KI270742.1
2026-06-12 12:07:30,738 - WARNING - The .bam file refers to a chromosome 'KI270742.1+' not present in the annotation (.gtf) file
2026-06-12 12:07:30,738 - WARNING - The .bam file refers to a chromosome 'KI270742.1-' not present in the annotation (.gtf) file
2026-06-12 12:07:30,739 - DEBUG - Marking up chromosome GL000205.2
2026-06-12 12:07:30,740 - WARNING - The .bam file refers to a chromosome 'GL000205.2+' not present in the annotation (.gtf) file
2026-06-12 12:07:30,742 - DEBUG - Marking up chromosome GL000195.1
2026-06-12 12:07:30,761 - DEBUG - Marking up chromosome KI270733.1
2026-06-12 12:07:30,761 - WARNING - The .bam file refers to a chromosome 'KI270733.1+' not present in the annotation (.gtf) file
2026-06-12 12:07:30,761 - WARNING - The .bam file refers to a chromosome 'KI270733.1-' not present in the annotation (.gtf) file
2026-06-12 12:07:32,480 - DEBUG - Marking up chromosome GL000224.1
2026-06-12 12:07:32,481 - WARNING - The .bam file refers to a chromosome 'GL000224.1+' not present in the annotation (.gtf) file
2026-06-12 12:07:32,481 - WARNING - The .bam file refers to a chromosome 'GL000224.1-' not present in the annotation (.gtf) file
2026-06-12 12:07:32,481 - DEBUG - Marking up chromosome GL000219.1
2026-06-12 12:07:32,481 - WARNING - The .bam file refers to a chromosome 'GL000219.1+' not present in the annotation (.gtf) file
2026-06-12 12:07:32,497 - DEBUG - Marking up chromosome KI270719.1
2026-06-12 12:07:32,497 - WARNING - The .bam file refers to a chromosome 'KI270719.1+' not present in the annotation (.gtf) file
2026-06-12 12:07:32,498 - WARNING - The .bam file refers to a chromosome 'KI270719.1-' not present in the annotation (.gtf) file
2026-06-12 12:07:32,498 - DEBUG - Marking up chromosome GL000216.2
2026-06-12 12:07:32,498 - WARNING - The .bam file refers to a chromosome 'GL000216.2+' not present in the annotation (.gtf) file
2026-06-12 12:07:32,498 - WARNING - The .bam file refers to a chromosome 'GL000216.2-' not present in the annotation (.gtf) file
2026-06-12 12:07:32,498 - DEBUG - Marking up chromosome KI270706.1
2026-06-12 12:07:32,498 - WARNING - The .bam file refers to a chromosome 'KI270706.1+' not present in the annotation (.gtf) file
2026-06-12 12:07:32,498 - WARNING - The .bam file refers to a chromosome 'KI270706.1-' not present in the annotation (.gtf) file
2026-06-12 12:07:32,504 - DEBUG - Marking up chromosome KI270744.1
2026-06-12 12:07:32,504 - WARNING - The .bam file refers to a chromosome 'KI270744.1+' not present in the annotation (.gtf) file
2026-06-12 12:07:32,504 - WARNING - The .bam file refers to a chromosome 'KI270744.1-' not present in the annotation (.gtf) file
2026-06-12 12:07:32,506 - DEBUG - Marking up chromosome KI270734.1
2026-06-12 12:07:32,507 - DEBUG - Marking up chromosome GL000220.1
2026-06-12 12:07:32,507 - WARNING - The .bam file refers to a chromosome 'GL000220.1+' not present in the annotation (.gtf) file
2026-06-12 12:07:32,507 - WARNING - The .bam file refers to a chromosome 'GL000220.1-' not present in the annotation (.gtf) file
2026-06-12 12:07:38,859 - DEBUG - Read first 110 million reads
2026-06-12 12:07:46,595 - DEBUG - Marking up chromosome GL000218.1
2026-06-12 12:07:46,595 - WARNING - The .bam file refers to a chromosome 'GL000218.1+' not present in the annotation (.gtf) file
2026-06-12 12:07:46,602 - DEBUG - Marking up chromosome KI270749.1
2026-06-12 12:07:46,602 - WARNING - The .bam file refers to a chromosome 'KI270749.1+' not present in the annotation (.gtf) file
2026-06-12 12:07:46,602 - WARNING - The .bam file refers to a chromosome 'KI270749.1-' not present in the annotation (.gtf) file
2026-06-12 12:07:46,602 - DEBUG - Marking up chromosome GL000221.1
2026-06-12 12:07:46,602 - WARNING - The .bam file refers to a chromosome 'GL000221.1+' not present in the annotation (.gtf) file
2026-06-12 12:07:46,602 - WARNING - The .bam file refers to a chromosome 'GL000221.1-' not present in the annotation (.gtf) file
2026-06-12 12:07:46,603 - DEBUG - Marking up chromosome KI270751.1
2026-06-12 12:07:46,603 - WARNING - The .bam file refers to a chromosome 'KI270751.1+' not present in the annotation (.gtf) file
2026-06-12 12:07:46,603 - WARNING - The .bam file refers to a chromosome 'KI270751.1-' not present in the annotation (.gtf) file
2026-06-12 12:07:46,604 - DEBUG - Marking up chromosome GL000214.1
2026-06-12 12:07:46,604 - WARNING - The .bam file refers to a chromosome 'GL000214.1+' not present in the annotation (.gtf) file
2026-06-12 12:07:46,604 - WARNING - The .bam file refers to a chromosome 'GL000214.1-' not present in the annotation (.gtf) file
2026-06-12 12:07:46,615 - DEBUG - Marking up chromosome KI270711.1
2026-06-12 12:07:46,615 - WARNING - The .bam file refers to a chromosome 'KI270711.1+' not present in the annotation (.gtf) file
2026-06-12 12:07:46,619 - DEBUG - Marking up chromosome KI270745.1
2026-06-12 12:07:46,619 - WARNING - The .bam file refers to a chromosome 'KI270745.1+' not present in the annotation (.gtf) file
2026-06-12 12:07:46,619 - WARNING - The .bam file refers to a chromosome 'KI270745.1-' not present in the annotation (.gtf) file
2026-06-12 12:07:46,620 - DEBUG - Marking up chromosome KI270713.1
2026-06-12 12:07:46,621 - DEBUG - Marking up chromosome KI270718.1
2026-06-12 12:07:46,621 - WARNING - The .bam file refers to a chromosome 'KI270718.1+' not present in the annotation (.gtf) file
2026-06-12 12:07:46,621 - WARNING - The .bam file refers to a chromosome 'KI270718.1-' not present in the annotation (.gtf) file
2026-06-12 12:07:46,622 - DEBUG - Marking up chromosome KI270707.1
2026-06-12 12:07:46,622 - WARNING - The .bam file refers to a chromosome 'KI270707.1+' not present in the annotation (.gtf) file
2026-06-12 12:07:46,622 - WARNING - The .bam file refers to a chromosome 'KI270707.1-' not present in the annotation (.gtf) file
2026-06-12 12:07:50,071 - DEBUG - Read first 120 million reads
2026-06-12 12:07:59,123 - DEBUG - Read first 130 million reads
2026-06-12 12:08:08,960 - DEBUG - Read first 140 million reads
2026-06-12 12:08:18,706 - DEBUG - Read first 150 million reads
2026-06-12 12:08:27,935 - DEBUG - End of file. Reset index: start scanning from initial position.
2026-06-12 12:08:27,936 - DEBUG - 5851338 reads were skipped because no apropiate cell or umi barcode was found
2026-06-12 12:08:27,936 - INFO - Now just waiting that the bam sorting process terminates
2026-06-12 12:08:27,936 - INFO - bam file #0 has been sorted
2026-06-12 12:08:27,936 - DEBUG - Start molecule counting!
2026-06-12 12:08:29,367 - DEBUG - Features available for chromosomes : ['GL000009.2-', 'GL000194.1-', 'GL000195.1-', 'GL000195.1+', 'GL000205.2-', 'GL000213.1-', 'GL000218.1-', 'GL000219.1-', 'KI270711.1-', 'KI270713.1-', 'KI270713.1+', 'KI270721.1+', 'KI270726.1+', 'KI270727.1-', 'KI270727.1+', 'KI270728.1-', 'KI270728.1+', 'KI270731.1-', 'KI270734.1-', 'KI270734.1+', '1-', '1+', '10-', '10+', '11-', '11+', '12-', '12+', '13-', '13+', '14-', '14+', '15-', '15+', '16-', '16+', '17-', '17+', '18-', '18+', '19-', '19+', '2-', '2+', '20-', '20+', '21-', '21+', '22-', '22+', '3-', '3+', '4-', '4+', '5-', '5+', '6-', '6+', '7-', '7+', '8-', '8+', '9-', '9+', 'M-', 'M+', 'X-', 'X+', 'Y-', 'Y+']
2026-06-12 12:08:29,367 - DEBUG - Mask available for chromosomes : []
2026-06-12 12:08:29,367 - DEBUG - Summarizing the results of intron validation.
2026-06-12 12:08:29,659 - DEBUG - Validated 207265 introns (of which unique intervals 67558) out of 1106199 total possible introns (considering each possible transcript models).
2026-06-12 12:08:29,660 - DEBUG - Reading /research/peer/fdeckert/FD20250213HSCT/data/object/velocyto/S_7683_day14_transcriptome/cellsorted_possorted_genome_bam.bam
2026-06-12 12:08:29,677 - DEBUG - Read first 0 million reads
2026-06-12 12:08:58,292 - DEBUG - Read first 10 million reads
2026-06-12 12:09:27,193 - DEBUG - Read first 20 million reads
2026-06-12 12:10:12,629 - DEBUG - Read first 30 million reads
2026-06-12 12:10:19,928 - DEBUG - Counting for batch 1, containing 100 cells and 6265656 reads
2026-06-12 12:11:24,609 - DEBUG - 0 reads not considered because fully enclosed in repeat masked regions
2026-06-12 12:12:08,219 - DEBUG - Read first 40 million reads
2026-06-12 12:12:42,171 - DEBUG - Counting for batch 2, containing 100 cells and 6370392 reads
2026-06-12 12:13:44,354 - DEBUG - 0 reads not considered because fully enclosed in repeat masked regions
2026-06-12 12:14:04,843 - DEBUG - Read first 50 million reads
2026-06-12 12:14:45,606 - DEBUG - Read first 60 million reads
2026-06-12 12:15:06,019 - DEBUG - Counting for batch 3, containing 100 cells and 6053088 reads
2026-06-12 12:16:11,602 - DEBUG - 0 reads not considered because fully enclosed in repeat masked regions
2026-06-12 12:16:41,628 - DEBUG - Read first 70 million reads
2026-06-12 12:17:17,621 - DEBUG - Counting for batch 4, containing 100 cells and 5412976 reads
2026-06-12 12:18:16,506 - DEBUG - 0 reads not considered because fully enclosed in repeat masked regions
2026-06-12 12:18:33,112 - DEBUG - Read first 80 million reads
2026-06-12 12:19:21,573 - DEBUG - Read first 90 million reads
2026-06-12 12:19:39,783 - DEBUG - Counting for batch 5, containing 100 cells and 6547232 reads
2026-06-12 12:20:53,030 - DEBUG - 0 reads not considered because fully enclosed in repeat masked regions
2026-06-12 12:21:27,065 - DEBUG - Read first 100 million reads
2026-06-12 12:22:06,904 - DEBUG - Counting for batch 6, containing 100 cells and 5816876 reads
2026-06-12 12:23:11,004 - DEBUG - 0 reads not considered because fully enclosed in repeat masked regions
2026-06-12 12:23:26,219 - DEBUG - Read first 110 million reads
2026-06-12 12:24:09,617 - DEBUG - Read first 120 million reads
2026-06-12 12:24:29,153 - DEBUG - Counting for batch 7, containing 100 cells and 6024754 reads
2026-06-12 12:25:34,803 - DEBUG - 0 reads not considered because fully enclosed in repeat masked regions
2026-06-12 12:26:04,623 - DEBUG - Read first 130 million reads
2026-06-12 12:26:47,509 - DEBUG - Counting for batch 8, containing 100 cells and 5023022 reads
2026-06-12 12:27:44,358 - DEBUG - 0 reads not considered because fully enclosed in repeat masked regions
2026-06-12 12:27:53,915 - DEBUG - Read first 140 million reads
2026-06-12 12:28:32,715 - DEBUG - Read first 150 million reads
2026-06-12 12:29:11,456 - DEBUG - Counting for batch 9, containing 100 cells and 6278612 reads
2026-06-12 12:30:21,636 - DEBUG - 0 reads not considered because fully enclosed in repeat masked regions
2026-06-12 12:30:32,842 - DEBUG - Counting for batch 10, containing 7 cells and 389472 reads
2026-06-12 12:30:36,558 - DEBUG - 0 reads not considered because fully enclosed in repeat masked regions
2026-06-12 12:30:36,966 - DEBUG - 5851338 reads were skipped because no apropiate cell or umi barcode was found
2026-06-12 12:30:36,967 - DEBUG - Counting done!
2026-06-12 12:30:36,974 - DEBUG - Generating output file /research/peer/fdeckert/FD20250213HSCT/data/object/velocyto/S_7683_day14_transcriptome/velocyto.loom
2026-06-12 12:30:36,974 - DEBUG - Collecting row attributes
2026-06-12 12:30:37,059 - DEBUG - Generating data table
2026-06-12 12:30:37,217 - DEBUG - Writing loom file
2026-06-12 12:30:37,398 - DEBUG - Creating converter from 5 to 3
2026-06-12 12:30:37,400 - DEBUG - Creating converter from 3 to 5
2026-06-12 12:30:38,788 - DEBUG - Terminated Succesfully!
