2026-06-12 12:16:10,350 - DEBUG - Using logic: Permissive10X
2026-06-12 12:16:10,362 - INFO - Read 8643 cell barcodes from /research/lab_stary/sequencing_projects/acute_gvhd/COUNT/CoR_GVD_08_transcriptome/filtered_feature_bc_matrix/barcodes.tsv.gz
2026-06-12 12:16:10,362 - DEBUG - Example of barcode: AAACCTGAGAGCTGCA and cell_id: velocyto:AAACCTGAGAGCTGCA-1
2026-06-12 12:16:10,366 - DEBUG - Peeking into /research/peer/fdeckert/FD20250213HSCT/data/object/velocyto/CoR_GVD_08_transcriptome/possorted_genome_bam.bam
2026-06-12 12:16:10,382 - WARNING - Not found cell and umi barcode in entry 75 of the bam file
2026-06-12 12:16:10,382 - WARNING - Not found cell and umi barcode in entry 76 of the bam file
2026-06-12 12:16:10,382 - WARNING - Not found cell and umi barcode in entry 99 of the bam file
2026-06-12 12:16:10,382 - WARNING - Not found cell and umi barcode in entry 115 of the bam file
2026-06-12 12:16:10,382 - WARNING - Not found cell and umi barcode in entry 116 of the bam file
2026-06-12 12:16:10,383 - WARNING - Not found cell and umi barcode in entry 117 of the bam file
2026-06-12 12:16:10,383 - WARNING - Not found cell and umi barcode in entry 128 of the bam file
2026-06-12 12:16:10,383 - WARNING - Not found cell and umi barcode in entry 132 of the bam file
2026-06-12 12:16:10,383 - WARNING - Not found cell and umi barcode in entry 133 of the bam file
2026-06-12 12:16:10,383 - WARNING - Not found cell and umi barcode in entry 157 of the bam file
2026-06-12 12:16:10,383 - WARNING - Not found cell and umi barcode in entry 165 of the bam file
2026-06-12 12:16:10,383 - WARNING - Not found cell and umi barcode in entry 166 of the bam file
2026-06-12 12:16:10,383 - WARNING - Not found cell and umi barcode in entry 173 of the bam file
2026-06-12 12:16:10,383 - WARNING - Not found cell and umi barcode in entry 174 of the bam file
2026-06-12 12:16:10,383 - WARNING - Not found cell and umi barcode in entry 187 of the bam file
2026-06-12 12:16:10,383 - WARNING - Not found cell and umi barcode in entry 197 of the bam file
2026-06-12 12:16:10,383 - WARNING - Not found cell and umi barcode in entry 218 of the bam file
2026-06-12 12:16:10,383 - WARNING - Not found cell and umi barcode in entry 219 of the bam file
2026-06-12 12:16:10,383 - WARNING - Not found cell and umi barcode in entry 225 of the bam file
2026-06-12 12:16:10,383 - WARNING - Not found cell and umi barcode in entry 249 of the bam file
2026-06-12 12:16:10,383 - WARNING - Not found cell and umi barcode in entry 250 of the bam file
2026-06-12 12:16:10,383 - WARNING - Not found cell and umi barcode in entry 268 of the bam file
2026-06-12 12:16:10,383 - WARNING - Not found cell and umi barcode in entry 298 of the bam file
2026-06-12 12:16:10,383 - WARNING - Not found cell and umi barcode in entry 327 of the bam file
2026-06-12 12:16:10,383 - WARNING - Not found cell and umi barcode in entry 331 of the bam file
2026-06-12 12:16:10,384 - WARNING - Not found cell and umi barcode in entry 341 of the bam file
2026-06-12 12:16:10,384 - WARNING - Not found cell and umi barcode in entry 519 of the bam file
2026-06-12 12:16:10,384 - WARNING - Not found cell and umi barcode in entry 580 of the bam file
2026-06-12 12:16:10,385 - WARNING - Not found cell and umi barcode in entry 676 of the bam file
2026-06-12 12:16:10,385 - WARNING - Not found cell and umi barcode in entry 700 of the bam file
2026-06-12 12:16:10,385 - WARNING - Not found cell and umi barcode in entry 708 of the bam file
2026-06-12 12:16:10,385 - WARNING - Not found cell and umi barcode in entry 728 of the bam file
2026-06-12 12:16:10,385 - WARNING - Not found cell and umi barcode in entry 745 of the bam file
2026-06-12 12:16:10,385 - WARNING - Not found cell and umi barcode in entry 746 of the bam file
2026-06-12 12:16:10,385 - WARNING - Not found cell and umi barcode in entry 775 of the bam file
2026-06-12 12:16:10,385 - WARNING - Not found cell and umi barcode in entry 780 of the bam file
2026-06-12 12:16:10,385 - WARNING - Not found cell and umi barcode in entry 798 of the bam file
2026-06-12 12:16:10,386 - WARNING - Not found cell and umi barcode in entry 831 of the bam file
2026-06-12 12:16:10,386 - WARNING - Not found cell and umi barcode in entry 833 of the bam file
2026-06-12 12:16:10,386 - WARNING - Not found cell and umi barcode in entry 839 of the bam file
2026-06-12 12:16:10,386 - WARNING - Not found cell and umi barcode in entry 840 of the bam file
2026-06-12 12:16:10,386 - WARNING - Not found cell and umi barcode in entry 844 of the bam file
2026-06-12 12:16:10,386 - WARNING - Not found cell and umi barcode in entry 853 of the bam file
2026-06-12 12:16:10,386 - WARNING - Not found cell and umi barcode in entry 854 of the bam file
2026-06-12 12:16:10,386 - WARNING - Not found cell and umi barcode in entry 855 of the bam file
2026-06-12 12:16:10,386 - WARNING - Not found cell and umi barcode in entry 862 of the bam file
2026-06-12 12:16:10,386 - WARNING - Not found cell and umi barcode in entry 865 of the bam file
2026-06-12 12:16:10,387 - WARNING - Not found cell and umi barcode in entry 892 of the bam file
2026-06-12 12:16:10,387 - WARNING - Not found cell and umi barcode in entry 893 of the bam file
2026-06-12 12:16:10,387 - WARNING - Not found cell and umi barcode in entry 894 of the bam file
2026-06-12 12:16:10,387 - WARNING - Not found cell and umi barcode in entry 904 of the bam file
2026-06-12 12:16:10,387 - WARNING - Not found cell and umi barcode in entry 905 of the bam file
2026-06-12 12:16:10,387 - WARNING - Not found cell and umi barcode in entry 909 of the bam file
2026-06-12 12:16:10,387 - WARNING - Not found cell and umi barcode in entry 919 of the bam file
2026-06-12 12:16:10,387 - WARNING - Not found cell and umi barcode in entry 924 of the bam file
2026-06-12 12:16:10,387 - WARNING - Not found cell and umi barcode in entry 932 of the bam file
2026-06-12 12:16:10,387 - WARNING - Not found cell and umi barcode in entry 935 of the bam file
2026-06-12 12:16:10,387 - WARNING - Not found cell and umi barcode in entry 936 of the bam file
2026-06-12 12:16:10,387 - WARNING - Not found cell and umi barcode in entry 951 of the bam file
2026-06-12 12:16:10,390 - INFO - Starting the sorting process of /research/peer/fdeckert/FD20250213HSCT/data/object/velocyto/CoR_GVD_08_transcriptome/possorted_genome_bam.bam the output will be at: /research/peer/fdeckert/FD20250213HSCT/data/object/velocyto/CoR_GVD_08_transcriptome/cellsorted_possorted_genome_bam.bam
2026-06-12 12:16:10,391 - INFO - Command being run is: samtools sort -l 7 -m 100M -t CB -O BAM -@ 16 -o /research/peer/fdeckert/FD20250213HSCT/data/object/velocyto/CoR_GVD_08_transcriptome/cellsorted_possorted_genome_bam.bam /research/peer/fdeckert/FD20250213HSCT/data/object/velocyto/CoR_GVD_08_transcriptome/possorted_genome_bam.bam
2026-06-12 12:16:10,391 - INFO - While the bam sorting happens do other things...
2026-06-12 12:16:10,391 - INFO - Load the annotation from /nobackup/peer/fdeckert/cellranger/GRCh38-2020-A/GRCh38/genes/genes.gtf
2026-06-12 12:16:16,942 - DEBUG - Parsing Chromosome GL000009.2 strand - [line 0]
2026-06-12 12:16:16,943 - DEBUG - Done with GL000009.2- [line 7]
2026-06-12 12:16:16,943 - DEBUG - Assigning indexes to genes
2026-06-12 12:16:16,943 - DEBUG - Seen 1 genes until now
2026-06-12 12:16:16,943 - DEBUG - Parsing Chromosome GL000194.1 strand - [line 8]
2026-06-12 12:16:16,943 - DEBUG - Done with GL000194.1- [line 33]
2026-06-12 12:16:16,943 - DEBUG - Assigning indexes to genes
2026-06-12 12:16:16,943 - DEBUG - Seen 3 genes until now
2026-06-12 12:16:16,943 - DEBUG - Parsing Chromosome GL000195.1 strand - [line 34]
2026-06-12 12:16:16,943 - DEBUG - Done with GL000195.1- [line 43]
2026-06-12 12:16:16,943 - DEBUG - Assigning indexes to genes
2026-06-12 12:16:16,943 - DEBUG - Seen 4 genes until now
2026-06-12 12:16:16,943 - DEBUG - Parsing Chromosome GL000195.1 strand + [line 44]
2026-06-12 12:16:16,943 - DEBUG - Done with GL000195.1+ [line 57]
2026-06-12 12:16:16,943 - DEBUG - Assigning indexes to genes
2026-06-12 12:16:16,944 - DEBUG - Seen 5 genes until now
2026-06-12 12:16:16,944 - DEBUG - Parsing Chromosome GL000205.2 strand - [line 58]
2026-06-12 12:16:16,944 - DEBUG - Done with GL000205.2- [line 71]
2026-06-12 12:16:16,944 - DEBUG - Assigning indexes to genes
2026-06-12 12:16:16,944 - DEBUG - Seen 6 genes until now
2026-06-12 12:16:16,944 - DEBUG - Parsing Chromosome GL000213.1 strand - [line 72]
2026-06-12 12:16:16,944 - DEBUG - Done with GL000213.1- [line 120]
2026-06-12 12:16:16,944 - DEBUG - Assigning indexes to genes
2026-06-12 12:16:16,944 - DEBUG - Seen 7 genes until now
2026-06-12 12:16:16,944 - DEBUG - Parsing Chromosome GL000218.1 strand - [line 121]
2026-06-12 12:16:16,944 - DEBUG - Done with GL000218.1- [line 128]
2026-06-12 12:16:16,944 - DEBUG - Assigning indexes to genes
2026-06-12 12:16:16,944 - DEBUG - Seen 8 genes until now
2026-06-12 12:16:16,944 - DEBUG - Parsing Chromosome GL000219.1 strand - [line 129]
2026-06-12 12:16:16,944 - DEBUG - Done with GL000219.1- [line 141]
2026-06-12 12:16:16,944 - DEBUG - Assigning indexes to genes
2026-06-12 12:16:16,944 - DEBUG - Seen 9 genes until now
2026-06-12 12:16:16,944 - DEBUG - Parsing Chromosome KI270711.1 strand - [line 142]
2026-06-12 12:16:16,945 - DEBUG - Done with KI270711.1- [line 292]
2026-06-12 12:16:16,945 - DEBUG - Assigning indexes to genes
2026-06-12 12:16:16,945 - DEBUG - Seen 10 genes until now
2026-06-12 12:16:16,945 - DEBUG - Parsing Chromosome KI270713.1 strand - [line 293]
2026-06-12 12:16:16,945 - DEBUG - Done with KI270713.1- [line 300]
2026-06-12 12:16:16,945 - DEBUG - Assigning indexes to genes
2026-06-12 12:16:16,945 - DEBUG - Seen 11 genes until now
2026-06-12 12:16:16,945 - DEBUG - Parsing Chromosome KI270713.1 strand + [line 301]
2026-06-12 12:16:16,945 - DEBUG - Done with KI270713.1+ [line 307]
2026-06-12 12:16:16,945 - DEBUG - Assigning indexes to genes
2026-06-12 12:16:16,945 - DEBUG - Seen 12 genes until now
2026-06-12 12:16:16,945 - DEBUG - Parsing Chromosome KI270721.1 strand + [line 308]
2026-06-12 12:16:16,946 - DEBUG - Done with KI270721.1+ [line 323]
2026-06-12 12:16:16,946 - DEBUG - Assigning indexes to genes
2026-06-12 12:16:16,946 - DEBUG - Seen 13 genes until now
2026-06-12 12:16:16,946 - DEBUG - Parsing Chromosome KI270726.1 strand + [line 324]
2026-06-12 12:16:16,946 - DEBUG - Done with KI270726.1+ [line 334]
2026-06-12 12:16:16,946 - DEBUG - Assigning indexes to genes
2026-06-12 12:16:16,946 - DEBUG - Seen 15 genes until now
2026-06-12 12:16:16,946 - DEBUG - Parsing Chromosome KI270727.1 strand - [line 335]
2026-06-12 12:16:16,946 - DEBUG - Done with KI270727.1- [line 394]
2026-06-12 12:16:16,946 - DEBUG - Assigning indexes to genes
2026-06-12 12:16:16,946 - DEBUG - Seen 17 genes until now
2026-06-12 12:16:16,946 - DEBUG - Parsing Chromosome KI270727.1 strand + [line 395]
2026-06-12 12:16:16,946 - DEBUG - Done with KI270727.1+ [line 409]
2026-06-12 12:16:16,946 - DEBUG - Assigning indexes to genes
2026-06-12 12:16:16,946 - DEBUG - Seen 19 genes until now
2026-06-12 12:16:16,946 - DEBUG - Parsing Chromosome KI270728.1 strand - [line 410]
2026-06-12 12:16:16,947 - DEBUG - Done with KI270728.1- [line 486]
2026-06-12 12:16:16,947 - DEBUG - Assigning indexes to genes
2026-06-12 12:16:16,947 - DEBUG - Seen 21 genes until now
2026-06-12 12:16:16,947 - DEBUG - Parsing Chromosome KI270728.1 strand + [line 487]
2026-06-12 12:16:16,947 - DEBUG - Done with KI270728.1+ [line 523]
2026-06-12 12:16:16,947 - DEBUG - Assigning indexes to genes
2026-06-12 12:16:16,947 - DEBUG - Seen 25 genes until now
2026-06-12 12:16:16,947 - DEBUG - Parsing Chromosome KI270731.1 strand - [line 524]
2026-06-12 12:16:16,947 - DEBUG - Done with KI270731.1- [line 530]
2026-06-12 12:16:16,947 - DEBUG - Assigning indexes to genes
2026-06-12 12:16:16,947 - DEBUG - Seen 26 genes until now
2026-06-12 12:16:16,947 - DEBUG - Parsing Chromosome KI270734.1 strand - [line 531]
2026-06-12 12:16:16,947 - DEBUG - Done with KI270734.1- [line 599]
2026-06-12 12:16:16,947 - DEBUG - Assigning indexes to genes
2026-06-12 12:16:16,947 - DEBUG - Seen 27 genes until now
2026-06-12 12:16:16,948 - DEBUG - Parsing Chromosome KI270734.1 strand + [line 600]
2026-06-12 12:16:16,948 - DEBUG - Done with KI270734.1+ [line 622]
2026-06-12 12:16:16,948 - DEBUG - Assigning indexes to genes
2026-06-12 12:16:16,948 - DEBUG - Seen 29 genes until now
2026-06-12 12:16:16,948 - DEBUG - Parsing Chromosome 1 strand - [line 623]
2026-06-12 12:16:17,437 - DEBUG - Done with 1- [line 118876]
2026-06-12 12:16:17,437 - DEBUG - Assigning indexes to genes
2026-06-12 12:16:17,444 - DEBUG - Seen 1711 genes until now
2026-06-12 12:16:17,445 - DEBUG - Parsing Chromosome 1 strand + [line 118877]
2026-06-12 12:16:18,161 - DEBUG - Done with 1+ [line 253796]
2026-06-12 12:16:18,162 - DEBUG - Assigning indexes to genes
2026-06-12 12:16:18,169 - DEBUG - Seen 3439 genes until now
2026-06-12 12:16:18,169 - DEBUG - Parsing Chromosome 10 strand - [line 253797]
2026-06-12 12:16:18,327 - DEBUG - Done with 10- [line 304078]
2026-06-12 12:16:18,328 - DEBUG - Assigning indexes to genes
2026-06-12 12:16:18,330 - DEBUG - Seen 4100 genes until now
2026-06-12 12:16:18,330 - DEBUG - Parsing Chromosome 10 strand + [line 304079]
2026-06-12 12:16:18,517 - DEBUG - Done with 10+ [line 356023]
2026-06-12 12:16:18,518 - DEBUG - Assigning indexes to genes
2026-06-12 12:16:18,522 - DEBUG - Seen 4833 genes until now
2026-06-12 12:16:18,522 - DEBUG - Parsing Chromosome 11 strand - [line 356024]
2026-06-12 12:16:19,050 - DEBUG - Done with 11- [line 438038]
2026-06-12 12:16:19,050 - DEBUG - Assigning indexes to genes
2026-06-12 12:16:19,055 - DEBUG - Seen 5833 genes until now
2026-06-12 12:16:19,055 - DEBUG - Parsing Chromosome 11 strand + [line 438039]
2026-06-12 12:16:19,319 - DEBUG - Done with 11+ [line 521163]
2026-06-12 12:16:19,319 - DEBUG - Assigning indexes to genes
2026-06-12 12:16:19,323 - DEBUG - Seen 6898 genes until now
2026-06-12 12:16:19,323 - DEBUG - Parsing Chromosome 12 strand - [line 521164]
2026-06-12 12:16:19,736 - DEBUG - Done with 12- [line 601582]
2026-06-12 12:16:19,736 - DEBUG - Assigning indexes to genes
2026-06-12 12:16:19,739 - DEBUG - Seen 7848 genes until now
2026-06-12 12:16:19,740 - DEBUG - Parsing Chromosome 12 strand + [line 601583]
2026-06-12 12:16:19,944 - DEBUG - Done with 12+ [line 681983]
2026-06-12 12:16:19,944 - DEBUG - Assigning indexes to genes
2026-06-12 12:16:19,948 - DEBUG - Seen 8826 genes until now
2026-06-12 12:16:19,948 - DEBUG - Parsing Chromosome 13 strand - [line 681984]
2026-06-12 12:16:20,002 - DEBUG - Done with 13- [line 702449]
2026-06-12 12:16:20,002 - DEBUG - Assigning indexes to genes
2026-06-12 12:16:20,003 - DEBUG - Seen 9225 genes until now
2026-06-12 12:16:20,003 - DEBUG - Parsing Chromosome 13 strand + [line 702450]
2026-06-12 12:16:20,068 - DEBUG - Done with 13+ [line 726349]
2026-06-12 12:16:20,068 - DEBUG - Assigning indexes to genes
2026-06-12 12:16:20,070 - DEBUG - Seen 9614 genes until now
2026-06-12 12:16:20,070 - DEBUG - Parsing Chromosome 14 strand - [line 726350]
2026-06-12 12:16:20,460 - DEBUG - Done with 14- [line 770987]
2026-06-12 12:16:20,460 - DEBUG - Assigning indexes to genes
2026-06-12 12:16:20,463 - DEBUG - Seen 10373 genes until now
2026-06-12 12:16:20,463 - DEBUG - Parsing Chromosome 14 strand + [line 770988]
2026-06-12 12:16:20,639 - DEBUG - Done with 14+ [line 822908]
2026-06-12 12:16:20,639 - DEBUG - Assigning indexes to genes
2026-06-12 12:16:20,643 - DEBUG - Seen 11088 genes until now
2026-06-12 12:16:20,643 - DEBUG - Parsing Chromosome 15 strand - [line 822909]
2026-06-12 12:16:20,788 - DEBUG - Done with 15- [line 873715]
2026-06-12 12:16:20,789 - DEBUG - Assigning indexes to genes
2026-06-12 12:16:20,792 - DEBUG - Seen 11734 genes until now
2026-06-12 12:16:20,792 - DEBUG - Parsing Chromosome 15 strand + [line 873716]
2026-06-12 12:16:20,977 - DEBUG - Done with 15+ [line 923824]
2026-06-12 12:16:20,977 - DEBUG - Assigning indexes to genes
2026-06-12 12:16:20,980 - DEBUG - Seen 12355 genes until now
2026-06-12 12:16:20,980 - DEBUG - Parsing Chromosome 16 strand - [line 923825]
2026-06-12 12:16:21,124 - DEBUG - Done with 16- [line 979238]
2026-06-12 12:16:21,124 - DEBUG - Assigning indexes to genes
2026-06-12 12:16:21,127 - DEBUG - Seen 13151 genes until now
2026-06-12 12:16:21,127 - DEBUG - Parsing Chromosome 16 strand + [line 979239]
2026-06-12 12:16:21,614 - DEBUG - Done with 16+ [line 1052152]
2026-06-12 12:16:21,614 - DEBUG - Assigning indexes to genes
2026-06-12 12:16:21,617 - DEBUG - Seen 14004 genes until now
2026-06-12 12:16:21,617 - DEBUG - Parsing Chromosome 17 strand - [line 1052153]
2026-06-12 12:16:21,892 - DEBUG - Done with 17- [line 1140008]
2026-06-12 12:16:21,892 - DEBUG - Assigning indexes to genes
2026-06-12 12:16:21,900 - DEBUG - Seen 15039 genes until now
2026-06-12 12:16:21,900 - DEBUG - Parsing Chromosome 17 strand + [line 1140009]
2026-06-12 12:16:22,322 - DEBUG - Done with 17+ [line 1219447]
2026-06-12 12:16:22,322 - DEBUG - Assigning indexes to genes
2026-06-12 12:16:22,326 - DEBUG - Seen 15996 genes until now
2026-06-12 12:16:22,326 - DEBUG - Parsing Chromosome 18 strand - [line 1219448]
2026-06-12 12:16:22,397 - DEBUG - Done with 18- [line 1246083]
2026-06-12 12:16:22,397 - DEBUG - Assigning indexes to genes
2026-06-12 12:16:22,398 - DEBUG - Seen 16371 genes until now
2026-06-12 12:16:22,398 - DEBUG - Parsing Chromosome 18 strand + [line 1246084]
2026-06-12 12:16:22,463 - DEBUG - Done with 18+ [line 1269821]
2026-06-12 12:16:22,463 - DEBUG - Assigning indexes to genes
2026-06-12 12:16:22,465 - DEBUG - Seen 16777 genes until now
2026-06-12 12:16:22,465 - DEBUG - Parsing Chromosome 19 strand - [line 1269822]
2026-06-12 12:16:22,973 - DEBUG - Done with 19- [line 1350736]
2026-06-12 12:16:22,973 - DEBUG - Assigning indexes to genes
2026-06-12 12:16:22,977 - DEBUG - Seen 17790 genes until now
2026-06-12 12:16:22,978 - DEBUG - Parsing Chromosome 19 strand + [line 1350737]
2026-06-12 12:16:23,191 - DEBUG - Done with 19+ [line 1435648]
2026-06-12 12:16:23,191 - DEBUG - Assigning indexes to genes
2026-06-12 12:16:23,196 - DEBUG - Seen 18804 genes until now
2026-06-12 12:16:23,196 - DEBUG - Parsing Chromosome 2 strand - [line 1435649]
2026-06-12 12:16:23,524 - DEBUG - Done with 2- [line 1542996]
2026-06-12 12:16:23,524 - DEBUG - Assigning indexes to genes
2026-06-12 12:16:23,530 - DEBUG - Seen 20037 genes until now
2026-06-12 12:16:23,530 - DEBUG - Parsing Chromosome 2 strand + [line 1542997]
2026-06-12 12:16:23,881 - DEBUG - Done with 2+ [line 1642863]
2026-06-12 12:16:23,881 - DEBUG - Assigning indexes to genes
2026-06-12 12:16:23,889 - DEBUG - Seen 21345 genes until now
2026-06-12 12:16:23,889 - DEBUG - Parsing Chromosome 20 strand - [line 1642864]
2026-06-12 12:16:23,979 - DEBUG - Done with 20- [line 1672442]
2026-06-12 12:16:23,979 - DEBUG - Assigning indexes to genes
2026-06-12 12:16:23,981 - DEBUG - Seen 21828 genes until now
2026-06-12 12:16:23,981 - DEBUG - Parsing Chromosome 20 strand + [line 1672443]
2026-06-12 12:16:24,093 - DEBUG - Done with 20+ [line 1707817]
2026-06-12 12:16:24,093 - DEBUG - Assigning indexes to genes
2026-06-12 12:16:24,097 - DEBUG - Seen 22309 genes until now
2026-06-12 12:16:24,097 - DEBUG - Parsing Chromosome 21 strand - [line 1707818]
2026-06-12 12:16:24,548 - DEBUG - Done with 21- [line 1722798]
2026-06-12 12:16:24,548 - DEBUG - Assigning indexes to genes
2026-06-12 12:16:24,550 - DEBUG - Seen 22596 genes until now
2026-06-12 12:16:24,550 - DEBUG - Parsing Chromosome 21 strand + [line 1722799]
2026-06-12 12:16:24,619 - DEBUG - Done with 21+ [line 1738981]
2026-06-12 12:16:24,619 - DEBUG - Assigning indexes to genes
2026-06-12 12:16:24,620 - DEBUG - Seen 22864 genes until now
2026-06-12 12:16:24,621 - DEBUG - Parsing Chromosome 22 strand - [line 1738982]
2026-06-12 12:16:24,702 - DEBUG - Done with 22- [line 1765357]
2026-06-12 12:16:24,702 - DEBUG - Assigning indexes to genes
2026-06-12 12:16:24,704 - DEBUG - Seen 23260 genes until now
2026-06-12 12:16:24,704 - DEBUG - Parsing Chromosome 22 strand + [line 1765358]
2026-06-12 12:16:24,843 - DEBUG - Done with 22+ [line 1797598]
2026-06-12 12:16:24,843 - DEBUG - Assigning indexes to genes
2026-06-12 12:16:24,845 - DEBUG - Seen 23765 genes until now
2026-06-12 12:16:24,845 - DEBUG - Parsing Chromosome 3 strand - [line 1797599]
2026-06-12 12:16:25,148 - DEBUG - Done with 3- [line 1887377]
2026-06-12 12:16:25,148 - DEBUG - Assigning indexes to genes
2026-06-12 12:16:25,153 - DEBUG - Seen 24693 genes until now
2026-06-12 12:16:25,153 - DEBUG - Parsing Chromosome 3 strand + [line 1887378]
2026-06-12 12:16:25,397 - DEBUG - Done with 3+ [line 1977011]
2026-06-12 12:16:25,397 - DEBUG - Assigning indexes to genes
2026-06-12 12:16:25,402 - DEBUG - Seen 25658 genes until now
2026-06-12 12:16:25,402 - DEBUG - Parsing Chromosome 4 strand - [line 1977012]
2026-06-12 12:16:25,629 - DEBUG - Done with 4- [line 2034238]
2026-06-12 12:16:25,630 - DEBUG - Assigning indexes to genes
2026-06-12 12:16:25,648 - DEBUG - Seen 26401 genes until now
2026-06-12 12:16:25,648 - DEBUG - Parsing Chromosome 4 strand + [line 2034239]
2026-06-12 12:16:25,838 - DEBUG - Done with 4+ [line 2094594]
2026-06-12 12:16:25,838 - DEBUG - Assigning indexes to genes
2026-06-12 12:16:25,841 - DEBUG - Seen 27191 genes until now
2026-06-12 12:16:25,841 - DEBUG - Parsing Chromosome 5 strand - [line 2094595]
2026-06-12 12:16:26,049 - DEBUG - Done with 5- [line 2152660]
2026-06-12 12:16:26,049 - DEBUG - Assigning indexes to genes
2026-06-12 12:16:26,054 - DEBUG - Seen 28071 genes until now
2026-06-12 12:16:26,054 - DEBUG - Parsing Chromosome 5 strand + [line 2152661]
2026-06-12 12:16:26,711 - DEBUG - Done with 5+ [line 2218657]
2026-06-12 12:16:26,711 - DEBUG - Assigning indexes to genes
2026-06-12 12:16:26,715 - DEBUG - Seen 29002 genes until now
2026-06-12 12:16:26,715 - DEBUG - Parsing Chromosome 6 strand - [line 2218658]
2026-06-12 12:16:26,922 - DEBUG - Done with 6- [line 2284937]
2026-06-12 12:16:26,922 - DEBUG - Assigning indexes to genes
2026-06-12 12:16:26,928 - DEBUG - Seen 29928 genes until now
2026-06-12 12:16:26,928 - DEBUG - Parsing Chromosome 6 strand + [line 2284938]
2026-06-12 12:16:27,113 - DEBUG - Done with 6+ [line 2345240]
2026-06-12 12:16:27,113 - DEBUG - Assigning indexes to genes
2026-06-12 12:16:27,117 - DEBUG - Seen 30829 genes until now
2026-06-12 12:16:27,117 - DEBUG - Parsing Chromosome 7 strand - [line 2345241]
2026-06-12 12:16:27,330 - DEBUG - Done with 7- [line 2406845]
2026-06-12 12:16:27,330 - DEBUG - Assigning indexes to genes
2026-06-12 12:16:27,335 - DEBUG - Seen 31621 genes until now
2026-06-12 12:16:27,335 - DEBUG - Parsing Chromosome 7 strand + [line 2406846]
2026-06-12 12:16:27,589 - DEBUG - Done with 7+ [line 2476014]
2026-06-12 12:16:27,589 - DEBUG - Assigning indexes to genes
2026-06-12 12:16:27,593 - DEBUG - Seen 32515 genes until now
2026-06-12 12:16:27,593 - DEBUG - Parsing Chromosome 8 strand - [line 2476015]
2026-06-12 12:16:27,767 - DEBUG - Done with 8- [line 2527366]
2026-06-12 12:16:27,767 - DEBUG - Assigning indexes to genes
2026-06-12 12:16:27,771 - DEBUG - Seen 33270 genes until now
2026-06-12 12:16:27,771 - DEBUG - Parsing Chromosome 8 strand + [line 2527367]
2026-06-12 12:16:27,945 - DEBUG - Done with 8+ [line 2577021]
2026-06-12 12:16:27,945 - DEBUG - Assigning indexes to genes
2026-06-12 12:16:27,947 - DEBUG - Seen 34010 genes until now
2026-06-12 12:16:27,947 - DEBUG - Parsing Chromosome 9 strand - [line 2577022]
2026-06-12 12:16:28,066 - DEBUG - Done with 9- [line 2622811]
2026-06-12 12:16:28,066 - DEBUG - Assigning indexes to genes
2026-06-12 12:16:28,068 - DEBUG - Seen 34681 genes until now
2026-06-12 12:16:28,068 - DEBUG - Parsing Chromosome 9 strand + [line 2622812]
2026-06-12 12:16:28,215 - DEBUG - Done with 9+ [line 2672374]
2026-06-12 12:16:28,215 - DEBUG - Assigning indexes to genes
2026-06-12 12:16:28,218 - DEBUG - Seen 35329 genes until now
2026-06-12 12:16:28,219 - DEBUG - Parsing Chromosome M strand - [line 2672375]
2026-06-12 12:16:28,219 - DEBUG - Done with M- [line 2672379]
2026-06-12 12:16:28,219 - DEBUG - Assigning indexes to genes
2026-06-12 12:16:28,219 - DEBUG - Seen 35330 genes until now
2026-06-12 12:16:28,219 - DEBUG - Parsing Chromosome M strand + [line 2672380]
2026-06-12 12:16:28,219 - DEBUG - Done with M+ [line 2672445]
2026-06-12 12:16:28,219 - DEBUG - Assigning indexes to genes
2026-06-12 12:16:28,219 - DEBUG - Seen 35342 genes until now
2026-06-12 12:16:28,219 - DEBUG - Parsing Chromosome X strand - [line 2672446]
2026-06-12 12:16:28,368 - DEBUG - Done with X- [line 2716088]
2026-06-12 12:16:28,368 - DEBUG - Assigning indexes to genes
2026-06-12 12:16:28,370 - DEBUG - Seen 35884 genes until now
2026-06-12 12:16:28,370 - DEBUG - Parsing Chromosome X strand + [line 2716089]
2026-06-12 12:16:28,480 - DEBUG - Done with X+ [line 2760500]
2026-06-12 12:16:28,480 - DEBUG - Assigning indexes to genes
2026-06-12 12:16:28,482 - DEBUG - Seen 36490 genes until now
2026-06-12 12:16:28,482 - DEBUG - Parsing Chromosome Y strand - [line 2760501]
2026-06-12 12:16:28,488 - DEBUG - Done with Y- [line 2763031]
2026-06-12 12:16:28,489 - DEBUG - Assigning indexes to genes
2026-06-12 12:16:28,489 - DEBUG - Seen 36543 genes until now
2026-06-12 12:16:28,489 - DEBUG - Parsing Chromosome Y strand + [line 2763032]
2026-06-12 12:16:28,496 - DEBUG - Assigning indexes to genes
2026-06-12 12:16:28,496 - DEBUG - Done with Y+ [line 2765967]
2026-06-12 12:16:28,496 - DEBUG - Fixing corner cases of transcript models containg intron longer than 1000Kbp
2026-06-12 12:16:29,509 - DEBUG - Generated 2411536 features corresponding to 199138 transcript models from /nobackup/peer/fdeckert/cellranger/GRCh38-2020-A/GRCh38/genes/genes.gtf
2026-06-12 12:16:29,535 - INFO - Scan /research/peer/fdeckert/FD20250213HSCT/data/object/velocyto/CoR_GVD_08_transcriptome/possorted_genome_bam.bam to validate intron intervals
2026-06-12 12:16:31,113 - DEBUG - Reading /research/peer/fdeckert/FD20250213HSCT/data/object/velocyto/CoR_GVD_08_transcriptome/possorted_genome_bam.bam
2026-06-12 12:16:31,128 - DEBUG - Read first 0 million reads
2026-06-12 12:16:31,128 - DEBUG - Marking up chromosome 1
2026-06-12 12:17:15,812 - DEBUG - Marking up chromosome 10
2026-06-12 12:17:33,644 - DEBUG - Marking up chromosome 11
2026-06-12 12:17:55,728 - DEBUG - Read first 10 million reads
2026-06-12 12:18:20,813 - DEBUG - Marking up chromosome 12
2026-06-12 12:18:58,458 - DEBUG - Marking up chromosome 13
2026-06-12 12:19:09,859 - DEBUG - Marking up chromosome 14
2026-06-12 12:19:29,332 - DEBUG - Marking up chromosome 15
2026-06-12 12:19:44,612 - DEBUG - Read first 20 million reads
2026-06-12 12:19:52,239 - DEBUG - Marking up chromosome 16
2026-06-12 12:20:08,394 - DEBUG - Marking up chromosome 17
2026-06-12 12:20:32,685 - DEBUG - Marking up chromosome 18
2026-06-12 12:20:37,149 - DEBUG - Marking up chromosome 19
2026-06-12 12:20:59,506 - DEBUG - Read first 30 million reads
2026-06-12 12:21:10,680 - DEBUG - Marking up chromosome 2
2026-06-12 12:21:38,975 - DEBUG - Marking up chromosome 20
2026-06-12 12:21:48,914 - DEBUG - Marking up chromosome 21
2026-06-12 12:21:54,296 - DEBUG - Read first 40 million reads
2026-06-12 12:21:58,129 - DEBUG - Marking up chromosome 22
2026-06-12 12:22:05,520 - DEBUG - Marking up chromosome 3
2026-06-12 12:22:27,215 - DEBUG - Marking up chromosome 4
2026-06-12 12:22:40,377 - DEBUG - Marking up chromosome 5
2026-06-12 12:23:03,723 - DEBUG - Marking up chromosome 6
2026-06-12 12:23:07,512 - DEBUG - Read first 50 million reads
2026-06-12 12:23:32,773 - DEBUG - Marking up chromosome 7
2026-06-12 12:23:51,704 - DEBUG - Marking up chromosome 8
2026-06-12 12:24:04,844 - DEBUG - Marking up chromosome 9
2026-06-12 12:24:19,168 - DEBUG - Read first 60 million reads
2026-06-12 12:24:19,769 - DEBUG - Marking up chromosome MT
2026-06-12 12:24:19,770 - WARNING - The .bam file refers to a chromosome 'MT+' not present in the annotation (.gtf) file
2026-06-12 12:24:19,770 - WARNING - The .bam file refers to a chromosome 'MT-' not present in the annotation (.gtf) file
2026-06-12 12:24:43,825 - DEBUG - Marking up chromosome X
2026-06-12 12:24:57,393 - DEBUG - Marking up chromosome Y
2026-06-12 12:24:57,772 - DEBUG - Marking up chromosome KI270728.1
2026-06-12 12:24:57,772 - DEBUG - Marking up chromosome KI270727.1
2026-06-12 12:24:57,772 - DEBUG - Marking up chromosome KI270442.1
2026-06-12 12:24:57,772 - WARNING - The .bam file refers to a chromosome 'KI270442.1+' not present in the annotation (.gtf) file
2026-06-12 12:24:57,772 - WARNING - The .bam file refers to a chromosome 'KI270442.1-' not present in the annotation (.gtf) file
2026-06-12 12:24:57,773 - DEBUG - Marking up chromosome KI270729.1
2026-06-12 12:24:57,773 - WARNING - The .bam file refers to a chromosome 'KI270729.1+' not present in the annotation (.gtf) file
2026-06-12 12:24:57,773 - WARNING - The .bam file refers to a chromosome 'KI270729.1-' not present in the annotation (.gtf) file
2026-06-12 12:24:57,773 - DEBUG - Marking up chromosome GL000225.1
2026-06-12 12:24:57,773 - WARNING - The .bam file refers to a chromosome 'GL000225.1+' not present in the annotation (.gtf) file
2026-06-12 12:24:57,773 - WARNING - The .bam file refers to a chromosome 'GL000225.1-' not present in the annotation (.gtf) file
2026-06-12 12:24:57,773 - DEBUG - Marking up chromosome GL000008.2
2026-06-12 12:24:57,773 - WARNING - The .bam file refers to a chromosome 'GL000008.2+' not present in the annotation (.gtf) file
2026-06-12 12:24:57,773 - WARNING - The .bam file refers to a chromosome 'GL000008.2-' not present in the annotation (.gtf) file
2026-06-12 12:24:57,773 - DEBUG - Marking up chromosome GL000009.2
2026-06-12 12:24:57,774 - WARNING - The .bam file refers to a chromosome 'GL000009.2+' not present in the annotation (.gtf) file
2026-06-12 12:24:57,774 - DEBUG - Marking up chromosome KI270722.1
2026-06-12 12:24:57,774 - WARNING - The .bam file refers to a chromosome 'KI270722.1+' not present in the annotation (.gtf) file
2026-06-12 12:24:57,774 - WARNING - The .bam file refers to a chromosome 'KI270722.1-' not present in the annotation (.gtf) file
2026-06-12 12:24:57,774 - DEBUG - Marking up chromosome GL000194.1
2026-06-12 12:24:57,774 - WARNING - The .bam file refers to a chromosome 'GL000194.1+' not present in the annotation (.gtf) file
2026-06-12 12:24:57,777 - DEBUG - Marking up chromosome KI270742.1
2026-06-12 12:24:57,777 - WARNING - The .bam file refers to a chromosome 'KI270742.1+' not present in the annotation (.gtf) file
2026-06-12 12:24:57,777 - WARNING - The .bam file refers to a chromosome 'KI270742.1-' not present in the annotation (.gtf) file
2026-06-12 12:24:57,777 - DEBUG - Marking up chromosome GL000205.2
2026-06-12 12:24:57,777 - WARNING - The .bam file refers to a chromosome 'GL000205.2+' not present in the annotation (.gtf) file
2026-06-12 12:24:57,778 - DEBUG - Marking up chromosome GL000195.1
2026-06-12 12:24:57,779 - DEBUG - Marking up chromosome KI270736.1
2026-06-12 12:24:57,779 - WARNING - The .bam file refers to a chromosome 'KI270736.1+' not present in the annotation (.gtf) file
2026-06-12 12:24:57,779 - WARNING - The .bam file refers to a chromosome 'KI270736.1-' not present in the annotation (.gtf) file
2026-06-12 12:24:57,779 - DEBUG - Marking up chromosome KI270733.1
2026-06-12 12:24:57,779 - WARNING - The .bam file refers to a chromosome 'KI270733.1+' not present in the annotation (.gtf) file
2026-06-12 12:24:57,779 - WARNING - The .bam file refers to a chromosome 'KI270733.1-' not present in the annotation (.gtf) file
2026-06-12 12:24:59,930 - DEBUG - Marking up chromosome GL000224.1
2026-06-12 12:24:59,930 - WARNING - The .bam file refers to a chromosome 'GL000224.1+' not present in the annotation (.gtf) file
2026-06-12 12:24:59,930 - WARNING - The .bam file refers to a chromosome 'GL000224.1-' not present in the annotation (.gtf) file
2026-06-12 12:24:59,931 - DEBUG - Marking up chromosome GL000219.1
2026-06-12 12:24:59,931 - WARNING - The .bam file refers to a chromosome 'GL000219.1+' not present in the annotation (.gtf) file
2026-06-12 12:24:59,941 - DEBUG - Marking up chromosome KI270719.1
2026-06-12 12:24:59,941 - WARNING - The .bam file refers to a chromosome 'KI270719.1+' not present in the annotation (.gtf) file
2026-06-12 12:24:59,941 - WARNING - The .bam file refers to a chromosome 'KI270719.1-' not present in the annotation (.gtf) file
2026-06-12 12:24:59,941 - DEBUG - Marking up chromosome GL000216.2
2026-06-12 12:24:59,941 - WARNING - The .bam file refers to a chromosome 'GL000216.2+' not present in the annotation (.gtf) file
2026-06-12 12:24:59,941 - WARNING - The .bam file refers to a chromosome 'GL000216.2-' not present in the annotation (.gtf) file
2026-06-12 12:24:59,941 - DEBUG - Marking up chromosome KI270712.1
2026-06-12 12:24:59,941 - WARNING - The .bam file refers to a chromosome 'KI270712.1+' not present in the annotation (.gtf) file
2026-06-12 12:24:59,941 - WARNING - The .bam file refers to a chromosome 'KI270712.1-' not present in the annotation (.gtf) file
2026-06-12 12:24:59,942 - DEBUG - Marking up chromosome KI270706.1
2026-06-12 12:24:59,942 - WARNING - The .bam file refers to a chromosome 'KI270706.1+' not present in the annotation (.gtf) file
2026-06-12 12:24:59,942 - WARNING - The .bam file refers to a chromosome 'KI270706.1-' not present in the annotation (.gtf) file
2026-06-12 12:24:59,943 - DEBUG - Marking up chromosome KI270744.1
2026-06-12 12:24:59,943 - WARNING - The .bam file refers to a chromosome 'KI270744.1+' not present in the annotation (.gtf) file
2026-06-12 12:24:59,943 - WARNING - The .bam file refers to a chromosome 'KI270744.1-' not present in the annotation (.gtf) file
2026-06-12 12:24:59,944 - DEBUG - Marking up chromosome KI270734.1
2026-06-12 12:24:59,945 - DEBUG - Marking up chromosome GL000220.1
2026-06-12 12:24:59,945 - WARNING - The .bam file refers to a chromosome 'GL000220.1+' not present in the annotation (.gtf) file
2026-06-12 12:24:59,945 - WARNING - The .bam file refers to a chromosome 'GL000220.1-' not present in the annotation (.gtf) file
2026-06-12 12:25:02,224 - DEBUG - Read first 70 million reads
2026-06-12 12:25:03,874 - DEBUG - Marking up chromosome GL000218.1
2026-06-12 12:25:03,874 - WARNING - The .bam file refers to a chromosome 'GL000218.1+' not present in the annotation (.gtf) file
2026-06-12 12:25:03,875 - DEBUG - Marking up chromosome KI270741.1
2026-06-12 12:25:03,875 - WARNING - The .bam file refers to a chromosome 'KI270741.1+' not present in the annotation (.gtf) file
2026-06-12 12:25:03,875 - WARNING - The .bam file refers to a chromosome 'KI270741.1-' not present in the annotation (.gtf) file
2026-06-12 12:25:03,876 - DEBUG - Marking up chromosome GL000221.1
2026-06-12 12:25:03,876 - WARNING - The .bam file refers to a chromosome 'GL000221.1+' not present in the annotation (.gtf) file
2026-06-12 12:25:03,876 - WARNING - The .bam file refers to a chromosome 'GL000221.1-' not present in the annotation (.gtf) file
2026-06-12 12:25:03,876 - DEBUG - Marking up chromosome KI270750.1
2026-06-12 12:25:03,876 - WARNING - The .bam file refers to a chromosome 'KI270750.1+' not present in the annotation (.gtf) file
2026-06-12 12:25:03,876 - WARNING - The .bam file refers to a chromosome 'KI270750.1-' not present in the annotation (.gtf) file
2026-06-12 12:25:03,876 - DEBUG - Marking up chromosome GL000214.1
2026-06-12 12:25:03,876 - WARNING - The .bam file refers to a chromosome 'GL000214.1+' not present in the annotation (.gtf) file
2026-06-12 12:25:03,876 - WARNING - The .bam file refers to a chromosome 'GL000214.1-' not present in the annotation (.gtf) file
2026-06-12 12:25:03,876 - DEBUG - Marking up chromosome KI270438.1
2026-06-12 12:25:03,876 - WARNING - The .bam file refers to a chromosome 'KI270438.1+' not present in the annotation (.gtf) file
2026-06-12 12:25:03,876 - WARNING - The .bam file refers to a chromosome 'KI270438.1-' not present in the annotation (.gtf) file
2026-06-12 12:25:03,876 - DEBUG - Marking up chromosome KI270737.1
2026-06-12 12:25:03,876 - WARNING - The .bam file refers to a chromosome 'KI270737.1+' not present in the annotation (.gtf) file
2026-06-12 12:25:03,876 - WARNING - The .bam file refers to a chromosome 'KI270737.1-' not present in the annotation (.gtf) file
2026-06-12 12:25:03,882 - DEBUG - Marking up chromosome KI270738.1
2026-06-12 12:25:03,882 - WARNING - The .bam file refers to a chromosome 'KI270738.1+' not present in the annotation (.gtf) file
2026-06-12 12:25:03,882 - WARNING - The .bam file refers to a chromosome 'KI270738.1-' not present in the annotation (.gtf) file
2026-06-12 12:25:03,882 - DEBUG - Marking up chromosome GL000208.1
2026-06-12 12:25:03,882 - WARNING - The .bam file refers to a chromosome 'GL000208.1+' not present in the annotation (.gtf) file
2026-06-12 12:25:03,882 - WARNING - The .bam file refers to a chromosome 'GL000208.1-' not present in the annotation (.gtf) file
2026-06-12 12:25:03,882 - DEBUG - Marking up chromosome KI270726.1
2026-06-12 12:25:03,882 - WARNING - The .bam file refers to a chromosome 'KI270726.1-' not present in the annotation (.gtf) file
2026-06-12 12:25:03,882 - DEBUG - Marking up chromosome KI270735.1
2026-06-12 12:25:03,882 - WARNING - The .bam file refers to a chromosome 'KI270735.1+' not present in the annotation (.gtf) file
2026-06-12 12:25:03,882 - WARNING - The .bam file refers to a chromosome 'KI270735.1-' not present in the annotation (.gtf) file
2026-06-12 12:25:03,883 - DEBUG - Marking up chromosome KI270711.1
2026-06-12 12:25:03,883 - WARNING - The .bam file refers to a chromosome 'KI270711.1+' not present in the annotation (.gtf) file
2026-06-12 12:25:03,885 - DEBUG - Marking up chromosome KI270745.1
2026-06-12 12:25:03,885 - WARNING - The .bam file refers to a chromosome 'KI270745.1+' not present in the annotation (.gtf) file
2026-06-12 12:25:03,885 - WARNING - The .bam file refers to a chromosome 'KI270745.1-' not present in the annotation (.gtf) file
2026-06-12 12:25:03,885 - DEBUG - Marking up chromosome KI270714.1
2026-06-12 12:25:03,885 - WARNING - The .bam file refers to a chromosome 'KI270714.1+' not present in the annotation (.gtf) file
2026-06-12 12:25:03,885 - WARNING - The .bam file refers to a chromosome 'KI270714.1-' not present in the annotation (.gtf) file
2026-06-12 12:25:03,885 - DEBUG - Marking up chromosome KI270732.1
2026-06-12 12:25:03,885 - WARNING - The .bam file refers to a chromosome 'KI270732.1+' not present in the annotation (.gtf) file
2026-06-12 12:25:03,885 - WARNING - The .bam file refers to a chromosome 'KI270732.1-' not present in the annotation (.gtf) file
2026-06-12 12:25:03,886 - DEBUG - Marking up chromosome KI270713.1
2026-06-12 12:25:03,886 - DEBUG - Marking up chromosome KI270720.1
2026-06-12 12:25:03,886 - WARNING - The .bam file refers to a chromosome 'KI270720.1+' not present in the annotation (.gtf) file
2026-06-12 12:25:03,886 - WARNING - The .bam file refers to a chromosome 'KI270720.1-' not present in the annotation (.gtf) file
2026-06-12 12:25:03,886 - DEBUG - Marking up chromosome KI270718.1
2026-06-12 12:25:03,886 - WARNING - The .bam file refers to a chromosome 'KI270718.1+' not present in the annotation (.gtf) file
2026-06-12 12:25:03,886 - WARNING - The .bam file refers to a chromosome 'KI270718.1-' not present in the annotation (.gtf) file
2026-06-12 12:25:03,886 - DEBUG - Marking up chromosome KI270740.1
2026-06-12 12:25:03,886 - WARNING - The .bam file refers to a chromosome 'KI270740.1+' not present in the annotation (.gtf) file
2026-06-12 12:25:03,886 - WARNING - The .bam file refers to a chromosome 'KI270740.1-' not present in the annotation (.gtf) file
2026-06-12 12:25:03,886 - DEBUG - Marking up chromosome KI270755.1
2026-06-12 12:25:03,886 - WARNING - The .bam file refers to a chromosome 'KI270755.1+' not present in the annotation (.gtf) file
2026-06-12 12:25:03,887 - WARNING - The .bam file refers to a chromosome 'KI270755.1-' not present in the annotation (.gtf) file
2026-06-12 12:25:03,887 - DEBUG - Marking up chromosome KI270707.1
2026-06-12 12:25:03,887 - WARNING - The .bam file refers to a chromosome 'KI270707.1+' not present in the annotation (.gtf) file
2026-06-12 12:25:03,887 - WARNING - The .bam file refers to a chromosome 'KI270707.1-' not present in the annotation (.gtf) file
2026-06-12 12:25:03,887 - DEBUG - Marking up chromosome KI270330.1
2026-06-12 12:25:03,887 - WARNING - The .bam file refers to a chromosome 'KI270330.1+' not present in the annotation (.gtf) file
2026-06-12 12:25:03,887 - WARNING - The .bam file refers to a chromosome 'KI270330.1-' not present in the annotation (.gtf) file
2026-06-12 12:25:11,678 - DEBUG - Read first 80 million reads
2026-06-12 12:25:20,741 - DEBUG - Read first 90 million reads
2026-06-12 12:25:22,903 - DEBUG - End of file. Reset index: start scanning from initial position.
2026-06-12 12:25:22,904 - DEBUG - 3710735 reads were skipped because no apropiate cell or umi barcode was found
2026-06-12 12:25:22,904 - INFO - Now just waiting that the bam sorting process terminates
2026-06-12 12:25:22,904 - INFO - bam file #0 has been sorted
2026-06-12 12:25:22,904 - DEBUG - Start molecule counting!
2026-06-12 12:25:24,350 - DEBUG - Features available for chromosomes : ['GL000009.2-', 'GL000194.1-', 'GL000195.1-', 'GL000195.1+', 'GL000205.2-', 'GL000213.1-', 'GL000218.1-', 'GL000219.1-', 'KI270711.1-', 'KI270713.1-', 'KI270713.1+', 'KI270721.1+', 'KI270726.1+', 'KI270727.1-', 'KI270727.1+', 'KI270728.1-', 'KI270728.1+', 'KI270731.1-', 'KI270734.1-', 'KI270734.1+', '1-', '1+', '10-', '10+', '11-', '11+', '12-', '12+', '13-', '13+', '14-', '14+', '15-', '15+', '16-', '16+', '17-', '17+', '18-', '18+', '19-', '19+', '2-', '2+', '20-', '20+', '21-', '21+', '22-', '22+', '3-', '3+', '4-', '4+', '5-', '5+', '6-', '6+', '7-', '7+', '8-', '8+', '9-', '9+', 'M-', 'M+', 'X-', 'X+', 'Y-', 'Y+']
2026-06-12 12:25:24,351 - DEBUG - Mask available for chromosomes : []
2026-06-12 12:25:24,351 - DEBUG - Summarizing the results of intron validation.
2026-06-12 12:25:24,624 - DEBUG - Validated 185455 introns (of which unique intervals 61505) out of 1106199 total possible introns (considering each possible transcript models).
2026-06-12 12:25:24,624 - DEBUG - Reading /research/peer/fdeckert/FD20250213HSCT/data/object/velocyto/CoR_GVD_08_transcriptome/cellsorted_possorted_genome_bam.bam
2026-06-12 12:25:24,627 - DEBUG - Read first 0 million reads
2026-06-12 12:25:52,404 - DEBUG - Counting for batch 1, containing 100 cells and 635631 reads
2026-06-12 12:25:56,686 - DEBUG - 0 reads not considered because fully enclosed in repeat masked regions
2026-06-12 12:26:02,122 - DEBUG - Counting for batch 2, containing 100 cells and 530054 reads
2026-06-12 12:26:05,889 - DEBUG - 0 reads not considered because fully enclosed in repeat masked regions
2026-06-12 12:26:09,431 - DEBUG - Read first 10 million reads
2026-06-12 12:26:12,232 - DEBUG - Counting for batch 3, containing 100 cells and 554036 reads
2026-06-12 12:26:16,221 - DEBUG - 0 reads not considered because fully enclosed in repeat masked regions
2026-06-12 12:26:23,882 - DEBUG - Counting for batch 4, containing 100 cells and 711802 reads
2026-06-12 12:26:28,570 - DEBUG - 0 reads not considered because fully enclosed in repeat masked regions
2026-06-12 12:26:36,328 - DEBUG - Counting for batch 5, containing 100 cells and 624161 reads
2026-06-12 12:26:40,729 - DEBUG - 0 reads not considered because fully enclosed in repeat masked regions
2026-06-12 12:26:48,562 - DEBUG - Counting for batch 6, containing 100 cells and 733734 reads
2026-06-12 12:26:53,449 - DEBUG - 0 reads not considered because fully enclosed in repeat masked regions
2026-06-12 12:26:59,412 - DEBUG - Counting for batch 7, containing 100 cells and 608565 reads
2026-06-12 12:27:03,560 - DEBUG - 0 reads not considered because fully enclosed in repeat masked regions
2026-06-12 12:27:09,940 - DEBUG - Counting for batch 8, containing 100 cells and 585784 reads
2026-06-12 12:27:13,795 - DEBUG - 0 reads not considered because fully enclosed in repeat masked regions
2026-06-12 12:27:19,927 - DEBUG - Counting for batch 9, containing 100 cells and 567790 reads
2026-06-12 12:27:23,767 - DEBUG - 0 reads not considered because fully enclosed in repeat masked regions
2026-06-12 12:27:29,869 - DEBUG - Counting for batch 10, containing 100 cells and 563838 reads
2026-06-12 12:27:33,886 - DEBUG - 0 reads not considered because fully enclosed in repeat masked regions
2026-06-12 12:27:40,552 - DEBUG - Counting for batch 11, containing 100 cells and 622561 reads
2026-06-12 12:27:43,845 - DEBUG - 0 reads not considered because fully enclosed in repeat masked regions
2026-06-12 12:27:50,508 - DEBUG - Counting for batch 12, containing 100 cells and 551740 reads
2026-06-12 12:27:53,500 - DEBUG - 0 reads not considered because fully enclosed in repeat masked regions
2026-06-12 12:27:56,457 - DEBUG - Read first 20 million reads
2026-06-12 12:28:00,821 - DEBUG - Counting for batch 13, containing 100 cells and 625404 reads
2026-06-12 12:28:05,055 - DEBUG - 0 reads not considered because fully enclosed in repeat masked regions
2026-06-12 12:28:10,874 - DEBUG - Counting for batch 14, containing 100 cells and 511799 reads
2026-06-12 12:28:13,635 - DEBUG - 0 reads not considered because fully enclosed in repeat masked regions
2026-06-12 12:28:20,757 - DEBUG - Counting for batch 15, containing 100 cells and 599293 reads
2026-06-12 12:28:23,889 - DEBUG - 0 reads not considered because fully enclosed in repeat masked regions
2026-06-12 12:28:30,350 - DEBUG - Counting for batch 16, containing 100 cells and 619250 reads
2026-06-12 12:28:34,611 - DEBUG - 0 reads not considered because fully enclosed in repeat masked regions
2026-06-12 12:28:42,501 - DEBUG - Counting for batch 17, containing 100 cells and 674920 reads
2026-06-12 12:28:47,238 - DEBUG - 0 reads not considered because fully enclosed in repeat masked regions
2026-06-12 12:28:53,986 - DEBUG - Counting for batch 18, containing 100 cells and 613629 reads
2026-06-12 12:28:57,202 - DEBUG - 0 reads not considered because fully enclosed in repeat masked regions
2026-06-12 12:29:04,281 - DEBUG - Counting for batch 19, containing 100 cells and 584914 reads
2026-06-12 12:29:08,458 - DEBUG - 0 reads not considered because fully enclosed in repeat masked regions
2026-06-12 12:29:16,654 - DEBUG - Counting for batch 20, containing 100 cells and 789978 reads
2026-06-12 12:29:21,876 - DEBUG - 0 reads not considered because fully enclosed in repeat masked regions
2026-06-12 12:29:29,569 - DEBUG - Counting for batch 21, containing 100 cells and 712743 reads
2026-06-12 12:29:34,400 - DEBUG - 0 reads not considered because fully enclosed in repeat masked regions
2026-06-12 12:29:41,694 - DEBUG - Counting for batch 22, containing 100 cells and 662532 reads
2026-06-12 12:29:46,233 - DEBUG - 0 reads not considered because fully enclosed in repeat masked regions
2026-06-12 12:29:47,095 - DEBUG - Read first 30 million reads
2026-06-12 12:29:51,690 - DEBUG - Counting for batch 23, containing 100 cells and 554283 reads
2026-06-12 12:29:55,479 - DEBUG - 0 reads not considered because fully enclosed in repeat masked regions
2026-06-12 12:30:02,316 - DEBUG - Counting for batch 24, containing 100 cells and 658598 reads
2026-06-12 12:30:06,663 - DEBUG - 0 reads not considered because fully enclosed in repeat masked regions
2026-06-12 12:30:14,407 - DEBUG - Counting for batch 25, containing 100 cells and 662330 reads
2026-06-12 12:30:18,041 - DEBUG - 0 reads not considered because fully enclosed in repeat masked regions
2026-06-12 12:30:25,198 - DEBUG - Counting for batch 26, containing 100 cells and 595790 reads
2026-06-12 12:30:28,384 - DEBUG - 0 reads not considered because fully enclosed in repeat masked regions
2026-06-12 12:30:35,458 - DEBUG - Counting for batch 27, containing 100 cells and 582944 reads
2026-06-12 12:30:39,538 - DEBUG - 0 reads not considered because fully enclosed in repeat masked regions
2026-06-12 12:30:44,849 - DEBUG - Counting for batch 28, containing 100 cells and 556501 reads
2026-06-12 12:30:48,695 - DEBUG - 0 reads not considered because fully enclosed in repeat masked regions
2026-06-12 12:30:54,903 - DEBUG - Counting for batch 29, containing 100 cells and 568507 reads
2026-06-12 12:30:58,825 - DEBUG - 0 reads not considered because fully enclosed in repeat masked regions
2026-06-12 12:31:04,817 - DEBUG - Counting for batch 30, containing 100 cells and 550195 reads
2026-06-12 12:31:08,762 - DEBUG - 0 reads not considered because fully enclosed in repeat masked regions
2026-06-12 12:31:15,137 - DEBUG - Counting for batch 31, containing 100 cells and 589440 reads
2026-06-12 12:31:19,372 - DEBUG - 0 reads not considered because fully enclosed in repeat masked regions
2026-06-12 12:31:26,339 - DEBUG - Counting for batch 32, containing 100 cells and 645195 reads
2026-06-12 12:31:30,891 - DEBUG - 0 reads not considered because fully enclosed in repeat masked regions
2026-06-12 12:31:33,377 - DEBUG - Read first 40 million reads
2026-06-12 12:31:38,139 - DEBUG - Counting for batch 33, containing 100 cells and 667308 reads
2026-06-12 12:31:41,728 - DEBUG - 0 reads not considered because fully enclosed in repeat masked regions
2026-06-12 12:31:48,681 - DEBUG - Counting for batch 34, containing 100 cells and 564892 reads
2026-06-12 12:31:51,668 - DEBUG - 0 reads not considered because fully enclosed in repeat masked regions
2026-06-12 12:31:58,961 - DEBUG - Counting for batch 35, containing 100 cells and 622414 reads
2026-06-12 12:32:03,252 - DEBUG - 0 reads not considered because fully enclosed in repeat masked regions
2026-06-12 12:32:08,630 - DEBUG - Counting for batch 36, containing 100 cells and 555832 reads
2026-06-12 12:32:12,361 - DEBUG - 0 reads not considered because fully enclosed in repeat masked regions
2026-06-12 12:32:18,824 - DEBUG - Counting for batch 37, containing 100 cells and 615950 reads
2026-06-12 12:32:23,002 - DEBUG - 0 reads not considered because fully enclosed in repeat masked regions
2026-06-12 12:32:29,103 - DEBUG - Counting for batch 38, containing 100 cells and 537176 reads
2026-06-12 12:32:31,962 - DEBUG - 0 reads not considered because fully enclosed in repeat masked regions
2026-06-12 12:32:39,683 - DEBUG - Counting for batch 39, containing 100 cells and 646189 reads
2026-06-12 12:32:43,216 - DEBUG - 0 reads not considered because fully enclosed in repeat masked regions
2026-06-12 12:32:50,374 - DEBUG - Counting for batch 40, containing 100 cells and 584166 reads
2026-06-12 12:32:54,628 - DEBUG - 0 reads not considered because fully enclosed in repeat masked regions
2026-06-12 12:32:59,705 - DEBUG - Counting for batch 41, containing 100 cells and 513032 reads
2026-06-12 12:33:03,588 - DEBUG - 0 reads not considered because fully enclosed in repeat masked regions
2026-06-12 12:33:11,020 - DEBUG - Counting for batch 42, containing 100 cells and 617719 reads
2026-06-12 12:33:14,363 - DEBUG - 0 reads not considered because fully enclosed in repeat masked regions
2026-06-12 12:33:18,987 - DEBUG - Read first 50 million reads
2026-06-12 12:33:21,673 - DEBUG - Counting for batch 43, containing 100 cells and 603470 reads
2026-06-12 12:33:26,122 - DEBUG - 0 reads not considered because fully enclosed in repeat masked regions
2026-06-12 12:33:31,289 - DEBUG - Counting for batch 44, containing 100 cells and 502626 reads
2026-06-12 12:33:34,976 - DEBUG - 0 reads not considered because fully enclosed in repeat masked regions
2026-06-12 12:33:40,797 - DEBUG - Counting for batch 45, containing 100 cells and 531120 reads
2026-06-12 12:33:44,791 - DEBUG - 0 reads not considered because fully enclosed in repeat masked regions
2026-06-12 12:33:50,951 - DEBUG - Counting for batch 46, containing 100 cells and 559918 reads
2026-06-12 12:33:55,078 - DEBUG - 0 reads not considered because fully enclosed in repeat masked regions
2026-06-12 12:34:02,902 - DEBUG - Counting for batch 47, containing 100 cells and 637153 reads
2026-06-12 12:34:06,914 - DEBUG - 0 reads not considered because fully enclosed in repeat masked regions
2026-06-12 12:34:15,394 - DEBUG - Counting for batch 48, containing 100 cells and 695208 reads
2026-06-12 12:34:20,392 - DEBUG - 0 reads not considered because fully enclosed in repeat masked regions
2026-06-12 12:34:25,744 - DEBUG - Counting for batch 49, containing 100 cells and 547079 reads
2026-06-12 12:34:29,737 - DEBUG - 0 reads not considered because fully enclosed in repeat masked regions
2026-06-12 12:34:35,904 - DEBUG - Counting for batch 50, containing 100 cells and 558265 reads
2026-06-12 12:34:39,883 - DEBUG - 0 reads not considered because fully enclosed in repeat masked regions
2026-06-12 12:34:46,861 - DEBUG - Counting for batch 51, containing 100 cells and 669902 reads
2026-06-12 12:34:51,614 - DEBUG - 0 reads not considered because fully enclosed in repeat masked regions
2026-06-12 12:34:58,639 - DEBUG - Counting for batch 52, containing 100 cells and 652170 reads
2026-06-12 12:35:03,252 - DEBUG - 0 reads not considered because fully enclosed in repeat masked regions
2026-06-12 12:35:08,737 - DEBUG - Read first 60 million reads
2026-06-12 12:35:08,801 - DEBUG - Counting for batch 53, containing 100 cells and 566903 reads
2026-06-12 12:35:12,982 - DEBUG - 0 reads not considered because fully enclosed in repeat masked regions
2026-06-12 12:35:19,438 - DEBUG - Counting for batch 54, containing 100 cells and 588098 reads
2026-06-12 12:35:23,625 - DEBUG - 0 reads not considered because fully enclosed in repeat masked regions
2026-06-12 12:35:30,844 - DEBUG - Counting for batch 55, containing 100 cells and 660413 reads
2026-06-12 12:35:35,555 - DEBUG - 0 reads not considered because fully enclosed in repeat masked regions
2026-06-12 12:35:41,714 - DEBUG - Counting for batch 56, containing 100 cells and 542585 reads
2026-06-12 12:35:45,638 - DEBUG - 0 reads not considered because fully enclosed in repeat masked regions
2026-06-12 12:35:52,184 - DEBUG - Counting for batch 57, containing 100 cells and 600815 reads
2026-06-12 12:35:56,542 - DEBUG - 0 reads not considered because fully enclosed in repeat masked regions
2026-06-12 12:36:02,164 - DEBUG - Counting for batch 58, containing 100 cells and 465879 reads
2026-06-12 12:36:04,818 - DEBUG - 0 reads not considered because fully enclosed in repeat masked regions
2026-06-12 12:36:10,776 - DEBUG - Counting for batch 59, containing 100 cells and 551413 reads
2026-06-12 12:36:14,690 - DEBUG - 0 reads not considered because fully enclosed in repeat masked regions
2026-06-12 12:36:21,010 - DEBUG - Counting for batch 60, containing 100 cells and 579125 reads
2026-06-12 12:36:25,095 - DEBUG - 0 reads not considered because fully enclosed in repeat masked regions
2026-06-12 12:36:31,510 - DEBUG - Counting for batch 61, containing 100 cells and 584772 reads
2026-06-12 12:36:34,822 - DEBUG - 0 reads not considered because fully enclosed in repeat masked regions
2026-06-12 12:36:42,277 - DEBUG - Counting for batch 62, containing 100 cells and 612149 reads
2026-06-12 12:36:46,699 - DEBUG - 0 reads not considered because fully enclosed in repeat masked regions
2026-06-12 12:36:51,926 - DEBUG - Counting for batch 63, containing 100 cells and 544717 reads
2026-06-12 12:36:57,364 - DEBUG - 0 reads not considered because fully enclosed in repeat masked regions
2026-06-12 12:37:01,044 - DEBUG - Read first 70 million reads
2026-06-12 12:37:03,849 - DEBUG - Counting for batch 64, containing 100 cells and 582735 reads
2026-06-12 12:37:07,988 - DEBUG - 0 reads not considered because fully enclosed in repeat masked regions
2026-06-12 12:37:14,751 - DEBUG - Counting for batch 65, containing 100 cells and 634073 reads
2026-06-12 12:37:18,951 - DEBUG - 0 reads not considered because fully enclosed in repeat masked regions
2026-06-12 12:37:25,447 - DEBUG - Counting for batch 66, containing 100 cells and 631871 reads
2026-06-12 12:37:29,913 - DEBUG - 0 reads not considered because fully enclosed in repeat masked regions
2026-06-12 12:37:35,893 - DEBUG - Counting for batch 67, containing 100 cells and 531932 reads
2026-06-12 12:37:38,771 - DEBUG - 0 reads not considered because fully enclosed in repeat masked regions
2026-06-12 12:37:45,221 - DEBUG - Counting for batch 68, containing 100 cells and 539782 reads
2026-06-12 12:37:48,227 - DEBUG - 0 reads not considered because fully enclosed in repeat masked regions
2026-06-12 12:37:55,916 - DEBUG - Counting for batch 69, containing 100 cells and 690876 reads
2026-06-12 12:38:00,741 - DEBUG - 0 reads not considered because fully enclosed in repeat masked regions
2026-06-12 12:38:07,614 - DEBUG - Counting for batch 70, containing 100 cells and 652585 reads
2026-06-12 12:38:12,045 - DEBUG - 0 reads not considered because fully enclosed in repeat masked regions
2026-06-12 12:38:18,668 - DEBUG - Counting for batch 71, containing 100 cells and 634269 reads
2026-06-12 12:38:23,048 - DEBUG - 0 reads not considered because fully enclosed in repeat masked regions
2026-06-12 12:38:29,754 - DEBUG - Counting for batch 72, containing 100 cells and 635785 reads
2026-06-12 12:38:34,122 - DEBUG - 0 reads not considered because fully enclosed in repeat masked regions
2026-06-12 12:38:40,889 - DEBUG - Counting for batch 73, containing 100 cells and 651379 reads
2026-06-12 12:38:45,523 - DEBUG - 0 reads not considered because fully enclosed in repeat masked regions
2026-06-12 12:38:49,790 - DEBUG - Read first 80 million reads
2026-06-12 12:38:50,889 - DEBUG - Counting for batch 74, containing 100 cells and 468042 reads
2026-06-12 12:38:53,429 - DEBUG - 0 reads not considered because fully enclosed in repeat masked regions
2026-06-12 12:38:59,598 - DEBUG - Counting for batch 75, containing 100 cells and 519699 reads
2026-06-12 12:39:02,529 - DEBUG - 0 reads not considered because fully enclosed in repeat masked regions
2026-06-12 12:39:09,794 - DEBUG - Counting for batch 76, containing 100 cells and 636592 reads
2026-06-12 12:39:14,364 - DEBUG - 0 reads not considered because fully enclosed in repeat masked regions
2026-06-12 12:39:21,031 - DEBUG - Counting for batch 77, containing 100 cells and 621324 reads
2026-06-12 12:39:24,403 - DEBUG - 0 reads not considered because fully enclosed in repeat masked regions
2026-06-12 12:39:31,511 - DEBUG - Counting for batch 78, containing 100 cells and 595062 reads
2026-06-12 12:39:34,695 - DEBUG - 0 reads not considered because fully enclosed in repeat masked regions
2026-06-12 12:39:41,898 - DEBUG - Counting for batch 79, containing 100 cells and 623843 reads
2026-06-12 12:39:46,124 - DEBUG - 0 reads not considered because fully enclosed in repeat masked regions
2026-06-12 12:39:53,105 - DEBUG - Counting for batch 80, containing 100 cells and 672963 reads
2026-06-12 12:39:56,482 - DEBUG - 0 reads not considered because fully enclosed in repeat masked regions
2026-06-12 12:40:03,057 - DEBUG - Counting for batch 81, containing 100 cells and 538939 reads
2026-06-12 12:40:05,910 - DEBUG - 0 reads not considered because fully enclosed in repeat masked regions
2026-06-12 12:40:11,790 - DEBUG - Counting for batch 82, containing 100 cells and 561065 reads
2026-06-12 12:40:15,709 - DEBUG - 0 reads not considered because fully enclosed in repeat masked regions
2026-06-12 12:40:22,579 - DEBUG - Counting for batch 83, containing 100 cells and 688036 reads
2026-06-12 12:40:27,243 - DEBUG - 0 reads not considered because fully enclosed in repeat masked regions
2026-06-12 12:40:34,185 - DEBUG - Counting for batch 84, containing 100 cells and 561819 reads
2026-06-12 12:40:37,246 - DEBUG - 0 reads not considered because fully enclosed in repeat masked regions
2026-06-12 12:40:37,855 - DEBUG - Read first 90 million reads
2026-06-12 12:40:42,927 - DEBUG - Counting for batch 85, containing 100 cells and 528970 reads
2026-06-12 12:40:46,800 - DEBUG - 0 reads not considered because fully enclosed in repeat masked regions
2026-06-12 12:40:53,953 - DEBUG - Counting for batch 86, containing 100 cells and 605370 reads
2026-06-12 12:40:57,262 - DEBUG - 0 reads not considered because fully enclosed in repeat masked regions
2026-06-12 12:41:00,926 - DEBUG - Counting for batch 87, containing 43 cells and 285292 reads
2026-06-12 12:41:03,439 - DEBUG - 0 reads not considered because fully enclosed in repeat masked regions
2026-06-12 12:41:03,780 - DEBUG - 3710735 reads were skipped because no apropiate cell or umi barcode was found
2026-06-12 12:41:03,781 - DEBUG - Counting done!
2026-06-12 12:41:03,791 - DEBUG - Generating output file /research/peer/fdeckert/FD20250213HSCT/data/object/velocyto/CoR_GVD_08_transcriptome/velocyto.loom
2026-06-12 12:41:03,791 - DEBUG - Collecting row attributes
2026-06-12 12:41:03,870 - DEBUG - Generating data table
2026-06-12 12:41:05,409 - DEBUG - Writing loom file
2026-06-12 12:41:06,606 - DEBUG - Creating converter from 5 to 3
2026-06-12 12:41:06,608 - DEBUG - Creating converter from 3 to 5
2026-06-12 12:41:15,473 - DEBUG - Terminated Succesfully!
