2026-06-12 12:02:31,950 - DEBUG - Using logic: Permissive10X
2026-06-12 12:02:31,968 - INFO - Read 7994 cell barcodes from /research/lab_stary/sequencing_projects/hsct/COUNT/HSCT_7831_transcriptome/filtered_feature_bc_matrix/barcodes.tsv.gz
2026-06-12 12:02:31,968 - DEBUG - Example of barcode: AAACCTGAGATAGCAT and cell_id: velocyto:AAACCTGAGATAGCAT-1
2026-06-12 12:02:31,973 - DEBUG - Peeking into /research/peer/fdeckert/FD20250213HSCT/data/object/velocyto/HSCT_7831_transcriptome/possorted_genome_bam.bam
2026-06-12 12:02:31,986 - WARNING - Not found cell and umi barcode in entry 1 of the bam file
2026-06-12 12:02:31,986 - WARNING - Not found cell and umi barcode in entry 5 of the bam file
2026-06-12 12:02:31,986 - WARNING - Not found cell and umi barcode in entry 18 of the bam file
2026-06-12 12:02:31,986 - WARNING - Not found cell and umi barcode in entry 30 of the bam file
2026-06-12 12:02:31,986 - WARNING - Not found cell and umi barcode in entry 34 of the bam file
2026-06-12 12:02:31,986 - WARNING - Not found cell and umi barcode in entry 37 of the bam file
2026-06-12 12:02:31,986 - WARNING - Not found cell and umi barcode in entry 53 of the bam file
2026-06-12 12:02:31,986 - WARNING - Not found cell and umi barcode in entry 65 of the bam file
2026-06-12 12:02:31,986 - WARNING - Not found cell and umi barcode in entry 75 of the bam file
2026-06-12 12:02:31,986 - WARNING - Not found cell and umi barcode in entry 78 of the bam file
2026-06-12 12:02:31,986 - WARNING - Not found cell and umi barcode in entry 81 of the bam file
2026-06-12 12:02:31,986 - WARNING - Not found cell and umi barcode in entry 87 of the bam file
2026-06-12 12:02:31,986 - WARNING - Not found cell and umi barcode in entry 89 of the bam file
2026-06-12 12:02:31,986 - WARNING - Not found cell and umi barcode in entry 93 of the bam file
2026-06-12 12:02:31,986 - WARNING - Not found cell and umi barcode in entry 99 of the bam file
2026-06-12 12:02:31,986 - WARNING - Not found cell and umi barcode in entry 103 of the bam file
2026-06-12 12:02:31,986 - WARNING - Not found cell and umi barcode in entry 104 of the bam file
2026-06-12 12:02:31,986 - WARNING - Not found cell and umi barcode in entry 113 of the bam file
2026-06-12 12:02:31,986 - WARNING - Not found cell and umi barcode in entry 123 of the bam file
2026-06-12 12:02:31,987 - WARNING - Not found cell and umi barcode in entry 141 of the bam file
2026-06-12 12:02:31,987 - WARNING - Not found cell and umi barcode in entry 172 of the bam file
2026-06-12 12:02:31,987 - WARNING - Not found cell and umi barcode in entry 183 of the bam file
2026-06-12 12:02:31,987 - WARNING - Not found cell and umi barcode in entry 232 of the bam file
2026-06-12 12:02:31,987 - WARNING - Not found cell and umi barcode in entry 236 of the bam file
2026-06-12 12:02:31,987 - WARNING - Not found cell and umi barcode in entry 243 of the bam file
2026-06-12 12:02:31,987 - WARNING - Not found cell and umi barcode in entry 244 of the bam file
2026-06-12 12:02:31,987 - WARNING - Not found cell and umi barcode in entry 247 of the bam file
2026-06-12 12:02:31,987 - WARNING - Not found cell and umi barcode in entry 248 of the bam file
2026-06-12 12:02:31,987 - WARNING - Not found cell and umi barcode in entry 250 of the bam file
2026-06-12 12:02:31,987 - WARNING - Not found cell and umi barcode in entry 254 of the bam file
2026-06-12 12:02:31,987 - WARNING - Not found cell and umi barcode in entry 275 of the bam file
2026-06-12 12:02:31,987 - WARNING - Not found cell and umi barcode in entry 300 of the bam file
2026-06-12 12:02:31,987 - WARNING - Not found cell and umi barcode in entry 319 of the bam file
2026-06-12 12:02:31,988 - WARNING - Not found cell and umi barcode in entry 339 of the bam file
2026-06-12 12:02:31,988 - WARNING - Not found cell and umi barcode in entry 345 of the bam file
2026-06-12 12:02:31,988 - WARNING - Not found cell and umi barcode in entry 346 of the bam file
2026-06-12 12:02:31,988 - WARNING - Not found cell and umi barcode in entry 348 of the bam file
2026-06-12 12:02:31,988 - WARNING - Not found cell and umi barcode in entry 349 of the bam file
2026-06-12 12:02:31,988 - WARNING - Not found cell and umi barcode in entry 401 of the bam file
2026-06-12 12:02:31,988 - WARNING - Not found cell and umi barcode in entry 440 of the bam file
2026-06-12 12:02:31,988 - WARNING - Not found cell and umi barcode in entry 634 of the bam file
2026-06-12 12:02:31,989 - WARNING - Not found cell and umi barcode in entry 677 of the bam file
2026-06-12 12:02:31,989 - WARNING - Not found cell and umi barcode in entry 707 of the bam file
2026-06-12 12:02:31,989 - WARNING - Not found cell and umi barcode in entry 758 of the bam file
2026-06-12 12:02:31,989 - WARNING - Not found cell and umi barcode in entry 816 of the bam file
2026-06-12 12:02:31,990 - WARNING - Not found cell and umi barcode in entry 850 of the bam file
2026-06-12 12:02:31,990 - WARNING - Not found cell and umi barcode in entry 881 of the bam file
2026-06-12 12:02:31,990 - WARNING - Not found cell and umi barcode in entry 894 of the bam file
2026-06-12 12:02:31,990 - WARNING - Not found cell and umi barcode in entry 908 of the bam file
2026-06-12 12:02:31,990 - WARNING - Not found cell and umi barcode in entry 964 of the bam file
2026-06-12 12:02:31,990 - WARNING - Not found cell and umi barcode in entry 978 of the bam file
2026-06-12 12:02:31,990 - WARNING - Not found cell and umi barcode in entry 979 of the bam file
2026-06-12 12:02:31,991 - WARNING - Not found cell and umi barcode in entry 999 of the bam file
2026-06-12 12:02:31,991 - WARNING - Not found cell and umi barcode in entry 1003 of the bam file
2026-06-12 12:02:31,991 - WARNING - Not found cell and umi barcode in entry 1006 of the bam file
2026-06-12 12:02:31,991 - WARNING - Not found cell and umi barcode in entry 1017 of the bam file
2026-06-12 12:02:31,991 - WARNING - Not found cell and umi barcode in entry 1018 of the bam file
2026-06-12 12:02:31,991 - WARNING - Not found cell and umi barcode in entry 1020 of the bam file
2026-06-12 12:02:31,991 - WARNING - Not found cell and umi barcode in entry 1023 of the bam file
2026-06-12 12:02:31,991 - WARNING - Not found cell and umi barcode in entry 1028 of the bam file
2026-06-12 12:02:31,991 - WARNING - Not found cell and umi barcode in entry 1043 of the bam file
2026-06-12 12:02:31,991 - WARNING - Not found cell and umi barcode in entry 1047 of the bam file
2026-06-12 12:02:31,991 - WARNING - Not found cell and umi barcode in entry 1057 of the bam file
2026-06-12 12:02:31,994 - INFO - Starting the sorting process of /research/peer/fdeckert/FD20250213HSCT/data/object/velocyto/HSCT_7831_transcriptome/possorted_genome_bam.bam the output will be at: /research/peer/fdeckert/FD20250213HSCT/data/object/velocyto/HSCT_7831_transcriptome/cellsorted_possorted_genome_bam.bam
2026-06-12 12:02:31,994 - INFO - Command being run is: samtools sort -l 7 -m 100M -t CB -O BAM -@ 16 -o /research/peer/fdeckert/FD20250213HSCT/data/object/velocyto/HSCT_7831_transcriptome/cellsorted_possorted_genome_bam.bam /research/peer/fdeckert/FD20250213HSCT/data/object/velocyto/HSCT_7831_transcriptome/possorted_genome_bam.bam
2026-06-12 12:02:31,994 - INFO - While the bam sorting happens do other things...
2026-06-12 12:02:31,994 - INFO - Load the annotation from /nobackup/peer/fdeckert/cellranger/GRCh38-2020-A/GRCh38/genes/genes.gtf
2026-06-12 12:02:38,683 - DEBUG - Parsing Chromosome GL000009.2 strand - [line 0]
2026-06-12 12:02:38,684 - DEBUG - Done with GL000009.2- [line 7]
2026-06-12 12:02:38,684 - DEBUG - Assigning indexes to genes
2026-06-12 12:02:38,684 - DEBUG - Seen 1 genes until now
2026-06-12 12:02:38,684 - DEBUG - Parsing Chromosome GL000194.1 strand - [line 8]
2026-06-12 12:02:38,684 - DEBUG - Done with GL000194.1- [line 33]
2026-06-12 12:02:38,684 - DEBUG - Assigning indexes to genes
2026-06-12 12:02:38,684 - DEBUG - Seen 3 genes until now
2026-06-12 12:02:38,684 - DEBUG - Parsing Chromosome GL000195.1 strand - [line 34]
2026-06-12 12:02:38,684 - DEBUG - Done with GL000195.1- [line 43]
2026-06-12 12:02:38,684 - DEBUG - Assigning indexes to genes
2026-06-12 12:02:38,684 - DEBUG - Seen 4 genes until now
2026-06-12 12:02:38,684 - DEBUG - Parsing Chromosome GL000195.1 strand + [line 44]
2026-06-12 12:02:38,684 - DEBUG - Done with GL000195.1+ [line 57]
2026-06-12 12:02:38,685 - DEBUG - Assigning indexes to genes
2026-06-12 12:02:38,685 - DEBUG - Seen 5 genes until now
2026-06-12 12:02:38,685 - DEBUG - Parsing Chromosome GL000205.2 strand - [line 58]
2026-06-12 12:02:38,685 - DEBUG - Done with GL000205.2- [line 71]
2026-06-12 12:02:38,685 - DEBUG - Assigning indexes to genes
2026-06-12 12:02:38,685 - DEBUG - Seen 6 genes until now
2026-06-12 12:02:38,685 - DEBUG - Parsing Chromosome GL000213.1 strand - [line 72]
2026-06-12 12:02:38,685 - DEBUG - Done with GL000213.1- [line 120]
2026-06-12 12:02:38,685 - DEBUG - Assigning indexes to genes
2026-06-12 12:02:38,685 - DEBUG - Seen 7 genes until now
2026-06-12 12:02:38,685 - DEBUG - Parsing Chromosome GL000218.1 strand - [line 121]
2026-06-12 12:02:38,685 - DEBUG - Done with GL000218.1- [line 128]
2026-06-12 12:02:38,685 - DEBUG - Assigning indexes to genes
2026-06-12 12:02:38,685 - DEBUG - Seen 8 genes until now
2026-06-12 12:02:38,685 - DEBUG - Parsing Chromosome GL000219.1 strand - [line 129]
2026-06-12 12:02:38,685 - DEBUG - Done with GL000219.1- [line 141]
2026-06-12 12:02:38,685 - DEBUG - Assigning indexes to genes
2026-06-12 12:02:38,685 - DEBUG - Seen 9 genes until now
2026-06-12 12:02:38,685 - DEBUG - Parsing Chromosome KI270711.1 strand - [line 142]
2026-06-12 12:02:38,686 - DEBUG - Done with KI270711.1- [line 292]
2026-06-12 12:02:38,686 - DEBUG - Assigning indexes to genes
2026-06-12 12:02:38,686 - DEBUG - Seen 10 genes until now
2026-06-12 12:02:38,686 - DEBUG - Parsing Chromosome KI270713.1 strand - [line 293]
2026-06-12 12:02:38,686 - DEBUG - Done with KI270713.1- [line 300]
2026-06-12 12:02:38,686 - DEBUG - Assigning indexes to genes
2026-06-12 12:02:38,686 - DEBUG - Seen 11 genes until now
2026-06-12 12:02:38,686 - DEBUG - Parsing Chromosome KI270713.1 strand + [line 301]
2026-06-12 12:02:38,686 - DEBUG - Done with KI270713.1+ [line 307]
2026-06-12 12:02:38,686 - DEBUG - Assigning indexes to genes
2026-06-12 12:02:38,686 - DEBUG - Seen 12 genes until now
2026-06-12 12:02:38,686 - DEBUG - Parsing Chromosome KI270721.1 strand + [line 308]
2026-06-12 12:02:38,686 - DEBUG - Done with KI270721.1+ [line 323]
2026-06-12 12:02:38,686 - DEBUG - Assigning indexes to genes
2026-06-12 12:02:38,686 - DEBUG - Seen 13 genes until now
2026-06-12 12:02:38,686 - DEBUG - Parsing Chromosome KI270726.1 strand + [line 324]
2026-06-12 12:02:38,686 - DEBUG - Done with KI270726.1+ [line 334]
2026-06-12 12:02:38,686 - DEBUG - Assigning indexes to genes
2026-06-12 12:02:38,687 - DEBUG - Seen 15 genes until now
2026-06-12 12:02:38,687 - DEBUG - Parsing Chromosome KI270727.1 strand - [line 335]
2026-06-12 12:02:38,687 - DEBUG - Done with KI270727.1- [line 394]
2026-06-12 12:02:38,687 - DEBUG - Assigning indexes to genes
2026-06-12 12:02:38,687 - DEBUG - Seen 17 genes until now
2026-06-12 12:02:38,687 - DEBUG - Parsing Chromosome KI270727.1 strand + [line 395]
2026-06-12 12:02:38,687 - DEBUG - Done with KI270727.1+ [line 409]
2026-06-12 12:02:38,687 - DEBUG - Assigning indexes to genes
2026-06-12 12:02:38,687 - DEBUG - Seen 19 genes until now
2026-06-12 12:02:38,687 - DEBUG - Parsing Chromosome KI270728.1 strand - [line 410]
2026-06-12 12:02:38,687 - DEBUG - Done with KI270728.1- [line 486]
2026-06-12 12:02:38,687 - DEBUG - Assigning indexes to genes
2026-06-12 12:02:38,687 - DEBUG - Seen 21 genes until now
2026-06-12 12:02:38,687 - DEBUG - Parsing Chromosome KI270728.1 strand + [line 487]
2026-06-12 12:02:38,687 - DEBUG - Done with KI270728.1+ [line 523]
2026-06-12 12:02:38,687 - DEBUG - Assigning indexes to genes
2026-06-12 12:02:38,687 - DEBUG - Seen 25 genes until now
2026-06-12 12:02:38,687 - DEBUG - Parsing Chromosome KI270731.1 strand - [line 524]
2026-06-12 12:02:38,687 - DEBUG - Done with KI270731.1- [line 530]
2026-06-12 12:02:38,687 - DEBUG - Assigning indexes to genes
2026-06-12 12:02:38,687 - DEBUG - Seen 26 genes until now
2026-06-12 12:02:38,687 - DEBUG - Parsing Chromosome KI270734.1 strand - [line 531]
2026-06-12 12:02:38,688 - DEBUG - Done with KI270734.1- [line 599]
2026-06-12 12:02:38,688 - DEBUG - Assigning indexes to genes
2026-06-12 12:02:38,688 - DEBUG - Seen 27 genes until now
2026-06-12 12:02:38,688 - DEBUG - Parsing Chromosome KI270734.1 strand + [line 600]
2026-06-12 12:02:38,688 - DEBUG - Done with KI270734.1+ [line 622]
2026-06-12 12:02:38,688 - DEBUG - Assigning indexes to genes
2026-06-12 12:02:38,688 - DEBUG - Seen 29 genes until now
2026-06-12 12:02:38,688 - DEBUG - Parsing Chromosome 1 strand - [line 623]
2026-06-12 12:02:39,264 - DEBUG - Done with 1- [line 118876]
2026-06-12 12:02:39,264 - DEBUG - Assigning indexes to genes
2026-06-12 12:02:39,270 - DEBUG - Seen 1711 genes until now
2026-06-12 12:02:39,270 - DEBUG - Parsing Chromosome 1 strand + [line 118877]
2026-06-12 12:02:40,399 - DEBUG - Done with 1+ [line 253796]
2026-06-12 12:02:40,399 - DEBUG - Assigning indexes to genes
2026-06-12 12:02:40,408 - DEBUG - Seen 3439 genes until now
2026-06-12 12:02:40,408 - DEBUG - Parsing Chromosome 10 strand - [line 253797]
2026-06-12 12:02:40,621 - DEBUG - Done with 10- [line 304078]
2026-06-12 12:02:40,621 - DEBUG - Assigning indexes to genes
2026-06-12 12:02:40,624 - DEBUG - Seen 4100 genes until now
2026-06-12 12:02:40,624 - DEBUG - Parsing Chromosome 10 strand + [line 304079]
2026-06-12 12:02:40,840 - DEBUG - Done with 10+ [line 356023]
2026-06-12 12:02:40,840 - DEBUG - Assigning indexes to genes
2026-06-12 12:02:40,843 - DEBUG - Seen 4833 genes until now
2026-06-12 12:02:40,843 - DEBUG - Parsing Chromosome 11 strand - [line 356024]
2026-06-12 12:02:41,451 - DEBUG - Done with 11- [line 438038]
2026-06-12 12:02:41,451 - DEBUG - Assigning indexes to genes
2026-06-12 12:02:41,457 - DEBUG - Seen 5833 genes until now
2026-06-12 12:02:41,457 - DEBUG - Parsing Chromosome 11 strand + [line 438039]
2026-06-12 12:02:41,813 - DEBUG - Done with 11+ [line 521163]
2026-06-12 12:02:41,813 - DEBUG - Assigning indexes to genes
2026-06-12 12:02:41,818 - DEBUG - Seen 6898 genes until now
2026-06-12 12:02:41,819 - DEBUG - Parsing Chromosome 12 strand - [line 521164]
2026-06-12 12:02:42,429 - DEBUG - Done with 12- [line 601582]
2026-06-12 12:02:42,429 - DEBUG - Assigning indexes to genes
2026-06-12 12:02:42,433 - DEBUG - Seen 7848 genes until now
2026-06-12 12:02:42,433 - DEBUG - Parsing Chromosome 12 strand + [line 601583]
2026-06-12 12:02:42,656 - DEBUG - Done with 12+ [line 681983]
2026-06-12 12:02:42,657 - DEBUG - Assigning indexes to genes
2026-06-12 12:02:42,662 - DEBUG - Seen 8826 genes until now
2026-06-12 12:02:42,662 - DEBUG - Parsing Chromosome 13 strand - [line 681984]
2026-06-12 12:02:42,735 - DEBUG - Done with 13- [line 702449]
2026-06-12 12:02:42,736 - DEBUG - Assigning indexes to genes
2026-06-12 12:02:42,737 - DEBUG - Seen 9225 genes until now
2026-06-12 12:02:42,737 - DEBUG - Parsing Chromosome 13 strand + [line 702450]
2026-06-12 12:02:42,828 - DEBUG - Done with 13+ [line 726349]
2026-06-12 12:02:42,828 - DEBUG - Assigning indexes to genes
2026-06-12 12:02:42,831 - DEBUG - Seen 9614 genes until now
2026-06-12 12:02:42,831 - DEBUG - Parsing Chromosome 14 strand - [line 726350]
2026-06-12 12:02:43,507 - DEBUG - Done with 14- [line 770987]
2026-06-12 12:02:43,507 - DEBUG - Assigning indexes to genes
2026-06-12 12:02:43,511 - DEBUG - Seen 10373 genes until now
2026-06-12 12:02:43,511 - DEBUG - Parsing Chromosome 14 strand + [line 770988]
2026-06-12 12:02:43,721 - DEBUG - Done with 14+ [line 822908]
2026-06-12 12:02:43,722 - DEBUG - Assigning indexes to genes
2026-06-12 12:02:43,727 - DEBUG - Seen 11088 genes until now
2026-06-12 12:02:43,727 - DEBUG - Parsing Chromosome 15 strand - [line 822909]
2026-06-12 12:02:43,949 - DEBUG - Done with 15- [line 873715]
2026-06-12 12:02:43,949 - DEBUG - Assigning indexes to genes
2026-06-12 12:02:43,952 - DEBUG - Seen 11734 genes until now
2026-06-12 12:02:43,952 - DEBUG - Parsing Chromosome 15 strand + [line 873716]
2026-06-12 12:02:44,167 - DEBUG - Done with 15+ [line 923824]
2026-06-12 12:02:44,167 - DEBUG - Assigning indexes to genes
2026-06-12 12:02:44,171 - DEBUG - Seen 12355 genes until now
2026-06-12 12:02:44,171 - DEBUG - Parsing Chromosome 16 strand - [line 923825]
2026-06-12 12:02:44,414 - DEBUG - Done with 16- [line 979238]
2026-06-12 12:02:44,414 - DEBUG - Assigning indexes to genes
2026-06-12 12:02:44,419 - DEBUG - Seen 13151 genes until now
2026-06-12 12:02:44,419 - DEBUG - Parsing Chromosome 16 strand + [line 979239]
2026-06-12 12:02:45,406 - DEBUG - Done with 16+ [line 1052152]
2026-06-12 12:02:45,406 - DEBUG - Assigning indexes to genes
2026-06-12 12:02:45,412 - DEBUG - Seen 14004 genes until now
2026-06-12 12:02:45,412 - DEBUG - Parsing Chromosome 17 strand - [line 1052153]
2026-06-12 12:02:45,705 - DEBUG - Done with 17- [line 1140008]
2026-06-12 12:02:45,705 - DEBUG - Assigning indexes to genes
2026-06-12 12:02:45,711 - DEBUG - Seen 15039 genes until now
2026-06-12 12:02:45,711 - DEBUG - Parsing Chromosome 17 strand + [line 1140009]
2026-06-12 12:02:45,960 - DEBUG - Done with 17+ [line 1219447]
2026-06-12 12:02:45,961 - DEBUG - Assigning indexes to genes
2026-06-12 12:02:45,965 - DEBUG - Seen 15996 genes until now
2026-06-12 12:02:45,965 - DEBUG - Parsing Chromosome 18 strand - [line 1219448]
2026-06-12 12:02:46,037 - DEBUG - Done with 18- [line 1246083]
2026-06-12 12:02:46,037 - DEBUG - Assigning indexes to genes
2026-06-12 12:02:46,039 - DEBUG - Seen 16371 genes until now
2026-06-12 12:02:46,039 - DEBUG - Parsing Chromosome 18 strand + [line 1246084]
2026-06-12 12:02:46,100 - DEBUG - Done with 18+ [line 1269821]
2026-06-12 12:02:46,100 - DEBUG - Assigning indexes to genes
2026-06-12 12:02:46,101 - DEBUG - Seen 16777 genes until now
2026-06-12 12:02:46,101 - DEBUG - Parsing Chromosome 19 strand - [line 1269822]
2026-06-12 12:02:46,987 - DEBUG - Done with 19- [line 1350736]
2026-06-12 12:02:46,987 - DEBUG - Assigning indexes to genes
2026-06-12 12:02:46,992 - DEBUG - Seen 17790 genes until now
2026-06-12 12:02:46,992 - DEBUG - Parsing Chromosome 19 strand + [line 1350737]
2026-06-12 12:02:47,230 - DEBUG - Done with 19+ [line 1435648]
2026-06-12 12:02:47,230 - DEBUG - Assigning indexes to genes
2026-06-12 12:02:47,235 - DEBUG - Seen 18804 genes until now
2026-06-12 12:02:47,235 - DEBUG - Parsing Chromosome 2 strand - [line 1435649]
2026-06-12 12:02:47,632 - DEBUG - Done with 2- [line 1542996]
2026-06-12 12:02:47,632 - DEBUG - Assigning indexes to genes
2026-06-12 12:02:47,642 - DEBUG - Seen 20037 genes until now
2026-06-12 12:02:47,642 - DEBUG - Parsing Chromosome 2 strand + [line 1542997]
2026-06-12 12:02:48,041 - DEBUG - Done with 2+ [line 1642863]
2026-06-12 12:02:48,042 - DEBUG - Assigning indexes to genes
2026-06-12 12:02:48,049 - DEBUG - Seen 21345 genes until now
2026-06-12 12:02:48,049 - DEBUG - Parsing Chromosome 20 strand - [line 1642864]
2026-06-12 12:02:48,168 - DEBUG - Done with 20- [line 1672442]
2026-06-12 12:02:48,169 - DEBUG - Assigning indexes to genes
2026-06-12 12:02:48,171 - DEBUG - Seen 21828 genes until now
2026-06-12 12:02:48,171 - DEBUG - Parsing Chromosome 20 strand + [line 1672443]
2026-06-12 12:02:48,304 - DEBUG - Done with 20+ [line 1707817]
2026-06-12 12:02:48,304 - DEBUG - Assigning indexes to genes
2026-06-12 12:02:48,312 - DEBUG - Seen 22309 genes until now
2026-06-12 12:02:48,313 - DEBUG - Parsing Chromosome 21 strand - [line 1707818]
2026-06-12 12:02:48,987 - DEBUG - Done with 21- [line 1722798]
2026-06-12 12:02:48,987 - DEBUG - Assigning indexes to genes
2026-06-12 12:02:48,988 - DEBUG - Seen 22596 genes until now
2026-06-12 12:02:48,988 - DEBUG - Parsing Chromosome 21 strand + [line 1722799]
2026-06-12 12:02:49,029 - DEBUG - Done with 21+ [line 1738981]
2026-06-12 12:02:49,030 - DEBUG - Assigning indexes to genes
2026-06-12 12:02:49,030 - DEBUG - Seen 22864 genes until now
2026-06-12 12:02:49,030 - DEBUG - Parsing Chromosome 22 strand - [line 1738982]
2026-06-12 12:02:49,094 - DEBUG - Done with 22- [line 1765357]
2026-06-12 12:02:49,094 - DEBUG - Assigning indexes to genes
2026-06-12 12:02:49,095 - DEBUG - Seen 23260 genes until now
2026-06-12 12:02:49,096 - DEBUG - Parsing Chromosome 22 strand + [line 1765358]
2026-06-12 12:02:49,174 - DEBUG - Done with 22+ [line 1797598]
2026-06-12 12:02:49,174 - DEBUG - Assigning indexes to genes
2026-06-12 12:02:49,176 - DEBUG - Seen 23765 genes until now
2026-06-12 12:02:49,176 - DEBUG - Parsing Chromosome 3 strand - [line 1797599]
2026-06-12 12:02:49,405 - DEBUG - Done with 3- [line 1887377]
2026-06-12 12:02:49,405 - DEBUG - Assigning indexes to genes
2026-06-12 12:02:49,411 - DEBUG - Seen 24693 genes until now
2026-06-12 12:02:49,411 - DEBUG - Parsing Chromosome 3 strand + [line 1887378]
2026-06-12 12:02:49,717 - DEBUG - Done with 3+ [line 1977011]
2026-06-12 12:02:49,718 - DEBUG - Assigning indexes to genes
2026-06-12 12:02:49,725 - DEBUG - Seen 25658 genes until now
2026-06-12 12:02:49,726 - DEBUG - Parsing Chromosome 4 strand - [line 1977012]
2026-06-12 12:02:49,940 - DEBUG - Done with 4- [line 2034238]
2026-06-12 12:02:49,940 - DEBUG - Assigning indexes to genes
2026-06-12 12:02:49,945 - DEBUG - Seen 26401 genes until now
2026-06-12 12:02:49,945 - DEBUG - Parsing Chromosome 4 strand + [line 2034239]
2026-06-12 12:02:50,095 - DEBUG - Done with 4+ [line 2094594]
2026-06-12 12:02:50,096 - DEBUG - Assigning indexes to genes
2026-06-12 12:02:50,100 - DEBUG - Seen 27191 genes until now
2026-06-12 12:02:50,100 - DEBUG - Parsing Chromosome 5 strand - [line 2094595]
2026-06-12 12:02:50,292 - DEBUG - Done with 5- [line 2152660]
2026-06-12 12:02:50,292 - DEBUG - Assigning indexes to genes
2026-06-12 12:02:50,296 - DEBUG - Seen 28071 genes until now
2026-06-12 12:02:50,296 - DEBUG - Parsing Chromosome 5 strand + [line 2152661]
2026-06-12 12:02:51,192 - DEBUG - Done with 5+ [line 2218657]
2026-06-12 12:02:51,192 - DEBUG - Assigning indexes to genes
2026-06-12 12:02:51,197 - DEBUG - Seen 29002 genes until now
2026-06-12 12:02:51,197 - DEBUG - Parsing Chromosome 6 strand - [line 2218658]
2026-06-12 12:02:51,421 - DEBUG - Done with 6- [line 2284937]
2026-06-12 12:02:51,421 - DEBUG - Assigning indexes to genes
2026-06-12 12:02:51,426 - DEBUG - Seen 29928 genes until now
2026-06-12 12:02:51,426 - DEBUG - Parsing Chromosome 6 strand + [line 2284938]
2026-06-12 12:02:51,670 - DEBUG - Done with 6+ [line 2345240]
2026-06-12 12:02:51,670 - DEBUG - Assigning indexes to genes
2026-06-12 12:02:51,673 - DEBUG - Seen 30829 genes until now
2026-06-12 12:02:51,673 - DEBUG - Parsing Chromosome 7 strand - [line 2345241]
2026-06-12 12:02:51,891 - DEBUG - Done with 7- [line 2406845]
2026-06-12 12:02:51,891 - DEBUG - Assigning indexes to genes
2026-06-12 12:02:51,896 - DEBUG - Seen 31621 genes until now
2026-06-12 12:02:51,897 - DEBUG - Parsing Chromosome 7 strand + [line 2406846]
2026-06-12 12:02:52,174 - DEBUG - Done with 7+ [line 2476014]
2026-06-12 12:02:52,174 - DEBUG - Assigning indexes to genes
2026-06-12 12:02:52,177 - DEBUG - Seen 32515 genes until now
2026-06-12 12:02:52,178 - DEBUG - Parsing Chromosome 8 strand - [line 2476015]
2026-06-12 12:02:52,309 - DEBUG - Done with 8- [line 2527366]
2026-06-12 12:02:52,309 - DEBUG - Assigning indexes to genes
2026-06-12 12:02:52,312 - DEBUG - Seen 33270 genes until now
2026-06-12 12:02:52,312 - DEBUG - Parsing Chromosome 8 strand + [line 2527367]
2026-06-12 12:02:52,490 - DEBUG - Done with 8+ [line 2577021]
2026-06-12 12:02:52,490 - DEBUG - Assigning indexes to genes
2026-06-12 12:02:52,493 - DEBUG - Seen 34010 genes until now
2026-06-12 12:02:52,493 - DEBUG - Parsing Chromosome 9 strand - [line 2577022]
2026-06-12 12:02:52,621 - DEBUG - Done with 9- [line 2622811]
2026-06-12 12:02:52,621 - DEBUG - Assigning indexes to genes
2026-06-12 12:02:52,623 - DEBUG - Seen 34681 genes until now
2026-06-12 12:02:52,623 - DEBUG - Parsing Chromosome 9 strand + [line 2622812]
2026-06-12 12:02:52,762 - DEBUG - Done with 9+ [line 2672374]
2026-06-12 12:02:52,763 - DEBUG - Assigning indexes to genes
2026-06-12 12:02:52,765 - DEBUG - Seen 35329 genes until now
2026-06-12 12:02:52,765 - DEBUG - Parsing Chromosome M strand - [line 2672375]
2026-06-12 12:02:52,765 - DEBUG - Done with M- [line 2672379]
2026-06-12 12:02:52,765 - DEBUG - Assigning indexes to genes
2026-06-12 12:02:52,765 - DEBUG - Seen 35330 genes until now
2026-06-12 12:02:52,765 - DEBUG - Parsing Chromosome M strand + [line 2672380]
2026-06-12 12:02:52,765 - DEBUG - Done with M+ [line 2672445]
2026-06-12 12:02:52,765 - DEBUG - Assigning indexes to genes
2026-06-12 12:02:52,765 - DEBUG - Seen 35342 genes until now
2026-06-12 12:02:52,765 - DEBUG - Parsing Chromosome X strand - [line 2672446]
2026-06-12 12:02:52,875 - DEBUG - Done with X- [line 2716088]
2026-06-12 12:02:52,876 - DEBUG - Assigning indexes to genes
2026-06-12 12:02:52,878 - DEBUG - Seen 35884 genes until now
2026-06-12 12:02:52,878 - DEBUG - Parsing Chromosome X strand + [line 2716089]
2026-06-12 12:02:52,997 - DEBUG - Done with X+ [line 2760500]
2026-06-12 12:02:52,997 - DEBUG - Assigning indexes to genes
2026-06-12 12:02:53,001 - DEBUG - Seen 36490 genes until now
2026-06-12 12:02:53,001 - DEBUG - Parsing Chromosome Y strand - [line 2760501]
2026-06-12 12:02:53,025 - DEBUG - Done with Y- [line 2763031]
2026-06-12 12:02:53,025 - DEBUG - Assigning indexes to genes
2026-06-12 12:02:53,025 - DEBUG - Seen 36543 genes until now
2026-06-12 12:02:53,025 - DEBUG - Parsing Chromosome Y strand + [line 2763032]
2026-06-12 12:02:53,037 - DEBUG - Assigning indexes to genes
2026-06-12 12:02:53,037 - DEBUG - Done with Y+ [line 2765967]
2026-06-12 12:02:53,037 - DEBUG - Fixing corner cases of transcript models containg intron longer than 1000Kbp
2026-06-12 12:02:54,731 - DEBUG - Generated 2411536 features corresponding to 199138 transcript models from /nobackup/peer/fdeckert/cellranger/GRCh38-2020-A/GRCh38/genes/genes.gtf
2026-06-12 12:02:54,757 - INFO - Scan /research/peer/fdeckert/FD20250213HSCT/data/object/velocyto/HSCT_7831_transcriptome/possorted_genome_bam.bam to validate intron intervals
2026-06-12 12:02:56,510 - DEBUG - Reading /research/peer/fdeckert/FD20250213HSCT/data/object/velocyto/HSCT_7831_transcriptome/possorted_genome_bam.bam
2026-06-12 12:02:56,522 - DEBUG - Read first 0 million reads
2026-06-12 12:02:56,523 - DEBUG - Marking up chromosome 1
2026-06-12 12:03:29,314 - DEBUG - Marking up chromosome 10
2026-06-12 12:03:39,261 - DEBUG - Marking up chromosome 11
2026-06-12 12:04:06,419 - DEBUG - Marking up chromosome 12
2026-06-12 12:04:19,110 - DEBUG - Read first 10 million reads
2026-06-12 12:04:32,482 - DEBUG - Marking up chromosome 13
2026-06-12 12:04:40,544 - DEBUG - Marking up chromosome 14
2026-06-12 12:04:53,365 - DEBUG - Marking up chromosome 15
2026-06-12 12:05:09,362 - DEBUG - Marking up chromosome 16
2026-06-12 12:05:26,680 - DEBUG - Marking up chromosome 17
2026-06-12 12:05:53,923 - DEBUG - Marking up chromosome 18
2026-06-12 12:05:58,331 - DEBUG - Marking up chromosome 19
2026-06-12 12:06:05,677 - DEBUG - Read first 20 million reads
2026-06-12 12:06:25,934 - DEBUG - Marking up chromosome 2
2026-06-12 12:06:45,611 - DEBUG - Marking up chromosome 20
2026-06-12 12:06:52,142 - DEBUG - Marking up chromosome 21
2026-06-12 12:06:58,188 - DEBUG - Marking up chromosome 22
2026-06-12 12:06:59,379 - DEBUG - Read first 30 million reads
2026-06-12 12:07:03,311 - DEBUG - Marking up chromosome 3
2026-06-12 12:07:17,874 - DEBUG - Marking up chromosome 4
2026-06-12 12:07:26,338 - DEBUG - Marking up chromosome 5
2026-06-12 12:07:41,139 - DEBUG - Marking up chromosome 6
2026-06-12 12:08:01,300 - DEBUG - Marking up chromosome 7
2026-06-12 12:08:06,025 - DEBUG - Read first 40 million reads
2026-06-12 12:08:13,878 - DEBUG - Marking up chromosome 8
2026-06-12 12:08:22,355 - DEBUG - Marking up chromosome 9
2026-06-12 12:08:31,546 - DEBUG - Marking up chromosome MT
2026-06-12 12:08:31,547 - WARNING - The .bam file refers to a chromosome 'MT+' not present in the annotation (.gtf) file
2026-06-12 12:08:31,547 - WARNING - The .bam file refers to a chromosome 'MT-' not present in the annotation (.gtf) file
2026-06-12 12:08:50,231 - DEBUG - Marking up chromosome X
2026-06-12 12:09:00,158 - DEBUG - Marking up chromosome Y
2026-06-12 12:09:00,436 - DEBUG - Marking up chromosome KI270728.1
2026-06-12 12:09:00,436 - DEBUG - Marking up chromosome KI270727.1
2026-06-12 12:09:00,436 - DEBUG - Marking up chromosome KI270442.1
2026-06-12 12:09:00,436 - WARNING - The .bam file refers to a chromosome 'KI270442.1+' not present in the annotation (.gtf) file
2026-06-12 12:09:00,436 - WARNING - The .bam file refers to a chromosome 'KI270442.1-' not present in the annotation (.gtf) file
2026-06-12 12:09:00,437 - DEBUG - Marking up chromosome KI270729.1
2026-06-12 12:09:00,437 - WARNING - The .bam file refers to a chromosome 'KI270729.1+' not present in the annotation (.gtf) file
2026-06-12 12:09:00,437 - WARNING - The .bam file refers to a chromosome 'KI270729.1-' not present in the annotation (.gtf) file
2026-06-12 12:09:00,437 - DEBUG - Marking up chromosome GL000225.1
2026-06-12 12:09:00,437 - WARNING - The .bam file refers to a chromosome 'GL000225.1+' not present in the annotation (.gtf) file
2026-06-12 12:09:00,437 - WARNING - The .bam file refers to a chromosome 'GL000225.1-' not present in the annotation (.gtf) file
2026-06-12 12:09:00,437 - DEBUG - Marking up chromosome KI270743.1
2026-06-12 12:09:00,437 - WARNING - The .bam file refers to a chromosome 'KI270743.1+' not present in the annotation (.gtf) file
2026-06-12 12:09:00,437 - WARNING - The .bam file refers to a chromosome 'KI270743.1-' not present in the annotation (.gtf) file
2026-06-12 12:09:00,437 - DEBUG - Marking up chromosome GL000008.2
2026-06-12 12:09:00,437 - WARNING - The .bam file refers to a chromosome 'GL000008.2+' not present in the annotation (.gtf) file
2026-06-12 12:09:00,437 - WARNING - The .bam file refers to a chromosome 'GL000008.2-' not present in the annotation (.gtf) file
2026-06-12 12:09:00,437 - DEBUG - Marking up chromosome GL000009.2
2026-06-12 12:09:00,437 - WARNING - The .bam file refers to a chromosome 'GL000009.2+' not present in the annotation (.gtf) file
2026-06-12 12:09:00,438 - DEBUG - Marking up chromosome GL000194.1
2026-06-12 12:09:00,438 - WARNING - The .bam file refers to a chromosome 'GL000194.1+' not present in the annotation (.gtf) file
2026-06-12 12:09:00,439 - DEBUG - Marking up chromosome KI270742.1
2026-06-12 12:09:00,439 - WARNING - The .bam file refers to a chromosome 'KI270742.1+' not present in the annotation (.gtf) file
2026-06-12 12:09:00,439 - WARNING - The .bam file refers to a chromosome 'KI270742.1-' not present in the annotation (.gtf) file
2026-06-12 12:09:00,440 - DEBUG - Marking up chromosome GL000205.2
2026-06-12 12:09:00,440 - WARNING - The .bam file refers to a chromosome 'GL000205.2+' not present in the annotation (.gtf) file
2026-06-12 12:09:00,442 - DEBUG - Marking up chromosome GL000195.1
2026-06-12 12:09:00,443 - DEBUG - Marking up chromosome KI270733.1
2026-06-12 12:09:00,443 - WARNING - The .bam file refers to a chromosome 'KI270733.1+' not present in the annotation (.gtf) file
2026-06-12 12:09:00,443 - WARNING - The .bam file refers to a chromosome 'KI270733.1-' not present in the annotation (.gtf) file
2026-06-12 12:09:01,526 - DEBUG - Read first 50 million reads
2026-06-12 12:09:02,380 - DEBUG - Marking up chromosome GL000224.1
2026-06-12 12:09:02,380 - WARNING - The .bam file refers to a chromosome 'GL000224.1+' not present in the annotation (.gtf) file
2026-06-12 12:09:02,380 - WARNING - The .bam file refers to a chromosome 'GL000224.1-' not present in the annotation (.gtf) file
2026-06-12 12:09:02,380 - DEBUG - Marking up chromosome GL000219.1
2026-06-12 12:09:02,380 - WARNING - The .bam file refers to a chromosome 'GL000219.1+' not present in the annotation (.gtf) file
2026-06-12 12:09:02,398 - DEBUG - Marking up chromosome KI270719.1
2026-06-12 12:09:02,398 - WARNING - The .bam file refers to a chromosome 'KI270719.1+' not present in the annotation (.gtf) file
2026-06-12 12:09:02,398 - WARNING - The .bam file refers to a chromosome 'KI270719.1-' not present in the annotation (.gtf) file
2026-06-12 12:09:02,398 - DEBUG - Marking up chromosome GL000216.2
2026-06-12 12:09:02,398 - WARNING - The .bam file refers to a chromosome 'GL000216.2+' not present in the annotation (.gtf) file
2026-06-12 12:09:02,398 - WARNING - The .bam file refers to a chromosome 'GL000216.2-' not present in the annotation (.gtf) file
2026-06-12 12:09:02,398 - DEBUG - Marking up chromosome KI270712.1
2026-06-12 12:09:02,398 - WARNING - The .bam file refers to a chromosome 'KI270712.1+' not present in the annotation (.gtf) file
2026-06-12 12:09:02,398 - WARNING - The .bam file refers to a chromosome 'KI270712.1-' not present in the annotation (.gtf) file
2026-06-12 12:09:02,399 - DEBUG - Marking up chromosome KI270706.1
2026-06-12 12:09:02,399 - WARNING - The .bam file refers to a chromosome 'KI270706.1+' not present in the annotation (.gtf) file
2026-06-12 12:09:02,399 - WARNING - The .bam file refers to a chromosome 'KI270706.1-' not present in the annotation (.gtf) file
2026-06-12 12:09:02,400 - DEBUG - Marking up chromosome KI270744.1
2026-06-12 12:09:02,400 - WARNING - The .bam file refers to a chromosome 'KI270744.1+' not present in the annotation (.gtf) file
2026-06-12 12:09:02,400 - WARNING - The .bam file refers to a chromosome 'KI270744.1-' not present in the annotation (.gtf) file
2026-06-12 12:09:02,401 - DEBUG - Marking up chromosome KI270734.1
2026-06-12 12:09:02,401 - DEBUG - Marking up chromosome GL000220.1
2026-06-12 12:09:02,401 - WARNING - The .bam file refers to a chromosome 'GL000220.1+' not present in the annotation (.gtf) file
2026-06-12 12:09:02,401 - WARNING - The .bam file refers to a chromosome 'GL000220.1-' not present in the annotation (.gtf) file
2026-06-12 12:09:05,626 - DEBUG - Marking up chromosome GL000218.1
2026-06-12 12:09:05,626 - WARNING - The .bam file refers to a chromosome 'GL000218.1+' not present in the annotation (.gtf) file
2026-06-12 12:09:05,628 - DEBUG - Marking up chromosome KI270749.1
2026-06-12 12:09:05,628 - WARNING - The .bam file refers to a chromosome 'KI270749.1+' not present in the annotation (.gtf) file
2026-06-12 12:09:05,628 - WARNING - The .bam file refers to a chromosome 'KI270749.1-' not present in the annotation (.gtf) file
2026-06-12 12:09:05,628 - DEBUG - Marking up chromosome GL000221.1
2026-06-12 12:09:05,628 - WARNING - The .bam file refers to a chromosome 'GL000221.1+' not present in the annotation (.gtf) file
2026-06-12 12:09:05,628 - WARNING - The .bam file refers to a chromosome 'GL000221.1-' not present in the annotation (.gtf) file
2026-06-12 12:09:05,629 - DEBUG - Marking up chromosome KI270750.1
2026-06-12 12:09:05,629 - WARNING - The .bam file refers to a chromosome 'KI270750.1+' not present in the annotation (.gtf) file
2026-06-12 12:09:05,629 - WARNING - The .bam file refers to a chromosome 'KI270750.1-' not present in the annotation (.gtf) file
2026-06-12 12:09:05,629 - DEBUG - Marking up chromosome GL000214.1
2026-06-12 12:09:05,629 - WARNING - The .bam file refers to a chromosome 'GL000214.1+' not present in the annotation (.gtf) file
2026-06-12 12:09:05,629 - WARNING - The .bam file refers to a chromosome 'GL000214.1-' not present in the annotation (.gtf) file
2026-06-12 12:09:05,629 - DEBUG - Marking up chromosome KI270708.1
2026-06-12 12:09:05,629 - WARNING - The .bam file refers to a chromosome 'KI270708.1+' not present in the annotation (.gtf) file
2026-06-12 12:09:05,629 - WARNING - The .bam file refers to a chromosome 'KI270708.1-' not present in the annotation (.gtf) file
2026-06-12 12:09:05,629 - DEBUG - Marking up chromosome KI270721.1
2026-06-12 12:09:05,629 - WARNING - The .bam file refers to a chromosome 'KI270721.1-' not present in the annotation (.gtf) file
2026-06-12 12:09:05,633 - DEBUG - Marking up chromosome KI270738.1
2026-06-12 12:09:05,634 - WARNING - The .bam file refers to a chromosome 'KI270738.1+' not present in the annotation (.gtf) file
2026-06-12 12:09:05,634 - WARNING - The .bam file refers to a chromosome 'KI270738.1-' not present in the annotation (.gtf) file
2026-06-12 12:09:05,634 - DEBUG - Marking up chromosome KI270748.1
2026-06-12 12:09:05,634 - WARNING - The .bam file refers to a chromosome 'KI270748.1+' not present in the annotation (.gtf) file
2026-06-12 12:09:05,634 - WARNING - The .bam file refers to a chromosome 'KI270748.1-' not present in the annotation (.gtf) file
2026-06-12 12:09:05,634 - DEBUG - Marking up chromosome KI270435.1
2026-06-12 12:09:05,634 - WARNING - The .bam file refers to a chromosome 'KI270435.1+' not present in the annotation (.gtf) file
2026-06-12 12:09:05,634 - WARNING - The .bam file refers to a chromosome 'KI270435.1-' not present in the annotation (.gtf) file
2026-06-12 12:09:05,634 - DEBUG - Marking up chromosome KI270746.1
2026-06-12 12:09:05,634 - WARNING - The .bam file refers to a chromosome 'KI270746.1+' not present in the annotation (.gtf) file
2026-06-12 12:09:05,634 - WARNING - The .bam file refers to a chromosome 'KI270746.1-' not present in the annotation (.gtf) file
2026-06-12 12:09:05,634 - DEBUG - Marking up chromosome KI270726.1
2026-06-12 12:09:05,634 - WARNING - The .bam file refers to a chromosome 'KI270726.1-' not present in the annotation (.gtf) file
2026-06-12 12:09:05,636 - DEBUG - Marking up chromosome KI270711.1
2026-06-12 12:09:05,636 - WARNING - The .bam file refers to a chromosome 'KI270711.1+' not present in the annotation (.gtf) file
2026-06-12 12:09:05,638 - DEBUG - Marking up chromosome KI270745.1
2026-06-12 12:09:05,638 - WARNING - The .bam file refers to a chromosome 'KI270745.1+' not present in the annotation (.gtf) file
2026-06-12 12:09:05,638 - WARNING - The .bam file refers to a chromosome 'KI270745.1-' not present in the annotation (.gtf) file
2026-06-12 12:09:05,638 - DEBUG - Marking up chromosome KI270714.1
2026-06-12 12:09:05,638 - WARNING - The .bam file refers to a chromosome 'KI270714.1+' not present in the annotation (.gtf) file
2026-06-12 12:09:05,638 - WARNING - The .bam file refers to a chromosome 'KI270714.1-' not present in the annotation (.gtf) file
2026-06-12 12:09:05,638 - DEBUG - Marking up chromosome KI270713.1
2026-06-12 12:09:05,639 - DEBUG - Marking up chromosome KI270754.1
2026-06-12 12:09:05,639 - WARNING - The .bam file refers to a chromosome 'KI270754.1+' not present in the annotation (.gtf) file
2026-06-12 12:09:05,639 - WARNING - The .bam file refers to a chromosome 'KI270754.1-' not present in the annotation (.gtf) file
2026-06-12 12:09:05,639 - DEBUG - Marking up chromosome KI270720.1
2026-06-12 12:09:05,639 - WARNING - The .bam file refers to a chromosome 'KI270720.1+' not present in the annotation (.gtf) file
2026-06-12 12:09:05,639 - WARNING - The .bam file refers to a chromosome 'KI270720.1-' not present in the annotation (.gtf) file
2026-06-12 12:09:05,639 - DEBUG - Marking up chromosome KI270718.1
2026-06-12 12:09:05,639 - WARNING - The .bam file refers to a chromosome 'KI270718.1+' not present in the annotation (.gtf) file
2026-06-12 12:09:05,639 - WARNING - The .bam file refers to a chromosome 'KI270718.1-' not present in the annotation (.gtf) file
2026-06-12 12:09:05,639 - DEBUG - Marking up chromosome KI270707.1
2026-06-12 12:09:05,640 - WARNING - The .bam file refers to a chromosome 'KI270707.1+' not present in the annotation (.gtf) file
2026-06-12 12:09:05,640 - WARNING - The .bam file refers to a chromosome 'KI270707.1-' not present in the annotation (.gtf) file
2026-06-12 12:09:11,291 - DEBUG - Read first 60 million reads
2026-06-12 12:09:19,906 - DEBUG - Read first 70 million reads
2026-06-12 12:09:28,521 - DEBUG - Read first 80 million reads
2026-06-12 12:09:35,170 - DEBUG - End of file. Reset index: start scanning from initial position.
2026-06-12 12:09:35,171 - DEBUG - 2857839 reads were skipped because no apropiate cell or umi barcode was found
2026-06-12 12:09:35,171 - INFO - Now just waiting that the bam sorting process terminates
2026-06-12 12:09:35,171 - INFO - bam file #0 has been sorted
2026-06-12 12:09:35,171 - DEBUG - Start molecule counting!
2026-06-12 12:09:36,623 - DEBUG - Features available for chromosomes : ['GL000009.2-', 'GL000194.1-', 'GL000195.1-', 'GL000195.1+', 'GL000205.2-', 'GL000213.1-', 'GL000218.1-', 'GL000219.1-', 'KI270711.1-', 'KI270713.1-', 'KI270713.1+', 'KI270721.1+', 'KI270726.1+', 'KI270727.1-', 'KI270727.1+', 'KI270728.1-', 'KI270728.1+', 'KI270731.1-', 'KI270734.1-', 'KI270734.1+', '1-', '1+', '10-', '10+', '11-', '11+', '12-', '12+', '13-', '13+', '14-', '14+', '15-', '15+', '16-', '16+', '17-', '17+', '18-', '18+', '19-', '19+', '2-', '2+', '20-', '20+', '21-', '21+', '22-', '22+', '3-', '3+', '4-', '4+', '5-', '5+', '6-', '6+', '7-', '7+', '8-', '8+', '9-', '9+', 'M-', 'M+', 'X-', 'X+', 'Y-', 'Y+']
2026-06-12 12:09:36,623 - DEBUG - Mask available for chromosomes : []
2026-06-12 12:09:36,623 - DEBUG - Summarizing the results of intron validation.
2026-06-12 12:09:36,915 - DEBUG - Validated 143997 introns (of which unique intervals 48653) out of 1106199 total possible introns (considering each possible transcript models).
2026-06-12 12:09:36,916 - DEBUG - Reading /research/peer/fdeckert/FD20250213HSCT/data/object/velocyto/HSCT_7831_transcriptome/cellsorted_possorted_genome_bam.bam
2026-06-12 12:09:36,919 - DEBUG - Read first 0 million reads
2026-06-12 12:09:59,230 - DEBUG - Counting for batch 1, containing 100 cells and 455447 reads
2026-06-12 12:10:01,645 - DEBUG - 0 reads not considered because fully enclosed in repeat masked regions
2026-06-12 12:10:07,247 - DEBUG - Counting for batch 2, containing 100 cells and 486269 reads
2026-06-12 12:10:10,834 - DEBUG - 0 reads not considered because fully enclosed in repeat masked regions
2026-06-12 12:10:13,173 - DEBUG - Read first 10 million reads
2026-06-12 12:10:16,574 - DEBUG - Counting for batch 3, containing 100 cells and 476570 reads
2026-06-12 12:10:19,166 - DEBUG - 0 reads not considered because fully enclosed in repeat masked regions
2026-06-12 12:10:24,753 - DEBUG - Counting for batch 4, containing 100 cells and 482229 reads
2026-06-12 12:10:28,294 - DEBUG - 0 reads not considered because fully enclosed in repeat masked regions
2026-06-12 12:10:32,970 - DEBUG - Counting for batch 5, containing 100 cells and 478333 reads
2026-06-12 12:10:36,435 - DEBUG - 0 reads not considered because fully enclosed in repeat masked regions
2026-06-12 12:10:41,967 - DEBUG - Counting for batch 6, containing 100 cells and 491581 reads
2026-06-12 12:10:45,696 - DEBUG - 0 reads not considered because fully enclosed in repeat masked regions
2026-06-12 12:10:50,331 - DEBUG - Counting for batch 7, containing 100 cells and 465331 reads
2026-06-12 12:10:53,712 - DEBUG - 0 reads not considered because fully enclosed in repeat masked regions
2026-06-12 12:10:59,297 - DEBUG - Counting for batch 8, containing 100 cells and 479637 reads
2026-06-12 12:11:01,775 - DEBUG - 0 reads not considered because fully enclosed in repeat masked regions
2026-06-12 12:11:07,912 - DEBUG - Counting for batch 9, containing 100 cells and 463569 reads
2026-06-12 12:11:10,533 - DEBUG - 0 reads not considered because fully enclosed in repeat masked regions
2026-06-12 12:11:16,201 - DEBUG - Counting for batch 10, containing 100 cells and 504131 reads
2026-06-12 12:11:19,895 - DEBUG - 0 reads not considered because fully enclosed in repeat masked regions
2026-06-12 12:11:25,396 - DEBUG - Counting for batch 11, containing 100 cells and 480759 reads
2026-06-12 12:11:27,995 - DEBUG - 0 reads not considered because fully enclosed in repeat masked regions
2026-06-12 12:11:32,991 - DEBUG - Counting for batch 12, containing 100 cells and 410481 reads
2026-06-12 12:11:36,147 - DEBUG - 0 reads not considered because fully enclosed in repeat masked regions
2026-06-12 12:11:36,965 - DEBUG - Read first 20 million reads
2026-06-12 12:11:41,095 - DEBUG - Counting for batch 13, containing 100 cells and 410211 reads
2026-06-12 12:11:43,362 - DEBUG - 0 reads not considered because fully enclosed in repeat masked regions
2026-06-12 12:11:48,449 - DEBUG - Counting for batch 14, containing 100 cells and 432879 reads
2026-06-12 12:11:50,809 - DEBUG - 0 reads not considered because fully enclosed in repeat masked regions
2026-06-12 12:11:57,059 - DEBUG - Counting for batch 15, containing 100 cells and 482793 reads
2026-06-12 12:11:59,731 - DEBUG - 0 reads not considered because fully enclosed in repeat masked regions
2026-06-12 12:12:04,676 - DEBUG - Counting for batch 16, containing 100 cells and 412288 reads
2026-06-12 12:12:07,916 - DEBUG - 0 reads not considered because fully enclosed in repeat masked regions
2026-06-12 12:12:12,478 - DEBUG - Counting for batch 17, containing 100 cells and 469525 reads
2026-06-12 12:12:15,982 - DEBUG - 0 reads not considered because fully enclosed in repeat masked regions
2026-06-12 12:12:21,267 - DEBUG - Counting for batch 18, containing 100 cells and 454632 reads
2026-06-12 12:12:23,776 - DEBUG - 0 reads not considered because fully enclosed in repeat masked regions
2026-06-12 12:12:30,875 - DEBUG - Counting for batch 19, containing 100 cells and 432919 reads
2026-06-12 12:12:34,255 - DEBUG - 0 reads not considered because fully enclosed in repeat masked regions
2026-06-12 12:12:39,659 - DEBUG - Counting for batch 20, containing 100 cells and 455589 reads
2026-06-12 12:12:42,251 - DEBUG - 0 reads not considered because fully enclosed in repeat masked regions
2026-06-12 12:12:48,268 - DEBUG - Counting for batch 21, containing 100 cells and 442852 reads
2026-06-12 12:12:50,768 - DEBUG - 0 reads not considered because fully enclosed in repeat masked regions
2026-06-12 12:12:56,235 - DEBUG - Counting for batch 22, containing 100 cells and 474949 reads
2026-06-12 12:12:59,750 - DEBUG - 0 reads not considered because fully enclosed in repeat masked regions
2026-06-12 12:13:01,284 - DEBUG - Read first 30 million reads
2026-06-12 12:13:04,050 - DEBUG - Counting for batch 23, containing 100 cells and 432256 reads
2026-06-12 12:13:07,393 - DEBUG - 0 reads not considered because fully enclosed in repeat masked regions
2026-06-12 12:13:12,630 - DEBUG - Counting for batch 24, containing 100 cells and 443851 reads
2026-06-12 12:13:15,031 - DEBUG - 0 reads not considered because fully enclosed in repeat masked regions
2026-06-12 12:13:20,358 - DEBUG - Counting for batch 25, containing 100 cells and 465244 reads
2026-06-12 12:13:23,819 - DEBUG - 0 reads not considered because fully enclosed in repeat masked regions
2026-06-12 12:13:27,489 - DEBUG - Counting for batch 26, containing 100 cells and 357275 reads
2026-06-12 12:13:30,352 - DEBUG - 0 reads not considered because fully enclosed in repeat masked regions
2026-06-12 12:13:34,352 - DEBUG - Counting for batch 27, containing 100 cells and 390129 reads
2026-06-12 12:13:37,471 - DEBUG - 0 reads not considered because fully enclosed in repeat masked regions
2026-06-12 12:13:42,489 - DEBUG - Counting for batch 28, containing 100 cells and 420755 reads
2026-06-12 12:13:44,865 - DEBUG - 0 reads not considered because fully enclosed in repeat masked regions
2026-06-12 12:13:50,173 - DEBUG - Counting for batch 29, containing 100 cells and 471873 reads
2026-06-12 12:13:53,708 - DEBUG - 0 reads not considered because fully enclosed in repeat masked regions
2026-06-12 12:13:59,162 - DEBUG - Counting for batch 30, containing 100 cells and 477340 reads
2026-06-12 12:14:01,764 - DEBUG - 0 reads not considered because fully enclosed in repeat masked regions
2026-06-12 12:14:06,908 - DEBUG - Counting for batch 31, containing 100 cells and 451282 reads
2026-06-12 12:14:10,167 - DEBUG - 0 reads not considered because fully enclosed in repeat masked regions
2026-06-12 12:14:15,379 - DEBUG - Counting for batch 32, containing 100 cells and 444194 reads
2026-06-12 12:14:17,780 - DEBUG - 0 reads not considered because fully enclosed in repeat masked regions
2026-06-12 12:14:20,697 - DEBUG - Read first 40 million reads
2026-06-12 12:14:23,023 - DEBUG - Counting for batch 33, containing 100 cells and 456982 reads
2026-06-12 12:14:26,334 - DEBUG - 0 reads not considered because fully enclosed in repeat masked regions
2026-06-12 12:14:31,501 - DEBUG - Counting for batch 34, containing 100 cells and 419511 reads
2026-06-12 12:14:33,833 - DEBUG - 0 reads not considered because fully enclosed in repeat masked regions
2026-06-12 12:14:38,505 - DEBUG - Counting for batch 35, containing 100 cells and 377824 reads
2026-06-12 12:14:40,628 - DEBUG - 0 reads not considered because fully enclosed in repeat masked regions
2026-06-12 12:14:45,690 - DEBUG - Counting for batch 36, containing 100 cells and 440933 reads
2026-06-12 12:14:49,093 - DEBUG - 0 reads not considered because fully enclosed in repeat masked regions
2026-06-12 12:14:54,303 - DEBUG - Counting for batch 37, containing 100 cells and 436546 reads
2026-06-12 12:14:56,823 - DEBUG - 0 reads not considered because fully enclosed in repeat masked regions
2026-06-12 12:15:01,993 - DEBUG - Counting for batch 38, containing 100 cells and 447960 reads
2026-06-12 12:15:05,364 - DEBUG - 0 reads not considered because fully enclosed in repeat masked regions
2026-06-12 12:15:10,556 - DEBUG - Counting for batch 39, containing 100 cells and 445593 reads
2026-06-12 12:15:13,112 - DEBUG - 0 reads not considered because fully enclosed in repeat masked regions
2026-06-12 12:15:18,341 - DEBUG - Counting for batch 40, containing 100 cells and 439992 reads
2026-06-12 12:15:21,675 - DEBUG - 0 reads not considered because fully enclosed in repeat masked regions
2026-06-12 12:15:27,534 - DEBUG - Counting for batch 41, containing 100 cells and 517932 reads
2026-06-12 12:15:30,444 - DEBUG - 0 reads not considered because fully enclosed in repeat masked regions
2026-06-12 12:15:35,680 - DEBUG - Counting for batch 42, containing 100 cells and 463664 reads
2026-06-12 12:15:39,070 - DEBUG - 0 reads not considered because fully enclosed in repeat masked regions
2026-06-12 12:15:41,105 - DEBUG - Read first 50 million reads
2026-06-12 12:15:44,448 - DEBUG - Counting for batch 43, containing 100 cells and 470930 reads
2026-06-12 12:15:47,936 - DEBUG - 0 reads not considered because fully enclosed in repeat masked regions
2026-06-12 12:15:52,323 - DEBUG - Counting for batch 44, containing 100 cells and 445132 reads
2026-06-12 12:15:55,651 - DEBUG - 0 reads not considered because fully enclosed in repeat masked regions
2026-06-12 12:16:01,211 - DEBUG - Counting for batch 45, containing 100 cells and 494140 reads
2026-06-12 12:16:03,855 - DEBUG - 0 reads not considered because fully enclosed in repeat masked regions
2026-06-12 12:16:08,782 - DEBUG - Counting for batch 46, containing 100 cells and 434945 reads
2026-06-12 12:16:11,952 - DEBUG - 0 reads not considered because fully enclosed in repeat masked regions
2026-06-12 12:16:17,262 - DEBUG - Counting for batch 47, containing 100 cells and 469091 reads
2026-06-12 12:16:20,007 - DEBUG - 0 reads not considered because fully enclosed in repeat masked regions
2026-06-12 12:16:25,696 - DEBUG - Counting for batch 48, containing 100 cells and 501276 reads
2026-06-12 12:16:29,412 - DEBUG - 0 reads not considered because fully enclosed in repeat masked regions
2026-06-12 12:16:34,581 - DEBUG - Counting for batch 49, containing 100 cells and 434828 reads
2026-06-12 12:16:36,959 - DEBUG - 0 reads not considered because fully enclosed in repeat masked regions
2026-06-12 12:16:41,606 - DEBUG - Counting for batch 50, containing 100 cells and 377377 reads
2026-06-12 12:16:43,672 - DEBUG - 0 reads not considered because fully enclosed in repeat masked regions
2026-06-12 12:16:48,766 - DEBUG - Counting for batch 51, containing 100 cells and 461287 reads
2026-06-12 12:16:52,043 - DEBUG - 0 reads not considered because fully enclosed in repeat masked regions
2026-06-12 12:16:57,441 - DEBUG - Counting for batch 52, containing 100 cells and 470509 reads
2026-06-12 12:16:59,973 - DEBUG - 0 reads not considered because fully enclosed in repeat masked regions
2026-06-12 12:17:01,434 - DEBUG - Read first 60 million reads
2026-06-12 12:17:05,262 - DEBUG - Counting for batch 53, containing 100 cells and 479889 reads
2026-06-12 12:17:08,725 - DEBUG - 0 reads not considered because fully enclosed in repeat masked regions
2026-06-12 12:17:13,609 - DEBUG - Counting for batch 54, containing 100 cells and 410863 reads
2026-06-12 12:17:15,855 - DEBUG - 0 reads not considered because fully enclosed in repeat masked regions
2026-06-12 12:17:21,018 - DEBUG - Counting for batch 55, containing 100 cells and 461771 reads
2026-06-12 12:17:24,380 - DEBUG - 0 reads not considered because fully enclosed in repeat masked regions
2026-06-12 12:17:30,178 - DEBUG - Counting for batch 56, containing 100 cells and 501180 reads
2026-06-12 12:17:32,852 - DEBUG - 0 reads not considered because fully enclosed in repeat masked regions
2026-06-12 12:17:38,065 - DEBUG - Counting for batch 57, containing 100 cells and 448247 reads
2026-06-12 12:17:40,509 - DEBUG - 0 reads not considered because fully enclosed in repeat masked regions
2026-06-12 12:17:46,931 - DEBUG - Counting for batch 58, containing 100 cells and 519658 reads
2026-06-12 12:17:49,802 - DEBUG - 0 reads not considered because fully enclosed in repeat masked regions
2026-06-12 12:17:54,945 - DEBUG - Counting for batch 59, containing 100 cells and 443607 reads
2026-06-12 12:17:58,197 - DEBUG - 0 reads not considered because fully enclosed in repeat masked regions
2026-06-12 12:18:03,251 - DEBUG - Counting for batch 60, containing 100 cells and 438128 reads
2026-06-12 12:18:05,577 - DEBUG - 0 reads not considered because fully enclosed in repeat masked regions
2026-06-12 12:18:10,719 - DEBUG - Counting for batch 61, containing 100 cells and 454036 reads
2026-06-12 12:18:14,041 - DEBUG - 0 reads not considered because fully enclosed in repeat masked regions
2026-06-12 12:18:19,372 - DEBUG - Counting for batch 62, containing 100 cells and 456518 reads
2026-06-12 12:18:21,856 - DEBUG - 0 reads not considered because fully enclosed in repeat masked regions
2026-06-12 12:18:22,685 - DEBUG - Read first 70 million reads
2026-06-12 12:18:27,647 - DEBUG - Counting for batch 63, containing 100 cells and 533881 reads
2026-06-12 12:18:31,411 - DEBUG - 0 reads not considered because fully enclosed in repeat masked regions
2026-06-12 12:18:36,582 - DEBUG - Counting for batch 64, containing 100 cells and 437161 reads
2026-06-12 12:18:39,002 - DEBUG - 0 reads not considered because fully enclosed in repeat masked regions
2026-06-12 12:18:44,518 - DEBUG - Counting for batch 65, containing 100 cells and 503191 reads
2026-06-12 12:18:48,121 - DEBUG - 0 reads not considered because fully enclosed in repeat masked regions
2026-06-12 12:18:53,540 - DEBUG - Counting for batch 66, containing 100 cells and 478872 reads
2026-06-12 12:18:56,102 - DEBUG - 0 reads not considered because fully enclosed in repeat masked regions
2026-06-12 12:19:01,895 - DEBUG - Counting for batch 67, containing 100 cells and 438593 reads
2026-06-12 12:19:04,251 - DEBUG - 0 reads not considered because fully enclosed in repeat masked regions
2026-06-12 12:19:09,575 - DEBUG - Counting for batch 68, containing 100 cells and 483949 reads
2026-06-12 12:19:13,146 - DEBUG - 0 reads not considered because fully enclosed in repeat masked regions
2026-06-12 12:19:16,911 - DEBUG - Counting for batch 69, containing 100 cells and 366740 reads
2026-06-12 12:19:19,723 - DEBUG - 0 reads not considered because fully enclosed in repeat masked regions
2026-06-12 12:19:23,678 - DEBUG - Counting for batch 70, containing 100 cells and 416860 reads
2026-06-12 12:19:26,799 - DEBUG - 0 reads not considered because fully enclosed in repeat masked regions
2026-06-12 12:19:31,763 - DEBUG - Counting for batch 71, containing 100 cells and 428273 reads
2026-06-12 12:19:34,067 - DEBUG - 0 reads not considered because fully enclosed in repeat masked regions
2026-06-12 12:19:39,196 - DEBUG - Counting for batch 72, containing 100 cells and 456461 reads
2026-06-12 12:19:42,529 - DEBUG - 0 reads not considered because fully enclosed in repeat masked regions
2026-06-12 12:19:43,723 - DEBUG - Read first 80 million reads
2026-06-12 12:19:47,502 - DEBUG - Counting for batch 73, containing 100 cells and 414498 reads
2026-06-12 12:19:49,739 - DEBUG - 0 reads not considered because fully enclosed in repeat masked regions
2026-06-12 12:19:54,742 - DEBUG - Counting for batch 74, containing 100 cells and 434051 reads
2026-06-12 12:19:57,071 - DEBUG - 0 reads not considered because fully enclosed in repeat masked regions
2026-06-12 12:20:01,996 - DEBUG - Counting for batch 75, containing 100 cells and 428253 reads
2026-06-12 12:20:05,134 - DEBUG - 0 reads not considered because fully enclosed in repeat masked regions
2026-06-12 12:20:10,465 - DEBUG - Counting for batch 76, containing 100 cells and 472705 reads
2026-06-12 12:20:13,019 - DEBUG - 0 reads not considered because fully enclosed in repeat masked regions
2026-06-12 12:20:19,124 - DEBUG - Counting for batch 77, containing 100 cells and 475467 reads
2026-06-12 12:20:21,732 - DEBUG - 0 reads not considered because fully enclosed in repeat masked regions
2026-06-12 12:20:26,771 - DEBUG - Counting for batch 78, containing 100 cells and 420222 reads
2026-06-12 12:20:29,139 - DEBUG - 0 reads not considered because fully enclosed in repeat masked regions
2026-06-12 12:20:35,057 - DEBUG - Counting for batch 79, containing 100 cells and 446623 reads
2026-06-12 12:20:37,535 - DEBUG - 0 reads not considered because fully enclosed in repeat masked regions
2026-06-12 12:20:42,201 - DEBUG - Counting for batch 80, containing 94 cells and 380535 reads
2026-06-12 12:20:44,338 - DEBUG - 0 reads not considered because fully enclosed in repeat masked regions
2026-06-12 12:20:44,714 - DEBUG - 2857839 reads were skipped because no apropiate cell or umi barcode was found
2026-06-12 12:20:44,715 - DEBUG - Counting done!
2026-06-12 12:20:44,722 - DEBUG - Generating output file /research/peer/fdeckert/FD20250213HSCT/data/object/velocyto/HSCT_7831_transcriptome/velocyto.loom
2026-06-12 12:20:44,722 - DEBUG - Collecting row attributes
2026-06-12 12:20:44,798 - DEBUG - Generating data table
2026-06-12 12:20:46,176 - DEBUG - Writing loom file
2026-06-12 12:20:47,261 - DEBUG - Creating converter from 5 to 3
2026-06-12 12:20:47,263 - DEBUG - Creating converter from 3 to 5
2026-06-12 12:20:55,294 - DEBUG - Terminated Succesfully!
