2026-06-12 11:55:50,543 - DEBUG - Using logic: Permissive10X
2026-06-12 11:55:50,561 - INFO - Read 3267 cell barcodes from /research/lab_stary/sequencing_projects/hsct/COUNT/S_7684_day100_transcriptome/filtered_feature_bc_matrix/barcodes.tsv.gz
2026-06-12 11:55:50,561 - DEBUG - Example of barcode: AAACCTGAGATGCGAC and cell_id: velocyto:AAACCTGAGATGCGAC-1
2026-06-12 11:55:50,565 - DEBUG - Peeking into /research/peer/fdeckert/FD20250213HSCT/data/object/velocyto/S_7684_day100_transcriptome/possorted_genome_bam.bam
2026-06-12 11:55:50,597 - WARNING - Not found cell and umi barcode in entry 11 of the bam file
2026-06-12 11:55:50,597 - WARNING - Not found cell and umi barcode in entry 27 of the bam file
2026-06-12 11:55:50,597 - WARNING - Not found cell and umi barcode in entry 33 of the bam file
2026-06-12 11:55:50,597 - WARNING - Not found cell and umi barcode in entry 38 of the bam file
2026-06-12 11:55:50,597 - WARNING - Not found cell and umi barcode in entry 42 of the bam file
2026-06-12 11:55:50,597 - WARNING - Not found cell and umi barcode in entry 54 of the bam file
2026-06-12 11:55:50,597 - WARNING - Not found cell and umi barcode in entry 60 of the bam file
2026-06-12 11:55:50,597 - WARNING - Not found cell and umi barcode in entry 61 of the bam file
2026-06-12 11:55:50,597 - WARNING - Not found cell and umi barcode in entry 65 of the bam file
2026-06-12 11:55:50,597 - WARNING - Not found cell and umi barcode in entry 77 of the bam file
2026-06-12 11:55:50,597 - WARNING - Not found cell and umi barcode in entry 79 of the bam file
2026-06-12 11:55:50,597 - WARNING - Not found cell and umi barcode in entry 108 of the bam file
2026-06-12 11:55:50,597 - WARNING - Not found cell and umi barcode in entry 109 of the bam file
2026-06-12 11:55:50,597 - WARNING - Not found cell and umi barcode in entry 110 of the bam file
2026-06-12 11:55:50,597 - WARNING - Not found cell and umi barcode in entry 113 of the bam file
2026-06-12 11:55:50,597 - WARNING - Not found cell and umi barcode in entry 114 of the bam file
2026-06-12 11:55:50,597 - WARNING - Not found cell and umi barcode in entry 115 of the bam file
2026-06-12 11:55:50,598 - WARNING - Not found cell and umi barcode in entry 139 of the bam file
2026-06-12 11:55:50,598 - WARNING - Not found cell and umi barcode in entry 140 of the bam file
2026-06-12 11:55:50,598 - WARNING - Not found cell and umi barcode in entry 152 of the bam file
2026-06-12 11:55:50,598 - WARNING - Not found cell and umi barcode in entry 175 of the bam file
2026-06-12 11:55:50,598 - WARNING - Not found cell and umi barcode in entry 176 of the bam file
2026-06-12 11:55:50,598 - WARNING - Not found cell and umi barcode in entry 177 of the bam file
2026-06-12 11:55:50,598 - WARNING - Not found cell and umi barcode in entry 178 of the bam file
2026-06-12 11:55:50,598 - WARNING - Not found cell and umi barcode in entry 179 of the bam file
2026-06-12 11:55:50,598 - WARNING - Not found cell and umi barcode in entry 180 of the bam file
2026-06-12 11:55:50,598 - WARNING - Not found cell and umi barcode in entry 181 of the bam file
2026-06-12 11:55:50,598 - WARNING - Not found cell and umi barcode in entry 196 of the bam file
2026-06-12 11:55:50,598 - WARNING - Not found cell and umi barcode in entry 197 of the bam file
2026-06-12 11:55:50,598 - WARNING - Not found cell and umi barcode in entry 198 of the bam file
2026-06-12 11:55:50,598 - WARNING - Not found cell and umi barcode in entry 210 of the bam file
2026-06-12 11:55:50,598 - WARNING - Not found cell and umi barcode in entry 211 of the bam file
2026-06-12 11:55:50,598 - WARNING - Not found cell and umi barcode in entry 212 of the bam file
2026-06-12 11:55:50,598 - WARNING - Not found cell and umi barcode in entry 213 of the bam file
2026-06-12 11:55:50,598 - WARNING - Not found cell and umi barcode in entry 216 of the bam file
2026-06-12 11:55:50,598 - WARNING - Not found cell and umi barcode in entry 222 of the bam file
2026-06-12 11:55:50,598 - WARNING - Not found cell and umi barcode in entry 223 of the bam file
2026-06-12 11:55:50,598 - WARNING - Not found cell and umi barcode in entry 224 of the bam file
2026-06-12 11:55:50,598 - WARNING - Not found cell and umi barcode in entry 227 of the bam file
2026-06-12 11:55:50,598 - WARNING - Not found cell and umi barcode in entry 228 of the bam file
2026-06-12 11:55:50,598 - WARNING - Not found cell and umi barcode in entry 230 of the bam file
2026-06-12 11:55:50,598 - WARNING - Not found cell and umi barcode in entry 238 of the bam file
2026-06-12 11:55:50,598 - WARNING - Not found cell and umi barcode in entry 239 of the bam file
2026-06-12 11:55:50,598 - WARNING - Not found cell and umi barcode in entry 241 of the bam file
2026-06-12 11:55:50,598 - WARNING - Not found cell and umi barcode in entry 246 of the bam file
2026-06-12 11:55:50,599 - WARNING - Not found cell and umi barcode in entry 282 of the bam file
2026-06-12 11:55:50,599 - WARNING - Not found cell and umi barcode in entry 313 of the bam file
2026-06-12 11:55:50,599 - WARNING - Not found cell and umi barcode in entry 314 of the bam file
2026-06-12 11:55:50,600 - WARNING - Not found cell and umi barcode in entry 574 of the bam file
2026-06-12 11:55:50,600 - WARNING - Not found cell and umi barcode in entry 575 of the bam file
2026-06-12 11:55:50,600 - WARNING - Not found cell and umi barcode in entry 576 of the bam file
2026-06-12 11:55:50,600 - WARNING - Not found cell and umi barcode in entry 578 of the bam file
2026-06-12 11:55:50,600 - WARNING - Not found cell and umi barcode in entry 584 of the bam file
2026-06-12 11:55:50,600 - WARNING - Not found cell and umi barcode in entry 585 of the bam file
2026-06-12 11:55:50,600 - WARNING - Not found cell and umi barcode in entry 586 of the bam file
2026-06-12 11:55:50,600 - WARNING - Not found cell and umi barcode in entry 587 of the bam file
2026-06-12 11:55:50,600 - WARNING - Not found cell and umi barcode in entry 588 of the bam file
2026-06-12 11:55:50,600 - WARNING - Not found cell and umi barcode in entry 589 of the bam file
2026-06-12 11:55:50,600 - WARNING - Not found cell and umi barcode in entry 590 of the bam file
2026-06-12 11:55:50,600 - WARNING - Not found cell and umi barcode in entry 592 of the bam file
2026-06-12 11:55:50,600 - WARNING - Not found cell and umi barcode in entry 593 of the bam file
2026-06-12 11:55:50,600 - WARNING - Not found cell and umi barcode in entry 595 of the bam file
2026-06-12 11:55:50,600 - WARNING - Not found cell and umi barcode in entry 620 of the bam file
2026-06-12 11:55:50,600 - WARNING - Not found cell and umi barcode in entry 621 of the bam file
2026-06-12 11:55:50,600 - WARNING - Not found cell and umi barcode in entry 622 of the bam file
2026-06-12 11:55:50,600 - WARNING - Not found cell and umi barcode in entry 648 of the bam file
2026-06-12 11:55:50,600 - WARNING - Not found cell and umi barcode in entry 649 of the bam file
2026-06-12 11:55:50,600 - WARNING - Not found cell and umi barcode in entry 656 of the bam file
2026-06-12 11:55:50,600 - WARNING - Not found cell and umi barcode in entry 677 of the bam file
2026-06-12 11:55:50,600 - WARNING - Not found cell and umi barcode in entry 678 of the bam file
2026-06-12 11:55:50,600 - WARNING - Not found cell and umi barcode in entry 686 of the bam file
2026-06-12 11:55:50,600 - WARNING - Not found cell and umi barcode in entry 690 of the bam file
2026-06-12 11:55:50,600 - WARNING - Not found cell and umi barcode in entry 693 of the bam file
2026-06-12 11:55:50,600 - WARNING - Not found cell and umi barcode in entry 695 of the bam file
2026-06-12 11:55:50,600 - WARNING - Not found cell and umi barcode in entry 699 of the bam file
2026-06-12 11:55:50,601 - WARNING - Not found cell and umi barcode in entry 700 of the bam file
2026-06-12 11:55:50,601 - WARNING - Not found cell and umi barcode in entry 732 of the bam file
2026-06-12 11:55:50,601 - WARNING - Not found cell and umi barcode in entry 745 of the bam file
2026-06-12 11:55:50,601 - WARNING - Not found cell and umi barcode in entry 757 of the bam file
2026-06-12 11:55:50,601 - WARNING - Not found cell and umi barcode in entry 764 of the bam file
2026-06-12 11:55:50,601 - WARNING - Not found cell and umi barcode in entry 827 of the bam file
2026-06-12 11:55:50,601 - WARNING - Not found cell and umi barcode in entry 838 of the bam file
2026-06-12 11:55:50,601 - WARNING - Not found cell and umi barcode in entry 852 of the bam file
2026-06-12 11:55:50,601 - WARNING - Not found cell and umi barcode in entry 870 of the bam file
2026-06-12 11:55:50,601 - WARNING - Not found cell and umi barcode in entry 878 of the bam file
2026-06-12 11:55:50,601 - WARNING - Not found cell and umi barcode in entry 881 of the bam file
2026-06-12 11:55:50,601 - WARNING - Not found cell and umi barcode in entry 903 of the bam file
2026-06-12 11:55:50,601 - WARNING - Not found cell and umi barcode in entry 905 of the bam file
2026-06-12 11:55:50,601 - WARNING - Not found cell and umi barcode in entry 906 of the bam file
2026-06-12 11:55:50,603 - WARNING - Not found cell and umi barcode in entry 1003 of the bam file
2026-06-12 11:55:50,603 - WARNING - Not found cell and umi barcode in entry 1006 of the bam file
2026-06-12 11:55:50,603 - WARNING - Not found cell and umi barcode in entry 1021 of the bam file
2026-06-12 11:55:50,603 - WARNING - Not found cell and umi barcode in entry 1033 of the bam file
2026-06-12 11:55:50,607 - INFO - Starting the sorting process of /research/peer/fdeckert/FD20250213HSCT/data/object/velocyto/S_7684_day100_transcriptome/possorted_genome_bam.bam the output will be at: /research/peer/fdeckert/FD20250213HSCT/data/object/velocyto/S_7684_day100_transcriptome/cellsorted_possorted_genome_bam.bam
2026-06-12 11:55:50,607 - INFO - Command being run is: samtools sort -l 7 -m 100M -t CB -O BAM -@ 16 -o /research/peer/fdeckert/FD20250213HSCT/data/object/velocyto/S_7684_day100_transcriptome/cellsorted_possorted_genome_bam.bam /research/peer/fdeckert/FD20250213HSCT/data/object/velocyto/S_7684_day100_transcriptome/possorted_genome_bam.bam
2026-06-12 11:55:50,607 - INFO - While the bam sorting happens do other things...
2026-06-12 11:55:50,607 - INFO - Load the annotation from /nobackup/peer/fdeckert/cellranger/GRCh38-2020-A/GRCh38/genes/genes.gtf
2026-06-12 11:55:56,047 - DEBUG - Parsing Chromosome GL000009.2 strand - [line 0]
2026-06-12 11:55:56,047 - DEBUG - Done with GL000009.2- [line 7]
2026-06-12 11:55:56,047 - DEBUG - Assigning indexes to genes
2026-06-12 11:55:56,047 - DEBUG - Seen 1 genes until now
2026-06-12 11:55:56,047 - DEBUG - Parsing Chromosome GL000194.1 strand - [line 8]
2026-06-12 11:55:56,047 - DEBUG - Done with GL000194.1- [line 33]
2026-06-12 11:55:56,047 - DEBUG - Assigning indexes to genes
2026-06-12 11:55:56,047 - DEBUG - Seen 3 genes until now
2026-06-12 11:55:56,047 - DEBUG - Parsing Chromosome GL000195.1 strand - [line 34]
2026-06-12 11:55:56,047 - DEBUG - Done with GL000195.1- [line 43]
2026-06-12 11:55:56,047 - DEBUG - Assigning indexes to genes
2026-06-12 11:55:56,047 - DEBUG - Seen 4 genes until now
2026-06-12 11:55:56,047 - DEBUG - Parsing Chromosome GL000195.1 strand + [line 44]
2026-06-12 11:55:56,047 - DEBUG - Done with GL000195.1+ [line 57]
2026-06-12 11:55:56,047 - DEBUG - Assigning indexes to genes
2026-06-12 11:55:56,047 - DEBUG - Seen 5 genes until now
2026-06-12 11:55:56,048 - DEBUG - Parsing Chromosome GL000205.2 strand - [line 58]
2026-06-12 11:55:56,048 - DEBUG - Done with GL000205.2- [line 71]
2026-06-12 11:55:56,048 - DEBUG - Assigning indexes to genes
2026-06-12 11:55:56,048 - DEBUG - Seen 6 genes until now
2026-06-12 11:55:56,048 - DEBUG - Parsing Chromosome GL000213.1 strand - [line 72]
2026-06-12 11:55:56,048 - DEBUG - Done with GL000213.1- [line 120]
2026-06-12 11:55:56,048 - DEBUG - Assigning indexes to genes
2026-06-12 11:55:56,048 - DEBUG - Seen 7 genes until now
2026-06-12 11:55:56,048 - DEBUG - Parsing Chromosome GL000218.1 strand - [line 121]
2026-06-12 11:55:56,048 - DEBUG - Done with GL000218.1- [line 128]
2026-06-12 11:55:56,048 - DEBUG - Assigning indexes to genes
2026-06-12 11:55:56,048 - DEBUG - Seen 8 genes until now
2026-06-12 11:55:56,048 - DEBUG - Parsing Chromosome GL000219.1 strand - [line 129]
2026-06-12 11:55:56,048 - DEBUG - Done with GL000219.1- [line 141]
2026-06-12 11:55:56,048 - DEBUG - Assigning indexes to genes
2026-06-12 11:55:56,048 - DEBUG - Seen 9 genes until now
2026-06-12 11:55:56,048 - DEBUG - Parsing Chromosome KI270711.1 strand - [line 142]
2026-06-12 11:55:56,048 - DEBUG - Done with KI270711.1- [line 292]
2026-06-12 11:55:56,048 - DEBUG - Assigning indexes to genes
2026-06-12 11:55:56,049 - DEBUG - Seen 10 genes until now
2026-06-12 11:55:56,049 - DEBUG - Parsing Chromosome KI270713.1 strand - [line 293]
2026-06-12 11:55:56,049 - DEBUG - Done with KI270713.1- [line 300]
2026-06-12 11:55:56,049 - DEBUG - Assigning indexes to genes
2026-06-12 11:55:56,049 - DEBUG - Seen 11 genes until now
2026-06-12 11:55:56,049 - DEBUG - Parsing Chromosome KI270713.1 strand + [line 301]
2026-06-12 11:55:56,049 - DEBUG - Done with KI270713.1+ [line 307]
2026-06-12 11:55:56,049 - DEBUG - Assigning indexes to genes
2026-06-12 11:55:56,049 - DEBUG - Seen 12 genes until now
2026-06-12 11:55:56,049 - DEBUG - Parsing Chromosome KI270721.1 strand + [line 308]
2026-06-12 11:55:56,049 - DEBUG - Done with KI270721.1+ [line 323]
2026-06-12 11:55:56,049 - DEBUG - Assigning indexes to genes
2026-06-12 11:55:56,049 - DEBUG - Seen 13 genes until now
2026-06-12 11:55:56,049 - DEBUG - Parsing Chromosome KI270726.1 strand + [line 324]
2026-06-12 11:55:56,049 - DEBUG - Done with KI270726.1+ [line 334]
2026-06-12 11:55:56,049 - DEBUG - Assigning indexes to genes
2026-06-12 11:55:56,049 - DEBUG - Seen 15 genes until now
2026-06-12 11:55:56,049 - DEBUG - Parsing Chromosome KI270727.1 strand - [line 335]
2026-06-12 11:55:56,049 - DEBUG - Done with KI270727.1- [line 394]
2026-06-12 11:55:56,049 - DEBUG - Assigning indexes to genes
2026-06-12 11:55:56,049 - DEBUG - Seen 17 genes until now
2026-06-12 11:55:56,049 - DEBUG - Parsing Chromosome KI270727.1 strand + [line 395]
2026-06-12 11:55:56,049 - DEBUG - Done with KI270727.1+ [line 409]
2026-06-12 11:55:56,049 - DEBUG - Assigning indexes to genes
2026-06-12 11:55:56,049 - DEBUG - Seen 19 genes until now
2026-06-12 11:55:56,049 - DEBUG - Parsing Chromosome KI270728.1 strand - [line 410]
2026-06-12 11:55:56,050 - DEBUG - Done with KI270728.1- [line 486]
2026-06-12 11:55:56,050 - DEBUG - Assigning indexes to genes
2026-06-12 11:55:56,050 - DEBUG - Seen 21 genes until now
2026-06-12 11:55:56,050 - DEBUG - Parsing Chromosome KI270728.1 strand + [line 487]
2026-06-12 11:55:56,050 - DEBUG - Done with KI270728.1+ [line 523]
2026-06-12 11:55:56,050 - DEBUG - Assigning indexes to genes
2026-06-12 11:55:56,050 - DEBUG - Seen 25 genes until now
2026-06-12 11:55:56,050 - DEBUG - Parsing Chromosome KI270731.1 strand - [line 524]
2026-06-12 11:55:56,050 - DEBUG - Done with KI270731.1- [line 530]
2026-06-12 11:55:56,050 - DEBUG - Assigning indexes to genes
2026-06-12 11:55:56,050 - DEBUG - Seen 26 genes until now
2026-06-12 11:55:56,050 - DEBUG - Parsing Chromosome KI270734.1 strand - [line 531]
2026-06-12 11:55:56,050 - DEBUG - Done with KI270734.1- [line 599]
2026-06-12 11:55:56,050 - DEBUG - Assigning indexes to genes
2026-06-12 11:55:56,050 - DEBUG - Seen 27 genes until now
2026-06-12 11:55:56,050 - DEBUG - Parsing Chromosome KI270734.1 strand + [line 600]
2026-06-12 11:55:56,050 - DEBUG - Done with KI270734.1+ [line 622]
2026-06-12 11:55:56,050 - DEBUG - Assigning indexes to genes
2026-06-12 11:55:56,050 - DEBUG - Seen 29 genes until now
2026-06-12 11:55:56,050 - DEBUG - Parsing Chromosome 1 strand - [line 623]
2026-06-12 11:55:56,624 - DEBUG - Done with 1- [line 118876]
2026-06-12 11:55:56,624 - DEBUG - Assigning indexes to genes
2026-06-12 11:55:56,634 - DEBUG - Seen 1711 genes until now
2026-06-12 11:55:56,634 - DEBUG - Parsing Chromosome 1 strand + [line 118877]
2026-06-12 11:55:57,510 - DEBUG - Done with 1+ [line 253796]
2026-06-12 11:55:57,510 - DEBUG - Assigning indexes to genes
2026-06-12 11:55:57,516 - DEBUG - Seen 3439 genes until now
2026-06-12 11:55:57,517 - DEBUG - Parsing Chromosome 10 strand - [line 253797]
2026-06-12 11:55:57,693 - DEBUG - Done with 10- [line 304078]
2026-06-12 11:55:57,693 - DEBUG - Assigning indexes to genes
2026-06-12 11:55:57,696 - DEBUG - Seen 4100 genes until now
2026-06-12 11:55:57,696 - DEBUG - Parsing Chromosome 10 strand + [line 304079]
2026-06-12 11:55:57,907 - DEBUG - Done with 10+ [line 356023]
2026-06-12 11:55:57,907 - DEBUG - Assigning indexes to genes
2026-06-12 11:55:57,911 - DEBUG - Seen 4833 genes until now
2026-06-12 11:55:57,911 - DEBUG - Parsing Chromosome 11 strand - [line 356024]
2026-06-12 11:55:58,355 - DEBUG - Done with 11- [line 438038]
2026-06-12 11:55:58,355 - DEBUG - Assigning indexes to genes
2026-06-12 11:55:58,360 - DEBUG - Seen 5833 genes until now
2026-06-12 11:55:58,360 - DEBUG - Parsing Chromosome 11 strand + [line 438039]
2026-06-12 11:55:58,589 - DEBUG - Done with 11+ [line 521163]
2026-06-12 11:55:58,589 - DEBUG - Assigning indexes to genes
2026-06-12 11:55:58,593 - DEBUG - Seen 6898 genes until now
2026-06-12 11:55:58,593 - DEBUG - Parsing Chromosome 12 strand - [line 521164]
2026-06-12 11:55:59,083 - DEBUG - Done with 12- [line 601582]
2026-06-12 11:55:59,083 - DEBUG - Assigning indexes to genes
2026-06-12 11:55:59,087 - DEBUG - Seen 7848 genes until now
2026-06-12 11:55:59,087 - DEBUG - Parsing Chromosome 12 strand + [line 601583]
2026-06-12 11:55:59,301 - DEBUG - Done with 12+ [line 681983]
2026-06-12 11:55:59,301 - DEBUG - Assigning indexes to genes
2026-06-12 11:55:59,305 - DEBUG - Seen 8826 genes until now
2026-06-12 11:55:59,305 - DEBUG - Parsing Chromosome 13 strand - [line 681984]
2026-06-12 11:55:59,358 - DEBUG - Done with 13- [line 702449]
2026-06-12 11:55:59,358 - DEBUG - Assigning indexes to genes
2026-06-12 11:55:59,359 - DEBUG - Seen 9225 genes until now
2026-06-12 11:55:59,359 - DEBUG - Parsing Chromosome 13 strand + [line 702450]
2026-06-12 11:55:59,426 - DEBUG - Done with 13+ [line 726349]
2026-06-12 11:55:59,426 - DEBUG - Assigning indexes to genes
2026-06-12 11:55:59,428 - DEBUG - Seen 9614 genes until now
2026-06-12 11:55:59,428 - DEBUG - Parsing Chromosome 14 strand - [line 726350]
2026-06-12 11:55:59,877 - DEBUG - Done with 14- [line 770987]
2026-06-12 11:55:59,877 - DEBUG - Assigning indexes to genes
2026-06-12 11:55:59,880 - DEBUG - Seen 10373 genes until now
2026-06-12 11:55:59,880 - DEBUG - Parsing Chromosome 14 strand + [line 770988]
2026-06-12 11:56:00,068 - DEBUG - Done with 14+ [line 822908]
2026-06-12 11:56:00,068 - DEBUG - Assigning indexes to genes
2026-06-12 11:56:00,072 - DEBUG - Seen 11088 genes until now
2026-06-12 11:56:00,072 - DEBUG - Parsing Chromosome 15 strand - [line 822909]
2026-06-12 11:56:00,234 - DEBUG - Done with 15- [line 873715]
2026-06-12 11:56:00,234 - DEBUG - Assigning indexes to genes
2026-06-12 11:56:00,237 - DEBUG - Seen 11734 genes until now
2026-06-12 11:56:00,237 - DEBUG - Parsing Chromosome 15 strand + [line 873716]
2026-06-12 11:56:00,414 - DEBUG - Done with 15+ [line 923824]
2026-06-12 11:56:00,415 - DEBUG - Assigning indexes to genes
2026-06-12 11:56:00,418 - DEBUG - Seen 12355 genes until now
2026-06-12 11:56:00,418 - DEBUG - Parsing Chromosome 16 strand - [line 923825]
2026-06-12 11:56:00,641 - DEBUG - Done with 16- [line 979238]
2026-06-12 11:56:00,642 - DEBUG - Assigning indexes to genes
2026-06-12 11:56:00,645 - DEBUG - Seen 13151 genes until now
2026-06-12 11:56:00,645 - DEBUG - Parsing Chromosome 16 strand + [line 979239]
2026-06-12 11:56:01,100 - DEBUG - Done with 16+ [line 1052152]
2026-06-12 11:56:01,100 - DEBUG - Assigning indexes to genes
2026-06-12 11:56:01,104 - DEBUG - Seen 14004 genes until now
2026-06-12 11:56:01,104 - DEBUG - Parsing Chromosome 17 strand - [line 1052153]
2026-06-12 11:56:01,374 - DEBUG - Done with 17- [line 1140008]
2026-06-12 11:56:01,374 - DEBUG - Assigning indexes to genes
2026-06-12 11:56:01,382 - DEBUG - Seen 15039 genes until now
2026-06-12 11:56:01,382 - DEBUG - Parsing Chromosome 17 strand + [line 1140009]
2026-06-12 11:56:01,633 - DEBUG - Done with 17+ [line 1219447]
2026-06-12 11:56:01,634 - DEBUG - Assigning indexes to genes
2026-06-12 11:56:01,639 - DEBUG - Seen 15996 genes until now
2026-06-12 11:56:01,639 - DEBUG - Parsing Chromosome 18 strand - [line 1219448]
2026-06-12 11:56:01,742 - DEBUG - Done with 18- [line 1246083]
2026-06-12 11:56:01,743 - DEBUG - Assigning indexes to genes
2026-06-12 11:56:01,744 - DEBUG - Seen 16371 genes until now
2026-06-12 11:56:01,744 - DEBUG - Parsing Chromosome 18 strand + [line 1246084]
2026-06-12 11:56:01,843 - DEBUG - Done with 18+ [line 1269821]
2026-06-12 11:56:01,843 - DEBUG - Assigning indexes to genes
2026-06-12 11:56:01,844 - DEBUG - Seen 16777 genes until now
2026-06-12 11:56:01,844 - DEBUG - Parsing Chromosome 19 strand - [line 1269822]
2026-06-12 11:56:02,435 - DEBUG - Done with 19- [line 1350736]
2026-06-12 11:56:02,435 - DEBUG - Assigning indexes to genes
2026-06-12 11:56:02,439 - DEBUG - Seen 17790 genes until now
2026-06-12 11:56:02,439 - DEBUG - Parsing Chromosome 19 strand + [line 1350737]
2026-06-12 11:56:02,646 - DEBUG - Done with 19+ [line 1435648]
2026-06-12 11:56:02,646 - DEBUG - Assigning indexes to genes
2026-06-12 11:56:02,651 - DEBUG - Seen 18804 genes until now
2026-06-12 11:56:02,651 - DEBUG - Parsing Chromosome 2 strand - [line 1435649]
2026-06-12 11:56:02,929 - DEBUG - Done with 2- [line 1542996]
2026-06-12 11:56:02,929 - DEBUG - Assigning indexes to genes
2026-06-12 11:56:02,934 - DEBUG - Seen 20037 genes until now
2026-06-12 11:56:02,934 - DEBUG - Parsing Chromosome 2 strand + [line 1542997]
2026-06-12 11:56:03,186 - DEBUG - Done with 2+ [line 1642863]
2026-06-12 11:56:03,186 - DEBUG - Assigning indexes to genes
2026-06-12 11:56:03,192 - DEBUG - Seen 21345 genes until now
2026-06-12 11:56:03,192 - DEBUG - Parsing Chromosome 20 strand - [line 1642864]
2026-06-12 11:56:03,268 - DEBUG - Done with 20- [line 1672442]
2026-06-12 11:56:03,268 - DEBUG - Assigning indexes to genes
2026-06-12 11:56:03,270 - DEBUG - Seen 21828 genes until now
2026-06-12 11:56:03,270 - DEBUG - Parsing Chromosome 20 strand + [line 1672443]
2026-06-12 11:56:03,399 - DEBUG - Done with 20+ [line 1707817]
2026-06-12 11:56:03,399 - DEBUG - Assigning indexes to genes
2026-06-12 11:56:03,403 - DEBUG - Seen 22309 genes until now
2026-06-12 11:56:03,403 - DEBUG - Parsing Chromosome 21 strand - [line 1707818]
2026-06-12 11:56:03,898 - DEBUG - Done with 21- [line 1722798]
2026-06-12 11:56:03,898 - DEBUG - Assigning indexes to genes
2026-06-12 11:56:03,900 - DEBUG - Seen 22596 genes until now
2026-06-12 11:56:03,900 - DEBUG - Parsing Chromosome 21 strand + [line 1722799]
2026-06-12 11:56:03,971 - DEBUG - Done with 21+ [line 1738981]
2026-06-12 11:56:03,972 - DEBUG - Assigning indexes to genes
2026-06-12 11:56:03,973 - DEBUG - Seen 22864 genes until now
2026-06-12 11:56:03,973 - DEBUG - Parsing Chromosome 22 strand - [line 1738982]
2026-06-12 11:56:04,082 - DEBUG - Done with 22- [line 1765357]
2026-06-12 11:56:04,082 - DEBUG - Assigning indexes to genes
2026-06-12 11:56:04,084 - DEBUG - Seen 23260 genes until now
2026-06-12 11:56:04,084 - DEBUG - Parsing Chromosome 22 strand + [line 1765358]
2026-06-12 11:56:04,218 - DEBUG - Done with 22+ [line 1797598]
2026-06-12 11:56:04,218 - DEBUG - Assigning indexes to genes
2026-06-12 11:56:04,220 - DEBUG - Seen 23765 genes until now
2026-06-12 11:56:04,220 - DEBUG - Parsing Chromosome 3 strand - [line 1797599]
2026-06-12 11:56:04,512 - DEBUG - Done with 3- [line 1887377]
2026-06-12 11:56:04,512 - DEBUG - Assigning indexes to genes
2026-06-12 11:56:04,517 - DEBUG - Seen 24693 genes until now
2026-06-12 11:56:04,517 - DEBUG - Parsing Chromosome 3 strand + [line 1887378]
2026-06-12 11:56:04,792 - DEBUG - Done with 3+ [line 1977011]
2026-06-12 11:56:04,792 - DEBUG - Assigning indexes to genes
2026-06-12 11:56:04,797 - DEBUG - Seen 25658 genes until now
2026-06-12 11:56:04,797 - DEBUG - Parsing Chromosome 4 strand - [line 1977012]
2026-06-12 11:56:04,967 - DEBUG - Done with 4- [line 2034238]
2026-06-12 11:56:04,967 - DEBUG - Assigning indexes to genes
2026-06-12 11:56:04,971 - DEBUG - Seen 26401 genes until now
2026-06-12 11:56:04,971 - DEBUG - Parsing Chromosome 4 strand + [line 2034239]
2026-06-12 11:56:05,180 - DEBUG - Done with 4+ [line 2094594]
2026-06-12 11:56:05,180 - DEBUG - Assigning indexes to genes
2026-06-12 11:56:05,184 - DEBUG - Seen 27191 genes until now
2026-06-12 11:56:05,184 - DEBUG - Parsing Chromosome 5 strand - [line 2094595]
2026-06-12 11:56:05,360 - DEBUG - Done with 5- [line 2152660]
2026-06-12 11:56:05,360 - DEBUG - Assigning indexes to genes
2026-06-12 11:56:05,363 - DEBUG - Seen 28071 genes until now
2026-06-12 11:56:05,363 - DEBUG - Parsing Chromosome 5 strand + [line 2152661]
2026-06-12 11:56:05,978 - DEBUG - Done with 5+ [line 2218657]
2026-06-12 11:56:05,979 - DEBUG - Assigning indexes to genes
2026-06-12 11:56:05,986 - DEBUG - Seen 29002 genes until now
2026-06-12 11:56:05,986 - DEBUG - Parsing Chromosome 6 strand - [line 2218658]
2026-06-12 11:56:06,217 - DEBUG - Done with 6- [line 2284937]
2026-06-12 11:56:06,218 - DEBUG - Assigning indexes to genes
2026-06-12 11:56:06,221 - DEBUG - Seen 29928 genes until now
2026-06-12 11:56:06,222 - DEBUG - Parsing Chromosome 6 strand + [line 2284938]
2026-06-12 11:56:06,402 - DEBUG - Done with 6+ [line 2345240]
2026-06-12 11:56:06,402 - DEBUG - Assigning indexes to genes
2026-06-12 11:56:06,405 - DEBUG - Seen 30829 genes until now
2026-06-12 11:56:06,405 - DEBUG - Parsing Chromosome 7 strand - [line 2345241]
2026-06-12 11:56:06,615 - DEBUG - Done with 7- [line 2406845]
2026-06-12 11:56:06,615 - DEBUG - Assigning indexes to genes
2026-06-12 11:56:06,619 - DEBUG - Seen 31621 genes until now
2026-06-12 11:56:06,619 - DEBUG - Parsing Chromosome 7 strand + [line 2406846]
2026-06-12 11:56:06,841 - DEBUG - Done with 7+ [line 2476014]
2026-06-12 11:56:06,841 - DEBUG - Assigning indexes to genes
2026-06-12 11:56:06,845 - DEBUG - Seen 32515 genes until now
2026-06-12 11:56:06,845 - DEBUG - Parsing Chromosome 8 strand - [line 2476015]
2026-06-12 11:56:07,018 - DEBUG - Done with 8- [line 2527366]
2026-06-12 11:56:07,018 - DEBUG - Assigning indexes to genes
2026-06-12 11:56:07,022 - DEBUG - Seen 33270 genes until now
2026-06-12 11:56:07,022 - DEBUG - Parsing Chromosome 8 strand + [line 2527367]
2026-06-12 11:56:07,198 - DEBUG - Done with 8+ [line 2577021]
2026-06-12 11:56:07,198 - DEBUG - Assigning indexes to genes
2026-06-12 11:56:07,202 - DEBUG - Seen 34010 genes until now
2026-06-12 11:56:07,202 - DEBUG - Parsing Chromosome 9 strand - [line 2577022]
2026-06-12 11:56:07,364 - DEBUG - Done with 9- [line 2622811]
2026-06-12 11:56:07,364 - DEBUG - Assigning indexes to genes
2026-06-12 11:56:07,367 - DEBUG - Seen 34681 genes until now
2026-06-12 11:56:07,367 - DEBUG - Parsing Chromosome 9 strand + [line 2622812]
2026-06-12 11:56:07,530 - DEBUG - Done with 9+ [line 2672374]
2026-06-12 11:56:07,530 - DEBUG - Assigning indexes to genes
2026-06-12 11:56:07,533 - DEBUG - Seen 35329 genes until now
2026-06-12 11:56:07,533 - DEBUG - Parsing Chromosome M strand - [line 2672375]
2026-06-12 11:56:07,533 - DEBUG - Done with M- [line 2672379]
2026-06-12 11:56:07,533 - DEBUG - Assigning indexes to genes
2026-06-12 11:56:07,533 - DEBUG - Seen 35330 genes until now
2026-06-12 11:56:07,533 - DEBUG - Parsing Chromosome M strand + [line 2672380]
2026-06-12 11:56:07,533 - DEBUG - Done with M+ [line 2672445]
2026-06-12 11:56:07,533 - DEBUG - Assigning indexes to genes
2026-06-12 11:56:07,533 - DEBUG - Seen 35342 genes until now
2026-06-12 11:56:07,533 - DEBUG - Parsing Chromosome X strand - [line 2672446]
2026-06-12 11:56:07,648 - DEBUG - Done with X- [line 2716088]
2026-06-12 11:56:07,649 - DEBUG - Assigning indexes to genes
2026-06-12 11:56:07,650 - DEBUG - Seen 35884 genes until now
2026-06-12 11:56:07,651 - DEBUG - Parsing Chromosome X strand + [line 2716089]
2026-06-12 11:56:07,769 - DEBUG - Done with X+ [line 2760500]
2026-06-12 11:56:07,769 - DEBUG - Assigning indexes to genes
2026-06-12 11:56:07,772 - DEBUG - Seen 36490 genes until now
2026-06-12 11:56:07,772 - DEBUG - Parsing Chromosome Y strand - [line 2760501]
2026-06-12 11:56:07,780 - DEBUG - Done with Y- [line 2763031]
2026-06-12 11:56:07,780 - DEBUG - Assigning indexes to genes
2026-06-12 11:56:07,780 - DEBUG - Seen 36543 genes until now
2026-06-12 11:56:07,780 - DEBUG - Parsing Chromosome Y strand + [line 2763032]
2026-06-12 11:56:07,790 - DEBUG - Assigning indexes to genes
2026-06-12 11:56:07,791 - DEBUG - Done with Y+ [line 2765967]
2026-06-12 11:56:07,791 - DEBUG - Fixing corner cases of transcript models containg intron longer than 1000Kbp
2026-06-12 11:56:08,875 - DEBUG - Generated 2411536 features corresponding to 199138 transcript models from /nobackup/peer/fdeckert/cellranger/GRCh38-2020-A/GRCh38/genes/genes.gtf
2026-06-12 11:56:08,901 - INFO - Scan /research/peer/fdeckert/FD20250213HSCT/data/object/velocyto/S_7684_day100_transcriptome/possorted_genome_bam.bam to validate intron intervals
2026-06-12 11:56:10,353 - DEBUG - Reading /research/peer/fdeckert/FD20250213HSCT/data/object/velocyto/S_7684_day100_transcriptome/possorted_genome_bam.bam
2026-06-12 11:56:10,367 - DEBUG - Read first 0 million reads
2026-06-12 11:56:10,367 - DEBUG - Marking up chromosome 1
2026-06-12 11:57:41,032 - DEBUG - Read first 10 million reads
2026-06-12 11:58:48,385 - DEBUG - Marking up chromosome 10
2026-06-12 11:59:09,682 - DEBUG - Read first 20 million reads
2026-06-12 11:59:42,994 - DEBUG - Marking up chromosome 11
2026-06-12 12:00:49,862 - DEBUG - Read first 30 million reads
2026-06-12 12:02:03,680 - DEBUG - Marking up chromosome 12
2026-06-12 12:02:31,364 - DEBUG - Read first 40 million reads
2026-06-12 12:03:49,363 - DEBUG - Marking up chromosome 13
2026-06-12 12:04:22,307 - DEBUG - Marking up chromosome 14
2026-06-12 12:04:24,347 - DEBUG - Read first 50 million reads
2026-06-12 12:05:20,660 - DEBUG - Marking up chromosome 15
2026-06-12 12:06:19,043 - DEBUG - Read first 60 million reads
2026-06-12 12:06:37,899 - DEBUG - Marking up chromosome 16
2026-06-12 12:07:58,980 - DEBUG - Marking up chromosome 17
2026-06-12 12:08:06,959 - DEBUG - Read first 70 million reads
2026-06-12 12:09:52,009 - DEBUG - Marking up chromosome 18
2026-06-12 12:09:54,501 - DEBUG - Read first 80 million reads
2026-06-12 12:10:04,179 - DEBUG - Marking up chromosome 19
2026-06-12 12:11:06,641 - DEBUG - Read first 90 million reads
2026-06-12 12:12:00,180 - DEBUG - Marking up chromosome 2
2026-06-12 12:12:18,235 - DEBUG - Read first 100 million reads
2026-06-12 12:13:25,225 - DEBUG - Marking up chromosome 20
2026-06-12 12:13:31,850 - DEBUG - Read first 110 million reads
2026-06-12 12:13:59,815 - DEBUG - Marking up chromosome 21
2026-06-12 12:14:07,452 - DEBUG - Read first 120 million reads
2026-06-12 12:14:23,364 - DEBUG - Marking up chromosome 22
2026-06-12 12:14:45,069 - DEBUG - Read first 130 million reads
2026-06-12 12:14:46,566 - DEBUG - Marking up chromosome 3
2026-06-12 12:15:45,918 - DEBUG - Marking up chromosome 4
2026-06-12 12:15:57,064 - DEBUG - Read first 140 million reads
2026-06-12 12:16:22,658 - DEBUG - Marking up chromosome 5
2026-06-12 12:17:08,420 - DEBUG - Read first 150 million reads
2026-06-12 12:17:31,693 - DEBUG - Marking up chromosome 6
2026-06-12 12:18:20,336 - DEBUG - Read first 160 million reads
2026-06-12 12:19:03,778 - DEBUG - Marking up chromosome 7
2026-06-12 12:19:25,201 - DEBUG - Read first 170 million reads
2026-06-12 12:19:59,886 - DEBUG - Marking up chromosome 8
2026-06-12 12:20:33,637 - DEBUG - Read first 180 million reads
2026-06-12 12:20:36,705 - DEBUG - Marking up chromosome 9
2026-06-12 12:21:16,038 - DEBUG - Marking up chromosome MT
2026-06-12 12:21:16,040 - WARNING - The .bam file refers to a chromosome 'MT+' not present in the annotation (.gtf) file
2026-06-12 12:21:16,040 - WARNING - The .bam file refers to a chromosome 'MT-' not present in the annotation (.gtf) file
2026-06-12 12:21:35,726 - DEBUG - Read first 190 million reads
2026-06-12 12:22:28,863 - DEBUG - Read first 200 million reads
2026-06-12 12:23:28,146 - DEBUG - Read first 210 million reads
2026-06-12 12:23:42,776 - DEBUG - Marking up chromosome X
2026-06-12 12:24:34,917 - DEBUG - Marking up chromosome Y
2026-06-12 12:24:35,689 - DEBUG - Marking up chromosome KI270728.1
2026-06-12 12:24:35,689 - DEBUG - Marking up chromosome KI270727.1
2026-06-12 12:24:35,690 - DEBUG - Marking up chromosome KI270442.1
2026-06-12 12:24:35,690 - WARNING - The .bam file refers to a chromosome 'KI270442.1+' not present in the annotation (.gtf) file
2026-06-12 12:24:35,690 - WARNING - The .bam file refers to a chromosome 'KI270442.1-' not present in the annotation (.gtf) file
2026-06-12 12:24:35,690 - DEBUG - Marking up chromosome KI270743.1
2026-06-12 12:24:35,690 - WARNING - The .bam file refers to a chromosome 'KI270743.1+' not present in the annotation (.gtf) file
2026-06-12 12:24:35,690 - WARNING - The .bam file refers to a chromosome 'KI270743.1-' not present in the annotation (.gtf) file
2026-06-12 12:24:35,691 - DEBUG - Marking up chromosome GL000008.2
2026-06-12 12:24:35,691 - WARNING - The .bam file refers to a chromosome 'GL000008.2+' not present in the annotation (.gtf) file
2026-06-12 12:24:35,691 - WARNING - The .bam file refers to a chromosome 'GL000008.2-' not present in the annotation (.gtf) file
2026-06-12 12:24:35,691 - DEBUG - Marking up chromosome GL000009.2
2026-06-12 12:24:35,691 - WARNING - The .bam file refers to a chromosome 'GL000009.2+' not present in the annotation (.gtf) file
2026-06-12 12:24:35,692 - DEBUG - Marking up chromosome KI270722.1
2026-06-12 12:24:35,692 - WARNING - The .bam file refers to a chromosome 'KI270722.1+' not present in the annotation (.gtf) file
2026-06-12 12:24:35,692 - WARNING - The .bam file refers to a chromosome 'KI270722.1-' not present in the annotation (.gtf) file
2026-06-12 12:24:35,692 - DEBUG - Marking up chromosome GL000194.1
2026-06-12 12:24:35,692 - WARNING - The .bam file refers to a chromosome 'GL000194.1+' not present in the annotation (.gtf) file
2026-06-12 12:24:35,715 - DEBUG - Marking up chromosome KI270742.1
2026-06-12 12:24:35,716 - WARNING - The .bam file refers to a chromosome 'KI270742.1+' not present in the annotation (.gtf) file
2026-06-12 12:24:35,716 - WARNING - The .bam file refers to a chromosome 'KI270742.1-' not present in the annotation (.gtf) file
2026-06-12 12:24:35,719 - DEBUG - Marking up chromosome GL000205.2
2026-06-12 12:24:35,719 - WARNING - The .bam file refers to a chromosome 'GL000205.2+' not present in the annotation (.gtf) file
2026-06-12 12:24:35,730 - DEBUG - Marking up chromosome GL000195.1
2026-06-12 12:24:35,736 - DEBUG - Marking up chromosome KI270733.1
2026-06-12 12:24:35,736 - WARNING - The .bam file refers to a chromosome 'KI270733.1+' not present in the annotation (.gtf) file
2026-06-12 12:24:35,736 - WARNING - The .bam file refers to a chromosome 'KI270733.1-' not present in the annotation (.gtf) file
2026-06-12 12:24:36,147 - DEBUG - Read first 220 million reads
2026-06-12 12:24:38,041 - DEBUG - Marking up chromosome GL000224.1
2026-06-12 12:24:38,041 - WARNING - The .bam file refers to a chromosome 'GL000224.1+' not present in the annotation (.gtf) file
2026-06-12 12:24:38,041 - WARNING - The .bam file refers to a chromosome 'GL000224.1-' not present in the annotation (.gtf) file
2026-06-12 12:24:38,042 - DEBUG - Marking up chromosome GL000219.1
2026-06-12 12:24:38,042 - WARNING - The .bam file refers to a chromosome 'GL000219.1+' not present in the annotation (.gtf) file
2026-06-12 12:24:38,102 - DEBUG - Marking up chromosome KI270712.1
2026-06-12 12:24:38,102 - WARNING - The .bam file refers to a chromosome 'KI270712.1+' not present in the annotation (.gtf) file
2026-06-12 12:24:38,102 - WARNING - The .bam file refers to a chromosome 'KI270712.1-' not present in the annotation (.gtf) file
2026-06-12 12:24:38,103 - DEBUG - Marking up chromosome KI270706.1
2026-06-12 12:24:38,103 - WARNING - The .bam file refers to a chromosome 'KI270706.1+' not present in the annotation (.gtf) file
2026-06-12 12:24:38,103 - WARNING - The .bam file refers to a chromosome 'KI270706.1-' not present in the annotation (.gtf) file
2026-06-12 12:24:38,114 - DEBUG - Marking up chromosome KI270725.1
2026-06-12 12:24:38,114 - WARNING - The .bam file refers to a chromosome 'KI270725.1+' not present in the annotation (.gtf) file
2026-06-12 12:24:38,114 - WARNING - The .bam file refers to a chromosome 'KI270725.1-' not present in the annotation (.gtf) file
2026-06-12 12:24:38,115 - DEBUG - Marking up chromosome KI270744.1
2026-06-12 12:24:38,115 - WARNING - The .bam file refers to a chromosome 'KI270744.1+' not present in the annotation (.gtf) file
2026-06-12 12:24:38,115 - WARNING - The .bam file refers to a chromosome 'KI270744.1-' not present in the annotation (.gtf) file
2026-06-12 12:24:38,119 - DEBUG - Marking up chromosome KI270734.1
2026-06-12 12:24:38,120 - DEBUG - Marking up chromosome GL000213.1
2026-06-12 12:24:38,120 - WARNING - The .bam file refers to a chromosome 'GL000213.1+' not present in the annotation (.gtf) file
2026-06-12 12:24:38,120 - DEBUG - Marking up chromosome GL000220.1
2026-06-12 12:24:38,120 - WARNING - The .bam file refers to a chromosome 'GL000220.1+' not present in the annotation (.gtf) file
2026-06-12 12:24:38,120 - WARNING - The .bam file refers to a chromosome 'GL000220.1-' not present in the annotation (.gtf) file
2026-06-12 12:24:48,462 - DEBUG - Read first 230 million reads
2026-06-12 12:24:48,593 - DEBUG - Marking up chromosome GL000218.1
2026-06-12 12:24:48,593 - WARNING - The .bam file refers to a chromosome 'GL000218.1+' not present in the annotation (.gtf) file
2026-06-12 12:24:48,611 - DEBUG - Marking up chromosome KI270749.1
2026-06-12 12:24:48,611 - WARNING - The .bam file refers to a chromosome 'KI270749.1+' not present in the annotation (.gtf) file
2026-06-12 12:24:48,611 - WARNING - The .bam file refers to a chromosome 'KI270749.1-' not present in the annotation (.gtf) file
2026-06-12 12:24:48,611 - DEBUG - Marking up chromosome KI270741.1
2026-06-12 12:24:48,611 - WARNING - The .bam file refers to a chromosome 'KI270741.1+' not present in the annotation (.gtf) file
2026-06-12 12:24:48,611 - WARNING - The .bam file refers to a chromosome 'KI270741.1-' not present in the annotation (.gtf) file
2026-06-12 12:24:48,612 - DEBUG - Marking up chromosome GL000221.1
2026-06-12 12:24:48,612 - WARNING - The .bam file refers to a chromosome 'GL000221.1+' not present in the annotation (.gtf) file
2026-06-12 12:24:48,612 - WARNING - The .bam file refers to a chromosome 'GL000221.1-' not present in the annotation (.gtf) file
2026-06-12 12:24:48,615 - DEBUG - Marking up chromosome KI270731.1
2026-06-12 12:24:48,615 - WARNING - The .bam file refers to a chromosome 'KI270731.1+' not present in the annotation (.gtf) file
2026-06-12 12:24:48,616 - DEBUG - Marking up chromosome KI270751.1
2026-06-12 12:24:48,616 - WARNING - The .bam file refers to a chromosome 'KI270751.1+' not present in the annotation (.gtf) file
2026-06-12 12:24:48,616 - WARNING - The .bam file refers to a chromosome 'KI270751.1-' not present in the annotation (.gtf) file
2026-06-12 12:24:48,616 - DEBUG - Marking up chromosome GL000214.1
2026-06-12 12:24:48,616 - WARNING - The .bam file refers to a chromosome 'GL000214.1+' not present in the annotation (.gtf) file
2026-06-12 12:24:48,616 - WARNING - The .bam file refers to a chromosome 'GL000214.1-' not present in the annotation (.gtf) file
2026-06-12 12:24:48,617 - DEBUG - Marking up chromosome KI270721.1
2026-06-12 12:24:48,617 - WARNING - The .bam file refers to a chromosome 'KI270721.1-' not present in the annotation (.gtf) file
2026-06-12 12:24:48,645 - DEBUG - Marking up chromosome GL000208.1
2026-06-12 12:24:48,646 - WARNING - The .bam file refers to a chromosome 'GL000208.1+' not present in the annotation (.gtf) file
2026-06-12 12:24:48,646 - WARNING - The .bam file refers to a chromosome 'GL000208.1-' not present in the annotation (.gtf) file
2026-06-12 12:24:48,646 - DEBUG - Marking up chromosome KI270746.1
2026-06-12 12:24:48,646 - WARNING - The .bam file refers to a chromosome 'KI270746.1+' not present in the annotation (.gtf) file
2026-06-12 12:24:48,646 - WARNING - The .bam file refers to a chromosome 'KI270746.1-' not present in the annotation (.gtf) file
2026-06-12 12:24:48,646 - DEBUG - Marking up chromosome KI270711.1
2026-06-12 12:24:48,646 - WARNING - The .bam file refers to a chromosome 'KI270711.1+' not present in the annotation (.gtf) file
2026-06-12 12:24:48,653 - DEBUG - Marking up chromosome KI270745.1
2026-06-12 12:24:48,653 - WARNING - The .bam file refers to a chromosome 'KI270745.1+' not present in the annotation (.gtf) file
2026-06-12 12:24:48,653 - WARNING - The .bam file refers to a chromosome 'KI270745.1-' not present in the annotation (.gtf) file
2026-06-12 12:24:48,654 - DEBUG - Marking up chromosome KI270713.1
2026-06-12 12:24:48,657 - DEBUG - Marking up chromosome KI270717.1
2026-06-12 12:24:48,657 - WARNING - The .bam file refers to a chromosome 'KI270717.1+' not present in the annotation (.gtf) file
2026-06-12 12:24:48,657 - WARNING - The .bam file refers to a chromosome 'KI270717.1-' not present in the annotation (.gtf) file
2026-06-12 12:24:48,657 - DEBUG - Marking up chromosome KI270718.1
2026-06-12 12:24:48,657 - WARNING - The .bam file refers to a chromosome 'KI270718.1+' not present in the annotation (.gtf) file
2026-06-12 12:24:48,657 - WARNING - The .bam file refers to a chromosome 'KI270718.1-' not present in the annotation (.gtf) file
2026-06-12 12:24:48,658 - DEBUG - Marking up chromosome KI270707.1
2026-06-12 12:24:48,658 - WARNING - The .bam file refers to a chromosome 'KI270707.1+' not present in the annotation (.gtf) file
2026-06-12 12:24:48,658 - WARNING - The .bam file refers to a chromosome 'KI270707.1-' not present in the annotation (.gtf) file
2026-06-12 12:24:48,659 - DEBUG - Marking up chromosome KI270330.1
2026-06-12 12:24:48,659 - WARNING - The .bam file refers to a chromosome 'KI270330.1+' not present in the annotation (.gtf) file
2026-06-12 12:24:48,659 - WARNING - The .bam file refers to a chromosome 'KI270330.1-' not present in the annotation (.gtf) file
2026-06-12 12:24:57,153 - DEBUG - Read first 240 million reads
2026-06-12 12:25:05,731 - DEBUG - Read first 250 million reads
2026-06-12 12:25:14,340 - DEBUG - Read first 260 million reads
2026-06-12 12:25:22,983 - DEBUG - Read first 270 million reads
2026-06-12 12:25:32,408 - DEBUG - Read first 280 million reads
2026-06-12 12:25:41,859 - DEBUG - Read first 290 million reads
2026-06-12 12:25:51,267 - DEBUG - Read first 300 million reads
2026-06-12 12:26:00,696 - DEBUG - Read first 310 million reads
2026-06-12 12:26:06,743 - DEBUG - End of file. Reset index: start scanning from initial position.
2026-06-12 12:26:06,744 - DEBUG - 12824212 reads were skipped because no apropiate cell or umi barcode was found
2026-06-12 12:26:06,744 - INFO - Now just waiting that the bam sorting process terminates
2026-06-12 12:26:06,744 - INFO - bam file #0 has been sorted
2026-06-12 12:26:06,744 - DEBUG - Start molecule counting!
2026-06-12 12:26:08,049 - DEBUG - Features available for chromosomes : ['GL000009.2-', 'GL000194.1-', 'GL000195.1-', 'GL000195.1+', 'GL000205.2-', 'GL000213.1-', 'GL000218.1-', 'GL000219.1-', 'KI270711.1-', 'KI270713.1-', 'KI270713.1+', 'KI270721.1+', 'KI270726.1+', 'KI270727.1-', 'KI270727.1+', 'KI270728.1-', 'KI270728.1+', 'KI270731.1-', 'KI270734.1-', 'KI270734.1+', '1-', '1+', '10-', '10+', '11-', '11+', '12-', '12+', '13-', '13+', '14-', '14+', '15-', '15+', '16-', '16+', '17-', '17+', '18-', '18+', '19-', '19+', '2-', '2+', '20-', '20+', '21-', '21+', '22-', '22+', '3-', '3+', '4-', '4+', '5-', '5+', '6-', '6+', '7-', '7+', '8-', '8+', '9-', '9+', 'M-', 'M+', 'X-', 'X+', 'Y-', 'Y+']
2026-06-12 12:26:08,049 - DEBUG - Mask available for chromosomes : []
2026-06-12 12:26:08,049 - DEBUG - Summarizing the results of intron validation.
2026-06-12 12:26:08,344 - DEBUG - Validated 365556 introns (of which unique intervals 116095) out of 1106199 total possible introns (considering each possible transcript models).
2026-06-12 12:26:08,345 - DEBUG - Reading /research/peer/fdeckert/FD20250213HSCT/data/object/velocyto/S_7684_day100_transcriptome/cellsorted_possorted_genome_bam.bam
2026-06-12 12:26:08,424 - DEBUG - Read first 0 million reads
2026-06-12 12:26:37,814 - DEBUG - Read first 10 million reads
2026-06-12 12:27:06,887 - DEBUG - Read first 20 million reads
2026-06-12 12:27:46,551 - DEBUG - Read first 30 million reads
2026-06-12 12:28:03,883 - DEBUG - Counting for batch 1, containing 100 cells and 5252094 reads
2026-06-12 12:29:00,856 - DEBUG - 0 reads not considered because fully enclosed in repeat masked regions
2026-06-12 12:29:46,237 - DEBUG - Read first 40 million reads
2026-06-12 12:29:55,641 - DEBUG - Counting for batch 2, containing 100 cells and 4966518 reads
2026-06-12 12:30:51,446 - DEBUG - 0 reads not considered because fully enclosed in repeat masked regions
2026-06-12 12:31:44,457 - DEBUG - Read first 50 million reads
2026-06-12 12:31:48,352 - DEBUG - Counting for batch 3, containing 100 cells and 5454750 reads
2026-06-12 12:32:47,926 - DEBUG - 0 reads not considered because fully enclosed in repeat masked regions
2026-06-12 12:33:49,432 - DEBUG - Read first 60 million reads
2026-06-12 12:33:49,825 - DEBUG - Counting for batch 4, containing 100 cells and 5449904 reads
2026-06-12 12:34:50,887 - DEBUG - 0 reads not considered because fully enclosed in repeat masked regions
2026-06-12 12:35:45,045 - DEBUG - Counting for batch 5, containing 100 cells and 5067630 reads
2026-06-12 12:36:41,082 - DEBUG - 0 reads not considered because fully enclosed in repeat masked regions
2026-06-12 12:36:53,548 - DEBUG - Read first 70 million reads
2026-06-12 12:37:39,284 - DEBUG - Counting for batch 6, containing 100 cells and 5077060 reads
2026-06-12 12:38:34,139 - DEBUG - 0 reads not considered because fully enclosed in repeat masked regions
2026-06-12 12:38:50,179 - DEBUG - Read first 80 million reads
2026-06-12 12:39:28,565 - DEBUG - Counting for batch 7, containing 100 cells and 5075194 reads
2026-06-12 12:40:23,691 - DEBUG - 0 reads not considered because fully enclosed in repeat masked regions
2026-06-12 12:40:47,866 - DEBUG - Read first 90 million reads
2026-06-12 12:41:15,887 - DEBUG - Counting for batch 8, containing 100 cells and 4821228 reads
2026-06-12 12:42:08,275 - DEBUG - 0 reads not considered because fully enclosed in repeat masked regions
2026-06-12 12:42:41,695 - DEBUG - Read first 100 million reads
2026-06-12 12:43:06,294 - DEBUG - Counting for batch 9, containing 100 cells and 5222000 reads
2026-06-12 12:44:04,367 - DEBUG - 0 reads not considered because fully enclosed in repeat masked regions
2026-06-12 12:44:43,490 - DEBUG - Read first 110 million reads
2026-06-12 12:45:03,859 - DEBUG - Counting for batch 10, containing 100 cells and 5375966 reads
2026-06-12 12:46:05,200 - DEBUG - 0 reads not considered because fully enclosed in repeat masked regions
2026-06-12 12:46:47,842 - DEBUG - Read first 120 million reads
2026-06-12 12:46:58,950 - DEBUG - Counting for batch 11, containing 100 cells and 4830400 reads
2026-06-12 12:47:53,798 - DEBUG - 0 reads not considered because fully enclosed in repeat masked regions
2026-06-12 12:48:42,018 - DEBUG - Read first 130 million reads
2026-06-12 12:48:42,826 - DEBUG - Counting for batch 12, containing 100 cells and 4687682 reads
2026-06-12 12:49:33,647 - DEBUG - 0 reads not considered because fully enclosed in repeat masked regions
2026-06-12 12:50:32,578 - DEBUG - Counting for batch 13, containing 100 cells and 5123128 reads
2026-06-12 12:51:28,219 - DEBUG - 0 reads not considered because fully enclosed in repeat masked regions
2026-06-12 12:51:38,816 - DEBUG - Read first 140 million reads
2026-06-12 12:52:27,407 - DEBUG - Counting for batch 14, containing 100 cells and 5301920 reads
2026-06-12 12:53:27,191 - DEBUG - 0 reads not considered because fully enclosed in repeat masked regions
2026-06-12 12:53:42,944 - DEBUG - Read first 150 million reads
2026-06-12 12:54:24,816 - DEBUG - Counting for batch 15, containing 100 cells and 5124672 reads
2026-06-12 12:55:21,504 - DEBUG - 0 reads not considered because fully enclosed in repeat masked regions
2026-06-12 12:55:44,229 - DEBUG - Read first 160 million reads
2026-06-12 12:56:20,059 - DEBUG - Counting for batch 16, containing 100 cells and 5238806 reads
2026-06-12 12:57:19,411 - DEBUG - 0 reads not considered because fully enclosed in repeat masked regions
2026-06-12 12:57:50,013 - DEBUG - Read first 170 million reads
2026-06-12 12:58:16,650 - DEBUG - Counting for batch 17, containing 100 cells and 4941500 reads
2026-06-12 12:59:10,936 - DEBUG - 0 reads not considered because fully enclosed in repeat masked regions
2026-06-12 12:59:47,658 - DEBUG - Read first 180 million reads
2026-06-12 13:00:17,348 - DEBUG - Counting for batch 18, containing 100 cells and 5693926 reads
2026-06-12 13:01:21,782 - DEBUG - 0 reads not considered because fully enclosed in repeat masked regions
2026-06-12 13:01:57,506 - DEBUG - Read first 190 million reads
2026-06-12 13:02:15,621 - DEBUG - Counting for batch 19, containing 100 cells and 5003152 reads
2026-06-12 13:03:11,556 - DEBUG - 0 reads not considered because fully enclosed in repeat masked regions
2026-06-12 13:03:54,311 - DEBUG - Read first 200 million reads
2026-06-12 13:04:09,592 - DEBUG - Counting for batch 20, containing 100 cells and 5216112 reads
2026-06-12 13:05:06,291 - DEBUG - 0 reads not considered because fully enclosed in repeat masked regions
2026-06-12 13:05:54,861 - DEBUG - Read first 210 million reads
2026-06-12 13:06:10,144 - DEBUG - Counting for batch 21, containing 100 cells and 5635076 reads
2026-06-12 13:07:12,751 - DEBUG - 0 reads not considered because fully enclosed in repeat masked regions
2026-06-12 13:08:02,234 - DEBUG - Read first 220 million reads
2026-06-12 13:08:14,896 - DEBUG - Counting for batch 22, containing 100 cells and 5710538 reads
2026-06-12 13:09:18,878 - DEBUG - 0 reads not considered because fully enclosed in repeat masked regions
2026-06-12 13:10:11,968 - DEBUG - Read first 230 million reads
2026-06-12 13:10:17,326 - DEBUG - Counting for batch 23, containing 100 cells and 5267064 reads
2026-06-12 13:11:17,204 - DEBUG - 0 reads not considered because fully enclosed in repeat masked regions
2026-06-12 13:12:16,242 - DEBUG - Counting for batch 24, containing 100 cells and 5505946 reads
2026-06-12 13:13:17,557 - DEBUG - 0 reads not considered because fully enclosed in repeat masked regions
2026-06-12 13:13:24,895 - DEBUG - Read first 240 million reads
2026-06-12 13:14:14,600 - DEBUG - Counting for batch 25, containing 100 cells and 5164356 reads
2026-06-12 13:15:14,673 - DEBUG - 0 reads not considered because fully enclosed in repeat masked regions
2026-06-12 13:15:25,742 - DEBUG - Read first 250 million reads
2026-06-12 13:16:05,593 - DEBUG - Counting for batch 26, containing 100 cells and 4497744 reads
2026-06-12 13:16:56,992 - DEBUG - 0 reads not considered because fully enclosed in repeat masked regions
2026-06-12 13:17:14,291 - DEBUG - Read first 260 million reads
2026-06-12 13:17:46,272 - DEBUG - Counting for batch 27, containing 100 cells and 4704628 reads
2026-06-12 13:18:40,080 - DEBUG - 0 reads not considered because fully enclosed in repeat masked regions
2026-06-12 13:19:12,630 - DEBUG - Read first 270 million reads
2026-06-12 13:19:45,153 - DEBUG - Counting for batch 28, containing 100 cells and 5873300 reads
2026-06-12 13:20:51,928 - DEBUG - 0 reads not considered because fully enclosed in repeat masked regions
2026-06-12 13:21:27,132 - DEBUG - Read first 280 million reads
2026-06-12 13:21:45,083 - DEBUG - Counting for batch 29, containing 100 cells and 4586756 reads
2026-06-12 13:22:37,792 - DEBUG - 0 reads not considered because fully enclosed in repeat masked regions
2026-06-12 13:23:22,929 - DEBUG - Read first 290 million reads
2026-06-12 13:23:38,649 - DEBUG - Counting for batch 30, containing 100 cells and 5478996 reads
2026-06-12 13:24:40,462 - DEBUG - 0 reads not considered because fully enclosed in repeat masked regions
2026-06-12 13:25:25,661 - DEBUG - Read first 300 million reads
2026-06-12 13:25:34,318 - DEBUG - Counting for batch 31, containing 100 cells and 4845994 reads
2026-06-12 13:26:25,440 - DEBUG - 0 reads not considered because fully enclosed in repeat masked regions
2026-06-12 13:27:24,077 - DEBUG - Read first 310 million reads
2026-06-12 13:27:26,352 - DEBUG - Counting for batch 32, containing 100 cells and 5354092 reads
2026-06-12 13:28:26,958 - DEBUG - 0 reads not considered because fully enclosed in repeat masked regions
2026-06-12 13:29:08,511 - DEBUG - Counting for batch 33, containing 67 cells and 3487888 reads
2026-06-12 13:29:45,632 - DEBUG - 0 reads not considered because fully enclosed in repeat masked regions
2026-06-12 13:29:49,549 - DEBUG - 12824212 reads were skipped because no apropiate cell or umi barcode was found
2026-06-12 13:29:49,563 - DEBUG - Counting done!
2026-06-12 13:29:49,575 - DEBUG - Generating output file /research/peer/fdeckert/FD20250213HSCT/data/object/velocyto/S_7684_day100_transcriptome/velocyto.loom
2026-06-12 13:29:49,575 - DEBUG - Collecting row attributes
2026-06-12 13:29:49,661 - DEBUG - Generating data table
2026-06-12 13:29:50,059 - DEBUG - Writing loom file
2026-06-12 13:29:51,678 - DEBUG - Creating converter from 5 to 3
2026-06-12 13:29:51,760 - DEBUG - Creating converter from 3 to 5
2026-06-12 13:29:56,387 - DEBUG - Terminated Succesfully!
