2026-06-12 12:18:15,014 - DEBUG - Using logic: Permissive10X
2026-06-12 12:18:15,031 - INFO - Read 2648 cell barcodes from /research/lab_stary/sequencing_projects/acute_gvhd/COUNT/GvD_116_784_transcriptome/filtered_feature_bc_matrix/barcodes.tsv.gz
2026-06-12 12:18:15,031 - DEBUG - Example of barcode: AAACCTGCATAGGATA and cell_id: velocyto:AAACCTGCATAGGATA-1
2026-06-12 12:18:15,046 - DEBUG - Peeking into /research/peer/fdeckert/FD20250213HSCT/data/object/velocyto/GvD_116_784_transcriptome/possorted_genome_bam.bam
2026-06-12 12:18:15,073 - WARNING - Not found cell and umi barcode in entry 5 of the bam file
2026-06-12 12:18:15,073 - WARNING - Not found cell and umi barcode in entry 21 of the bam file
2026-06-12 12:18:15,073 - WARNING - Not found cell and umi barcode in entry 24 of the bam file
2026-06-12 12:18:15,073 - WARNING - Not found cell and umi barcode in entry 34 of the bam file
2026-06-12 12:18:15,073 - WARNING - Not found cell and umi barcode in entry 56 of the bam file
2026-06-12 12:18:15,073 - WARNING - Not found cell and umi barcode in entry 58 of the bam file
2026-06-12 12:18:15,073 - WARNING - Not found cell and umi barcode in entry 114 of the bam file
2026-06-12 12:18:15,073 - WARNING - Not found cell and umi barcode in entry 124 of the bam file
2026-06-12 12:18:15,073 - WARNING - Not found cell and umi barcode in entry 128 of the bam file
2026-06-12 12:18:15,073 - WARNING - Not found cell and umi barcode in entry 132 of the bam file
2026-06-12 12:18:15,073 - WARNING - Not found cell and umi barcode in entry 133 of the bam file
2026-06-12 12:18:15,073 - WARNING - Not found cell and umi barcode in entry 135 of the bam file
2026-06-12 12:18:15,073 - WARNING - Not found cell and umi barcode in entry 137 of the bam file
2026-06-12 12:18:15,073 - WARNING - Not found cell and umi barcode in entry 139 of the bam file
2026-06-12 12:18:15,073 - WARNING - Not found cell and umi barcode in entry 141 of the bam file
2026-06-12 12:18:15,073 - WARNING - Not found cell and umi barcode in entry 148 of the bam file
2026-06-12 12:18:15,073 - WARNING - Not found cell and umi barcode in entry 167 of the bam file
2026-06-12 12:18:15,073 - WARNING - Not found cell and umi barcode in entry 196 of the bam file
2026-06-12 12:18:15,073 - WARNING - Not found cell and umi barcode in entry 205 of the bam file
2026-06-12 12:18:15,074 - WARNING - Not found cell and umi barcode in entry 207 of the bam file
2026-06-12 12:18:15,074 - WARNING - Not found cell and umi barcode in entry 208 of the bam file
2026-06-12 12:18:15,074 - WARNING - Not found cell and umi barcode in entry 209 of the bam file
2026-06-12 12:18:15,074 - WARNING - Not found cell and umi barcode in entry 228 of the bam file
2026-06-12 12:18:15,074 - WARNING - Not found cell and umi barcode in entry 230 of the bam file
2026-06-12 12:18:15,074 - WARNING - Not found cell and umi barcode in entry 264 of the bam file
2026-06-12 12:18:15,074 - WARNING - Not found cell and umi barcode in entry 304 of the bam file
2026-06-12 12:18:15,074 - WARNING - Not found cell and umi barcode in entry 306 of the bam file
2026-06-12 12:18:15,074 - WARNING - Not found cell and umi barcode in entry 307 of the bam file
2026-06-12 12:18:15,074 - WARNING - Not found cell and umi barcode in entry 425 of the bam file
2026-06-12 12:18:15,074 - WARNING - Not found cell and umi barcode in entry 429 of the bam file
2026-06-12 12:18:15,075 - WARNING - Not found cell and umi barcode in entry 483 of the bam file
2026-06-12 12:18:15,075 - WARNING - Not found cell and umi barcode in entry 513 of the bam file
2026-06-12 12:18:15,075 - WARNING - Not found cell and umi barcode in entry 514 of the bam file
2026-06-12 12:18:15,075 - WARNING - Not found cell and umi barcode in entry 537 of the bam file
2026-06-12 12:18:15,075 - WARNING - Not found cell and umi barcode in entry 599 of the bam file
2026-06-12 12:18:15,075 - WARNING - Not found cell and umi barcode in entry 611 of the bam file
2026-06-12 12:18:15,075 - WARNING - Not found cell and umi barcode in entry 708 of the bam file
2026-06-12 12:18:15,075 - WARNING - Not found cell and umi barcode in entry 749 of the bam file
2026-06-12 12:18:15,075 - WARNING - Not found cell and umi barcode in entry 750 of the bam file
2026-06-12 12:18:15,075 - WARNING - Not found cell and umi barcode in entry 753 of the bam file
2026-06-12 12:18:15,075 - WARNING - Not found cell and umi barcode in entry 760 of the bam file
2026-06-12 12:18:15,076 - WARNING - Not found cell and umi barcode in entry 762 of the bam file
2026-06-12 12:18:15,076 - WARNING - Not found cell and umi barcode in entry 763 of the bam file
2026-06-12 12:18:15,077 - WARNING - Not found cell and umi barcode in entry 840 of the bam file
2026-06-12 12:18:15,077 - WARNING - Not found cell and umi barcode in entry 862 of the bam file
2026-06-12 12:18:15,077 - WARNING - Not found cell and umi barcode in entry 865 of the bam file
2026-06-12 12:18:15,077 - WARNING - Not found cell and umi barcode in entry 893 of the bam file
2026-06-12 12:18:15,077 - WARNING - Not found cell and umi barcode in entry 902 of the bam file
2026-06-12 12:18:15,077 - WARNING - Not found cell and umi barcode in entry 904 of the bam file
2026-06-12 12:18:15,077 - WARNING - Not found cell and umi barcode in entry 909 of the bam file
2026-06-12 12:18:15,078 - WARNING - Not found cell and umi barcode in entry 985 of the bam file
2026-06-12 12:18:15,078 - WARNING - Not found cell and umi barcode in entry 1005 of the bam file
2026-06-12 12:18:15,078 - WARNING - Not found cell and umi barcode in entry 1006 of the bam file
2026-06-12 12:18:15,078 - WARNING - Not found cell and umi barcode in entry 1024 of the bam file
2026-06-12 12:18:15,081 - INFO - Starting the sorting process of /research/peer/fdeckert/FD20250213HSCT/data/object/velocyto/GvD_116_784_transcriptome/possorted_genome_bam.bam the output will be at: /research/peer/fdeckert/FD20250213HSCT/data/object/velocyto/GvD_116_784_transcriptome/cellsorted_possorted_genome_bam.bam
2026-06-12 12:18:15,081 - INFO - Command being run is: samtools sort -l 7 -m 100M -t CB -O BAM -@ 16 -o /research/peer/fdeckert/FD20250213HSCT/data/object/velocyto/GvD_116_784_transcriptome/cellsorted_possorted_genome_bam.bam /research/peer/fdeckert/FD20250213HSCT/data/object/velocyto/GvD_116_784_transcriptome/possorted_genome_bam.bam
2026-06-12 12:18:15,081 - INFO - While the bam sorting happens do other things...
2026-06-12 12:18:15,081 - INFO - Load the annotation from /nobackup/peer/fdeckert/cellranger/GRCh38-2020-A/GRCh38/genes/genes.gtf
2026-06-12 12:18:19,906 - DEBUG - Parsing Chromosome GL000009.2 strand - [line 0]
2026-06-12 12:18:19,906 - DEBUG - Done with GL000009.2- [line 7]
2026-06-12 12:18:19,906 - DEBUG - Assigning indexes to genes
2026-06-12 12:18:19,906 - DEBUG - Seen 1 genes until now
2026-06-12 12:18:19,906 - DEBUG - Parsing Chromosome GL000194.1 strand - [line 8]
2026-06-12 12:18:19,906 - DEBUG - Done with GL000194.1- [line 33]
2026-06-12 12:18:19,906 - DEBUG - Assigning indexes to genes
2026-06-12 12:18:19,906 - DEBUG - Seen 3 genes until now
2026-06-12 12:18:19,906 - DEBUG - Parsing Chromosome GL000195.1 strand - [line 34]
2026-06-12 12:18:19,906 - DEBUG - Done with GL000195.1- [line 43]
2026-06-12 12:18:19,906 - DEBUG - Assigning indexes to genes
2026-06-12 12:18:19,906 - DEBUG - Seen 4 genes until now
2026-06-12 12:18:19,906 - DEBUG - Parsing Chromosome GL000195.1 strand + [line 44]
2026-06-12 12:18:19,906 - DEBUG - Done with GL000195.1+ [line 57]
2026-06-12 12:18:19,906 - DEBUG - Assigning indexes to genes
2026-06-12 12:18:19,906 - DEBUG - Seen 5 genes until now
2026-06-12 12:18:19,906 - DEBUG - Parsing Chromosome GL000205.2 strand - [line 58]
2026-06-12 12:18:19,906 - DEBUG - Done with GL000205.2- [line 71]
2026-06-12 12:18:19,906 - DEBUG - Assigning indexes to genes
2026-06-12 12:18:19,906 - DEBUG - Seen 6 genes until now
2026-06-12 12:18:19,906 - DEBUG - Parsing Chromosome GL000213.1 strand - [line 72]
2026-06-12 12:18:19,907 - DEBUG - Done with GL000213.1- [line 120]
2026-06-12 12:18:19,907 - DEBUG - Assigning indexes to genes
2026-06-12 12:18:19,907 - DEBUG - Seen 7 genes until now
2026-06-12 12:18:19,907 - DEBUG - Parsing Chromosome GL000218.1 strand - [line 121]
2026-06-12 12:18:19,907 - DEBUG - Done with GL000218.1- [line 128]
2026-06-12 12:18:19,907 - DEBUG - Assigning indexes to genes
2026-06-12 12:18:19,907 - DEBUG - Seen 8 genes until now
2026-06-12 12:18:19,907 - DEBUG - Parsing Chromosome GL000219.1 strand - [line 129]
2026-06-12 12:18:19,907 - DEBUG - Done with GL000219.1- [line 141]
2026-06-12 12:18:19,907 - DEBUG - Assigning indexes to genes
2026-06-12 12:18:19,907 - DEBUG - Seen 9 genes until now
2026-06-12 12:18:19,907 - DEBUG - Parsing Chromosome KI270711.1 strand - [line 142]
2026-06-12 12:18:19,907 - DEBUG - Done with KI270711.1- [line 292]
2026-06-12 12:18:19,907 - DEBUG - Assigning indexes to genes
2026-06-12 12:18:19,907 - DEBUG - Seen 10 genes until now
2026-06-12 12:18:19,907 - DEBUG - Parsing Chromosome KI270713.1 strand - [line 293]
2026-06-12 12:18:19,907 - DEBUG - Done with KI270713.1- [line 300]
2026-06-12 12:18:19,907 - DEBUG - Assigning indexes to genes
2026-06-12 12:18:19,907 - DEBUG - Seen 11 genes until now
2026-06-12 12:18:19,907 - DEBUG - Parsing Chromosome KI270713.1 strand + [line 301]
2026-06-12 12:18:19,907 - DEBUG - Done with KI270713.1+ [line 307]
2026-06-12 12:18:19,907 - DEBUG - Assigning indexes to genes
2026-06-12 12:18:19,907 - DEBUG - Seen 12 genes until now
2026-06-12 12:18:19,907 - DEBUG - Parsing Chromosome KI270721.1 strand + [line 308]
2026-06-12 12:18:19,908 - DEBUG - Done with KI270721.1+ [line 323]
2026-06-12 12:18:19,908 - DEBUG - Assigning indexes to genes
2026-06-12 12:18:19,908 - DEBUG - Seen 13 genes until now
2026-06-12 12:18:19,908 - DEBUG - Parsing Chromosome KI270726.1 strand + [line 324]
2026-06-12 12:18:19,908 - DEBUG - Done with KI270726.1+ [line 334]
2026-06-12 12:18:19,908 - DEBUG - Assigning indexes to genes
2026-06-12 12:18:19,908 - DEBUG - Seen 15 genes until now
2026-06-12 12:18:19,908 - DEBUG - Parsing Chromosome KI270727.1 strand - [line 335]
2026-06-12 12:18:19,908 - DEBUG - Done with KI270727.1- [line 394]
2026-06-12 12:18:19,908 - DEBUG - Assigning indexes to genes
2026-06-12 12:18:19,908 - DEBUG - Seen 17 genes until now
2026-06-12 12:18:19,908 - DEBUG - Parsing Chromosome KI270727.1 strand + [line 395]
2026-06-12 12:18:19,908 - DEBUG - Done with KI270727.1+ [line 409]
2026-06-12 12:18:19,908 - DEBUG - Assigning indexes to genes
2026-06-12 12:18:19,908 - DEBUG - Seen 19 genes until now
2026-06-12 12:18:19,908 - DEBUG - Parsing Chromosome KI270728.1 strand - [line 410]
2026-06-12 12:18:19,908 - DEBUG - Done with KI270728.1- [line 486]
2026-06-12 12:18:19,908 - DEBUG - Assigning indexes to genes
2026-06-12 12:18:19,908 - DEBUG - Seen 21 genes until now
2026-06-12 12:18:19,908 - DEBUG - Parsing Chromosome KI270728.1 strand + [line 487]
2026-06-12 12:18:19,908 - DEBUG - Done with KI270728.1+ [line 523]
2026-06-12 12:18:19,908 - DEBUG - Assigning indexes to genes
2026-06-12 12:18:19,908 - DEBUG - Seen 25 genes until now
2026-06-12 12:18:19,908 - DEBUG - Parsing Chromosome KI270731.1 strand - [line 524]
2026-06-12 12:18:19,909 - DEBUG - Done with KI270731.1- [line 530]
2026-06-12 12:18:19,909 - DEBUG - Assigning indexes to genes
2026-06-12 12:18:19,909 - DEBUG - Seen 26 genes until now
2026-06-12 12:18:19,909 - DEBUG - Parsing Chromosome KI270734.1 strand - [line 531]
2026-06-12 12:18:19,909 - DEBUG - Done with KI270734.1- [line 599]
2026-06-12 12:18:19,909 - DEBUG - Assigning indexes to genes
2026-06-12 12:18:19,909 - DEBUG - Seen 27 genes until now
2026-06-12 12:18:19,909 - DEBUG - Parsing Chromosome KI270734.1 strand + [line 600]
2026-06-12 12:18:19,909 - DEBUG - Done with KI270734.1+ [line 622]
2026-06-12 12:18:19,909 - DEBUG - Assigning indexes to genes
2026-06-12 12:18:19,909 - DEBUG - Seen 29 genes until now
2026-06-12 12:18:19,909 - DEBUG - Parsing Chromosome 1 strand - [line 623]
2026-06-12 12:18:20,364 - DEBUG - Done with 1- [line 118876]
2026-06-12 12:18:20,364 - DEBUG - Assigning indexes to genes
2026-06-12 12:18:20,370 - DEBUG - Seen 1711 genes until now
2026-06-12 12:18:20,370 - DEBUG - Parsing Chromosome 1 strand + [line 118877]
2026-06-12 12:18:21,038 - DEBUG - Done with 1+ [line 253796]
2026-06-12 12:18:21,038 - DEBUG - Assigning indexes to genes
2026-06-12 12:18:21,045 - DEBUG - Seen 3439 genes until now
2026-06-12 12:18:21,045 - DEBUG - Parsing Chromosome 10 strand - [line 253797]
2026-06-12 12:18:21,173 - DEBUG - Done with 10- [line 304078]
2026-06-12 12:18:21,173 - DEBUG - Assigning indexes to genes
2026-06-12 12:18:21,176 - DEBUG - Seen 4100 genes until now
2026-06-12 12:18:21,176 - DEBUG - Parsing Chromosome 10 strand + [line 304079]
2026-06-12 12:18:21,309 - DEBUG - Done with 10+ [line 356023]
2026-06-12 12:18:21,309 - DEBUG - Assigning indexes to genes
2026-06-12 12:18:21,312 - DEBUG - Seen 4833 genes until now
2026-06-12 12:18:21,312 - DEBUG - Parsing Chromosome 11 strand - [line 356024]
2026-06-12 12:18:21,751 - DEBUG - Done with 11- [line 438038]
2026-06-12 12:18:21,751 - DEBUG - Assigning indexes to genes
2026-06-12 12:18:21,755 - DEBUG - Seen 5833 genes until now
2026-06-12 12:18:21,755 - DEBUG - Parsing Chromosome 11 strand + [line 438039]
2026-06-12 12:18:21,963 - DEBUG - Done with 11+ [line 521163]
2026-06-12 12:18:21,963 - DEBUG - Assigning indexes to genes
2026-06-12 12:18:21,967 - DEBUG - Seen 6898 genes until now
2026-06-12 12:18:21,967 - DEBUG - Parsing Chromosome 12 strand - [line 521164]
2026-06-12 12:18:22,377 - DEBUG - Done with 12- [line 601582]
2026-06-12 12:18:22,377 - DEBUG - Assigning indexes to genes
2026-06-12 12:18:22,380 - DEBUG - Seen 7848 genes until now
2026-06-12 12:18:22,380 - DEBUG - Parsing Chromosome 12 strand + [line 601583]
2026-06-12 12:18:22,585 - DEBUG - Done with 12+ [line 681983]
2026-06-12 12:18:22,585 - DEBUG - Assigning indexes to genes
2026-06-12 12:18:22,589 - DEBUG - Seen 8826 genes until now
2026-06-12 12:18:22,589 - DEBUG - Parsing Chromosome 13 strand - [line 681984]
2026-06-12 12:18:22,643 - DEBUG - Done with 13- [line 702449]
2026-06-12 12:18:22,643 - DEBUG - Assigning indexes to genes
2026-06-12 12:18:22,644 - DEBUG - Seen 9225 genes until now
2026-06-12 12:18:22,644 - DEBUG - Parsing Chromosome 13 strand + [line 702450]
2026-06-12 12:18:22,708 - DEBUG - Done with 13+ [line 726349]
2026-06-12 12:18:22,708 - DEBUG - Assigning indexes to genes
2026-06-12 12:18:22,710 - DEBUG - Seen 9614 genes until now
2026-06-12 12:18:22,710 - DEBUG - Parsing Chromosome 14 strand - [line 726350]
2026-06-12 12:18:23,049 - DEBUG - Done with 14- [line 770987]
2026-06-12 12:18:23,049 - DEBUG - Assigning indexes to genes
2026-06-12 12:18:23,052 - DEBUG - Seen 10373 genes until now
2026-06-12 12:18:23,052 - DEBUG - Parsing Chromosome 14 strand + [line 770988]
2026-06-12 12:18:23,184 - DEBUG - Done with 14+ [line 822908]
2026-06-12 12:18:23,184 - DEBUG - Assigning indexes to genes
2026-06-12 12:18:23,187 - DEBUG - Seen 11088 genes until now
2026-06-12 12:18:23,187 - DEBUG - Parsing Chromosome 15 strand - [line 822909]
2026-06-12 12:18:23,317 - DEBUG - Done with 15- [line 873715]
2026-06-12 12:18:23,318 - DEBUG - Assigning indexes to genes
2026-06-12 12:18:23,320 - DEBUG - Seen 11734 genes until now
2026-06-12 12:18:23,320 - DEBUG - Parsing Chromosome 15 strand + [line 873716]
2026-06-12 12:18:23,452 - DEBUG - Done with 15+ [line 923824]
2026-06-12 12:18:23,452 - DEBUG - Assigning indexes to genes
2026-06-12 12:18:23,455 - DEBUG - Seen 12355 genes until now
2026-06-12 12:18:23,455 - DEBUG - Parsing Chromosome 16 strand - [line 923825]
2026-06-12 12:18:23,595 - DEBUG - Done with 16- [line 979238]
2026-06-12 12:18:23,595 - DEBUG - Assigning indexes to genes
2026-06-12 12:18:23,598 - DEBUG - Seen 13151 genes until now
2026-06-12 12:18:23,598 - DEBUG - Parsing Chromosome 16 strand + [line 979239]
2026-06-12 12:18:24,064 - DEBUG - Done with 16+ [line 1052152]
2026-06-12 12:18:24,064 - DEBUG - Assigning indexes to genes
2026-06-12 12:18:24,068 - DEBUG - Seen 14004 genes until now
2026-06-12 12:18:24,068 - DEBUG - Parsing Chromosome 17 strand - [line 1052153]
2026-06-12 12:18:24,291 - DEBUG - Done with 17- [line 1140008]
2026-06-12 12:18:24,291 - DEBUG - Assigning indexes to genes
2026-06-12 12:18:24,295 - DEBUG - Seen 15039 genes until now
2026-06-12 12:18:24,295 - DEBUG - Parsing Chromosome 17 strand + [line 1140009]
2026-06-12 12:18:24,494 - DEBUG - Done with 17+ [line 1219447]
2026-06-12 12:18:24,494 - DEBUG - Assigning indexes to genes
2026-06-12 12:18:24,498 - DEBUG - Seen 15996 genes until now
2026-06-12 12:18:24,498 - DEBUG - Parsing Chromosome 18 strand - [line 1219448]
2026-06-12 12:18:24,567 - DEBUG - Done with 18- [line 1246083]
2026-06-12 12:18:24,567 - DEBUG - Assigning indexes to genes
2026-06-12 12:18:24,569 - DEBUG - Seen 16371 genes until now
2026-06-12 12:18:24,569 - DEBUG - Parsing Chromosome 18 strand + [line 1246084]
2026-06-12 12:18:24,630 - DEBUG - Done with 18+ [line 1269821]
2026-06-12 12:18:24,630 - DEBUG - Assigning indexes to genes
2026-06-12 12:18:24,631 - DEBUG - Seen 16777 genes until now
2026-06-12 12:18:24,632 - DEBUG - Parsing Chromosome 19 strand - [line 1269822]
2026-06-12 12:18:25,130 - DEBUG - Done with 19- [line 1350736]
2026-06-12 12:18:25,130 - DEBUG - Assigning indexes to genes
2026-06-12 12:18:25,134 - DEBUG - Seen 17790 genes until now
2026-06-12 12:18:25,134 - DEBUG - Parsing Chromosome 19 strand + [line 1350737]
2026-06-12 12:18:25,343 - DEBUG - Done with 19+ [line 1435648]
2026-06-12 12:18:25,343 - DEBUG - Assigning indexes to genes
2026-06-12 12:18:25,347 - DEBUG - Seen 18804 genes until now
2026-06-12 12:18:25,347 - DEBUG - Parsing Chromosome 2 strand - [line 1435649]
2026-06-12 12:18:25,637 - DEBUG - Done with 2- [line 1542996]
2026-06-12 12:18:25,637 - DEBUG - Assigning indexes to genes
2026-06-12 12:18:25,642 - DEBUG - Seen 20037 genes until now
2026-06-12 12:18:25,643 - DEBUG - Parsing Chromosome 2 strand + [line 1542997]
2026-06-12 12:18:25,902 - DEBUG - Done with 2+ [line 1642863]
2026-06-12 12:18:25,902 - DEBUG - Assigning indexes to genes
2026-06-12 12:18:25,907 - DEBUG - Seen 21345 genes until now
2026-06-12 12:18:25,908 - DEBUG - Parsing Chromosome 20 strand - [line 1642864]
2026-06-12 12:18:25,983 - DEBUG - Done with 20- [line 1672442]
2026-06-12 12:18:25,983 - DEBUG - Assigning indexes to genes
2026-06-12 12:18:25,985 - DEBUG - Seen 21828 genes until now
2026-06-12 12:18:25,985 - DEBUG - Parsing Chromosome 20 strand + [line 1672443]
2026-06-12 12:18:26,070 - DEBUG - Done with 20+ [line 1707817]
2026-06-12 12:18:26,071 - DEBUG - Assigning indexes to genes
2026-06-12 12:18:26,074 - DEBUG - Seen 22309 genes until now
2026-06-12 12:18:26,074 - DEBUG - Parsing Chromosome 21 strand - [line 1707818]
2026-06-12 12:18:26,510 - DEBUG - Done with 21- [line 1722798]
2026-06-12 12:18:26,510 - DEBUG - Assigning indexes to genes
2026-06-12 12:18:26,511 - DEBUG - Seen 22596 genes until now
2026-06-12 12:18:26,511 - DEBUG - Parsing Chromosome 21 strand + [line 1722799]
2026-06-12 12:18:26,553 - DEBUG - Done with 21+ [line 1738981]
2026-06-12 12:18:26,553 - DEBUG - Assigning indexes to genes
2026-06-12 12:18:26,554 - DEBUG - Seen 22864 genes until now
2026-06-12 12:18:26,554 - DEBUG - Parsing Chromosome 22 strand - [line 1738982]
2026-06-12 12:18:26,619 - DEBUG - Done with 22- [line 1765357]
2026-06-12 12:18:26,619 - DEBUG - Assigning indexes to genes
2026-06-12 12:18:26,620 - DEBUG - Seen 23260 genes until now
2026-06-12 12:18:26,620 - DEBUG - Parsing Chromosome 22 strand + [line 1765358]
2026-06-12 12:18:26,703 - DEBUG - Done with 22+ [line 1797598]
2026-06-12 12:18:26,703 - DEBUG - Assigning indexes to genes
2026-06-12 12:18:26,705 - DEBUG - Seen 23765 genes until now
2026-06-12 12:18:26,705 - DEBUG - Parsing Chromosome 3 strand - [line 1797599]
2026-06-12 12:18:26,938 - DEBUG - Done with 3- [line 1887377]
2026-06-12 12:18:26,938 - DEBUG - Assigning indexes to genes
2026-06-12 12:18:26,942 - DEBUG - Seen 24693 genes until now
2026-06-12 12:18:26,942 - DEBUG - Parsing Chromosome 3 strand + [line 1887378]
2026-06-12 12:18:27,172 - DEBUG - Done with 3+ [line 1977011]
2026-06-12 12:18:27,172 - DEBUG - Assigning indexes to genes
2026-06-12 12:18:27,176 - DEBUG - Seen 25658 genes until now
2026-06-12 12:18:27,176 - DEBUG - Parsing Chromosome 4 strand - [line 1977012]
2026-06-12 12:18:27,322 - DEBUG - Done with 4- [line 2034238]
2026-06-12 12:18:27,322 - DEBUG - Assigning indexes to genes
2026-06-12 12:18:27,325 - DEBUG - Seen 26401 genes until now
2026-06-12 12:18:27,325 - DEBUG - Parsing Chromosome 4 strand + [line 2034239]
2026-06-12 12:18:27,478 - DEBUG - Done with 4+ [line 2094594]
2026-06-12 12:18:27,478 - DEBUG - Assigning indexes to genes
2026-06-12 12:18:27,481 - DEBUG - Seen 27191 genes until now
2026-06-12 12:18:27,481 - DEBUG - Parsing Chromosome 5 strand - [line 2094595]
2026-06-12 12:18:27,631 - DEBUG - Done with 5- [line 2152660]
2026-06-12 12:18:27,631 - DEBUG - Assigning indexes to genes
2026-06-12 12:18:27,634 - DEBUG - Seen 28071 genes until now
2026-06-12 12:18:27,634 - DEBUG - Parsing Chromosome 5 strand + [line 2152661]
2026-06-12 12:18:28,198 - DEBUG - Done with 5+ [line 2218657]
2026-06-12 12:18:28,198 - DEBUG - Assigning indexes to genes
2026-06-12 12:18:28,202 - DEBUG - Seen 29002 genes until now
2026-06-12 12:18:28,202 - DEBUG - Parsing Chromosome 6 strand - [line 2218658]
2026-06-12 12:18:28,364 - DEBUG - Done with 6- [line 2284937]
2026-06-12 12:18:28,364 - DEBUG - Assigning indexes to genes
2026-06-12 12:18:28,368 - DEBUG - Seen 29928 genes until now
2026-06-12 12:18:28,368 - DEBUG - Parsing Chromosome 6 strand + [line 2284938]
2026-06-12 12:18:28,514 - DEBUG - Done with 6+ [line 2345240]
2026-06-12 12:18:28,514 - DEBUG - Assigning indexes to genes
2026-06-12 12:18:28,517 - DEBUG - Seen 30829 genes until now
2026-06-12 12:18:28,517 - DEBUG - Parsing Chromosome 7 strand - [line 2345241]
2026-06-12 12:18:28,669 - DEBUG - Done with 7- [line 2406845]
2026-06-12 12:18:28,669 - DEBUG - Assigning indexes to genes
2026-06-12 12:18:28,673 - DEBUG - Seen 31621 genes until now
2026-06-12 12:18:28,673 - DEBUG - Parsing Chromosome 7 strand + [line 2406846]
2026-06-12 12:18:28,842 - DEBUG - Done with 7+ [line 2476014]
2026-06-12 12:18:28,843 - DEBUG - Assigning indexes to genes
2026-06-12 12:18:28,847 - DEBUG - Seen 32515 genes until now
2026-06-12 12:18:28,847 - DEBUG - Parsing Chromosome 8 strand - [line 2476015]
2026-06-12 12:18:28,979 - DEBUG - Done with 8- [line 2527366]
2026-06-12 12:18:28,979 - DEBUG - Assigning indexes to genes
2026-06-12 12:18:28,982 - DEBUG - Seen 33270 genes until now
2026-06-12 12:18:28,982 - DEBUG - Parsing Chromosome 8 strand + [line 2527367]
2026-06-12 12:18:29,110 - DEBUG - Done with 8+ [line 2577021]
2026-06-12 12:18:29,110 - DEBUG - Assigning indexes to genes
2026-06-12 12:18:29,112 - DEBUG - Seen 34010 genes until now
2026-06-12 12:18:29,113 - DEBUG - Parsing Chromosome 9 strand - [line 2577022]
2026-06-12 12:18:29,230 - DEBUG - Done with 9- [line 2622811]
2026-06-12 12:18:29,230 - DEBUG - Assigning indexes to genes
2026-06-12 12:18:29,232 - DEBUG - Seen 34681 genes until now
2026-06-12 12:18:29,232 - DEBUG - Parsing Chromosome 9 strand + [line 2622812]
2026-06-12 12:18:29,358 - DEBUG - Done with 9+ [line 2672374]
2026-06-12 12:18:29,358 - DEBUG - Assigning indexes to genes
2026-06-12 12:18:29,360 - DEBUG - Seen 35329 genes until now
2026-06-12 12:18:29,360 - DEBUG - Parsing Chromosome M strand - [line 2672375]
2026-06-12 12:18:29,360 - DEBUG - Done with M- [line 2672379]
2026-06-12 12:18:29,360 - DEBUG - Assigning indexes to genes
2026-06-12 12:18:29,360 - DEBUG - Seen 35330 genes until now
2026-06-12 12:18:29,360 - DEBUG - Parsing Chromosome M strand + [line 2672380]
2026-06-12 12:18:29,360 - DEBUG - Done with M+ [line 2672445]
2026-06-12 12:18:29,360 - DEBUG - Assigning indexes to genes
2026-06-12 12:18:29,360 - DEBUG - Seen 35342 genes until now
2026-06-12 12:18:29,360 - DEBUG - Parsing Chromosome X strand - [line 2672446]
2026-06-12 12:18:29,467 - DEBUG - Done with X- [line 2716088]
2026-06-12 12:18:29,467 - DEBUG - Assigning indexes to genes
2026-06-12 12:18:29,469 - DEBUG - Seen 35884 genes until now
2026-06-12 12:18:29,469 - DEBUG - Parsing Chromosome X strand + [line 2716089]
2026-06-12 12:18:29,578 - DEBUG - Done with X+ [line 2760500]
2026-06-12 12:18:29,578 - DEBUG - Assigning indexes to genes
2026-06-12 12:18:29,580 - DEBUG - Seen 36490 genes until now
2026-06-12 12:18:29,580 - DEBUG - Parsing Chromosome Y strand - [line 2760501]
2026-06-12 12:18:29,586 - DEBUG - Done with Y- [line 2763031]
2026-06-12 12:18:29,586 - DEBUG - Assigning indexes to genes
2026-06-12 12:18:29,587 - DEBUG - Seen 36543 genes until now
2026-06-12 12:18:29,587 - DEBUG - Parsing Chromosome Y strand + [line 2763032]
2026-06-12 12:18:29,594 - DEBUG - Assigning indexes to genes
2026-06-12 12:18:29,594 - DEBUG - Done with Y+ [line 2765967]
2026-06-12 12:18:29,594 - DEBUG - Fixing corner cases of transcript models containg intron longer than 1000Kbp
2026-06-12 12:18:30,498 - DEBUG - Generated 2411536 features corresponding to 199138 transcript models from /nobackup/peer/fdeckert/cellranger/GRCh38-2020-A/GRCh38/genes/genes.gtf
2026-06-12 12:18:30,519 - INFO - Scan /research/peer/fdeckert/FD20250213HSCT/data/object/velocyto/GvD_116_784_transcriptome/possorted_genome_bam.bam to validate intron intervals
2026-06-12 12:18:31,857 - DEBUG - Reading /research/peer/fdeckert/FD20250213HSCT/data/object/velocyto/GvD_116_784_transcriptome/possorted_genome_bam.bam
2026-06-12 12:18:31,911 - DEBUG - Read first 0 million reads
2026-06-12 12:18:31,922 - DEBUG - Marking up chromosome 1
2026-06-12 12:18:55,907 - DEBUG - Marking up chromosome 10
2026-06-12 12:19:01,232 - DEBUG - Marking up chromosome 11
2026-06-12 12:19:13,978 - DEBUG - Marking up chromosome 12
2026-06-12 12:19:23,588 - DEBUG - Marking up chromosome 13
2026-06-12 12:19:26,331 - DEBUG - Marking up chromosome 14
2026-06-12 12:19:30,979 - DEBUG - Marking up chromosome 15
2026-06-12 12:19:35,919 - DEBUG - Read first 10 million reads
2026-06-12 12:19:36,993 - DEBUG - Marking up chromosome 16
2026-06-12 12:19:42,649 - DEBUG - Marking up chromosome 17
2026-06-12 12:19:51,141 - DEBUG - Marking up chromosome 18
2026-06-12 12:19:52,695 - DEBUG - Marking up chromosome 19
2026-06-12 12:20:06,846 - DEBUG - Marking up chromosome 2
2026-06-12 12:20:17,407 - DEBUG - Marking up chromosome 20
2026-06-12 12:20:21,222 - DEBUG - Marking up chromosome 21
2026-06-12 12:20:26,233 - DEBUG - Marking up chromosome 22
2026-06-12 12:20:26,532 - DEBUG - Read first 20 million reads
2026-06-12 12:20:29,493 - DEBUG - Marking up chromosome 3
2026-06-12 12:20:36,523 - DEBUG - Marking up chromosome 4
2026-06-12 12:20:40,913 - DEBUG - Marking up chromosome 5
2026-06-12 12:20:48,234 - DEBUG - Marking up chromosome 6
2026-06-12 12:20:57,907 - DEBUG - Marking up chromosome 7
2026-06-12 12:21:05,550 - DEBUG - Marking up chromosome 8
2026-06-12 12:21:10,239 - DEBUG - Marking up chromosome 9
2026-06-12 12:21:14,816 - DEBUG - Marking up chromosome MT
2026-06-12 12:21:14,816 - WARNING - The .bam file refers to a chromosome 'MT+' not present in the annotation (.gtf) file
2026-06-12 12:21:14,816 - WARNING - The .bam file refers to a chromosome 'MT-' not present in the annotation (.gtf) file
2026-06-12 12:21:23,305 - DEBUG - Marking up chromosome X
2026-06-12 12:21:25,141 - DEBUG - Read first 30 million reads
2026-06-12 12:21:27,855 - DEBUG - Marking up chromosome Y
2026-06-12 12:21:27,873 - DEBUG - Marking up chromosome KI270728.1
2026-06-12 12:21:27,873 - DEBUG - Marking up chromosome KI270727.1
2026-06-12 12:21:27,873 - DEBUG - Marking up chromosome KI270442.1
2026-06-12 12:21:27,873 - WARNING - The .bam file refers to a chromosome 'KI270442.1+' not present in the annotation (.gtf) file
2026-06-12 12:21:27,873 - WARNING - The .bam file refers to a chromosome 'KI270442.1-' not present in the annotation (.gtf) file
2026-06-12 12:21:27,873 - DEBUG - Marking up chromosome GL000008.2
2026-06-12 12:21:27,873 - WARNING - The .bam file refers to a chromosome 'GL000008.2+' not present in the annotation (.gtf) file
2026-06-12 12:21:27,873 - WARNING - The .bam file refers to a chromosome 'GL000008.2-' not present in the annotation (.gtf) file
2026-06-12 12:21:27,874 - DEBUG - Marking up chromosome GL000194.1
2026-06-12 12:21:27,874 - WARNING - The .bam file refers to a chromosome 'GL000194.1+' not present in the annotation (.gtf) file
2026-06-12 12:21:27,874 - DEBUG - Marking up chromosome KI270742.1
2026-06-12 12:21:27,874 - WARNING - The .bam file refers to a chromosome 'KI270742.1+' not present in the annotation (.gtf) file
2026-06-12 12:21:27,874 - WARNING - The .bam file refers to a chromosome 'KI270742.1-' not present in the annotation (.gtf) file
2026-06-12 12:21:27,874 - DEBUG - Marking up chromosome GL000205.2
2026-06-12 12:21:27,874 - WARNING - The .bam file refers to a chromosome 'GL000205.2+' not present in the annotation (.gtf) file
2026-06-12 12:21:27,875 - DEBUG - Marking up chromosome GL000195.1
2026-06-12 12:21:27,875 - DEBUG - Marking up chromosome KI270733.1
2026-06-12 12:21:27,875 - WARNING - The .bam file refers to a chromosome 'KI270733.1+' not present in the annotation (.gtf) file
2026-06-12 12:21:27,875 - WARNING - The .bam file refers to a chromosome 'KI270733.1-' not present in the annotation (.gtf) file
2026-06-12 12:21:30,092 - DEBUG - Marking up chromosome GL000224.1
2026-06-12 12:21:30,092 - WARNING - The .bam file refers to a chromosome 'GL000224.1+' not present in the annotation (.gtf) file
2026-06-12 12:21:30,092 - WARNING - The .bam file refers to a chromosome 'GL000224.1-' not present in the annotation (.gtf) file
2026-06-12 12:21:30,092 - DEBUG - Marking up chromosome GL000219.1
2026-06-12 12:21:30,092 - WARNING - The .bam file refers to a chromosome 'GL000219.1+' not present in the annotation (.gtf) file
2026-06-12 12:21:30,098 - DEBUG - Marking up chromosome KI270719.1
2026-06-12 12:21:30,098 - WARNING - The .bam file refers to a chromosome 'KI270719.1+' not present in the annotation (.gtf) file
2026-06-12 12:21:30,098 - WARNING - The .bam file refers to a chromosome 'KI270719.1-' not present in the annotation (.gtf) file
2026-06-12 12:21:30,098 - DEBUG - Marking up chromosome KI270706.1
2026-06-12 12:21:30,098 - WARNING - The .bam file refers to a chromosome 'KI270706.1+' not present in the annotation (.gtf) file
2026-06-12 12:21:30,098 - WARNING - The .bam file refers to a chromosome 'KI270706.1-' not present in the annotation (.gtf) file
2026-06-12 12:21:30,099 - DEBUG - Marking up chromosome KI270725.1
2026-06-12 12:21:30,099 - WARNING - The .bam file refers to a chromosome 'KI270725.1+' not present in the annotation (.gtf) file
2026-06-12 12:21:30,099 - WARNING - The .bam file refers to a chromosome 'KI270725.1-' not present in the annotation (.gtf) file
2026-06-12 12:21:30,099 - DEBUG - Marking up chromosome KI270734.1
2026-06-12 12:21:30,099 - DEBUG - Marking up chromosome GL000220.1
2026-06-12 12:21:30,099 - WARNING - The .bam file refers to a chromosome 'GL000220.1+' not present in the annotation (.gtf) file
2026-06-12 12:21:30,099 - WARNING - The .bam file refers to a chromosome 'GL000220.1-' not present in the annotation (.gtf) file
2026-06-12 12:21:32,738 - DEBUG - Marking up chromosome GL000218.1
2026-06-12 12:21:32,738 - WARNING - The .bam file refers to a chromosome 'GL000218.1+' not present in the annotation (.gtf) file
2026-06-12 12:21:32,738 - DEBUG - Marking up chromosome KI270749.1
2026-06-12 12:21:32,738 - WARNING - The .bam file refers to a chromosome 'KI270749.1+' not present in the annotation (.gtf) file
2026-06-12 12:21:32,738 - WARNING - The .bam file refers to a chromosome 'KI270749.1-' not present in the annotation (.gtf) file
2026-06-12 12:21:32,738 - DEBUG - Marking up chromosome GL000221.1
2026-06-12 12:21:32,738 - WARNING - The .bam file refers to a chromosome 'GL000221.1+' not present in the annotation (.gtf) file
2026-06-12 12:21:32,738 - WARNING - The .bam file refers to a chromosome 'GL000221.1-' not present in the annotation (.gtf) file
2026-06-12 12:21:32,738 - DEBUG - Marking up chromosome GL000214.1
2026-06-12 12:21:32,738 - WARNING - The .bam file refers to a chromosome 'GL000214.1+' not present in the annotation (.gtf) file
2026-06-12 12:21:32,738 - WARNING - The .bam file refers to a chromosome 'GL000214.1-' not present in the annotation (.gtf) file
2026-06-12 12:21:32,738 - DEBUG - Marking up chromosome KI270438.1
2026-06-12 12:21:32,738 - WARNING - The .bam file refers to a chromosome 'KI270438.1+' not present in the annotation (.gtf) file
2026-06-12 12:21:32,738 - WARNING - The .bam file refers to a chromosome 'KI270438.1-' not present in the annotation (.gtf) file
2026-06-12 12:21:32,743 - DEBUG - Marking up chromosome KI270721.1
2026-06-12 12:21:32,743 - WARNING - The .bam file refers to a chromosome 'KI270721.1-' not present in the annotation (.gtf) file
2026-06-12 12:21:32,744 - DEBUG - Marking up chromosome KI270757.1
2026-06-12 12:21:32,744 - WARNING - The .bam file refers to a chromosome 'KI270757.1+' not present in the annotation (.gtf) file
2026-06-12 12:21:32,744 - WARNING - The .bam file refers to a chromosome 'KI270757.1-' not present in the annotation (.gtf) file
2026-06-12 12:21:32,744 - DEBUG - Marking up chromosome KI270711.1
2026-06-12 12:21:32,744 - WARNING - The .bam file refers to a chromosome 'KI270711.1+' not present in the annotation (.gtf) file
2026-06-12 12:21:32,744 - DEBUG - Marking up chromosome KI270745.1
2026-06-12 12:21:32,745 - WARNING - The .bam file refers to a chromosome 'KI270745.1+' not present in the annotation (.gtf) file
2026-06-12 12:21:32,745 - WARNING - The .bam file refers to a chromosome 'KI270745.1-' not present in the annotation (.gtf) file
2026-06-12 12:21:32,745 - DEBUG - Marking up chromosome KI270713.1
2026-06-12 12:21:32,745 - DEBUG - Marking up chromosome KI270720.1
2026-06-12 12:21:32,745 - WARNING - The .bam file refers to a chromosome 'KI270720.1+' not present in the annotation (.gtf) file
2026-06-12 12:21:32,745 - WARNING - The .bam file refers to a chromosome 'KI270720.1-' not present in the annotation (.gtf) file
2026-06-12 12:21:32,745 - DEBUG - Marking up chromosome KI270718.1
2026-06-12 12:21:32,745 - WARNING - The .bam file refers to a chromosome 'KI270718.1+' not present in the annotation (.gtf) file
2026-06-12 12:21:32,745 - WARNING - The .bam file refers to a chromosome 'KI270718.1-' not present in the annotation (.gtf) file
2026-06-12 12:21:32,746 - DEBUG - Marking up chromosome KI270755.1
2026-06-12 12:21:32,746 - WARNING - The .bam file refers to a chromosome 'KI270755.1+' not present in the annotation (.gtf) file
2026-06-12 12:21:32,746 - WARNING - The .bam file refers to a chromosome 'KI270755.1-' not present in the annotation (.gtf) file
2026-06-12 12:21:32,746 - DEBUG - Marking up chromosome KI270707.1
2026-06-12 12:21:32,746 - WARNING - The .bam file refers to a chromosome 'KI270707.1+' not present in the annotation (.gtf) file
2026-06-12 12:21:32,746 - WARNING - The .bam file refers to a chromosome 'KI270707.1-' not present in the annotation (.gtf) file
2026-06-12 12:21:32,746 - DEBUG - Marking up chromosome KI270752.1
2026-06-12 12:21:32,746 - WARNING - The .bam file refers to a chromosome 'KI270752.1+' not present in the annotation (.gtf) file
2026-06-12 12:21:32,746 - WARNING - The .bam file refers to a chromosome 'KI270752.1-' not present in the annotation (.gtf) file
2026-06-12 12:21:37,265 - DEBUG - Read first 40 million reads
2026-06-12 12:21:41,916 - DEBUG - End of file. Reset index: start scanning from initial position.
2026-06-12 12:21:41,916 - DEBUG - 1873838 reads were skipped because no apropiate cell or umi barcode was found
2026-06-12 12:21:41,916 - INFO - Now just waiting that the bam sorting process terminates
2026-06-12 12:21:41,916 - INFO - bam file #0 has been sorted
2026-06-12 12:21:41,916 - DEBUG - Start molecule counting!
2026-06-12 12:21:43,237 - DEBUG - Features available for chromosomes : ['GL000009.2-', 'GL000194.1-', 'GL000195.1-', 'GL000195.1+', 'GL000205.2-', 'GL000213.1-', 'GL000218.1-', 'GL000219.1-', 'KI270711.1-', 'KI270713.1-', 'KI270713.1+', 'KI270721.1+', 'KI270726.1+', 'KI270727.1-', 'KI270727.1+', 'KI270728.1-', 'KI270728.1+', 'KI270731.1-', 'KI270734.1-', 'KI270734.1+', '1-', '1+', '10-', '10+', '11-', '11+', '12-', '12+', '13-', '13+', '14-', '14+', '15-', '15+', '16-', '16+', '17-', '17+', '18-', '18+', '19-', '19+', '2-', '2+', '20-', '20+', '21-', '21+', '22-', '22+', '3-', '3+', '4-', '4+', '5-', '5+', '6-', '6+', '7-', '7+', '8-', '8+', '9-', '9+', 'M-', 'M+', 'X-', 'X+', 'Y-', 'Y+']
2026-06-12 12:21:43,237 - DEBUG - Mask available for chromosomes : []
2026-06-12 12:21:43,237 - DEBUG - Summarizing the results of intron validation.
2026-06-12 12:21:43,502 - DEBUG - Validated 75309 introns (of which unique intervals 26591) out of 1106199 total possible introns (considering each possible transcript models).
2026-06-12 12:21:43,503 - DEBUG - Reading /research/peer/fdeckert/FD20250213HSCT/data/object/velocyto/GvD_116_784_transcriptome/cellsorted_possorted_genome_bam.bam
2026-06-12 12:21:43,505 - DEBUG - Read first 0 million reads
2026-06-12 12:22:03,366 - DEBUG - Counting for batch 1, containing 100 cells and 752040 reads
2026-06-12 12:22:07,944 - DEBUG - 0 reads not considered because fully enclosed in repeat masked regions
2026-06-12 12:22:16,091 - DEBUG - Counting for batch 2, containing 100 cells and 654213 reads
2026-06-12 12:22:20,249 - DEBUG - 0 reads not considered because fully enclosed in repeat masked regions
2026-06-12 12:22:28,581 - DEBUG - Read first 10 million reads
2026-06-12 12:22:29,167 - DEBUG - Counting for batch 3, containing 100 cells and 768244 reads
2026-06-12 12:22:33,788 - DEBUG - 0 reads not considered because fully enclosed in repeat masked regions
2026-06-12 12:22:41,888 - DEBUG - Counting for batch 4, containing 100 cells and 638327 reads
2026-06-12 12:22:45,038 - DEBUG - 0 reads not considered because fully enclosed in repeat masked regions
2026-06-12 12:22:53,702 - DEBUG - Counting for batch 5, containing 100 cells and 650922 reads
2026-06-12 12:22:56,973 - DEBUG - 0 reads not considered because fully enclosed in repeat masked regions
2026-06-12 12:23:05,802 - DEBUG - Counting for batch 6, containing 100 cells and 679797 reads
2026-06-12 12:23:09,171 - DEBUG - 0 reads not considered because fully enclosed in repeat masked regions
2026-06-12 12:23:18,028 - DEBUG - Counting for batch 7, containing 100 cells and 704270 reads
2026-06-12 12:23:22,442 - DEBUG - 0 reads not considered because fully enclosed in repeat masked regions
2026-06-12 12:23:31,082 - DEBUG - Counting for batch 8, containing 100 cells and 768075 reads
2026-06-12 12:23:35,733 - DEBUG - 0 reads not considered because fully enclosed in repeat masked regions
2026-06-12 12:23:43,815 - DEBUG - Counting for batch 9, containing 100 cells and 675430 reads
2026-06-12 12:23:48,093 - DEBUG - 0 reads not considered because fully enclosed in repeat masked regions
2026-06-12 12:23:51,013 - DEBUG - Read first 20 million reads
2026-06-12 12:23:55,941 - DEBUG - Counting for batch 10, containing 100 cells and 632608 reads
2026-06-12 12:23:59,145 - DEBUG - 0 reads not considered because fully enclosed in repeat masked regions
2026-06-12 12:24:07,771 - DEBUG - Counting for batch 11, containing 100 cells and 645627 reads
2026-06-12 12:24:10,889 - DEBUG - 0 reads not considered because fully enclosed in repeat masked regions
2026-06-12 12:24:19,546 - DEBUG - Counting for batch 12, containing 100 cells and 698562 reads
2026-06-12 12:24:23,814 - DEBUG - 0 reads not considered because fully enclosed in repeat masked regions
2026-06-12 12:24:31,306 - DEBUG - Counting for batch 13, containing 100 cells and 630909 reads
2026-06-12 12:24:34,531 - DEBUG - 0 reads not considered because fully enclosed in repeat masked regions
2026-06-12 12:24:43,029 - DEBUG - Counting for batch 14, containing 100 cells and 635985 reads
2026-06-12 12:24:47,247 - DEBUG - 0 reads not considered because fully enclosed in repeat masked regions
2026-06-12 12:24:54,863 - DEBUG - Counting for batch 15, containing 100 cells and 667312 reads
2026-06-12 12:24:58,129 - DEBUG - 0 reads not considered because fully enclosed in repeat masked regions
2026-06-12 12:25:07,272 - DEBUG - Counting for batch 16, containing 100 cells and 699876 reads
2026-06-12 12:25:10,695 - DEBUG - 0 reads not considered because fully enclosed in repeat masked regions
2026-06-12 12:25:11,721 - DEBUG - Read first 30 million reads
2026-06-12 12:25:18,992 - DEBUG - Counting for batch 17, containing 100 cells and 588764 reads
2026-06-12 12:25:21,844 - DEBUG - 0 reads not considered because fully enclosed in repeat masked regions
2026-06-12 12:25:28,981 - DEBUG - Counting for batch 18, containing 100 cells and 573060 reads
2026-06-12 12:25:32,605 - DEBUG - 0 reads not considered because fully enclosed in repeat masked regions
2026-06-12 12:25:40,491 - DEBUG - Counting for batch 19, containing 100 cells and 663585 reads
2026-06-12 12:25:44,671 - DEBUG - 0 reads not considered because fully enclosed in repeat masked regions
2026-06-12 12:25:52,585 - DEBUG - Counting for batch 20, containing 100 cells and 642438 reads
2026-06-12 12:25:55,672 - DEBUG - 0 reads not considered because fully enclosed in repeat masked regions
2026-06-12 12:26:04,489 - DEBUG - Counting for batch 21, containing 100 cells and 680042 reads
2026-06-12 12:26:07,868 - DEBUG - 0 reads not considered because fully enclosed in repeat masked regions
2026-06-12 12:26:17,088 - DEBUG - Counting for batch 22, containing 100 cells and 767549 reads
2026-06-12 12:26:21,931 - DEBUG - 0 reads not considered because fully enclosed in repeat masked regions
2026-06-12 12:26:26,731 - DEBUG - Read first 40 million reads
2026-06-12 12:26:28,806 - DEBUG - Counting for batch 23, containing 100 cells and 542030 reads
2026-06-12 12:26:32,407 - DEBUG - 0 reads not considered because fully enclosed in repeat masked regions
2026-06-12 12:26:39,901 - DEBUG - Counting for batch 24, containing 100 cells and 628257 reads
2026-06-12 12:26:42,984 - DEBUG - 0 reads not considered because fully enclosed in repeat masked regions
2026-06-12 12:26:50,755 - DEBUG - Counting for batch 25, containing 100 cells and 522155 reads
2026-06-12 12:26:53,374 - DEBUG - 0 reads not considered because fully enclosed in repeat masked regions
2026-06-12 12:27:01,081 - DEBUG - Counting for batch 26, containing 100 cells and 674092 reads
2026-06-12 12:27:05,329 - DEBUG - 0 reads not considered because fully enclosed in repeat masked regions
2026-06-12 12:27:08,788 - DEBUG - Counting for batch 27, containing 48 cells and 286230 reads
2026-06-12 12:27:10,982 - DEBUG - 0 reads not considered because fully enclosed in repeat masked regions
2026-06-12 12:27:11,230 - DEBUG - 1873838 reads were skipped because no apropiate cell or umi barcode was found
2026-06-12 12:27:11,230 - DEBUG - Counting done!
2026-06-12 12:27:11,233 - DEBUG - Generating output file /research/peer/fdeckert/FD20250213HSCT/data/object/velocyto/GvD_116_784_transcriptome/velocyto.loom
2026-06-12 12:27:11,233 - DEBUG - Collecting row attributes
2026-06-12 12:27:11,299 - DEBUG - Generating data table
2026-06-12 12:27:11,709 - DEBUG - Writing loom file
2026-06-12 12:27:12,067 - DEBUG - Creating converter from 5 to 3
2026-06-12 12:27:12,069 - DEBUG - Creating converter from 3 to 5
2026-06-12 12:27:14,847 - DEBUG - Terminated Succesfully!
