2026-06-12 12:07:31,907 - DEBUG - Using logic: Permissive10X
2026-06-12 12:07:31,924 - INFO - Read 10176 cell barcodes from /research/lab_stary/sequencing_projects/hsct/COUNT/HSCT_7851_transcriptome/filtered_feature_bc_matrix/barcodes.tsv.gz
2026-06-12 12:07:31,924 - DEBUG - Example of barcode: AAACCTGAGAGAGCTC and cell_id: velocyto:AAACCTGAGAGAGCTC-1
2026-06-12 12:07:31,929 - DEBUG - Peeking into /research/peer/fdeckert/FD20250213HSCT/data/object/velocyto/HSCT_7851_transcriptome/possorted_genome_bam.bam
2026-06-12 12:07:31,947 - WARNING - Not found cell and umi barcode in entry 29 of the bam file
2026-06-12 12:07:31,947 - WARNING - Not found cell and umi barcode in entry 38 of the bam file
2026-06-12 12:07:31,947 - WARNING - Not found cell and umi barcode in entry 78 of the bam file
2026-06-12 12:07:31,947 - WARNING - Not found cell and umi barcode in entry 106 of the bam file
2026-06-12 12:07:31,947 - WARNING - Not found cell and umi barcode in entry 107 of the bam file
2026-06-12 12:07:31,947 - WARNING - Not found cell and umi barcode in entry 115 of the bam file
2026-06-12 12:07:31,948 - WARNING - Not found cell and umi barcode in entry 118 of the bam file
2026-06-12 12:07:31,948 - WARNING - Not found cell and umi barcode in entry 121 of the bam file
2026-06-12 12:07:31,948 - WARNING - Not found cell and umi barcode in entry 133 of the bam file
2026-06-12 12:07:31,948 - WARNING - Not found cell and umi barcode in entry 137 of the bam file
2026-06-12 12:07:31,948 - WARNING - Not found cell and umi barcode in entry 141 of the bam file
2026-06-12 12:07:31,948 - WARNING - Not found cell and umi barcode in entry 143 of the bam file
2026-06-12 12:07:31,948 - WARNING - Not found cell and umi barcode in entry 144 of the bam file
2026-06-12 12:07:31,948 - WARNING - Not found cell and umi barcode in entry 145 of the bam file
2026-06-12 12:07:31,948 - WARNING - Not found cell and umi barcode in entry 146 of the bam file
2026-06-12 12:07:31,948 - WARNING - Not found cell and umi barcode in entry 147 of the bam file
2026-06-12 12:07:31,948 - WARNING - Not found cell and umi barcode in entry 161 of the bam file
2026-06-12 12:07:31,948 - WARNING - Not found cell and umi barcode in entry 175 of the bam file
2026-06-12 12:07:31,948 - WARNING - Not found cell and umi barcode in entry 178 of the bam file
2026-06-12 12:07:31,948 - WARNING - Not found cell and umi barcode in entry 217 of the bam file
2026-06-12 12:07:31,948 - WARNING - Not found cell and umi barcode in entry 231 of the bam file
2026-06-12 12:07:31,949 - WARNING - Not found cell and umi barcode in entry 334 of the bam file
2026-06-12 12:07:31,949 - WARNING - Not found cell and umi barcode in entry 338 of the bam file
2026-06-12 12:07:31,949 - WARNING - Not found cell and umi barcode in entry 341 of the bam file
2026-06-12 12:07:31,949 - WARNING - Not found cell and umi barcode in entry 367 of the bam file
2026-06-12 12:07:31,949 - WARNING - Not found cell and umi barcode in entry 371 of the bam file
2026-06-12 12:07:31,949 - WARNING - Not found cell and umi barcode in entry 407 of the bam file
2026-06-12 12:07:31,949 - WARNING - Not found cell and umi barcode in entry 418 of the bam file
2026-06-12 12:07:31,949 - WARNING - Not found cell and umi barcode in entry 424 of the bam file
2026-06-12 12:07:31,949 - WARNING - Not found cell and umi barcode in entry 425 of the bam file
2026-06-12 12:07:31,949 - WARNING - Not found cell and umi barcode in entry 427 of the bam file
2026-06-12 12:07:31,949 - WARNING - Not found cell and umi barcode in entry 430 of the bam file
2026-06-12 12:07:31,949 - WARNING - Not found cell and umi barcode in entry 504 of the bam file
2026-06-12 12:07:31,949 - WARNING - Not found cell and umi barcode in entry 512 of the bam file
2026-06-12 12:07:31,949 - WARNING - Not found cell and umi barcode in entry 542 of the bam file
2026-06-12 12:07:31,949 - WARNING - Not found cell and umi barcode in entry 544 of the bam file
2026-06-12 12:07:31,950 - WARNING - Not found cell and umi barcode in entry 649 of the bam file
2026-06-12 12:07:31,950 - WARNING - Not found cell and umi barcode in entry 730 of the bam file
2026-06-12 12:07:31,950 - WARNING - Not found cell and umi barcode in entry 869 of the bam file
2026-06-12 12:07:31,950 - WARNING - Not found cell and umi barcode in entry 918 of the bam file
2026-06-12 12:07:31,950 - WARNING - Not found cell and umi barcode in entry 940 of the bam file
2026-06-12 12:07:31,951 - WARNING - Not found cell and umi barcode in entry 1004 of the bam file
2026-06-12 12:07:31,951 - WARNING - Not found cell and umi barcode in entry 1011 of the bam file
2026-06-12 12:07:31,955 - INFO - Starting the sorting process of /research/peer/fdeckert/FD20250213HSCT/data/object/velocyto/HSCT_7851_transcriptome/possorted_genome_bam.bam the output will be at: /research/peer/fdeckert/FD20250213HSCT/data/object/velocyto/HSCT_7851_transcriptome/cellsorted_possorted_genome_bam.bam
2026-06-12 12:07:31,955 - INFO - Command being run is: samtools sort -l 7 -m 100M -t CB -O BAM -@ 16 -o /research/peer/fdeckert/FD20250213HSCT/data/object/velocyto/HSCT_7851_transcriptome/cellsorted_possorted_genome_bam.bam /research/peer/fdeckert/FD20250213HSCT/data/object/velocyto/HSCT_7851_transcriptome/possorted_genome_bam.bam
2026-06-12 12:07:31,955 - INFO - While the bam sorting happens do other things...
2026-06-12 12:07:31,955 - INFO - Load the annotation from /nobackup/peer/fdeckert/cellranger/GRCh38-2020-A/GRCh38/genes/genes.gtf
2026-06-12 12:07:38,041 - DEBUG - Parsing Chromosome GL000009.2 strand - [line 0]
2026-06-12 12:07:38,041 - DEBUG - Done with GL000009.2- [line 7]
2026-06-12 12:07:38,041 - DEBUG - Assigning indexes to genes
2026-06-12 12:07:38,041 - DEBUG - Seen 1 genes until now
2026-06-12 12:07:38,041 - DEBUG - Parsing Chromosome GL000194.1 strand - [line 8]
2026-06-12 12:07:38,042 - DEBUG - Done with GL000194.1- [line 33]
2026-06-12 12:07:38,042 - DEBUG - Assigning indexes to genes
2026-06-12 12:07:38,042 - DEBUG - Seen 3 genes until now
2026-06-12 12:07:38,042 - DEBUG - Parsing Chromosome GL000195.1 strand - [line 34]
2026-06-12 12:07:38,042 - DEBUG - Done with GL000195.1- [line 43]
2026-06-12 12:07:38,042 - DEBUG - Assigning indexes to genes
2026-06-12 12:07:38,042 - DEBUG - Seen 4 genes until now
2026-06-12 12:07:38,042 - DEBUG - Parsing Chromosome GL000195.1 strand + [line 44]
2026-06-12 12:07:38,042 - DEBUG - Done with GL000195.1+ [line 57]
2026-06-12 12:07:38,042 - DEBUG - Assigning indexes to genes
2026-06-12 12:07:38,042 - DEBUG - Seen 5 genes until now
2026-06-12 12:07:38,042 - DEBUG - Parsing Chromosome GL000205.2 strand - [line 58]
2026-06-12 12:07:38,042 - DEBUG - Done with GL000205.2- [line 71]
2026-06-12 12:07:38,042 - DEBUG - Assigning indexes to genes
2026-06-12 12:07:38,042 - DEBUG - Seen 6 genes until now
2026-06-12 12:07:38,042 - DEBUG - Parsing Chromosome GL000213.1 strand - [line 72]
2026-06-12 12:07:38,042 - DEBUG - Done with GL000213.1- [line 120]
2026-06-12 12:07:38,043 - DEBUG - Assigning indexes to genes
2026-06-12 12:07:38,043 - DEBUG - Seen 7 genes until now
2026-06-12 12:07:38,043 - DEBUG - Parsing Chromosome GL000218.1 strand - [line 121]
2026-06-12 12:07:38,043 - DEBUG - Done with GL000218.1- [line 128]
2026-06-12 12:07:38,043 - DEBUG - Assigning indexes to genes
2026-06-12 12:07:38,043 - DEBUG - Seen 8 genes until now
2026-06-12 12:07:38,043 - DEBUG - Parsing Chromosome GL000219.1 strand - [line 129]
2026-06-12 12:07:38,043 - DEBUG - Done with GL000219.1- [line 141]
2026-06-12 12:07:38,043 - DEBUG - Assigning indexes to genes
2026-06-12 12:07:38,043 - DEBUG - Seen 9 genes until now
2026-06-12 12:07:38,043 - DEBUG - Parsing Chromosome KI270711.1 strand - [line 142]
2026-06-12 12:07:38,044 - DEBUG - Done with KI270711.1- [line 292]
2026-06-12 12:07:38,044 - DEBUG - Assigning indexes to genes
2026-06-12 12:07:38,044 - DEBUG - Seen 10 genes until now
2026-06-12 12:07:38,044 - DEBUG - Parsing Chromosome KI270713.1 strand - [line 293]
2026-06-12 12:07:38,044 - DEBUG - Done with KI270713.1- [line 300]
2026-06-12 12:07:38,044 - DEBUG - Assigning indexes to genes
2026-06-12 12:07:38,044 - DEBUG - Seen 11 genes until now
2026-06-12 12:07:38,044 - DEBUG - Parsing Chromosome KI270713.1 strand + [line 301]
2026-06-12 12:07:38,044 - DEBUG - Done with KI270713.1+ [line 307]
2026-06-12 12:07:38,044 - DEBUG - Assigning indexes to genes
2026-06-12 12:07:38,044 - DEBUG - Seen 12 genes until now
2026-06-12 12:07:38,044 - DEBUG - Parsing Chromosome KI270721.1 strand + [line 308]
2026-06-12 12:07:38,044 - DEBUG - Done with KI270721.1+ [line 323]
2026-06-12 12:07:38,044 - DEBUG - Assigning indexes to genes
2026-06-12 12:07:38,044 - DEBUG - Seen 13 genes until now
2026-06-12 12:07:38,044 - DEBUG - Parsing Chromosome KI270726.1 strand + [line 324]
2026-06-12 12:07:38,044 - DEBUG - Done with KI270726.1+ [line 334]
2026-06-12 12:07:38,044 - DEBUG - Assigning indexes to genes
2026-06-12 12:07:38,044 - DEBUG - Seen 15 genes until now
2026-06-12 12:07:38,044 - DEBUG - Parsing Chromosome KI270727.1 strand - [line 335]
2026-06-12 12:07:38,045 - DEBUG - Done with KI270727.1- [line 394]
2026-06-12 12:07:38,045 - DEBUG - Assigning indexes to genes
2026-06-12 12:07:38,045 - DEBUG - Seen 17 genes until now
2026-06-12 12:07:38,045 - DEBUG - Parsing Chromosome KI270727.1 strand + [line 395]
2026-06-12 12:07:38,045 - DEBUG - Done with KI270727.1+ [line 409]
2026-06-12 12:07:38,045 - DEBUG - Assigning indexes to genes
2026-06-12 12:07:38,045 - DEBUG - Seen 19 genes until now
2026-06-12 12:07:38,045 - DEBUG - Parsing Chromosome KI270728.1 strand - [line 410]
2026-06-12 12:07:38,045 - DEBUG - Done with KI270728.1- [line 486]
2026-06-12 12:07:38,045 - DEBUG - Assigning indexes to genes
2026-06-12 12:07:38,045 - DEBUG - Seen 21 genes until now
2026-06-12 12:07:38,045 - DEBUG - Parsing Chromosome KI270728.1 strand + [line 487]
2026-06-12 12:07:38,045 - DEBUG - Done with KI270728.1+ [line 523]
2026-06-12 12:07:38,046 - DEBUG - Assigning indexes to genes
2026-06-12 12:07:38,046 - DEBUG - Seen 25 genes until now
2026-06-12 12:07:38,046 - DEBUG - Parsing Chromosome KI270731.1 strand - [line 524]
2026-06-12 12:07:38,046 - DEBUG - Done with KI270731.1- [line 530]
2026-06-12 12:07:38,046 - DEBUG - Assigning indexes to genes
2026-06-12 12:07:38,046 - DEBUG - Seen 26 genes until now
2026-06-12 12:07:38,046 - DEBUG - Parsing Chromosome KI270734.1 strand - [line 531]
2026-06-12 12:07:38,046 - DEBUG - Done with KI270734.1- [line 599]
2026-06-12 12:07:38,046 - DEBUG - Assigning indexes to genes
2026-06-12 12:07:38,046 - DEBUG - Seen 27 genes until now
2026-06-12 12:07:38,046 - DEBUG - Parsing Chromosome KI270734.1 strand + [line 600]
2026-06-12 12:07:38,046 - DEBUG - Done with KI270734.1+ [line 622]
2026-06-12 12:07:38,046 - DEBUG - Assigning indexes to genes
2026-06-12 12:07:38,046 - DEBUG - Seen 29 genes until now
2026-06-12 12:07:38,046 - DEBUG - Parsing Chromosome 1 strand - [line 623]
2026-06-12 12:07:38,647 - DEBUG - Done with 1- [line 118876]
2026-06-12 12:07:38,647 - DEBUG - Assigning indexes to genes
2026-06-12 12:07:38,653 - DEBUG - Seen 1711 genes until now
2026-06-12 12:07:38,653 - DEBUG - Parsing Chromosome 1 strand + [line 118877]
2026-06-12 12:07:39,447 - DEBUG - Done with 1+ [line 253796]
2026-06-12 12:07:39,447 - DEBUG - Assigning indexes to genes
2026-06-12 12:07:39,455 - DEBUG - Seen 3439 genes until now
2026-06-12 12:07:39,455 - DEBUG - Parsing Chromosome 10 strand - [line 253797]
2026-06-12 12:07:39,652 - DEBUG - Done with 10- [line 304078]
2026-06-12 12:07:39,652 - DEBUG - Assigning indexes to genes
2026-06-12 12:07:39,655 - DEBUG - Seen 4100 genes until now
2026-06-12 12:07:39,655 - DEBUG - Parsing Chromosome 10 strand + [line 304079]
2026-06-12 12:07:39,814 - DEBUG - Done with 10+ [line 356023]
2026-06-12 12:07:39,814 - DEBUG - Assigning indexes to genes
2026-06-12 12:07:39,816 - DEBUG - Seen 4833 genes until now
2026-06-12 12:07:39,817 - DEBUG - Parsing Chromosome 11 strand - [line 356024]
2026-06-12 12:07:40,214 - DEBUG - Done with 11- [line 438038]
2026-06-12 12:07:40,214 - DEBUG - Assigning indexes to genes
2026-06-12 12:07:40,218 - DEBUG - Seen 5833 genes until now
2026-06-12 12:07:40,219 - DEBUG - Parsing Chromosome 11 strand + [line 438039]
2026-06-12 12:07:40,479 - DEBUG - Done with 11+ [line 521163]
2026-06-12 12:07:40,479 - DEBUG - Assigning indexes to genes
2026-06-12 12:07:40,485 - DEBUG - Seen 6898 genes until now
2026-06-12 12:07:40,485 - DEBUG - Parsing Chromosome 12 strand - [line 521164]
2026-06-12 12:07:40,991 - DEBUG - Done with 12- [line 601582]
2026-06-12 12:07:40,991 - DEBUG - Assigning indexes to genes
2026-06-12 12:07:40,995 - DEBUG - Seen 7848 genes until now
2026-06-12 12:07:40,995 - DEBUG - Parsing Chromosome 12 strand + [line 601583]
2026-06-12 12:07:41,199 - DEBUG - Done with 12+ [line 681983]
2026-06-12 12:07:41,199 - DEBUG - Assigning indexes to genes
2026-06-12 12:07:41,203 - DEBUG - Seen 8826 genes until now
2026-06-12 12:07:41,203 - DEBUG - Parsing Chromosome 13 strand - [line 681984]
2026-06-12 12:07:41,257 - DEBUG - Done with 13- [line 702449]
2026-06-12 12:07:41,257 - DEBUG - Assigning indexes to genes
2026-06-12 12:07:41,258 - DEBUG - Seen 9225 genes until now
2026-06-12 12:07:41,258 - DEBUG - Parsing Chromosome 13 strand + [line 702450]
2026-06-12 12:07:41,321 - DEBUG - Done with 13+ [line 726349]
2026-06-12 12:07:41,321 - DEBUG - Assigning indexes to genes
2026-06-12 12:07:41,323 - DEBUG - Seen 9614 genes until now
2026-06-12 12:07:41,323 - DEBUG - Parsing Chromosome 14 strand - [line 726350]
2026-06-12 12:07:41,733 - DEBUG - Done with 14- [line 770987]
2026-06-12 12:07:41,733 - DEBUG - Assigning indexes to genes
2026-06-12 12:07:41,737 - DEBUG - Seen 10373 genes until now
2026-06-12 12:07:41,737 - DEBUG - Parsing Chromosome 14 strand + [line 770988]
2026-06-12 12:07:41,893 - DEBUG - Done with 14+ [line 822908]
2026-06-12 12:07:41,893 - DEBUG - Assigning indexes to genes
2026-06-12 12:07:41,896 - DEBUG - Seen 11088 genes until now
2026-06-12 12:07:41,896 - DEBUG - Parsing Chromosome 15 strand - [line 822909]
2026-06-12 12:07:42,075 - DEBUG - Done with 15- [line 873715]
2026-06-12 12:07:42,075 - DEBUG - Assigning indexes to genes
2026-06-12 12:07:42,077 - DEBUG - Seen 11734 genes until now
2026-06-12 12:07:42,077 - DEBUG - Parsing Chromosome 15 strand + [line 873716]
2026-06-12 12:07:42,234 - DEBUG - Done with 15+ [line 923824]
2026-06-12 12:07:42,235 - DEBUG - Assigning indexes to genes
2026-06-12 12:07:42,238 - DEBUG - Seen 12355 genes until now
2026-06-12 12:07:42,238 - DEBUG - Parsing Chromosome 16 strand - [line 923825]
2026-06-12 12:07:42,389 - DEBUG - Done with 16- [line 979238]
2026-06-12 12:07:42,390 - DEBUG - Assigning indexes to genes
2026-06-12 12:07:42,392 - DEBUG - Seen 13151 genes until now
2026-06-12 12:07:42,392 - DEBUG - Parsing Chromosome 16 strand + [line 979239]
2026-06-12 12:07:42,853 - DEBUG - Done with 16+ [line 1052152]
2026-06-12 12:07:42,853 - DEBUG - Assigning indexes to genes
2026-06-12 12:07:42,857 - DEBUG - Seen 14004 genes until now
2026-06-12 12:07:42,857 - DEBUG - Parsing Chromosome 17 strand - [line 1052153]
2026-06-12 12:07:43,082 - DEBUG - Done with 17- [line 1140008]
2026-06-12 12:07:43,082 - DEBUG - Assigning indexes to genes
2026-06-12 12:07:43,086 - DEBUG - Seen 15039 genes until now
2026-06-12 12:07:43,086 - DEBUG - Parsing Chromosome 17 strand + [line 1140009]
2026-06-12 12:07:43,298 - DEBUG - Done with 17+ [line 1219447]
2026-06-12 12:07:43,298 - DEBUG - Assigning indexes to genes
2026-06-12 12:07:43,301 - DEBUG - Seen 15996 genes until now
2026-06-12 12:07:43,301 - DEBUG - Parsing Chromosome 18 strand - [line 1219448]
2026-06-12 12:07:43,378 - DEBUG - Done with 18- [line 1246083]
2026-06-12 12:07:43,378 - DEBUG - Assigning indexes to genes
2026-06-12 12:07:43,380 - DEBUG - Seen 16371 genes until now
2026-06-12 12:07:43,380 - DEBUG - Parsing Chromosome 18 strand + [line 1246084]
2026-06-12 12:07:43,450 - DEBUG - Done with 18+ [line 1269821]
2026-06-12 12:07:43,450 - DEBUG - Assigning indexes to genes
2026-06-12 12:07:43,452 - DEBUG - Seen 16777 genes until now
2026-06-12 12:07:43,452 - DEBUG - Parsing Chromosome 19 strand - [line 1269822]
2026-06-12 12:07:43,997 - DEBUG - Done with 19- [line 1350736]
2026-06-12 12:07:43,997 - DEBUG - Assigning indexes to genes
2026-06-12 12:07:44,001 - DEBUG - Seen 17790 genes until now
2026-06-12 12:07:44,001 - DEBUG - Parsing Chromosome 19 strand + [line 1350737]
2026-06-12 12:07:44,206 - DEBUG - Done with 19+ [line 1435648]
2026-06-12 12:07:44,206 - DEBUG - Assigning indexes to genes
2026-06-12 12:07:44,210 - DEBUG - Seen 18804 genes until now
2026-06-12 12:07:44,210 - DEBUG - Parsing Chromosome 2 strand - [line 1435649]
2026-06-12 12:07:44,570 - DEBUG - Done with 2- [line 1542996]
2026-06-12 12:07:44,570 - DEBUG - Assigning indexes to genes
2026-06-12 12:07:44,576 - DEBUG - Seen 20037 genes until now
2026-06-12 12:07:44,576 - DEBUG - Parsing Chromosome 2 strand + [line 1542997]
2026-06-12 12:07:44,870 - DEBUG - Done with 2+ [line 1642863]
2026-06-12 12:07:44,870 - DEBUG - Assigning indexes to genes
2026-06-12 12:07:44,876 - DEBUG - Seen 21345 genes until now
2026-06-12 12:07:44,876 - DEBUG - Parsing Chromosome 20 strand - [line 1642864]
2026-06-12 12:07:44,953 - DEBUG - Done with 20- [line 1672442]
2026-06-12 12:07:44,953 - DEBUG - Assigning indexes to genes
2026-06-12 12:07:44,955 - DEBUG - Seen 21828 genes until now
2026-06-12 12:07:44,955 - DEBUG - Parsing Chromosome 20 strand + [line 1672443]
2026-06-12 12:07:45,045 - DEBUG - Done with 20+ [line 1707817]
2026-06-12 12:07:45,045 - DEBUG - Assigning indexes to genes
2026-06-12 12:07:45,048 - DEBUG - Seen 22309 genes until now
2026-06-12 12:07:45,048 - DEBUG - Parsing Chromosome 21 strand - [line 1707818]
2026-06-12 12:07:45,425 - DEBUG - Done with 21- [line 1722798]
2026-06-12 12:07:45,425 - DEBUG - Assigning indexes to genes
2026-06-12 12:07:45,426 - DEBUG - Seen 22596 genes until now
2026-06-12 12:07:45,426 - DEBUG - Parsing Chromosome 21 strand + [line 1722799]
2026-06-12 12:07:45,485 - DEBUG - Done with 21+ [line 1738981]
2026-06-12 12:07:45,485 - DEBUG - Assigning indexes to genes
2026-06-12 12:07:45,486 - DEBUG - Seen 22864 genes until now
2026-06-12 12:07:45,486 - DEBUG - Parsing Chromosome 22 strand - [line 1738982]
2026-06-12 12:07:45,580 - DEBUG - Done with 22- [line 1765357]
2026-06-12 12:07:45,580 - DEBUG - Assigning indexes to genes
2026-06-12 12:07:45,582 - DEBUG - Seen 23260 genes until now
2026-06-12 12:07:45,582 - DEBUG - Parsing Chromosome 22 strand + [line 1765358]
2026-06-12 12:07:45,684 - DEBUG - Done with 22+ [line 1797598]
2026-06-12 12:07:45,684 - DEBUG - Assigning indexes to genes
2026-06-12 12:07:45,685 - DEBUG - Seen 23765 genes until now
2026-06-12 12:07:45,685 - DEBUG - Parsing Chromosome 3 strand - [line 1797599]
2026-06-12 12:07:45,944 - DEBUG - Done with 3- [line 1887377]
2026-06-12 12:07:45,944 - DEBUG - Assigning indexes to genes
2026-06-12 12:07:45,948 - DEBUG - Seen 24693 genes until now
2026-06-12 12:07:45,948 - DEBUG - Parsing Chromosome 3 strand + [line 1887378]
2026-06-12 12:07:46,185 - DEBUG - Done with 3+ [line 1977011]
2026-06-12 12:07:46,185 - DEBUG - Assigning indexes to genes
2026-06-12 12:07:46,189 - DEBUG - Seen 25658 genes until now
2026-06-12 12:07:46,189 - DEBUG - Parsing Chromosome 4 strand - [line 1977012]
2026-06-12 12:07:46,349 - DEBUG - Done with 4- [line 2034238]
2026-06-12 12:07:46,349 - DEBUG - Assigning indexes to genes
2026-06-12 12:07:46,353 - DEBUG - Seen 26401 genes until now
2026-06-12 12:07:46,353 - DEBUG - Parsing Chromosome 4 strand + [line 2034239]
2026-06-12 12:07:46,504 - DEBUG - Done with 4+ [line 2094594]
2026-06-12 12:07:46,505 - DEBUG - Assigning indexes to genes
2026-06-12 12:07:46,508 - DEBUG - Seen 27191 genes until now
2026-06-12 12:07:46,508 - DEBUG - Parsing Chromosome 5 strand - [line 2094595]
2026-06-12 12:07:46,680 - DEBUG - Done with 5- [line 2152660]
2026-06-12 12:07:46,681 - DEBUG - Assigning indexes to genes
2026-06-12 12:07:46,684 - DEBUG - Seen 28071 genes until now
2026-06-12 12:07:46,684 - DEBUG - Parsing Chromosome 5 strand + [line 2152661]
2026-06-12 12:07:47,370 - DEBUG - Done with 5+ [line 2218657]
2026-06-12 12:07:47,371 - DEBUG - Assigning indexes to genes
2026-06-12 12:07:47,375 - DEBUG - Seen 29002 genes until now
2026-06-12 12:07:47,375 - DEBUG - Parsing Chromosome 6 strand - [line 2218658]
2026-06-12 12:07:47,555 - DEBUG - Done with 6- [line 2284937]
2026-06-12 12:07:47,555 - DEBUG - Assigning indexes to genes
2026-06-12 12:07:47,560 - DEBUG - Seen 29928 genes until now
2026-06-12 12:07:47,560 - DEBUG - Parsing Chromosome 6 strand + [line 2284938]
2026-06-12 12:07:47,737 - DEBUG - Done with 6+ [line 2345240]
2026-06-12 12:07:47,737 - DEBUG - Assigning indexes to genes
2026-06-12 12:07:47,741 - DEBUG - Seen 30829 genes until now
2026-06-12 12:07:47,741 - DEBUG - Parsing Chromosome 7 strand - [line 2345241]
2026-06-12 12:07:47,936 - DEBUG - Done with 7- [line 2406845]
2026-06-12 12:07:47,936 - DEBUG - Assigning indexes to genes
2026-06-12 12:07:47,940 - DEBUG - Seen 31621 genes until now
2026-06-12 12:07:47,940 - DEBUG - Parsing Chromosome 7 strand + [line 2406846]
2026-06-12 12:07:48,137 - DEBUG - Done with 7+ [line 2476014]
2026-06-12 12:07:48,137 - DEBUG - Assigning indexes to genes
2026-06-12 12:07:48,141 - DEBUG - Seen 32515 genes until now
2026-06-12 12:07:48,141 - DEBUG - Parsing Chromosome 8 strand - [line 2476015]
2026-06-12 12:07:48,288 - DEBUG - Done with 8- [line 2527366]
2026-06-12 12:07:48,288 - DEBUG - Assigning indexes to genes
2026-06-12 12:07:48,292 - DEBUG - Seen 33270 genes until now
2026-06-12 12:07:48,292 - DEBUG - Parsing Chromosome 8 strand + [line 2527367]
2026-06-12 12:07:48,457 - DEBUG - Done with 8+ [line 2577021]
2026-06-12 12:07:48,457 - DEBUG - Assigning indexes to genes
2026-06-12 12:07:48,460 - DEBUG - Seen 34010 genes until now
2026-06-12 12:07:48,460 - DEBUG - Parsing Chromosome 9 strand - [line 2577022]
2026-06-12 12:07:48,594 - DEBUG - Done with 9- [line 2622811]
2026-06-12 12:07:48,594 - DEBUG - Assigning indexes to genes
2026-06-12 12:07:48,597 - DEBUG - Seen 34681 genes until now
2026-06-12 12:07:48,597 - DEBUG - Parsing Chromosome 9 strand + [line 2622812]
2026-06-12 12:07:48,766 - DEBUG - Done with 9+ [line 2672374]
2026-06-12 12:07:48,766 - DEBUG - Assigning indexes to genes
2026-06-12 12:07:48,769 - DEBUG - Seen 35329 genes until now
2026-06-12 12:07:48,769 - DEBUG - Parsing Chromosome M strand - [line 2672375]
2026-06-12 12:07:48,769 - DEBUG - Done with M- [line 2672379]
2026-06-12 12:07:48,769 - DEBUG - Assigning indexes to genes
2026-06-12 12:07:48,769 - DEBUG - Seen 35330 genes until now
2026-06-12 12:07:48,769 - DEBUG - Parsing Chromosome M strand + [line 2672380]
2026-06-12 12:07:48,769 - DEBUG - Done with M+ [line 2672445]
2026-06-12 12:07:48,769 - DEBUG - Assigning indexes to genes
2026-06-12 12:07:48,769 - DEBUG - Seen 35342 genes until now
2026-06-12 12:07:48,769 - DEBUG - Parsing Chromosome X strand - [line 2672446]
2026-06-12 12:07:48,910 - DEBUG - Done with X- [line 2716088]
2026-06-12 12:07:48,910 - DEBUG - Assigning indexes to genes
2026-06-12 12:07:48,913 - DEBUG - Seen 35884 genes until now
2026-06-12 12:07:48,913 - DEBUG - Parsing Chromosome X strand + [line 2716089]
2026-06-12 12:07:49,023 - DEBUG - Done with X+ [line 2760500]
2026-06-12 12:07:49,023 - DEBUG - Assigning indexes to genes
2026-06-12 12:07:49,025 - DEBUG - Seen 36490 genes until now
2026-06-12 12:07:49,025 - DEBUG - Parsing Chromosome Y strand - [line 2760501]
2026-06-12 12:07:49,032 - DEBUG - Done with Y- [line 2763031]
2026-06-12 12:07:49,032 - DEBUG - Assigning indexes to genes
2026-06-12 12:07:49,032 - DEBUG - Seen 36543 genes until now
2026-06-12 12:07:49,032 - DEBUG - Parsing Chromosome Y strand + [line 2763032]
2026-06-12 12:07:49,039 - DEBUG - Assigning indexes to genes
2026-06-12 12:07:49,039 - DEBUG - Done with Y+ [line 2765967]
2026-06-12 12:07:49,039 - DEBUG - Fixing corner cases of transcript models containg intron longer than 1000Kbp
2026-06-12 12:07:50,072 - DEBUG - Generated 2411536 features corresponding to 199138 transcript models from /nobackup/peer/fdeckert/cellranger/GRCh38-2020-A/GRCh38/genes/genes.gtf
2026-06-12 12:07:50,092 - INFO - Scan /research/peer/fdeckert/FD20250213HSCT/data/object/velocyto/HSCT_7851_transcriptome/possorted_genome_bam.bam to validate intron intervals
2026-06-12 12:07:51,826 - DEBUG - Reading /research/peer/fdeckert/FD20250213HSCT/data/object/velocyto/HSCT_7851_transcriptome/possorted_genome_bam.bam
2026-06-12 12:07:51,839 - DEBUG - Read first 0 million reads
2026-06-12 12:07:51,840 - DEBUG - Marking up chromosome 1
2026-06-12 12:08:47,158 - DEBUG - Marking up chromosome 10
2026-06-12 12:09:08,710 - DEBUG - Marking up chromosome 11
2026-06-12 12:09:16,001 - DEBUG - Read first 10 million reads
2026-06-12 12:10:06,799 - DEBUG - Marking up chromosome 12
2026-06-12 12:10:45,001 - DEBUG - Marking up chromosome 13
2026-06-12 12:10:51,312 - DEBUG - Read first 20 million reads
2026-06-12 12:10:59,169 - DEBUG - Marking up chromosome 14
2026-06-12 12:11:22,615 - DEBUG - Marking up chromosome 15
2026-06-12 12:11:49,423 - DEBUG - Marking up chromosome 16
2026-06-12 12:12:16,774 - DEBUG - Marking up chromosome 17
2026-06-12 12:12:39,318 - DEBUG - Read first 30 million reads
2026-06-12 12:13:08,356 - DEBUG - Marking up chromosome 18
2026-06-12 12:13:15,687 - DEBUG - Marking up chromosome 19
2026-06-12 12:14:03,589 - DEBUG - Marking up chromosome 2
2026-06-12 12:14:06,838 - DEBUG - Read first 40 million reads
2026-06-12 12:14:39,225 - DEBUG - Marking up chromosome 20
2026-06-12 12:14:51,049 - DEBUG - Marking up chromosome 21
2026-06-12 12:14:55,800 - DEBUG - Read first 50 million reads
2026-06-12 12:15:03,480 - DEBUG - Marking up chromosome 22
2026-06-12 12:15:12,366 - DEBUG - Marking up chromosome 3
2026-06-12 12:15:37,584 - DEBUG - Marking up chromosome 4
2026-06-12 12:15:49,000 - DEBUG - Read first 60 million reads
2026-06-12 12:15:53,816 - DEBUG - Marking up chromosome 5
2026-06-12 12:16:20,377 - DEBUG - Marking up chromosome 6
2026-06-12 12:16:54,483 - DEBUG - Marking up chromosome 7
2026-06-12 12:16:54,564 - DEBUG - Read first 70 million reads
2026-06-12 12:17:16,020 - DEBUG - Marking up chromosome 8
2026-06-12 12:17:31,367 - DEBUG - Marking up chromosome 9
2026-06-12 12:17:48,076 - DEBUG - Marking up chromosome MT
2026-06-12 12:17:48,076 - WARNING - The .bam file refers to a chromosome 'MT+' not present in the annotation (.gtf) file
2026-06-12 12:17:48,076 - WARNING - The .bam file refers to a chromosome 'MT-' not present in the annotation (.gtf) file
2026-06-12 12:17:58,960 - DEBUG - Read first 80 million reads
2026-06-12 12:18:17,434 - DEBUG - Marking up chromosome X
2026-06-12 12:18:34,736 - DEBUG - Marking up chromosome Y
2026-06-12 12:18:34,744 - DEBUG - Marking up chromosome KI270728.1
2026-06-12 12:18:34,745 - DEBUG - Marking up chromosome KI270727.1
2026-06-12 12:18:34,745 - DEBUG - Marking up chromosome KI270442.1
2026-06-12 12:18:34,746 - WARNING - The .bam file refers to a chromosome 'KI270442.1+' not present in the annotation (.gtf) file
2026-06-12 12:18:34,746 - WARNING - The .bam file refers to a chromosome 'KI270442.1-' not present in the annotation (.gtf) file
2026-06-12 12:18:34,746 - DEBUG - Marking up chromosome KI270729.1
2026-06-12 12:18:34,746 - WARNING - The .bam file refers to a chromosome 'KI270729.1+' not present in the annotation (.gtf) file
2026-06-12 12:18:34,746 - WARNING - The .bam file refers to a chromosome 'KI270729.1-' not present in the annotation (.gtf) file
2026-06-12 12:18:34,746 - DEBUG - Marking up chromosome GL000225.1
2026-06-12 12:18:34,747 - WARNING - The .bam file refers to a chromosome 'GL000225.1+' not present in the annotation (.gtf) file
2026-06-12 12:18:34,747 - WARNING - The .bam file refers to a chromosome 'GL000225.1-' not present in the annotation (.gtf) file
2026-06-12 12:18:34,747 - DEBUG - Marking up chromosome KI270743.1
2026-06-12 12:18:34,747 - WARNING - The .bam file refers to a chromosome 'KI270743.1+' not present in the annotation (.gtf) file
2026-06-12 12:18:34,747 - WARNING - The .bam file refers to a chromosome 'KI270743.1-' not present in the annotation (.gtf) file
2026-06-12 12:18:34,747 - DEBUG - Marking up chromosome GL000008.2
2026-06-12 12:18:34,747 - WARNING - The .bam file refers to a chromosome 'GL000008.2+' not present in the annotation (.gtf) file
2026-06-12 12:18:34,747 - WARNING - The .bam file refers to a chromosome 'GL000008.2-' not present in the annotation (.gtf) file
2026-06-12 12:18:34,747 - DEBUG - Marking up chromosome GL000009.2
2026-06-12 12:18:34,747 - WARNING - The .bam file refers to a chromosome 'GL000009.2+' not present in the annotation (.gtf) file
2026-06-12 12:18:34,747 - DEBUG - Marking up chromosome KI270722.1
2026-06-12 12:18:34,747 - WARNING - The .bam file refers to a chromosome 'KI270722.1+' not present in the annotation (.gtf) file
2026-06-12 12:18:34,747 - WARNING - The .bam file refers to a chromosome 'KI270722.1-' not present in the annotation (.gtf) file
2026-06-12 12:18:34,747 - DEBUG - Marking up chromosome GL000194.1
2026-06-12 12:18:34,747 - WARNING - The .bam file refers to a chromosome 'GL000194.1+' not present in the annotation (.gtf) file
2026-06-12 12:18:34,751 - DEBUG - Marking up chromosome KI270742.1
2026-06-12 12:18:34,751 - WARNING - The .bam file refers to a chromosome 'KI270742.1+' not present in the annotation (.gtf) file
2026-06-12 12:18:34,751 - WARNING - The .bam file refers to a chromosome 'KI270742.1-' not present in the annotation (.gtf) file
2026-06-12 12:18:34,752 - DEBUG - Marking up chromosome GL000205.2
2026-06-12 12:18:34,752 - WARNING - The .bam file refers to a chromosome 'GL000205.2+' not present in the annotation (.gtf) file
2026-06-12 12:18:34,756 - DEBUG - Marking up chromosome GL000195.1
2026-06-12 12:18:34,756 - DEBUG - Marking up chromosome KI270733.1
2026-06-12 12:18:34,756 - WARNING - The .bam file refers to a chromosome 'KI270733.1+' not present in the annotation (.gtf) file
2026-06-12 12:18:34,756 - WARNING - The .bam file refers to a chromosome 'KI270733.1-' not present in the annotation (.gtf) file
2026-06-12 12:18:38,959 - DEBUG - Marking up chromosome GL000224.1
2026-06-12 12:18:38,959 - WARNING - The .bam file refers to a chromosome 'GL000224.1+' not present in the annotation (.gtf) file
2026-06-12 12:18:38,959 - WARNING - The .bam file refers to a chromosome 'GL000224.1-' not present in the annotation (.gtf) file
2026-06-12 12:18:38,960 - DEBUG - Marking up chromosome GL000219.1
2026-06-12 12:18:38,960 - WARNING - The .bam file refers to a chromosome 'GL000219.1+' not present in the annotation (.gtf) file
2026-06-12 12:18:38,984 - DEBUG - Marking up chromosome KI270719.1
2026-06-12 12:18:38,984 - WARNING - The .bam file refers to a chromosome 'KI270719.1+' not present in the annotation (.gtf) file
2026-06-12 12:18:38,984 - WARNING - The .bam file refers to a chromosome 'KI270719.1-' not present in the annotation (.gtf) file
2026-06-12 12:18:38,984 - DEBUG - Marking up chromosome GL000216.2
2026-06-12 12:18:38,984 - WARNING - The .bam file refers to a chromosome 'GL000216.2+' not present in the annotation (.gtf) file
2026-06-12 12:18:38,984 - WARNING - The .bam file refers to a chromosome 'GL000216.2-' not present in the annotation (.gtf) file
2026-06-12 12:18:38,984 - DEBUG - Marking up chromosome KI270712.1
2026-06-12 12:18:38,984 - WARNING - The .bam file refers to a chromosome 'KI270712.1+' not present in the annotation (.gtf) file
2026-06-12 12:18:38,984 - WARNING - The .bam file refers to a chromosome 'KI270712.1-' not present in the annotation (.gtf) file
2026-06-12 12:18:38,985 - DEBUG - Marking up chromosome KI270706.1
2026-06-12 12:18:38,985 - WARNING - The .bam file refers to a chromosome 'KI270706.1+' not present in the annotation (.gtf) file
2026-06-12 12:18:38,985 - WARNING - The .bam file refers to a chromosome 'KI270706.1-' not present in the annotation (.gtf) file
2026-06-12 12:18:38,986 - DEBUG - Marking up chromosome KI270744.1
2026-06-12 12:18:38,986 - WARNING - The .bam file refers to a chromosome 'KI270744.1+' not present in the annotation (.gtf) file
2026-06-12 12:18:38,986 - WARNING - The .bam file refers to a chromosome 'KI270744.1-' not present in the annotation (.gtf) file
2026-06-12 12:18:38,987 - DEBUG - Marking up chromosome KI270734.1
2026-06-12 12:18:38,988 - DEBUG - Marking up chromosome GL000220.1
2026-06-12 12:18:38,988 - WARNING - The .bam file refers to a chromosome 'GL000220.1+' not present in the annotation (.gtf) file
2026-06-12 12:18:38,988 - WARNING - The .bam file refers to a chromosome 'GL000220.1-' not present in the annotation (.gtf) file
2026-06-12 12:18:39,270 - DEBUG - Read first 90 million reads
2026-06-12 12:18:46,111 - DEBUG - Marking up chromosome GL000218.1
2026-06-12 12:18:46,111 - WARNING - The .bam file refers to a chromosome 'GL000218.1+' not present in the annotation (.gtf) file
2026-06-12 12:18:46,113 - DEBUG - Marking up chromosome KI270749.1
2026-06-12 12:18:46,113 - WARNING - The .bam file refers to a chromosome 'KI270749.1+' not present in the annotation (.gtf) file
2026-06-12 12:18:46,113 - WARNING - The .bam file refers to a chromosome 'KI270749.1-' not present in the annotation (.gtf) file
2026-06-12 12:18:46,113 - DEBUG - Marking up chromosome KI270741.1
2026-06-12 12:18:46,113 - WARNING - The .bam file refers to a chromosome 'KI270741.1+' not present in the annotation (.gtf) file
2026-06-12 12:18:46,113 - WARNING - The .bam file refers to a chromosome 'KI270741.1-' not present in the annotation (.gtf) file
2026-06-12 12:18:46,114 - DEBUG - Marking up chromosome GL000221.1
2026-06-12 12:18:46,114 - WARNING - The .bam file refers to a chromosome 'GL000221.1+' not present in the annotation (.gtf) file
2026-06-12 12:18:46,114 - WARNING - The .bam file refers to a chromosome 'GL000221.1-' not present in the annotation (.gtf) file
2026-06-12 12:18:46,114 - DEBUG - Marking up chromosome KI270750.1
2026-06-12 12:18:46,114 - WARNING - The .bam file refers to a chromosome 'KI270750.1+' not present in the annotation (.gtf) file
2026-06-12 12:18:46,114 - WARNING - The .bam file refers to a chromosome 'KI270750.1-' not present in the annotation (.gtf) file
2026-06-12 12:18:46,114 - DEBUG - Marking up chromosome GL000214.1
2026-06-12 12:18:46,114 - WARNING - The .bam file refers to a chromosome 'GL000214.1+' not present in the annotation (.gtf) file
2026-06-12 12:18:46,114 - WARNING - The .bam file refers to a chromosome 'GL000214.1-' not present in the annotation (.gtf) file
2026-06-12 12:18:46,114 - DEBUG - Marking up chromosome KI270708.1
2026-06-12 12:18:46,114 - WARNING - The .bam file refers to a chromosome 'KI270708.1+' not present in the annotation (.gtf) file
2026-06-12 12:18:46,114 - WARNING - The .bam file refers to a chromosome 'KI270708.1-' not present in the annotation (.gtf) file
2026-06-12 12:18:46,114 - DEBUG - Marking up chromosome KI270730.1
2026-06-12 12:18:46,115 - WARNING - The .bam file refers to a chromosome 'KI270730.1+' not present in the annotation (.gtf) file
2026-06-12 12:18:46,115 - WARNING - The .bam file refers to a chromosome 'KI270730.1-' not present in the annotation (.gtf) file
2026-06-12 12:18:46,115 - DEBUG - Marking up chromosome KI270438.1
2026-06-12 12:18:46,115 - WARNING - The .bam file refers to a chromosome 'KI270438.1+' not present in the annotation (.gtf) file
2026-06-12 12:18:46,115 - WARNING - The .bam file refers to a chromosome 'KI270438.1-' not present in the annotation (.gtf) file
2026-06-12 12:18:46,115 - DEBUG - Marking up chromosome KI270737.1
2026-06-12 12:18:46,115 - WARNING - The .bam file refers to a chromosome 'KI270737.1+' not present in the annotation (.gtf) file
2026-06-12 12:18:46,115 - WARNING - The .bam file refers to a chromosome 'KI270737.1-' not present in the annotation (.gtf) file
2026-06-12 12:18:46,115 - DEBUG - Marking up chromosome KI270721.1
2026-06-12 12:18:46,115 - WARNING - The .bam file refers to a chromosome 'KI270721.1-' not present in the annotation (.gtf) file
2026-06-12 12:18:46,121 - DEBUG - Marking up chromosome KI270738.1
2026-06-12 12:18:46,121 - WARNING - The .bam file refers to a chromosome 'KI270738.1+' not present in the annotation (.gtf) file
2026-06-12 12:18:46,121 - WARNING - The .bam file refers to a chromosome 'KI270738.1-' not present in the annotation (.gtf) file
2026-06-12 12:18:46,121 - DEBUG - Marking up chromosome KI270748.1
2026-06-12 12:18:46,121 - WARNING - The .bam file refers to a chromosome 'KI270748.1+' not present in the annotation (.gtf) file
2026-06-12 12:18:46,121 - WARNING - The .bam file refers to a chromosome 'KI270748.1-' not present in the annotation (.gtf) file
2026-06-12 12:18:46,121 - DEBUG - Marking up chromosome KI270435.1
2026-06-12 12:18:46,121 - WARNING - The .bam file refers to a chromosome 'KI270435.1+' not present in the annotation (.gtf) file
2026-06-12 12:18:46,121 - WARNING - The .bam file refers to a chromosome 'KI270435.1-' not present in the annotation (.gtf) file
2026-06-12 12:18:46,121 - DEBUG - Marking up chromosome GL000208.1
2026-06-12 12:18:46,121 - WARNING - The .bam file refers to a chromosome 'GL000208.1+' not present in the annotation (.gtf) file
2026-06-12 12:18:46,121 - WARNING - The .bam file refers to a chromosome 'GL000208.1-' not present in the annotation (.gtf) file
2026-06-12 12:18:46,121 - DEBUG - Marking up chromosome KI270709.1
2026-06-12 12:18:46,121 - WARNING - The .bam file refers to a chromosome 'KI270709.1+' not present in the annotation (.gtf) file
2026-06-12 12:18:46,121 - WARNING - The .bam file refers to a chromosome 'KI270709.1-' not present in the annotation (.gtf) file
2026-06-12 12:18:46,121 - DEBUG - Marking up chromosome KI270746.1
2026-06-12 12:18:46,121 - WARNING - The .bam file refers to a chromosome 'KI270746.1+' not present in the annotation (.gtf) file
2026-06-12 12:18:46,121 - WARNING - The .bam file refers to a chromosome 'KI270746.1-' not present in the annotation (.gtf) file
2026-06-12 12:18:46,121 - DEBUG - Marking up chromosome KI270726.1
2026-06-12 12:18:46,121 - WARNING - The .bam file refers to a chromosome 'KI270726.1-' not present in the annotation (.gtf) file
2026-06-12 12:18:46,141 - DEBUG - Marking up chromosome KI270711.1
2026-06-12 12:18:46,141 - WARNING - The .bam file refers to a chromosome 'KI270711.1+' not present in the annotation (.gtf) file
2026-06-12 12:18:46,143 - DEBUG - Marking up chromosome KI270745.1
2026-06-12 12:18:46,143 - WARNING - The .bam file refers to a chromosome 'KI270745.1+' not present in the annotation (.gtf) file
2026-06-12 12:18:46,143 - WARNING - The .bam file refers to a chromosome 'KI270745.1-' not present in the annotation (.gtf) file
2026-06-12 12:18:46,144 - DEBUG - Marking up chromosome KI270714.1
2026-06-12 12:18:46,144 - WARNING - The .bam file refers to a chromosome 'KI270714.1+' not present in the annotation (.gtf) file
2026-06-12 12:18:46,144 - WARNING - The .bam file refers to a chromosome 'KI270714.1-' not present in the annotation (.gtf) file
2026-06-12 12:18:46,145 - DEBUG - Marking up chromosome KI270732.1
2026-06-12 12:18:46,145 - WARNING - The .bam file refers to a chromosome 'KI270732.1+' not present in the annotation (.gtf) file
2026-06-12 12:18:46,145 - WARNING - The .bam file refers to a chromosome 'KI270732.1-' not present in the annotation (.gtf) file
2026-06-12 12:18:46,145 - DEBUG - Marking up chromosome KI270713.1
2026-06-12 12:18:46,145 - DEBUG - Marking up chromosome KI270720.1
2026-06-12 12:18:46,145 - WARNING - The .bam file refers to a chromosome 'KI270720.1+' not present in the annotation (.gtf) file
2026-06-12 12:18:46,145 - WARNING - The .bam file refers to a chromosome 'KI270720.1-' not present in the annotation (.gtf) file
2026-06-12 12:18:46,146 - DEBUG - Marking up chromosome KI270718.1
2026-06-12 12:18:46,146 - WARNING - The .bam file refers to a chromosome 'KI270718.1+' not present in the annotation (.gtf) file
2026-06-12 12:18:46,146 - WARNING - The .bam file refers to a chromosome 'KI270718.1-' not present in the annotation (.gtf) file
2026-06-12 12:18:46,146 - DEBUG - Marking up chromosome KI270707.1
2026-06-12 12:18:46,146 - WARNING - The .bam file refers to a chromosome 'KI270707.1+' not present in the annotation (.gtf) file
2026-06-12 12:18:46,146 - WARNING - The .bam file refers to a chromosome 'KI270707.1-' not present in the annotation (.gtf) file
2026-06-12 12:18:46,146 - DEBUG - Marking up chromosome KI270521.1
2026-06-12 12:18:46,146 - WARNING - The .bam file refers to a chromosome 'KI270521.1+' not present in the annotation (.gtf) file
2026-06-12 12:18:46,146 - WARNING - The .bam file refers to a chromosome 'KI270521.1-' not present in the annotation (.gtf) file
2026-06-12 12:18:46,146 - DEBUG - Marking up chromosome KI270508.1
2026-06-12 12:18:46,146 - WARNING - The .bam file refers to a chromosome 'KI270508.1+' not present in the annotation (.gtf) file
2026-06-12 12:18:46,146 - WARNING - The .bam file refers to a chromosome 'KI270508.1-' not present in the annotation (.gtf) file
2026-06-12 12:18:46,146 - DEBUG - Marking up chromosome KI270330.1
2026-06-12 12:18:46,146 - WARNING - The .bam file refers to a chromosome 'KI270330.1+' not present in the annotation (.gtf) file
2026-06-12 12:18:46,146 - WARNING - The .bam file refers to a chromosome 'KI270330.1-' not present in the annotation (.gtf) file
2026-06-12 12:18:46,146 - DEBUG - Marking up chromosome KI270310.1
2026-06-12 12:18:46,146 - WARNING - The .bam file refers to a chromosome 'KI270310.1+' not present in the annotation (.gtf) file
2026-06-12 12:18:46,146 - WARNING - The .bam file refers to a chromosome 'KI270310.1-' not present in the annotation (.gtf) file
2026-06-12 12:18:49,650 - DEBUG - Read first 100 million reads
2026-06-12 12:18:58,341 - DEBUG - Read first 110 million reads
2026-06-12 12:19:06,904 - DEBUG - Read first 120 million reads
2026-06-12 12:19:15,555 - DEBUG - Read first 130 million reads
2026-06-12 12:19:20,963 - DEBUG - End of file. Reset index: start scanning from initial position.
2026-06-12 12:19:20,963 - DEBUG - 5042953 reads were skipped because no apropiate cell or umi barcode was found
2026-06-12 12:19:20,971 - INFO - Now just waiting that the bam sorting process terminates
2026-06-12 12:19:20,971 - INFO - bam file #0 has been sorted
2026-06-12 12:19:20,971 - DEBUG - Start molecule counting!
2026-06-12 12:19:22,340 - DEBUG - Features available for chromosomes : ['GL000009.2-', 'GL000194.1-', 'GL000195.1-', 'GL000195.1+', 'GL000205.2-', 'GL000213.1-', 'GL000218.1-', 'GL000219.1-', 'KI270711.1-', 'KI270713.1-', 'KI270713.1+', 'KI270721.1+', 'KI270726.1+', 'KI270727.1-', 'KI270727.1+', 'KI270728.1-', 'KI270728.1+', 'KI270731.1-', 'KI270734.1-', 'KI270734.1+', '1-', '1+', '10-', '10+', '11-', '11+', '12-', '12+', '13-', '13+', '14-', '14+', '15-', '15+', '16-', '16+', '17-', '17+', '18-', '18+', '19-', '19+', '2-', '2+', '20-', '20+', '21-', '21+', '22-', '22+', '3-', '3+', '4-', '4+', '5-', '5+', '6-', '6+', '7-', '7+', '8-', '8+', '9-', '9+', 'M-', 'M+', 'X-', 'X+', 'Y-', 'Y+']
2026-06-12 12:19:22,340 - DEBUG - Mask available for chromosomes : []
2026-06-12 12:19:22,340 - DEBUG - Summarizing the results of intron validation.
2026-06-12 12:19:22,615 - DEBUG - Validated 184501 introns (of which unique intervals 60915) out of 1106199 total possible introns (considering each possible transcript models).
2026-06-12 12:19:22,616 - DEBUG - Reading /research/peer/fdeckert/FD20250213HSCT/data/object/velocyto/HSCT_7851_transcriptome/cellsorted_possorted_genome_bam.bam
2026-06-12 12:19:22,658 - DEBUG - Read first 0 million reads
2026-06-12 12:19:49,004 - DEBUG - Read first 10 million reads
2026-06-12 12:19:59,432 - DEBUG - Counting for batch 1, containing 100 cells and 705929 reads
2026-06-12 12:20:03,981 - DEBUG - 0 reads not considered because fully enclosed in repeat masked regions
2026-06-12 12:20:10,754 - DEBUG - Counting for batch 2, containing 100 cells and 603558 reads
2026-06-12 12:20:13,861 - DEBUG - 0 reads not considered because fully enclosed in repeat masked regions
2026-06-12 12:20:21,440 - DEBUG - Counting for batch 3, containing 100 cells and 643848 reads
2026-06-12 12:20:25,764 - DEBUG - 0 reads not considered because fully enclosed in repeat masked regions
2026-06-12 12:20:32,167 - DEBUG - Counting for batch 4, containing 100 cells and 550130 reads
2026-06-12 12:20:34,947 - DEBUG - 0 reads not considered because fully enclosed in repeat masked regions
2026-06-12 12:20:42,183 - DEBUG - Counting for batch 5, containing 100 cells and 608083 reads
2026-06-12 12:20:45,306 - DEBUG - 0 reads not considered because fully enclosed in repeat masked regions
2026-06-12 12:20:51,047 - DEBUG - Read first 20 million reads
2026-06-12 12:20:51,865 - DEBUG - Counting for batch 6, containing 100 cells and 589932 reads
2026-06-12 12:20:55,778 - DEBUG - 0 reads not considered because fully enclosed in repeat masked regions
2026-06-12 12:21:02,408 - DEBUG - Counting for batch 7, containing 100 cells and 612037 reads
2026-06-12 12:21:06,518 - DEBUG - 0 reads not considered because fully enclosed in repeat masked regions
2026-06-12 12:21:13,772 - DEBUG - Counting for batch 8, containing 100 cells and 656099 reads
2026-06-12 12:21:18,063 - DEBUG - 0 reads not considered because fully enclosed in repeat masked regions
2026-06-12 12:21:24,593 - DEBUG - Counting for batch 9, containing 100 cells and 590790 reads
2026-06-12 12:21:28,445 - DEBUG - 0 reads not considered because fully enclosed in repeat masked regions
2026-06-12 12:21:35,634 - DEBUG - Counting for batch 10, containing 100 cells and 677349 reads
2026-06-12 12:21:39,896 - DEBUG - 0 reads not considered because fully enclosed in repeat masked regions
2026-06-12 12:21:47,387 - DEBUG - Counting for batch 11, containing 100 cells and 711461 reads
2026-06-12 12:21:52,053 - DEBUG - 0 reads not considered because fully enclosed in repeat masked regions
2026-06-12 12:21:59,374 - DEBUG - Counting for batch 12, containing 100 cells and 657645 reads
2026-06-12 12:22:02,789 - DEBUG - 0 reads not considered because fully enclosed in repeat masked regions
2026-06-12 12:22:09,397 - DEBUG - Counting for batch 13, containing 100 cells and 517252 reads
2026-06-12 12:22:12,132 - DEBUG - 0 reads not considered because fully enclosed in repeat masked regions
2026-06-12 12:22:18,065 - DEBUG - Read first 30 million reads
2026-06-12 12:22:19,941 - DEBUG - Counting for batch 14, containing 100 cells and 676313 reads
2026-06-12 12:22:23,377 - DEBUG - 0 reads not considered because fully enclosed in repeat masked regions
2026-06-12 12:22:31,339 - DEBUG - Counting for batch 15, containing 100 cells and 673651 reads
2026-06-12 12:22:35,764 - DEBUG - 0 reads not considered because fully enclosed in repeat masked regions
2026-06-12 12:22:43,065 - DEBUG - Counting for batch 16, containing 100 cells and 677039 reads
2026-06-12 12:22:46,500 - DEBUG - 0 reads not considered because fully enclosed in repeat masked regions
2026-06-12 12:22:53,767 - DEBUG - Counting for batch 17, containing 100 cells and 595310 reads
2026-06-12 12:22:56,822 - DEBUG - 0 reads not considered because fully enclosed in repeat masked regions
2026-06-12 12:23:04,301 - DEBUG - Counting for batch 18, containing 100 cells and 616148 reads
2026-06-12 12:23:07,406 - DEBUG - 0 reads not considered because fully enclosed in repeat masked regions
2026-06-12 12:23:14,968 - DEBUG - Counting for batch 19, containing 100 cells and 646977 reads
2026-06-12 12:23:18,394 - DEBUG - 0 reads not considered because fully enclosed in repeat masked regions
2026-06-12 12:23:25,294 - DEBUG - Counting for batch 20, containing 100 cells and 554533 reads
2026-06-12 12:23:28,214 - DEBUG - 0 reads not considered because fully enclosed in repeat masked regions
2026-06-12 12:23:36,052 - DEBUG - Counting for batch 21, containing 100 cells and 686057 reads
2026-06-12 12:23:40,635 - DEBUG - 0 reads not considered because fully enclosed in repeat masked regions
2026-06-12 12:23:47,689 - DEBUG - Counting for batch 22, containing 100 cells and 649629 reads
2026-06-12 12:23:52,069 - DEBUG - 0 reads not considered because fully enclosed in repeat masked regions
2026-06-12 12:23:53,093 - DEBUG - Read first 40 million reads
2026-06-12 12:23:58,426 - DEBUG - Counting for batch 23, containing 100 cells and 633487 reads
2026-06-12 12:24:02,749 - DEBUG - 0 reads not considered because fully enclosed in repeat masked regions
2026-06-12 12:24:10,368 - DEBUG - Counting for batch 24, containing 100 cells and 611064 reads
2026-06-12 12:24:13,594 - DEBUG - 0 reads not considered because fully enclosed in repeat masked regions
2026-06-12 12:24:20,662 - DEBUG - Counting for batch 25, containing 100 cells and 645831 reads
2026-06-12 12:24:25,294 - DEBUG - 0 reads not considered because fully enclosed in repeat masked regions
2026-06-12 12:24:33,396 - DEBUG - Counting for batch 26, containing 100 cells and 667161 reads
2026-06-12 12:24:37,041 - DEBUG - 0 reads not considered because fully enclosed in repeat masked regions
2026-06-12 12:24:45,035 - DEBUG - Counting for batch 27, containing 100 cells and 660705 reads
2026-06-12 12:24:49,517 - DEBUG - 0 reads not considered because fully enclosed in repeat masked regions
2026-06-12 12:24:56,452 - DEBUG - Counting for batch 28, containing 100 cells and 616952 reads
2026-06-12 12:24:59,628 - DEBUG - 0 reads not considered because fully enclosed in repeat masked regions
2026-06-12 12:25:07,054 - DEBUG - Counting for batch 29, containing 100 cells and 602885 reads
2026-06-12 12:25:10,269 - DEBUG - 0 reads not considered because fully enclosed in repeat masked regions
2026-06-12 12:25:16,372 - DEBUG - Counting for batch 30, containing 100 cells and 551527 reads
2026-06-12 12:25:20,157 - DEBUG - 0 reads not considered because fully enclosed in repeat masked regions
2026-06-12 12:25:22,869 - DEBUG - Read first 50 million reads
2026-06-12 12:25:27,034 - DEBUG - Counting for batch 31, containing 100 cells and 643459 reads
2026-06-12 12:25:31,392 - DEBUG - 0 reads not considered because fully enclosed in repeat masked regions
2026-06-12 12:25:39,049 - DEBUG - Counting for batch 32, containing 100 cells and 723155 reads
2026-06-12 12:25:43,794 - DEBUG - 0 reads not considered because fully enclosed in repeat masked regions
2026-06-12 12:25:50,650 - DEBUG - Counting for batch 33, containing 100 cells and 621968 reads
2026-06-12 12:25:54,902 - DEBUG - 0 reads not considered because fully enclosed in repeat masked regions
2026-06-12 12:26:01,509 - DEBUG - Counting for batch 34, containing 100 cells and 589032 reads
2026-06-12 12:26:04,627 - DEBUG - 0 reads not considered because fully enclosed in repeat masked regions
2026-06-12 12:26:11,396 - DEBUG - Counting for batch 35, containing 100 cells and 506914 reads
2026-06-12 12:26:14,127 - DEBUG - 0 reads not considered because fully enclosed in repeat masked regions
2026-06-12 12:26:22,190 - DEBUG - Counting for batch 36, containing 100 cells and 677698 reads
2026-06-12 12:26:26,865 - DEBUG - 0 reads not considered because fully enclosed in repeat masked regions
2026-06-12 12:26:32,922 - DEBUG - Counting for batch 37, containing 100 cells and 599682 reads
2026-06-12 12:26:37,089 - DEBUG - 0 reads not considered because fully enclosed in repeat masked regions
2026-06-12 12:26:43,755 - DEBUG - Counting for batch 38, containing 100 cells and 601805 reads
2026-06-12 12:26:47,930 - DEBUG - 0 reads not considered because fully enclosed in repeat masked regions
2026-06-12 12:26:52,433 - DEBUG - Read first 60 million reads
2026-06-12 12:26:54,504 - DEBUG - Counting for batch 39, containing 100 cells and 584684 reads
2026-06-12 12:26:58,461 - DEBUG - 0 reads not considered because fully enclosed in repeat masked regions
2026-06-12 12:27:05,867 - DEBUG - Counting for batch 40, containing 100 cells and 691619 reads
2026-06-12 12:27:10,509 - DEBUG - 0 reads not considered because fully enclosed in repeat masked regions
2026-06-12 12:27:15,950 - DEBUG - Counting for batch 41, containing 100 cells and 524020 reads
2026-06-12 12:27:19,682 - DEBUG - 0 reads not considered because fully enclosed in repeat masked regions
2026-06-12 12:27:27,250 - DEBUG - Counting for batch 42, containing 100 cells and 707019 reads
2026-06-12 12:27:31,715 - DEBUG - 0 reads not considered because fully enclosed in repeat masked regions
2026-06-12 12:27:37,854 - DEBUG - Counting for batch 43, containing 100 cells and 524924 reads
2026-06-12 12:27:40,657 - DEBUG - 0 reads not considered because fully enclosed in repeat masked regions
2026-06-12 12:27:46,239 - DEBUG - Counting for batch 44, containing 100 cells and 489683 reads
2026-06-12 12:27:49,711 - DEBUG - 0 reads not considered because fully enclosed in repeat masked regions
2026-06-12 12:27:56,198 - DEBUG - Counting for batch 45, containing 100 cells and 572445 reads
2026-06-12 12:27:59,343 - DEBUG - 0 reads not considered because fully enclosed in repeat masked regions
2026-06-12 12:28:07,148 - DEBUG - Counting for batch 46, containing 100 cells and 628570 reads
2026-06-12 12:28:10,550 - DEBUG - 0 reads not considered because fully enclosed in repeat masked regions
2026-06-12 12:28:18,488 - DEBUG - Counting for batch 47, containing 100 cells and 632175 reads
2026-06-12 12:28:21,901 - DEBUG - 0 reads not considered because fully enclosed in repeat masked regions
2026-06-12 12:28:22,619 - DEBUG - Read first 70 million reads
2026-06-12 12:28:29,543 - DEBUG - Counting for batch 48, containing 100 cells and 609122 reads
2026-06-12 12:28:32,850 - DEBUG - 0 reads not considered because fully enclosed in repeat masked regions
2026-06-12 12:28:39,782 - DEBUG - Counting for batch 49, containing 100 cells and 535969 reads
2026-06-12 12:28:42,646 - DEBUG - 0 reads not considered because fully enclosed in repeat masked regions
2026-06-12 12:28:51,310 - DEBUG - Counting for batch 50, containing 100 cells and 760856 reads
2026-06-12 12:28:56,548 - DEBUG - 0 reads not considered because fully enclosed in repeat masked regions
2026-06-12 12:29:04,374 - DEBUG - Counting for batch 51, containing 100 cells and 711085 reads
2026-06-12 12:29:09,249 - DEBUG - 0 reads not considered because fully enclosed in repeat masked regions
2026-06-12 12:29:15,289 - DEBUG - Counting for batch 52, containing 100 cells and 597824 reads
2026-06-12 12:29:19,397 - DEBUG - 0 reads not considered because fully enclosed in repeat masked regions
2026-06-12 12:29:26,042 - DEBUG - Counting for batch 53, containing 100 cells and 592122 reads
2026-06-12 12:29:30,222 - DEBUG - 0 reads not considered because fully enclosed in repeat masked regions
2026-06-12 12:29:37,214 - DEBUG - Counting for batch 54, containing 100 cells and 625232 reads
2026-06-12 12:29:41,612 - DEBUG - 0 reads not considered because fully enclosed in repeat masked regions
2026-06-12 12:29:49,118 - DEBUG - Counting for batch 55, containing 100 cells and 686448 reads
2026-06-12 12:29:53,885 - DEBUG - 0 reads not considered because fully enclosed in repeat masked regions
2026-06-12 12:29:55,793 - DEBUG - Read first 80 million reads
2026-06-12 12:30:00,838 - DEBUG - Counting for batch 56, containing 100 cells and 613654 reads
2026-06-12 12:30:04,208 - DEBUG - 0 reads not considered because fully enclosed in repeat masked regions
2026-06-12 12:30:12,185 - DEBUG - Counting for batch 57, containing 100 cells and 646438 reads
2026-06-12 12:30:15,753 - DEBUG - 0 reads not considered because fully enclosed in repeat masked regions
2026-06-12 12:30:22,776 - DEBUG - Counting for batch 58, containing 100 cells and 536222 reads
2026-06-12 12:30:25,695 - DEBUG - 0 reads not considered because fully enclosed in repeat masked regions
2026-06-12 12:30:32,087 - DEBUG - Counting for batch 59, containing 100 cells and 586341 reads
2026-06-12 12:30:36,139 - DEBUG - 0 reads not considered because fully enclosed in repeat masked regions
2026-06-12 12:30:43,548 - DEBUG - Counting for batch 60, containing 100 cells and 702770 reads
2026-06-12 12:30:48,358 - DEBUG - 0 reads not considered because fully enclosed in repeat masked regions
2026-06-12 12:30:55,277 - DEBUG - Counting for batch 61, containing 100 cells and 611518 reads
2026-06-12 12:30:59,608 - DEBUG - 0 reads not considered because fully enclosed in repeat masked regions
2026-06-12 12:31:07,132 - DEBUG - Counting for batch 62, containing 100 cells and 667097 reads
2026-06-12 12:31:11,799 - DEBUG - 0 reads not considered because fully enclosed in repeat masked regions
2026-06-12 12:31:18,963 - DEBUG - Counting for batch 63, containing 100 cells and 637857 reads
2026-06-12 12:31:22,265 - DEBUG - 0 reads not considered because fully enclosed in repeat masked regions
2026-06-12 12:31:25,722 - DEBUG - Read first 90 million reads
2026-06-12 12:31:29,520 - DEBUG - Counting for batch 64, containing 100 cells and 573589 reads
2026-06-12 12:31:32,572 - DEBUG - 0 reads not considered because fully enclosed in repeat masked regions
2026-06-12 12:31:40,662 - DEBUG - Counting for batch 65, containing 100 cells and 665283 reads
2026-06-12 12:31:44,109 - DEBUG - 0 reads not considered because fully enclosed in repeat masked regions
2026-06-12 12:31:52,130 - DEBUG - Counting for batch 66, containing 100 cells and 672956 reads
2026-06-12 12:31:55,842 - DEBUG - 0 reads not considered because fully enclosed in repeat masked regions
2026-06-12 12:32:03,406 - DEBUG - Counting for batch 67, containing 100 cells and 608565 reads
2026-06-12 12:32:06,691 - DEBUG - 0 reads not considered because fully enclosed in repeat masked regions
2026-06-12 12:32:12,998 - DEBUG - Counting for batch 68, containing 100 cells and 563278 reads
2026-06-12 12:32:17,068 - DEBUG - 0 reads not considered because fully enclosed in repeat masked regions
2026-06-12 12:32:24,265 - DEBUG - Counting for batch 69, containing 100 cells and 674686 reads
2026-06-12 12:32:28,660 - DEBUG - 0 reads not considered because fully enclosed in repeat masked regions
2026-06-12 12:32:35,810 - DEBUG - Counting for batch 70, containing 100 cells and 655883 reads
2026-06-12 12:32:40,250 - DEBUG - 0 reads not considered because fully enclosed in repeat masked regions
2026-06-12 12:32:47,320 - DEBUG - Counting for batch 71, containing 100 cells and 650481 reads
2026-06-12 12:32:51,736 - DEBUG - 0 reads not considered because fully enclosed in repeat masked regions
2026-06-12 12:32:55,349 - DEBUG - Read first 100 million reads
2026-06-12 12:32:58,547 - DEBUG - Counting for batch 72, containing 100 cells and 609324 reads
2026-06-12 12:33:01,897 - DEBUG - 0 reads not considered because fully enclosed in repeat masked regions
2026-06-12 12:33:09,629 - DEBUG - Counting for batch 73, containing 100 cells and 615538 reads
2026-06-12 12:33:13,017 - DEBUG - 0 reads not considered because fully enclosed in repeat masked regions
2026-06-12 12:33:19,492 - DEBUG - Counting for batch 74, containing 100 cells and 588772 reads
2026-06-12 12:33:23,691 - DEBUG - 0 reads not considered because fully enclosed in repeat masked regions
2026-06-12 12:33:30,277 - DEBUG - Counting for batch 75, containing 100 cells and 584561 reads
2026-06-12 12:33:34,331 - DEBUG - 0 reads not considered because fully enclosed in repeat masked regions
2026-06-12 12:33:41,730 - DEBUG - Counting for batch 76, containing 100 cells and 666234 reads
2026-06-12 12:33:46,251 - DEBUG - 0 reads not considered because fully enclosed in repeat masked regions
2026-06-12 12:33:52,779 - DEBUG - Counting for batch 77, containing 100 cells and 563218 reads
2026-06-12 12:33:55,744 - DEBUG - 0 reads not considered because fully enclosed in repeat masked regions
2026-06-12 12:34:03,592 - DEBUG - Counting for batch 78, containing 100 cells and 654579 reads
2026-06-12 12:34:08,157 - DEBUG - 0 reads not considered because fully enclosed in repeat masked regions
2026-06-12 12:34:14,802 - DEBUG - Counting for batch 79, containing 100 cells and 573185 reads
2026-06-12 12:34:17,891 - DEBUG - 0 reads not considered because fully enclosed in repeat masked regions
2026-06-12 12:34:24,348 - DEBUG - Read first 110 million reads
2026-06-12 12:34:25,997 - DEBUG - Counting for batch 80, containing 100 cells and 667198 reads
2026-06-12 12:34:29,687 - DEBUG - 0 reads not considered because fully enclosed in repeat masked regions
2026-06-12 12:34:36,925 - DEBUG - Counting for batch 81, containing 100 cells and 570733 reads
2026-06-12 12:34:40,099 - DEBUG - 0 reads not considered because fully enclosed in repeat masked regions
2026-06-12 12:34:47,876 - DEBUG - Counting for batch 82, containing 100 cells and 659048 reads
2026-06-12 12:34:52,452 - DEBUG - 0 reads not considered because fully enclosed in repeat masked regions
2026-06-12 12:34:59,454 - DEBUG - Counting for batch 83, containing 100 cells and 615221 reads
2026-06-12 12:35:02,854 - DEBUG - 0 reads not considered because fully enclosed in repeat masked regions
2026-06-12 12:35:10,983 - DEBUG - Counting for batch 84, containing 100 cells and 668810 reads
2026-06-12 12:35:14,712 - DEBUG - 0 reads not considered because fully enclosed in repeat masked regions
2026-06-12 12:35:22,906 - DEBUG - Counting for batch 85, containing 100 cells and 674324 reads
2026-06-12 12:35:27,585 - DEBUG - 0 reads not considered because fully enclosed in repeat masked regions
2026-06-12 12:35:34,422 - DEBUG - Counting for batch 86, containing 100 cells and 610494 reads
2026-06-12 12:35:37,841 - DEBUG - 0 reads not considered because fully enclosed in repeat masked regions
2026-06-12 12:35:45,154 - DEBUG - Counting for batch 87, containing 100 cells and 577318 reads
2026-06-12 12:35:48,296 - DEBUG - 0 reads not considered because fully enclosed in repeat masked regions
2026-06-12 12:35:55,999 - DEBUG - Counting for batch 88, containing 100 cells and 650812 reads
2026-06-12 12:35:59,586 - DEBUG - 0 reads not considered because fully enclosed in repeat masked regions
2026-06-12 12:36:02,245 - DEBUG - Read first 120 million reads
2026-06-12 12:36:06,826 - DEBUG - Counting for batch 89, containing 100 cells and 561239 reads
2026-06-12 12:36:09,940 - DEBUG - 0 reads not considered because fully enclosed in repeat masked regions
2026-06-12 12:36:17,988 - DEBUG - Counting for batch 90, containing 100 cells and 673359 reads
2026-06-12 12:36:21,649 - DEBUG - 0 reads not considered because fully enclosed in repeat masked regions
2026-06-12 12:36:30,194 - DEBUG - Counting for batch 91, containing 100 cells and 729468 reads
2026-06-12 12:36:35,091 - DEBUG - 0 reads not considered because fully enclosed in repeat masked regions
2026-06-12 12:36:40,805 - DEBUG - Counting for batch 92, containing 100 cells and 559966 reads
2026-06-12 12:36:44,875 - DEBUG - 0 reads not considered because fully enclosed in repeat masked regions
2026-06-12 12:36:51,129 - DEBUG - Counting for batch 93, containing 100 cells and 540058 reads
2026-06-12 12:36:54,977 - DEBUG - 0 reads not considered because fully enclosed in repeat masked regions
2026-06-12 12:37:02,575 - DEBUG - Counting for batch 94, containing 100 cells and 710759 reads
2026-06-12 12:37:07,506 - DEBUG - 0 reads not considered because fully enclosed in repeat masked regions
2026-06-12 12:37:14,584 - DEBUG - Counting for batch 95, containing 100 cells and 636219 reads
2026-06-12 12:37:17,960 - DEBUG - 0 reads not considered because fully enclosed in repeat masked regions
2026-06-12 12:37:24,391 - DEBUG - Counting for batch 96, containing 100 cells and 566281 reads
2026-06-12 12:37:28,466 - DEBUG - 0 reads not considered because fully enclosed in repeat masked regions
2026-06-12 12:37:30,982 - DEBUG - Read first 130 million reads
2026-06-12 12:37:35,502 - DEBUG - Counting for batch 97, containing 100 cells and 650776 reads
2026-06-12 12:37:40,084 - DEBUG - 0 reads not considered because fully enclosed in repeat masked regions
2026-06-12 12:37:46,913 - DEBUG - Counting for batch 98, containing 100 cells and 611232 reads
2026-06-12 12:37:51,300 - DEBUG - 0 reads not considered because fully enclosed in repeat masked regions
2026-06-12 12:37:58,028 - DEBUG - Counting for batch 99, containing 100 cells and 583790 reads
2026-06-12 12:38:01,403 - DEBUG - 0 reads not considered because fully enclosed in repeat masked regions
2026-06-12 12:38:08,962 - DEBUG - Counting for batch 100, containing 100 cells and 590977 reads
2026-06-12 12:38:12,277 - DEBUG - 0 reads not considered because fully enclosed in repeat masked regions
2026-06-12 12:38:20,020 - DEBUG - Counting for batch 101, containing 100 cells and 628500 reads
2026-06-12 12:38:23,528 - DEBUG - 0 reads not considered because fully enclosed in repeat masked regions
2026-06-12 12:38:28,657 - DEBUG - Counting for batch 102, containing 76 cells and 417784 reads
2026-06-12 12:38:31,958 - DEBUG - 0 reads not considered because fully enclosed in repeat masked regions
2026-06-12 12:38:32,382 - DEBUG - 5042953 reads were skipped because no apropiate cell or umi barcode was found
2026-06-12 12:38:32,383 - DEBUG - Counting done!
2026-06-12 12:38:32,393 - DEBUG - Generating output file /research/peer/fdeckert/FD20250213HSCT/data/object/velocyto/HSCT_7851_transcriptome/velocyto.loom
2026-06-12 12:38:32,393 - DEBUG - Collecting row attributes
2026-06-12 12:38:32,477 - DEBUG - Generating data table
2026-06-12 12:38:34,091 - DEBUG - Writing loom file
2026-06-12 12:38:35,531 - DEBUG - Creating converter from 5 to 3
2026-06-12 12:38:35,562 - DEBUG - Creating converter from 3 to 5
2026-06-12 12:38:46,229 - DEBUG - Terminated Succesfully!
