2026-06-12 11:42:52,793 - DEBUG - Using logic: Permissive10X
2026-06-12 11:42:52,817 - INFO - Read 1871 cell barcodes from /research/lab_stary/sequencing_projects/hsct/COUNT/S_7642_day0_transcriptome/filtered_feature_bc_matrix/barcodes.tsv.gz
2026-06-12 11:42:52,817 - DEBUG - Example of barcode: AAACCTGAGACCTAGG and cell_id: velocyto:AAACCTGAGACCTAGG-1
2026-06-12 11:42:52,832 - DEBUG - Peeking into /research/peer/fdeckert/FD20250213HSCT/data/object/velocyto/S_7642_day0_transcriptome/possorted_genome_bam.bam
2026-06-12 11:42:52,850 - WARNING - Not found cell and umi barcode in entry 117 of the bam file
2026-06-12 11:42:52,850 - WARNING - Not found cell and umi barcode in entry 149 of the bam file
2026-06-12 11:42:52,850 - WARNING - Not found cell and umi barcode in entry 307 of the bam file
2026-06-12 11:42:52,851 - WARNING - Not found cell and umi barcode in entry 321 of the bam file
2026-06-12 11:42:52,851 - WARNING - Not found cell and umi barcode in entry 322 of the bam file
2026-06-12 11:42:52,851 - WARNING - Not found cell and umi barcode in entry 323 of the bam file
2026-06-12 11:42:52,851 - WARNING - Not found cell and umi barcode in entry 324 of the bam file
2026-06-12 11:42:52,851 - WARNING - Not found cell and umi barcode in entry 325 of the bam file
2026-06-12 11:42:52,851 - WARNING - Not found cell and umi barcode in entry 326 of the bam file
2026-06-12 11:42:52,851 - WARNING - Not found cell and umi barcode in entry 337 of the bam file
2026-06-12 11:42:52,851 - WARNING - Not found cell and umi barcode in entry 338 of the bam file
2026-06-12 11:42:52,851 - WARNING - Not found cell and umi barcode in entry 339 of the bam file
2026-06-12 11:42:52,851 - WARNING - Not found cell and umi barcode in entry 340 of the bam file
2026-06-12 11:42:52,851 - WARNING - Not found cell and umi barcode in entry 341 of the bam file
2026-06-12 11:42:52,851 - WARNING - Not found cell and umi barcode in entry 342 of the bam file
2026-06-12 11:42:52,851 - WARNING - Not found cell and umi barcode in entry 343 of the bam file
2026-06-12 11:42:52,851 - WARNING - Not found cell and umi barcode in entry 344 of the bam file
2026-06-12 11:42:52,851 - WARNING - Not found cell and umi barcode in entry 345 of the bam file
2026-06-12 11:42:52,851 - WARNING - Not found cell and umi barcode in entry 346 of the bam file
2026-06-12 11:42:52,851 - WARNING - Not found cell and umi barcode in entry 347 of the bam file
2026-06-12 11:42:52,851 - WARNING - Not found cell and umi barcode in entry 348 of the bam file
2026-06-12 11:42:52,851 - WARNING - Not found cell and umi barcode in entry 352 of the bam file
2026-06-12 11:42:52,851 - WARNING - Not found cell and umi barcode in entry 450 of the bam file
2026-06-12 11:42:52,851 - WARNING - Not found cell and umi barcode in entry 451 of the bam file
2026-06-12 11:42:52,851 - WARNING - Not found cell and umi barcode in entry 452 of the bam file
2026-06-12 11:42:52,851 - WARNING - Not found cell and umi barcode in entry 453 of the bam file
2026-06-12 11:42:52,851 - WARNING - Not found cell and umi barcode in entry 454 of the bam file
2026-06-12 11:42:52,851 - WARNING - Not found cell and umi barcode in entry 455 of the bam file
2026-06-12 11:42:52,853 - WARNING - Not found cell and umi barcode in entry 871 of the bam file
2026-06-12 11:42:52,853 - WARNING - Not found cell and umi barcode in entry 924 of the bam file
2026-06-12 11:42:52,853 - WARNING - Not found cell and umi barcode in entry 926 of the bam file
2026-06-12 11:42:52,853 - WARNING - Not found cell and umi barcode in entry 952 of the bam file
2026-06-12 11:42:52,854 - WARNING - Not found cell and umi barcode in entry 955 of the bam file
2026-06-12 11:42:52,854 - WARNING - Not found cell and umi barcode in entry 959 of the bam file
2026-06-12 11:42:52,854 - WARNING - Not found cell and umi barcode in entry 960 of the bam file
2026-06-12 11:42:52,854 - WARNING - Not found cell and umi barcode in entry 961 of the bam file
2026-06-12 11:42:52,857 - INFO - Starting the sorting process of /research/peer/fdeckert/FD20250213HSCT/data/object/velocyto/S_7642_day0_transcriptome/possorted_genome_bam.bam the output will be at: /research/peer/fdeckert/FD20250213HSCT/data/object/velocyto/S_7642_day0_transcriptome/cellsorted_possorted_genome_bam.bam
2026-06-12 11:42:52,857 - INFO - Command being run is: samtools sort -l 7 -m 100M -t CB -O BAM -@ 16 -o /research/peer/fdeckert/FD20250213HSCT/data/object/velocyto/S_7642_day0_transcriptome/cellsorted_possorted_genome_bam.bam /research/peer/fdeckert/FD20250213HSCT/data/object/velocyto/S_7642_day0_transcriptome/possorted_genome_bam.bam
2026-06-12 11:42:52,857 - INFO - While the bam sorting happens do other things...
2026-06-12 11:42:52,857 - INFO - Load the annotation from /nobackup/peer/fdeckert/cellranger/GRCh38-2020-A/GRCh38/genes/genes.gtf
2026-06-12 11:42:59,197 - DEBUG - Parsing Chromosome GL000009.2 strand - [line 0]
2026-06-12 11:42:59,197 - DEBUG - Done with GL000009.2- [line 7]
2026-06-12 11:42:59,197 - DEBUG - Assigning indexes to genes
2026-06-12 11:42:59,197 - DEBUG - Seen 1 genes until now
2026-06-12 11:42:59,197 - DEBUG - Parsing Chromosome GL000194.1 strand - [line 8]
2026-06-12 11:42:59,198 - DEBUG - Done with GL000194.1- [line 33]
2026-06-12 11:42:59,198 - DEBUG - Assigning indexes to genes
2026-06-12 11:42:59,198 - DEBUG - Seen 3 genes until now
2026-06-12 11:42:59,198 - DEBUG - Parsing Chromosome GL000195.1 strand - [line 34]
2026-06-12 11:42:59,198 - DEBUG - Done with GL000195.1- [line 43]
2026-06-12 11:42:59,198 - DEBUG - Assigning indexes to genes
2026-06-12 11:42:59,198 - DEBUG - Seen 4 genes until now
2026-06-12 11:42:59,198 - DEBUG - Parsing Chromosome GL000195.1 strand + [line 44]
2026-06-12 11:42:59,198 - DEBUG - Done with GL000195.1+ [line 57]
2026-06-12 11:42:59,198 - DEBUG - Assigning indexes to genes
2026-06-12 11:42:59,198 - DEBUG - Seen 5 genes until now
2026-06-12 11:42:59,198 - DEBUG - Parsing Chromosome GL000205.2 strand - [line 58]
2026-06-12 11:42:59,198 - DEBUG - Done with GL000205.2- [line 71]
2026-06-12 11:42:59,198 - DEBUG - Assigning indexes to genes
2026-06-12 11:42:59,198 - DEBUG - Seen 6 genes until now
2026-06-12 11:42:59,198 - DEBUG - Parsing Chromosome GL000213.1 strand - [line 72]
2026-06-12 11:42:59,198 - DEBUG - Done with GL000213.1- [line 120]
2026-06-12 11:42:59,198 - DEBUG - Assigning indexes to genes
2026-06-12 11:42:59,198 - DEBUG - Seen 7 genes until now
2026-06-12 11:42:59,198 - DEBUG - Parsing Chromosome GL000218.1 strand - [line 121]
2026-06-12 11:42:59,198 - DEBUG - Done with GL000218.1- [line 128]
2026-06-12 11:42:59,198 - DEBUG - Assigning indexes to genes
2026-06-12 11:42:59,198 - DEBUG - Seen 8 genes until now
2026-06-12 11:42:59,198 - DEBUG - Parsing Chromosome GL000219.1 strand - [line 129]
2026-06-12 11:42:59,198 - DEBUG - Done with GL000219.1- [line 141]
2026-06-12 11:42:59,199 - DEBUG - Assigning indexes to genes
2026-06-12 11:42:59,199 - DEBUG - Seen 9 genes until now
2026-06-12 11:42:59,199 - DEBUG - Parsing Chromosome KI270711.1 strand - [line 142]
2026-06-12 11:42:59,199 - DEBUG - Done with KI270711.1- [line 292]
2026-06-12 11:42:59,199 - DEBUG - Assigning indexes to genes
2026-06-12 11:42:59,199 - DEBUG - Seen 10 genes until now
2026-06-12 11:42:59,199 - DEBUG - Parsing Chromosome KI270713.1 strand - [line 293]
2026-06-12 11:42:59,199 - DEBUG - Done with KI270713.1- [line 300]
2026-06-12 11:42:59,199 - DEBUG - Assigning indexes to genes
2026-06-12 11:42:59,199 - DEBUG - Seen 11 genes until now
2026-06-12 11:42:59,199 - DEBUG - Parsing Chromosome KI270713.1 strand + [line 301]
2026-06-12 11:42:59,199 - DEBUG - Done with KI270713.1+ [line 307]
2026-06-12 11:42:59,199 - DEBUG - Assigning indexes to genes
2026-06-12 11:42:59,199 - DEBUG - Seen 12 genes until now
2026-06-12 11:42:59,199 - DEBUG - Parsing Chromosome KI270721.1 strand + [line 308]
2026-06-12 11:42:59,199 - DEBUG - Done with KI270721.1+ [line 323]
2026-06-12 11:42:59,199 - DEBUG - Assigning indexes to genes
2026-06-12 11:42:59,199 - DEBUG - Seen 13 genes until now
2026-06-12 11:42:59,199 - DEBUG - Parsing Chromosome KI270726.1 strand + [line 324]
2026-06-12 11:42:59,199 - DEBUG - Done with KI270726.1+ [line 334]
2026-06-12 11:42:59,199 - DEBUG - Assigning indexes to genes
2026-06-12 11:42:59,199 - DEBUG - Seen 15 genes until now
2026-06-12 11:42:59,199 - DEBUG - Parsing Chromosome KI270727.1 strand - [line 335]
2026-06-12 11:42:59,200 - DEBUG - Done with KI270727.1- [line 394]
2026-06-12 11:42:59,200 - DEBUG - Assigning indexes to genes
2026-06-12 11:42:59,200 - DEBUG - Seen 17 genes until now
2026-06-12 11:42:59,200 - DEBUG - Parsing Chromosome KI270727.1 strand + [line 395]
2026-06-12 11:42:59,200 - DEBUG - Done with KI270727.1+ [line 409]
2026-06-12 11:42:59,200 - DEBUG - Assigning indexes to genes
2026-06-12 11:42:59,200 - DEBUG - Seen 19 genes until now
2026-06-12 11:42:59,200 - DEBUG - Parsing Chromosome KI270728.1 strand - [line 410]
2026-06-12 11:42:59,200 - DEBUG - Done with KI270728.1- [line 486]
2026-06-12 11:42:59,200 - DEBUG - Assigning indexes to genes
2026-06-12 11:42:59,200 - DEBUG - Seen 21 genes until now
2026-06-12 11:42:59,200 - DEBUG - Parsing Chromosome KI270728.1 strand + [line 487]
2026-06-12 11:42:59,200 - DEBUG - Done with KI270728.1+ [line 523]
2026-06-12 11:42:59,200 - DEBUG - Assigning indexes to genes
2026-06-12 11:42:59,200 - DEBUG - Seen 25 genes until now
2026-06-12 11:42:59,200 - DEBUG - Parsing Chromosome KI270731.1 strand - [line 524]
2026-06-12 11:42:59,200 - DEBUG - Done with KI270731.1- [line 530]
2026-06-12 11:42:59,200 - DEBUG - Assigning indexes to genes
2026-06-12 11:42:59,200 - DEBUG - Seen 26 genes until now
2026-06-12 11:42:59,200 - DEBUG - Parsing Chromosome KI270734.1 strand - [line 531]
2026-06-12 11:42:59,201 - DEBUG - Done with KI270734.1- [line 599]
2026-06-12 11:42:59,201 - DEBUG - Assigning indexes to genes
2026-06-12 11:42:59,201 - DEBUG - Seen 27 genes until now
2026-06-12 11:42:59,201 - DEBUG - Parsing Chromosome KI270734.1 strand + [line 600]
2026-06-12 11:42:59,201 - DEBUG - Done with KI270734.1+ [line 622]
2026-06-12 11:42:59,201 - DEBUG - Assigning indexes to genes
2026-06-12 11:42:59,201 - DEBUG - Seen 29 genes until now
2026-06-12 11:42:59,201 - DEBUG - Parsing Chromosome 1 strand - [line 623]
2026-06-12 11:42:59,798 - DEBUG - Done with 1- [line 118876]
2026-06-12 11:42:59,798 - DEBUG - Assigning indexes to genes
2026-06-12 11:42:59,805 - DEBUG - Seen 1711 genes until now
2026-06-12 11:42:59,805 - DEBUG - Parsing Chromosome 1 strand + [line 118877]
2026-06-12 11:43:00,577 - DEBUG - Done with 1+ [line 253796]
2026-06-12 11:43:00,577 - DEBUG - Assigning indexes to genes
2026-06-12 11:43:00,583 - DEBUG - Seen 3439 genes until now
2026-06-12 11:43:00,583 - DEBUG - Parsing Chromosome 10 strand - [line 253797]
2026-06-12 11:43:00,721 - DEBUG - Done with 10- [line 304078]
2026-06-12 11:43:00,722 - DEBUG - Assigning indexes to genes
2026-06-12 11:43:00,724 - DEBUG - Seen 4100 genes until now
2026-06-12 11:43:00,724 - DEBUG - Parsing Chromosome 10 strand + [line 304079]
2026-06-12 11:43:00,903 - DEBUG - Done with 10+ [line 356023]
2026-06-12 11:43:00,904 - DEBUG - Assigning indexes to genes
2026-06-12 11:43:00,906 - DEBUG - Seen 4833 genes until now
2026-06-12 11:43:00,906 - DEBUG - Parsing Chromosome 11 strand - [line 356024]
2026-06-12 11:43:01,335 - DEBUG - Done with 11- [line 438038]
2026-06-12 11:43:01,335 - DEBUG - Assigning indexes to genes
2026-06-12 11:43:01,341 - DEBUG - Seen 5833 genes until now
2026-06-12 11:43:01,341 - DEBUG - Parsing Chromosome 11 strand + [line 438039]
2026-06-12 11:43:01,657 - DEBUG - Done with 11+ [line 521163]
2026-06-12 11:43:01,657 - DEBUG - Assigning indexes to genes
2026-06-12 11:43:01,663 - DEBUG - Seen 6898 genes until now
2026-06-12 11:43:01,663 - DEBUG - Parsing Chromosome 12 strand - [line 521164]
2026-06-12 11:43:02,199 - DEBUG - Done with 12- [line 601582]
2026-06-12 11:43:02,200 - DEBUG - Assigning indexes to genes
2026-06-12 11:43:02,203 - DEBUG - Seen 7848 genes until now
2026-06-12 11:43:02,203 - DEBUG - Parsing Chromosome 12 strand + [line 601583]
2026-06-12 11:43:02,469 - DEBUG - Done with 12+ [line 681983]
2026-06-12 11:43:02,470 - DEBUG - Assigning indexes to genes
2026-06-12 11:43:02,476 - DEBUG - Seen 8826 genes until now
2026-06-12 11:43:02,477 - DEBUG - Parsing Chromosome 13 strand - [line 681984]
2026-06-12 11:43:02,555 - DEBUG - Done with 13- [line 702449]
2026-06-12 11:43:02,555 - DEBUG - Assigning indexes to genes
2026-06-12 11:43:02,557 - DEBUG - Seen 9225 genes until now
2026-06-12 11:43:02,557 - DEBUG - Parsing Chromosome 13 strand + [line 702450]
2026-06-12 11:43:02,628 - DEBUG - Done with 13+ [line 726349]
2026-06-12 11:43:02,629 - DEBUG - Assigning indexes to genes
2026-06-12 11:43:02,631 - DEBUG - Seen 9614 genes until now
2026-06-12 11:43:02,631 - DEBUG - Parsing Chromosome 14 strand - [line 726350]
2026-06-12 11:43:03,000 - DEBUG - Done with 14- [line 770987]
2026-06-12 11:43:03,001 - DEBUG - Assigning indexes to genes
2026-06-12 11:43:03,003 - DEBUG - Seen 10373 genes until now
2026-06-12 11:43:03,003 - DEBUG - Parsing Chromosome 14 strand + [line 770988]
2026-06-12 11:43:03,140 - DEBUG - Done with 14+ [line 822908]
2026-06-12 11:43:03,140 - DEBUG - Assigning indexes to genes
2026-06-12 11:43:03,143 - DEBUG - Seen 11088 genes until now
2026-06-12 11:43:03,143 - DEBUG - Parsing Chromosome 15 strand - [line 822909]
2026-06-12 11:43:03,279 - DEBUG - Done with 15- [line 873715]
2026-06-12 11:43:03,279 - DEBUG - Assigning indexes to genes
2026-06-12 11:43:03,281 - DEBUG - Seen 11734 genes until now
2026-06-12 11:43:03,281 - DEBUG - Parsing Chromosome 15 strand + [line 873716]
2026-06-12 11:43:03,435 - DEBUG - Done with 15+ [line 923824]
2026-06-12 11:43:03,435 - DEBUG - Assigning indexes to genes
2026-06-12 11:43:03,438 - DEBUG - Seen 12355 genes until now
2026-06-12 11:43:03,438 - DEBUG - Parsing Chromosome 16 strand - [line 923825]
2026-06-12 11:43:03,600 - DEBUG - Done with 16- [line 979238]
2026-06-12 11:43:03,600 - DEBUG - Assigning indexes to genes
2026-06-12 11:43:03,603 - DEBUG - Seen 13151 genes until now
2026-06-12 11:43:03,603 - DEBUG - Parsing Chromosome 16 strand + [line 979239]
2026-06-12 11:43:04,112 - DEBUG - Done with 16+ [line 1052152]
2026-06-12 11:43:04,112 - DEBUG - Assigning indexes to genes
2026-06-12 11:43:04,116 - DEBUG - Seen 14004 genes until now
2026-06-12 11:43:04,116 - DEBUG - Parsing Chromosome 17 strand - [line 1052153]
2026-06-12 11:43:04,441 - DEBUG - Done with 17- [line 1140008]
2026-06-12 11:43:04,442 - DEBUG - Assigning indexes to genes
2026-06-12 11:43:04,448 - DEBUG - Seen 15039 genes until now
2026-06-12 11:43:04,448 - DEBUG - Parsing Chromosome 17 strand + [line 1140009]
2026-06-12 11:43:04,696 - DEBUG - Done with 17+ [line 1219447]
2026-06-12 11:43:04,697 - DEBUG - Assigning indexes to genes
2026-06-12 11:43:04,702 - DEBUG - Seen 15996 genes until now
2026-06-12 11:43:04,702 - DEBUG - Parsing Chromosome 18 strand - [line 1219448]
2026-06-12 11:43:04,813 - DEBUG - Done with 18- [line 1246083]
2026-06-12 11:43:04,813 - DEBUG - Assigning indexes to genes
2026-06-12 11:43:04,815 - DEBUG - Seen 16371 genes until now
2026-06-12 11:43:04,815 - DEBUG - Parsing Chromosome 18 strand + [line 1246084]
2026-06-12 11:43:04,911 - DEBUG - Done with 18+ [line 1269821]
2026-06-12 11:43:04,911 - DEBUG - Assigning indexes to genes
2026-06-12 11:43:04,913 - DEBUG - Seen 16777 genes until now
2026-06-12 11:43:04,913 - DEBUG - Parsing Chromosome 19 strand - [line 1269822]
2026-06-12 11:43:05,588 - DEBUG - Done with 19- [line 1350736]
2026-06-12 11:43:05,589 - DEBUG - Assigning indexes to genes
2026-06-12 11:43:05,596 - DEBUG - Seen 17790 genes until now
2026-06-12 11:43:05,596 - DEBUG - Parsing Chromosome 19 strand + [line 1350737]
2026-06-12 11:43:05,876 - DEBUG - Done with 19+ [line 1435648]
2026-06-12 11:43:05,877 - DEBUG - Assigning indexes to genes
2026-06-12 11:43:05,883 - DEBUG - Seen 18804 genes until now
2026-06-12 11:43:05,883 - DEBUG - Parsing Chromosome 2 strand - [line 1435649]
2026-06-12 11:43:06,332 - DEBUG - Done with 2- [line 1542996]
2026-06-12 11:43:06,333 - DEBUG - Assigning indexes to genes
2026-06-12 11:43:06,340 - DEBUG - Seen 20037 genes until now
2026-06-12 11:43:06,340 - DEBUG - Parsing Chromosome 2 strand + [line 1542997]
2026-06-12 11:43:06,755 - DEBUG - Done with 2+ [line 1642863]
2026-06-12 11:43:06,755 - DEBUG - Assigning indexes to genes
2026-06-12 11:43:06,763 - DEBUG - Seen 21345 genes until now
2026-06-12 11:43:06,764 - DEBUG - Parsing Chromosome 20 strand - [line 1642864]
2026-06-12 11:43:06,890 - DEBUG - Done with 20- [line 1672442]
2026-06-12 11:43:06,890 - DEBUG - Assigning indexes to genes
2026-06-12 11:43:06,892 - DEBUG - Seen 21828 genes until now
2026-06-12 11:43:06,892 - DEBUG - Parsing Chromosome 20 strand + [line 1672443]
2026-06-12 11:43:07,051 - DEBUG - Done with 20+ [line 1707817]
2026-06-12 11:43:07,051 - DEBUG - Assigning indexes to genes
2026-06-12 11:43:07,056 - DEBUG - Seen 22309 genes until now
2026-06-12 11:43:07,056 - DEBUG - Parsing Chromosome 21 strand - [line 1707818]
2026-06-12 11:43:07,623 - DEBUG - Done with 21- [line 1722798]
2026-06-12 11:43:07,623 - DEBUG - Assigning indexes to genes
2026-06-12 11:43:07,624 - DEBUG - Seen 22596 genes until now
2026-06-12 11:43:07,624 - DEBUG - Parsing Chromosome 21 strand + [line 1722799]
2026-06-12 11:43:07,668 - DEBUG - Done with 21+ [line 1738981]
2026-06-12 11:43:07,668 - DEBUG - Assigning indexes to genes
2026-06-12 11:43:07,669 - DEBUG - Seen 22864 genes until now
2026-06-12 11:43:07,669 - DEBUG - Parsing Chromosome 22 strand - [line 1738982]
2026-06-12 11:43:07,743 - DEBUG - Done with 22- [line 1765357]
2026-06-12 11:43:07,743 - DEBUG - Assigning indexes to genes
2026-06-12 11:43:07,744 - DEBUG - Seen 23260 genes until now
2026-06-12 11:43:07,744 - DEBUG - Parsing Chromosome 22 strand + [line 1765358]
2026-06-12 11:43:07,851 - DEBUG - Done with 22+ [line 1797598]
2026-06-12 11:43:07,852 - DEBUG - Assigning indexes to genes
2026-06-12 11:43:07,853 - DEBUG - Seen 23765 genes until now
2026-06-12 11:43:07,853 - DEBUG - Parsing Chromosome 3 strand - [line 1797599]
2026-06-12 11:43:08,105 - DEBUG - Done with 3- [line 1887377]
2026-06-12 11:43:08,105 - DEBUG - Assigning indexes to genes
2026-06-12 11:43:08,110 - DEBUG - Seen 24693 genes until now
2026-06-12 11:43:08,110 - DEBUG - Parsing Chromosome 3 strand + [line 1887378]
2026-06-12 11:43:08,450 - DEBUG - Done with 3+ [line 1977011]
2026-06-12 11:43:08,450 - DEBUG - Assigning indexes to genes
2026-06-12 11:43:08,457 - DEBUG - Seen 25658 genes until now
2026-06-12 11:43:08,457 - DEBUG - Parsing Chromosome 4 strand - [line 1977012]
2026-06-12 11:43:08,673 - DEBUG - Done with 4- [line 2034238]
2026-06-12 11:43:08,673 - DEBUG - Assigning indexes to genes
2026-06-12 11:43:08,677 - DEBUG - Seen 26401 genes until now
2026-06-12 11:43:08,677 - DEBUG - Parsing Chromosome 4 strand + [line 2034239]
2026-06-12 11:43:08,853 - DEBUG - Done with 4+ [line 2094594]
2026-06-12 11:43:08,853 - DEBUG - Assigning indexes to genes
2026-06-12 11:43:08,856 - DEBUG - Seen 27191 genes until now
2026-06-12 11:43:08,856 - DEBUG - Parsing Chromosome 5 strand - [line 2094595]
2026-06-12 11:43:09,029 - DEBUG - Done with 5- [line 2152660]
2026-06-12 11:43:09,029 - DEBUG - Assigning indexes to genes
2026-06-12 11:43:09,034 - DEBUG - Seen 28071 genes until now
2026-06-12 11:43:09,034 - DEBUG - Parsing Chromosome 5 strand + [line 2152661]
2026-06-12 11:43:09,864 - DEBUG - Done with 5+ [line 2218657]
2026-06-12 11:43:09,864 - DEBUG - Assigning indexes to genes
2026-06-12 11:43:09,869 - DEBUG - Seen 29002 genes until now
2026-06-12 11:43:09,869 - DEBUG - Parsing Chromosome 6 strand - [line 2218658]
2026-06-12 11:43:10,070 - DEBUG - Done with 6- [line 2284937]
2026-06-12 11:43:10,071 - DEBUG - Assigning indexes to genes
2026-06-12 11:43:10,075 - DEBUG - Seen 29928 genes until now
2026-06-12 11:43:10,075 - DEBUG - Parsing Chromosome 6 strand + [line 2284938]
2026-06-12 11:43:10,270 - DEBUG - Done with 6+ [line 2345240]
2026-06-12 11:43:10,270 - DEBUG - Assigning indexes to genes
2026-06-12 11:43:10,273 - DEBUG - Seen 30829 genes until now
2026-06-12 11:43:10,273 - DEBUG - Parsing Chromosome 7 strand - [line 2345241]
2026-06-12 11:43:10,472 - DEBUG - Done with 7- [line 2406845]
2026-06-12 11:43:10,473 - DEBUG - Assigning indexes to genes
2026-06-12 11:43:10,476 - DEBUG - Seen 31621 genes until now
2026-06-12 11:43:10,476 - DEBUG - Parsing Chromosome 7 strand + [line 2406846]
2026-06-12 11:43:10,702 - DEBUG - Done with 7+ [line 2476014]
2026-06-12 11:43:10,702 - DEBUG - Assigning indexes to genes
2026-06-12 11:43:10,706 - DEBUG - Seen 32515 genes until now
2026-06-12 11:43:10,706 - DEBUG - Parsing Chromosome 8 strand - [line 2476015]
2026-06-12 11:43:10,839 - DEBUG - Done with 8- [line 2527366]
2026-06-12 11:43:10,839 - DEBUG - Assigning indexes to genes
2026-06-12 11:43:10,842 - DEBUG - Seen 33270 genes until now
2026-06-12 11:43:10,842 - DEBUG - Parsing Chromosome 8 strand + [line 2527367]
2026-06-12 11:43:10,994 - DEBUG - Done with 8+ [line 2577021]
2026-06-12 11:43:10,994 - DEBUG - Assigning indexes to genes
2026-06-12 11:43:10,997 - DEBUG - Seen 34010 genes until now
2026-06-12 11:43:10,997 - DEBUG - Parsing Chromosome 9 strand - [line 2577022]
2026-06-12 11:43:11,165 - DEBUG - Done with 9- [line 2622811]
2026-06-12 11:43:11,165 - DEBUG - Assigning indexes to genes
2026-06-12 11:43:11,169 - DEBUG - Seen 34681 genes until now
2026-06-12 11:43:11,169 - DEBUG - Parsing Chromosome 9 strand + [line 2622812]
2026-06-12 11:43:11,365 - DEBUG - Done with 9+ [line 2672374]
2026-06-12 11:43:11,365 - DEBUG - Assigning indexes to genes
2026-06-12 11:43:11,370 - DEBUG - Seen 35329 genes until now
2026-06-12 11:43:11,370 - DEBUG - Parsing Chromosome M strand - [line 2672375]
2026-06-12 11:43:11,370 - DEBUG - Done with M- [line 2672379]
2026-06-12 11:43:11,370 - DEBUG - Assigning indexes to genes
2026-06-12 11:43:11,370 - DEBUG - Seen 35330 genes until now
2026-06-12 11:43:11,370 - DEBUG - Parsing Chromosome M strand + [line 2672380]
2026-06-12 11:43:11,370 - DEBUG - Done with M+ [line 2672445]
2026-06-12 11:43:11,370 - DEBUG - Assigning indexes to genes
2026-06-12 11:43:11,370 - DEBUG - Seen 35342 genes until now
2026-06-12 11:43:11,370 - DEBUG - Parsing Chromosome X strand - [line 2672446]
2026-06-12 11:43:11,537 - DEBUG - Done with X- [line 2716088]
2026-06-12 11:43:11,537 - DEBUG - Assigning indexes to genes
2026-06-12 11:43:11,541 - DEBUG - Seen 35884 genes until now
2026-06-12 11:43:11,541 - DEBUG - Parsing Chromosome X strand + [line 2716089]
2026-06-12 11:43:11,687 - DEBUG - Done with X+ [line 2760500]
2026-06-12 11:43:11,687 - DEBUG - Assigning indexes to genes
2026-06-12 11:43:11,691 - DEBUG - Seen 36490 genes until now
2026-06-12 11:43:11,691 - DEBUG - Parsing Chromosome Y strand - [line 2760501]
2026-06-12 11:43:11,702 - DEBUG - Done with Y- [line 2763031]
2026-06-12 11:43:11,702 - DEBUG - Assigning indexes to genes
2026-06-12 11:43:11,703 - DEBUG - Seen 36543 genes until now
2026-06-12 11:43:11,703 - DEBUG - Parsing Chromosome Y strand + [line 2763032]
2026-06-12 11:43:11,715 - DEBUG - Assigning indexes to genes
2026-06-12 11:43:11,716 - DEBUG - Done with Y+ [line 2765967]
2026-06-12 11:43:11,716 - DEBUG - Fixing corner cases of transcript models containg intron longer than 1000Kbp
2026-06-12 11:43:13,483 - DEBUG - Generated 2411536 features corresponding to 199138 transcript models from /nobackup/peer/fdeckert/cellranger/GRCh38-2020-A/GRCh38/genes/genes.gtf
2026-06-12 11:43:13,504 - INFO - Scan /research/peer/fdeckert/FD20250213HSCT/data/object/velocyto/S_7642_day0_transcriptome/possorted_genome_bam.bam to validate intron intervals
2026-06-12 11:43:15,278 - DEBUG - Reading /research/peer/fdeckert/FD20250213HSCT/data/object/velocyto/S_7642_day0_transcriptome/possorted_genome_bam.bam
2026-06-12 11:43:15,291 - DEBUG - Read first 0 million reads
2026-06-12 11:43:15,291 - DEBUG - Marking up chromosome 1
2026-06-12 11:44:45,710 - DEBUG - Marking up chromosome 10
2026-06-12 11:44:53,291 - DEBUG - Read first 10 million reads
2026-06-12 11:45:09,933 - DEBUG - Marking up chromosome 11
2026-06-12 11:46:08,505 - DEBUG - Marking up chromosome 12
2026-06-12 11:46:36,613 - DEBUG - Read first 20 million reads
2026-06-12 11:46:51,439 - DEBUG - Marking up chromosome 13
2026-06-12 11:47:04,626 - DEBUG - Marking up chromosome 14
2026-06-12 11:47:25,177 - DEBUG - Marking up chromosome 15
2026-06-12 11:47:55,302 - DEBUG - Marking up chromosome 16
2026-06-12 11:48:21,986 - DEBUG - Marking up chromosome 17
2026-06-12 11:48:29,282 - DEBUG - Read first 30 million reads
2026-06-12 11:48:58,361 - DEBUG - Marking up chromosome 18
2026-06-12 11:49:03,713 - DEBUG - Marking up chromosome 19
2026-06-12 11:50:18,981 - DEBUG - Marking up chromosome 2
2026-06-12 11:50:21,489 - DEBUG - Read first 40 million reads
2026-06-12 11:51:04,988 - DEBUG - Marking up chromosome 20
2026-06-12 11:51:22,599 - DEBUG - Marking up chromosome 21
2026-06-12 11:51:31,892 - DEBUG - Read first 50 million reads
2026-06-12 11:51:44,805 - DEBUG - Marking up chromosome 22
2026-06-12 11:51:56,333 - DEBUG - Marking up chromosome 3
2026-06-12 11:52:22,442 - DEBUG - Marking up chromosome 4
2026-06-12 11:52:36,652 - DEBUG - Read first 60 million reads
2026-06-12 11:52:37,150 - DEBUG - Marking up chromosome 5
2026-06-12 11:52:57,306 - DEBUG - Marking up chromosome 6
2026-06-12 11:53:28,532 - DEBUG - Marking up chromosome 7
2026-06-12 11:53:43,307 - DEBUG - Marking up chromosome 8
2026-06-12 11:53:46,709 - DEBUG - Read first 70 million reads
2026-06-12 11:53:59,438 - DEBUG - Marking up chromosome 9
2026-06-12 11:54:15,206 - DEBUG - Marking up chromosome MT
2026-06-12 11:54:15,208 - WARNING - The .bam file refers to a chromosome 'MT+' not present in the annotation (.gtf) file
2026-06-12 11:54:15,208 - WARNING - The .bam file refers to a chromosome 'MT-' not present in the annotation (.gtf) file
2026-06-12 11:54:44,830 - DEBUG - Read first 80 million reads
2026-06-12 11:55:11,393 - DEBUG - Marking up chromosome X
2026-06-12 11:55:31,745 - DEBUG - Marking up chromosome Y
2026-06-12 11:55:32,410 - DEBUG - Marking up chromosome KI270728.1
2026-06-12 11:55:32,411 - DEBUG - Marking up chromosome KI270727.1
2026-06-12 11:55:32,411 - DEBUG - Marking up chromosome KI270442.1
2026-06-12 11:55:32,411 - WARNING - The .bam file refers to a chromosome 'KI270442.1+' not present in the annotation (.gtf) file
2026-06-12 11:55:32,411 - WARNING - The .bam file refers to a chromosome 'KI270442.1-' not present in the annotation (.gtf) file
2026-06-12 11:55:32,412 - DEBUG - Marking up chromosome KI270743.1
2026-06-12 11:55:32,412 - WARNING - The .bam file refers to a chromosome 'KI270743.1+' not present in the annotation (.gtf) file
2026-06-12 11:55:32,412 - WARNING - The .bam file refers to a chromosome 'KI270743.1-' not present in the annotation (.gtf) file
2026-06-12 11:55:32,412 - DEBUG - Marking up chromosome GL000008.2
2026-06-12 11:55:32,412 - WARNING - The .bam file refers to a chromosome 'GL000008.2+' not present in the annotation (.gtf) file
2026-06-12 11:55:32,412 - WARNING - The .bam file refers to a chromosome 'GL000008.2-' not present in the annotation (.gtf) file
2026-06-12 11:55:32,412 - DEBUG - Marking up chromosome GL000009.2
2026-06-12 11:55:32,412 - WARNING - The .bam file refers to a chromosome 'GL000009.2+' not present in the annotation (.gtf) file
2026-06-12 11:55:32,413 - DEBUG - Marking up chromosome GL000194.1
2026-06-12 11:55:32,413 - WARNING - The .bam file refers to a chromosome 'GL000194.1+' not present in the annotation (.gtf) file
2026-06-12 11:55:32,426 - DEBUG - Marking up chromosome KI270742.1
2026-06-12 11:55:32,426 - WARNING - The .bam file refers to a chromosome 'KI270742.1+' not present in the annotation (.gtf) file
2026-06-12 11:55:32,427 - WARNING - The .bam file refers to a chromosome 'KI270742.1-' not present in the annotation (.gtf) file
2026-06-12 11:55:32,428 - DEBUG - Marking up chromosome GL000205.2
2026-06-12 11:55:32,428 - WARNING - The .bam file refers to a chromosome 'GL000205.2+' not present in the annotation (.gtf) file
2026-06-12 11:55:32,442 - DEBUG - Marking up chromosome GL000195.1
2026-06-12 11:55:32,446 - DEBUG - Marking up chromosome KI270733.1
2026-06-12 11:55:32,446 - WARNING - The .bam file refers to a chromosome 'KI270733.1+' not present in the annotation (.gtf) file
2026-06-12 11:55:32,446 - WARNING - The .bam file refers to a chromosome 'KI270733.1-' not present in the annotation (.gtf) file
2026-06-12 11:55:33,684 - DEBUG - Marking up chromosome GL000219.1
2026-06-12 11:55:33,684 - WARNING - The .bam file refers to a chromosome 'GL000219.1+' not present in the annotation (.gtf) file
2026-06-12 11:55:33,711 - DEBUG - Marking up chromosome KI270719.1
2026-06-12 11:55:33,711 - WARNING - The .bam file refers to a chromosome 'KI270719.1+' not present in the annotation (.gtf) file
2026-06-12 11:55:33,711 - WARNING - The .bam file refers to a chromosome 'KI270719.1-' not present in the annotation (.gtf) file
2026-06-12 11:55:33,712 - DEBUG - Marking up chromosome KI270712.1
2026-06-12 11:55:33,712 - WARNING - The .bam file refers to a chromosome 'KI270712.1+' not present in the annotation (.gtf) file
2026-06-12 11:55:33,712 - WARNING - The .bam file refers to a chromosome 'KI270712.1-' not present in the annotation (.gtf) file
2026-06-12 11:55:33,712 - DEBUG - Marking up chromosome KI270706.1
2026-06-12 11:55:33,712 - WARNING - The .bam file refers to a chromosome 'KI270706.1+' not present in the annotation (.gtf) file
2026-06-12 11:55:33,712 - WARNING - The .bam file refers to a chromosome 'KI270706.1-' not present in the annotation (.gtf) file
2026-06-12 11:55:33,717 - DEBUG - Marking up chromosome KI270725.1
2026-06-12 11:55:33,717 - WARNING - The .bam file refers to a chromosome 'KI270725.1+' not present in the annotation (.gtf) file
2026-06-12 11:55:33,717 - WARNING - The .bam file refers to a chromosome 'KI270725.1-' not present in the annotation (.gtf) file
2026-06-12 11:55:33,717 - DEBUG - Marking up chromosome KI270744.1
2026-06-12 11:55:33,717 - WARNING - The .bam file refers to a chromosome 'KI270744.1+' not present in the annotation (.gtf) file
2026-06-12 11:55:33,717 - WARNING - The .bam file refers to a chromosome 'KI270744.1-' not present in the annotation (.gtf) file
2026-06-12 11:55:33,717 - DEBUG - Marking up chromosome KI270734.1
2026-06-12 11:55:33,718 - DEBUG - Marking up chromosome GL000220.1
2026-06-12 11:55:33,718 - WARNING - The .bam file refers to a chromosome 'GL000220.1+' not present in the annotation (.gtf) file
2026-06-12 11:55:33,718 - WARNING - The .bam file refers to a chromosome 'GL000220.1-' not present in the annotation (.gtf) file
2026-06-12 11:55:35,566 - DEBUG - Read first 90 million reads
2026-06-12 11:55:38,204 - DEBUG - Marking up chromosome GL000218.1
2026-06-12 11:55:38,204 - WARNING - The .bam file refers to a chromosome 'GL000218.1+' not present in the annotation (.gtf) file
2026-06-12 11:55:38,218 - DEBUG - Marking up chromosome GL000221.1
2026-06-12 11:55:38,218 - WARNING - The .bam file refers to a chromosome 'GL000221.1+' not present in the annotation (.gtf) file
2026-06-12 11:55:38,218 - WARNING - The .bam file refers to a chromosome 'GL000221.1-' not present in the annotation (.gtf) file
2026-06-12 11:55:38,220 - DEBUG - Marking up chromosome KI270731.1
2026-06-12 11:55:38,220 - WARNING - The .bam file refers to a chromosome 'KI270731.1+' not present in the annotation (.gtf) file
2026-06-12 11:55:38,220 - DEBUG - Marking up chromosome KI270750.1
2026-06-12 11:55:38,220 - WARNING - The .bam file refers to a chromosome 'KI270750.1+' not present in the annotation (.gtf) file
2026-06-12 11:55:38,220 - WARNING - The .bam file refers to a chromosome 'KI270750.1-' not present in the annotation (.gtf) file
2026-06-12 11:55:38,220 - DEBUG - Marking up chromosome KI270519.1
2026-06-12 11:55:38,220 - WARNING - The .bam file refers to a chromosome 'KI270519.1+' not present in the annotation (.gtf) file
2026-06-12 11:55:38,220 - WARNING - The .bam file refers to a chromosome 'KI270519.1-' not present in the annotation (.gtf) file
2026-06-12 11:55:38,227 - DEBUG - Marking up chromosome KI270721.1
2026-06-12 11:55:38,227 - WARNING - The .bam file refers to a chromosome 'KI270721.1-' not present in the annotation (.gtf) file
2026-06-12 11:55:38,232 - DEBUG - Marking up chromosome KI270748.1
2026-06-12 11:55:38,233 - WARNING - The .bam file refers to a chromosome 'KI270748.1+' not present in the annotation (.gtf) file
2026-06-12 11:55:38,233 - WARNING - The .bam file refers to a chromosome 'KI270748.1-' not present in the annotation (.gtf) file
2026-06-12 11:55:38,233 - DEBUG - Marking up chromosome KI270746.1
2026-06-12 11:55:38,233 - WARNING - The .bam file refers to a chromosome 'KI270746.1+' not present in the annotation (.gtf) file
2026-06-12 11:55:38,233 - WARNING - The .bam file refers to a chromosome 'KI270746.1-' not present in the annotation (.gtf) file
2026-06-12 11:55:38,233 - DEBUG - Marking up chromosome KI270726.1
2026-06-12 11:55:38,233 - WARNING - The .bam file refers to a chromosome 'KI270726.1-' not present in the annotation (.gtf) file
2026-06-12 11:55:38,233 - DEBUG - Marking up chromosome KI270711.1
2026-06-12 11:55:38,233 - WARNING - The .bam file refers to a chromosome 'KI270711.1+' not present in the annotation (.gtf) file
2026-06-12 11:55:38,235 - DEBUG - Marking up chromosome KI270745.1
2026-06-12 11:55:38,235 - WARNING - The .bam file refers to a chromosome 'KI270745.1+' not present in the annotation (.gtf) file
2026-06-12 11:55:38,235 - WARNING - The .bam file refers to a chromosome 'KI270745.1-' not present in the annotation (.gtf) file
2026-06-12 11:55:38,235 - DEBUG - Marking up chromosome KI270713.1
2026-06-12 11:55:38,237 - DEBUG - Marking up chromosome KI270717.1
2026-06-12 11:55:38,237 - WARNING - The .bam file refers to a chromosome 'KI270717.1+' not present in the annotation (.gtf) file
2026-06-12 11:55:38,237 - WARNING - The .bam file refers to a chromosome 'KI270717.1-' not present in the annotation (.gtf) file
2026-06-12 11:55:38,237 - DEBUG - Marking up chromosome KI270720.1
2026-06-12 11:55:38,237 - WARNING - The .bam file refers to a chromosome 'KI270720.1+' not present in the annotation (.gtf) file
2026-06-12 11:55:38,237 - WARNING - The .bam file refers to a chromosome 'KI270720.1-' not present in the annotation (.gtf) file
2026-06-12 11:55:38,237 - DEBUG - Marking up chromosome KI270718.1
2026-06-12 11:55:38,237 - WARNING - The .bam file refers to a chromosome 'KI270718.1+' not present in the annotation (.gtf) file
2026-06-12 11:55:38,237 - WARNING - The .bam file refers to a chromosome 'KI270718.1-' not present in the annotation (.gtf) file
2026-06-12 11:55:38,237 - DEBUG - Marking up chromosome KI270707.1
2026-06-12 11:55:38,238 - WARNING - The .bam file refers to a chromosome 'KI270707.1+' not present in the annotation (.gtf) file
2026-06-12 11:55:38,238 - WARNING - The .bam file refers to a chromosome 'KI270707.1-' not present in the annotation (.gtf) file
2026-06-12 11:55:38,238 - DEBUG - Marking up chromosome KI270467.1
2026-06-12 11:55:38,238 - WARNING - The .bam file refers to a chromosome 'KI270467.1+' not present in the annotation (.gtf) file
2026-06-12 11:55:38,238 - WARNING - The .bam file refers to a chromosome 'KI270467.1-' not present in the annotation (.gtf) file
2026-06-12 11:55:38,238 - DEBUG - Marking up chromosome KI270330.1
2026-06-12 11:55:38,238 - WARNING - The .bam file refers to a chromosome 'KI270330.1+' not present in the annotation (.gtf) file
2026-06-12 11:55:38,238 - WARNING - The .bam file refers to a chromosome 'KI270330.1-' not present in the annotation (.gtf) file
2026-06-12 11:55:45,194 - DEBUG - Read first 100 million reads
2026-06-12 11:55:54,298 - DEBUG - Read first 110 million reads
2026-06-12 11:56:03,770 - DEBUG - Read first 120 million reads
2026-06-12 11:56:13,113 - DEBUG - Read first 130 million reads
2026-06-12 11:56:22,468 - DEBUG - Read first 140 million reads
2026-06-12 11:56:32,089 - DEBUG - Read first 150 million reads
2026-06-12 11:56:41,493 - DEBUG - Read first 160 million reads
2026-06-12 11:56:50,878 - DEBUG - Read first 170 million reads
2026-06-12 11:56:59,795 - DEBUG - End of file. Reset index: start scanning from initial position.
2026-06-12 11:56:59,796 - DEBUG - 5821574 reads were skipped because no apropiate cell or umi barcode was found
2026-06-12 11:56:59,798 - INFO - Now just waiting that the bam sorting process terminates
2026-06-12 11:56:59,798 - INFO - bam file #0 has been sorted
2026-06-12 11:56:59,798 - DEBUG - Start molecule counting!
2026-06-12 11:57:01,199 - DEBUG - Features available for chromosomes : ['GL000009.2-', 'GL000194.1-', 'GL000195.1-', 'GL000195.1+', 'GL000205.2-', 'GL000213.1-', 'GL000218.1-', 'GL000219.1-', 'KI270711.1-', 'KI270713.1-', 'KI270713.1+', 'KI270721.1+', 'KI270726.1+', 'KI270727.1-', 'KI270727.1+', 'KI270728.1-', 'KI270728.1+', 'KI270731.1-', 'KI270734.1-', 'KI270734.1+', '1-', '1+', '10-', '10+', '11-', '11+', '12-', '12+', '13-', '13+', '14-', '14+', '15-', '15+', '16-', '16+', '17-', '17+', '18-', '18+', '19-', '19+', '2-', '2+', '20-', '20+', '21-', '21+', '22-', '22+', '3-', '3+', '4-', '4+', '5-', '5+', '6-', '6+', '7-', '7+', '8-', '8+', '9-', '9+', 'M-', 'M+', 'X-', 'X+', 'Y-', 'Y+']
2026-06-12 11:57:01,199 - DEBUG - Mask available for chromosomes : []
2026-06-12 11:57:01,199 - DEBUG - Summarizing the results of intron validation.
2026-06-12 11:57:01,502 - DEBUG - Validated 298713 introns (of which unique intervals 96759) out of 1106199 total possible introns (considering each possible transcript models).
2026-06-12 11:57:01,503 - DEBUG - Reading /research/peer/fdeckert/FD20250213HSCT/data/object/velocyto/S_7642_day0_transcriptome/cellsorted_possorted_genome_bam.bam
2026-06-12 11:57:01,551 - DEBUG - Read first 0 million reads
2026-06-12 11:57:29,624 - DEBUG - Read first 10 million reads
2026-06-12 11:58:06,189 - DEBUG - Read first 20 million reads
2026-06-12 11:58:11,528 - DEBUG - Counting for batch 1, containing 100 cells and 3423394 reads
2026-06-12 11:58:52,446 - DEBUG - 0 reads not considered because fully enclosed in repeat masked regions
2026-06-12 11:59:35,536 - DEBUG - Counting for batch 2, containing 100 cells and 3490926 reads
2026-06-12 12:00:16,399 - DEBUG - 0 reads not considered because fully enclosed in repeat masked regions
2026-06-12 12:00:22,130 - DEBUG - Read first 30 million reads
2026-06-12 12:00:53,115 - DEBUG - Counting for batch 3, containing 100 cells and 2863116 reads
2026-06-12 12:01:26,942 - DEBUG - 0 reads not considered because fully enclosed in repeat masked regions
2026-06-12 12:01:38,601 - DEBUG - Read first 40 million reads
2026-06-12 12:02:13,586 - DEBUG - Counting for batch 4, containing 100 cells and 3987388 reads
2026-06-12 12:03:01,656 - DEBUG - 0 reads not considered because fully enclosed in repeat masked regions
2026-06-12 12:03:14,907 - DEBUG - Read first 50 million reads
2026-06-12 12:03:41,832 - DEBUG - Counting for batch 5, containing 100 cells and 3111358 reads
2026-06-12 12:04:19,213 - DEBUG - 0 reads not considered because fully enclosed in repeat masked regions
2026-06-12 12:04:39,053 - DEBUG - Read first 60 million reads
2026-06-12 12:05:03,660 - DEBUG - Counting for batch 6, containing 100 cells and 3789226 reads
2026-06-12 12:05:52,322 - DEBUG - 0 reads not considered because fully enclosed in repeat masked regions
2026-06-12 12:06:14,860 - DEBUG - Read first 70 million reads
2026-06-12 12:06:29,590 - DEBUG - Counting for batch 7, containing 100 cells and 3131572 reads
2026-06-12 12:07:06,307 - DEBUG - 0 reads not considered because fully enclosed in repeat masked regions
2026-06-12 12:07:34,801 - DEBUG - Read first 80 million reads
2026-06-12 12:07:45,764 - DEBUG - Counting for batch 8, containing 100 cells and 3075574 reads
2026-06-12 12:08:22,367 - DEBUG - 0 reads not considered because fully enclosed in repeat masked regions
2026-06-12 12:08:57,600 - DEBUG - Read first 90 million reads
2026-06-12 12:09:04,191 - DEBUG - Counting for batch 9, containing 100 cells and 3521714 reads
2026-06-12 12:09:44,575 - DEBUG - 0 reads not considered because fully enclosed in repeat masked regions
2026-06-12 12:10:25,687 - DEBUG - Read first 100 million reads
2026-06-12 12:10:26,971 - DEBUG - Counting for batch 10, containing 100 cells and 3318704 reads
2026-06-12 12:11:05,640 - DEBUG - 0 reads not considered because fully enclosed in repeat masked regions
2026-06-12 12:11:49,185 - DEBUG - Counting for batch 11, containing 100 cells and 3699414 reads
2026-06-12 12:12:32,099 - DEBUG - 0 reads not considered because fully enclosed in repeat masked regions
2026-06-12 12:12:39,106 - DEBUG - Read first 110 million reads
2026-06-12 12:13:13,400 - DEBUG - Counting for batch 12, containing 100 cells and 3224728 reads
2026-06-12 12:13:51,831 - DEBUG - 0 reads not considered because fully enclosed in repeat masked regions
2026-06-12 12:14:03,573 - DEBUG - Read first 120 million reads
2026-06-12 12:14:32,711 - DEBUG - Counting for batch 13, containing 100 cells and 3228456 reads
2026-06-12 12:15:11,048 - DEBUG - 0 reads not considered because fully enclosed in repeat masked regions
2026-06-12 12:15:24,645 - DEBUG - Read first 130 million reads
2026-06-12 12:15:49,030 - DEBUG - Counting for batch 14, containing 100 cells and 3264814 reads
2026-06-12 12:16:26,693 - DEBUG - 0 reads not considered because fully enclosed in repeat masked regions
2026-06-12 12:16:50,333 - DEBUG - Read first 140 million reads
2026-06-12 12:17:09,385 - DEBUG - Counting for batch 15, containing 100 cells and 3341734 reads
2026-06-12 12:17:51,126 - DEBUG - 0 reads not considered because fully enclosed in repeat masked regions
2026-06-12 12:18:13,694 - DEBUG - Read first 150 million reads
2026-06-12 12:18:33,563 - DEBUG - Counting for batch 16, containing 100 cells and 3696088 reads
2026-06-12 12:19:16,331 - DEBUG - 0 reads not considered because fully enclosed in repeat masked regions
2026-06-12 12:19:45,203 - DEBUG - Read first 160 million reads
2026-06-12 12:19:57,299 - DEBUG - Counting for batch 17, containing 100 cells and 3044670 reads
2026-06-12 12:20:34,190 - DEBUG - 0 reads not considered because fully enclosed in repeat masked regions
2026-06-12 12:21:04,715 - DEBUG - Read first 170 million reads
2026-06-12 12:21:17,013 - DEBUG - Counting for batch 18, containing 100 cells and 3374162 reads
2026-06-12 12:21:55,915 - DEBUG - 0 reads not considered because fully enclosed in repeat masked regions
2026-06-12 12:22:26,392 - DEBUG - Counting for batch 19, containing 71 cells and 2193610 reads
2026-06-12 12:22:52,789 - DEBUG - 0 reads not considered because fully enclosed in repeat masked regions
2026-06-12 12:22:55,997 - DEBUG - 5821574 reads were skipped because no apropiate cell or umi barcode was found
2026-06-12 12:22:55,998 - DEBUG - Counting done!
2026-06-12 12:22:56,008 - DEBUG - Generating output file /research/peer/fdeckert/FD20250213HSCT/data/object/velocyto/S_7642_day0_transcriptome/velocyto.loom
2026-06-12 12:22:56,008 - DEBUG - Collecting row attributes
2026-06-12 12:22:56,083 - DEBUG - Generating data table
2026-06-12 12:22:56,323 - DEBUG - Writing loom file
2026-06-12 12:22:56,585 - DEBUG - Creating converter from 5 to 3
2026-06-12 12:22:56,586 - DEBUG - Creating converter from 3 to 5
2026-06-12 12:22:59,218 - DEBUG - Terminated Succesfully!
