2026-06-12 11:33:28,285 - DEBUG - Using logic: Permissive10X
2026-06-12 11:33:28,293 - INFO - Read 179 cell barcodes from /research/lab_stary/sequencing_projects/hsct/COUNT/S_7633_day14_transcriptome/filtered_feature_bc_matrix/barcodes.tsv.gz
2026-06-12 11:33:28,293 - DEBUG - Example of barcode: AAAGATGGTCCGAGTC and cell_id: velocyto:AAAGATGGTCCGAGTC-1
2026-06-12 11:33:28,308 - DEBUG - Peeking into /research/peer/fdeckert/FD20250213HSCT/data/object/velocyto/S_7633_day14_transcriptome/possorted_genome_bam.bam
2026-06-12 11:33:28,323 - WARNING - Not found cell and umi barcode in entry 0 of the bam file
2026-06-12 11:33:28,323 - WARNING - Not found cell and umi barcode in entry 1 of the bam file
2026-06-12 11:33:28,323 - WARNING - Not found cell and umi barcode in entry 157 of the bam file
2026-06-12 11:33:28,323 - WARNING - Not found cell and umi barcode in entry 158 of the bam file
2026-06-12 11:33:28,323 - WARNING - Not found cell and umi barcode in entry 176 of the bam file
2026-06-12 11:33:28,324 - WARNING - Not found cell and umi barcode in entry 195 of the bam file
2026-06-12 11:33:28,324 - WARNING - Not found cell and umi barcode in entry 209 of the bam file
2026-06-12 11:33:28,324 - WARNING - Not found cell and umi barcode in entry 211 of the bam file
2026-06-12 11:33:28,324 - WARNING - Not found cell and umi barcode in entry 212 of the bam file
2026-06-12 11:33:28,324 - WARNING - Not found cell and umi barcode in entry 213 of the bam file
2026-06-12 11:33:28,324 - WARNING - Not found cell and umi barcode in entry 214 of the bam file
2026-06-12 11:33:28,324 - WARNING - Not found cell and umi barcode in entry 215 of the bam file
2026-06-12 11:33:28,324 - WARNING - Not found cell and umi barcode in entry 216 of the bam file
2026-06-12 11:33:28,324 - WARNING - Not found cell and umi barcode in entry 217 of the bam file
2026-06-12 11:33:28,324 - WARNING - Not found cell and umi barcode in entry 218 of the bam file
2026-06-12 11:33:28,324 - WARNING - Not found cell and umi barcode in entry 219 of the bam file
2026-06-12 11:33:28,324 - WARNING - Not found cell and umi barcode in entry 220 of the bam file
2026-06-12 11:33:28,324 - WARNING - Not found cell and umi barcode in entry 226 of the bam file
2026-06-12 11:33:28,324 - WARNING - Not found cell and umi barcode in entry 227 of the bam file
2026-06-12 11:33:28,324 - WARNING - Not found cell and umi barcode in entry 228 of the bam file
2026-06-12 11:33:28,324 - WARNING - Not found cell and umi barcode in entry 229 of the bam file
2026-06-12 11:33:28,324 - WARNING - Not found cell and umi barcode in entry 230 of the bam file
2026-06-12 11:33:28,325 - WARNING - Not found cell and umi barcode in entry 653 of the bam file
2026-06-12 11:33:28,325 - WARNING - Not found cell and umi barcode in entry 654 of the bam file
2026-06-12 11:33:28,325 - WARNING - Not found cell and umi barcode in entry 655 of the bam file
2026-06-12 11:33:28,325 - WARNING - Not found cell and umi barcode in entry 656 of the bam file
2026-06-12 11:33:28,325 - WARNING - Not found cell and umi barcode in entry 657 of the bam file
2026-06-12 11:33:28,325 - WARNING - Not found cell and umi barcode in entry 658 of the bam file
2026-06-12 11:33:28,325 - WARNING - Not found cell and umi barcode in entry 668 of the bam file
2026-06-12 11:33:28,325 - WARNING - Not found cell and umi barcode in entry 670 of the bam file
2026-06-12 11:33:28,326 - WARNING - Not found cell and umi barcode in entry 703 of the bam file
2026-06-12 11:33:28,326 - WARNING - Not found cell and umi barcode in entry 704 of the bam file
2026-06-12 11:33:28,326 - WARNING - Not found cell and umi barcode in entry 705 of the bam file
2026-06-12 11:33:28,326 - WARNING - Not found cell and umi barcode in entry 706 of the bam file
2026-06-12 11:33:28,326 - WARNING - Not found cell and umi barcode in entry 707 of the bam file
2026-06-12 11:33:28,326 - WARNING - Not found cell and umi barcode in entry 708 of the bam file
2026-06-12 11:33:28,326 - WARNING - Not found cell and umi barcode in entry 709 of the bam file
2026-06-12 11:33:28,326 - WARNING - Not found cell and umi barcode in entry 710 of the bam file
2026-06-12 11:33:28,326 - WARNING - Not found cell and umi barcode in entry 711 of the bam file
2026-06-12 11:33:28,326 - WARNING - Not found cell and umi barcode in entry 712 of the bam file
2026-06-12 11:33:28,326 - WARNING - Not found cell and umi barcode in entry 713 of the bam file
2026-06-12 11:33:28,326 - WARNING - Not found cell and umi barcode in entry 714 of the bam file
2026-06-12 11:33:28,326 - WARNING - Not found cell and umi barcode in entry 715 of the bam file
2026-06-12 11:33:28,326 - WARNING - Not found cell and umi barcode in entry 716 of the bam file
2026-06-12 11:33:28,326 - WARNING - Not found cell and umi barcode in entry 717 of the bam file
2026-06-12 11:33:28,326 - WARNING - Not found cell and umi barcode in entry 718 of the bam file
2026-06-12 11:33:28,326 - WARNING - Not found cell and umi barcode in entry 737 of the bam file
2026-06-12 11:33:28,326 - WARNING - Not found cell and umi barcode in entry 738 of the bam file
2026-06-12 11:33:28,326 - WARNING - Not found cell and umi barcode in entry 739 of the bam file
2026-06-12 11:33:28,326 - WARNING - Not found cell and umi barcode in entry 740 of the bam file
2026-06-12 11:33:28,326 - WARNING - Not found cell and umi barcode in entry 741 of the bam file
2026-06-12 11:33:28,326 - WARNING - Not found cell and umi barcode in entry 742 of the bam file
2026-06-12 11:33:28,326 - WARNING - Not found cell and umi barcode in entry 743 of the bam file
2026-06-12 11:33:28,326 - WARNING - Not found cell and umi barcode in entry 744 of the bam file
2026-06-12 11:33:28,326 - WARNING - Not found cell and umi barcode in entry 745 of the bam file
2026-06-12 11:33:28,326 - WARNING - Not found cell and umi barcode in entry 746 of the bam file
2026-06-12 11:33:28,326 - WARNING - Not found cell and umi barcode in entry 747 of the bam file
2026-06-12 11:33:28,326 - WARNING - Not found cell and umi barcode in entry 748 of the bam file
2026-06-12 11:33:28,326 - WARNING - Not found cell and umi barcode in entry 749 of the bam file
2026-06-12 11:33:28,327 - WARNING - Not found cell and umi barcode in entry 750 of the bam file
2026-06-12 11:33:28,327 - WARNING - Not found cell and umi barcode in entry 751 of the bam file
2026-06-12 11:33:28,327 - WARNING - Not found cell and umi barcode in entry 752 of the bam file
2026-06-12 11:33:28,327 - WARNING - Not found cell and umi barcode in entry 753 of the bam file
2026-06-12 11:33:28,327 - WARNING - Not found cell and umi barcode in entry 754 of the bam file
2026-06-12 11:33:28,327 - WARNING - Not found cell and umi barcode in entry 755 of the bam file
2026-06-12 11:33:28,327 - WARNING - Not found cell and umi barcode in entry 756 of the bam file
2026-06-12 11:33:28,327 - WARNING - Not found cell and umi barcode in entry 757 of the bam file
2026-06-12 11:33:28,327 - WARNING - Not found cell and umi barcode in entry 758 of the bam file
2026-06-12 11:33:28,331 - INFO - Starting the sorting process of /research/peer/fdeckert/FD20250213HSCT/data/object/velocyto/S_7633_day14_transcriptome/possorted_genome_bam.bam the output will be at: /research/peer/fdeckert/FD20250213HSCT/data/object/velocyto/S_7633_day14_transcriptome/cellsorted_possorted_genome_bam.bam
2026-06-12 11:33:28,331 - INFO - Command being run is: samtools sort -l 7 -m 100M -t CB -O BAM -@ 16 -o /research/peer/fdeckert/FD20250213HSCT/data/object/velocyto/S_7633_day14_transcriptome/cellsorted_possorted_genome_bam.bam /research/peer/fdeckert/FD20250213HSCT/data/object/velocyto/S_7633_day14_transcriptome/possorted_genome_bam.bam
2026-06-12 11:33:28,331 - INFO - While the bam sorting happens do other things...
2026-06-12 11:33:28,331 - INFO - Load the annotation from /nobackup/peer/fdeckert/cellranger/GRCh38-2020-A/GRCh38/genes/genes.gtf
2026-06-12 11:33:33,936 - DEBUG - Parsing Chromosome GL000009.2 strand - [line 0]
2026-06-12 11:33:33,936 - DEBUG - Done with GL000009.2- [line 7]
2026-06-12 11:33:33,936 - DEBUG - Assigning indexes to genes
2026-06-12 11:33:33,936 - DEBUG - Seen 1 genes until now
2026-06-12 11:33:33,936 - DEBUG - Parsing Chromosome GL000194.1 strand - [line 8]
2026-06-12 11:33:33,936 - DEBUG - Done with GL000194.1- [line 33]
2026-06-12 11:33:33,936 - DEBUG - Assigning indexes to genes
2026-06-12 11:33:33,936 - DEBUG - Seen 3 genes until now
2026-06-12 11:33:33,936 - DEBUG - Parsing Chromosome GL000195.1 strand - [line 34]
2026-06-12 11:33:33,936 - DEBUG - Done with GL000195.1- [line 43]
2026-06-12 11:33:33,936 - DEBUG - Assigning indexes to genes
2026-06-12 11:33:33,936 - DEBUG - Seen 4 genes until now
2026-06-12 11:33:33,936 - DEBUG - Parsing Chromosome GL000195.1 strand + [line 44]
2026-06-12 11:33:33,937 - DEBUG - Done with GL000195.1+ [line 57]
2026-06-12 11:33:33,937 - DEBUG - Assigning indexes to genes
2026-06-12 11:33:33,937 - DEBUG - Seen 5 genes until now
2026-06-12 11:33:33,937 - DEBUG - Parsing Chromosome GL000205.2 strand - [line 58]
2026-06-12 11:33:33,937 - DEBUG - Done with GL000205.2- [line 71]
2026-06-12 11:33:33,937 - DEBUG - Assigning indexes to genes
2026-06-12 11:33:33,937 - DEBUG - Seen 6 genes until now
2026-06-12 11:33:33,937 - DEBUG - Parsing Chromosome GL000213.1 strand - [line 72]
2026-06-12 11:33:33,937 - DEBUG - Done with GL000213.1- [line 120]
2026-06-12 11:33:33,937 - DEBUG - Assigning indexes to genes
2026-06-12 11:33:33,937 - DEBUG - Seen 7 genes until now
2026-06-12 11:33:33,937 - DEBUG - Parsing Chromosome GL000218.1 strand - [line 121]
2026-06-12 11:33:33,937 - DEBUG - Done with GL000218.1- [line 128]
2026-06-12 11:33:33,937 - DEBUG - Assigning indexes to genes
2026-06-12 11:33:33,937 - DEBUG - Seen 8 genes until now
2026-06-12 11:33:33,937 - DEBUG - Parsing Chromosome GL000219.1 strand - [line 129]
2026-06-12 11:33:33,937 - DEBUG - Done with GL000219.1- [line 141]
2026-06-12 11:33:33,937 - DEBUG - Assigning indexes to genes
2026-06-12 11:33:33,937 - DEBUG - Seen 9 genes until now
2026-06-12 11:33:33,937 - DEBUG - Parsing Chromosome KI270711.1 strand - [line 142]
2026-06-12 11:33:33,937 - DEBUG - Done with KI270711.1- [line 292]
2026-06-12 11:33:33,937 - DEBUG - Assigning indexes to genes
2026-06-12 11:33:33,938 - DEBUG - Seen 10 genes until now
2026-06-12 11:33:33,938 - DEBUG - Parsing Chromosome KI270713.1 strand - [line 293]
2026-06-12 11:33:33,938 - DEBUG - Done with KI270713.1- [line 300]
2026-06-12 11:33:33,938 - DEBUG - Assigning indexes to genes
2026-06-12 11:33:33,938 - DEBUG - Seen 11 genes until now
2026-06-12 11:33:33,938 - DEBUG - Parsing Chromosome KI270713.1 strand + [line 301]
2026-06-12 11:33:33,938 - DEBUG - Done with KI270713.1+ [line 307]
2026-06-12 11:33:33,938 - DEBUG - Assigning indexes to genes
2026-06-12 11:33:33,938 - DEBUG - Seen 12 genes until now
2026-06-12 11:33:33,938 - DEBUG - Parsing Chromosome KI270721.1 strand + [line 308]
2026-06-12 11:33:33,938 - DEBUG - Done with KI270721.1+ [line 323]
2026-06-12 11:33:33,938 - DEBUG - Assigning indexes to genes
2026-06-12 11:33:33,938 - DEBUG - Seen 13 genes until now
2026-06-12 11:33:33,938 - DEBUG - Parsing Chromosome KI270726.1 strand + [line 324]
2026-06-12 11:33:33,938 - DEBUG - Done with KI270726.1+ [line 334]
2026-06-12 11:33:33,938 - DEBUG - Assigning indexes to genes
2026-06-12 11:33:33,938 - DEBUG - Seen 15 genes until now
2026-06-12 11:33:33,938 - DEBUG - Parsing Chromosome KI270727.1 strand - [line 335]
2026-06-12 11:33:33,938 - DEBUG - Done with KI270727.1- [line 394]
2026-06-12 11:33:33,938 - DEBUG - Assigning indexes to genes
2026-06-12 11:33:33,938 - DEBUG - Seen 17 genes until now
2026-06-12 11:33:33,938 - DEBUG - Parsing Chromosome KI270727.1 strand + [line 395]
2026-06-12 11:33:33,938 - DEBUG - Done with KI270727.1+ [line 409]
2026-06-12 11:33:33,938 - DEBUG - Assigning indexes to genes
2026-06-12 11:33:33,938 - DEBUG - Seen 19 genes until now
2026-06-12 11:33:33,938 - DEBUG - Parsing Chromosome KI270728.1 strand - [line 410]
2026-06-12 11:33:33,939 - DEBUG - Done with KI270728.1- [line 486]
2026-06-12 11:33:33,939 - DEBUG - Assigning indexes to genes
2026-06-12 11:33:33,939 - DEBUG - Seen 21 genes until now
2026-06-12 11:33:33,939 - DEBUG - Parsing Chromosome KI270728.1 strand + [line 487]
2026-06-12 11:33:33,939 - DEBUG - Done with KI270728.1+ [line 523]
2026-06-12 11:33:33,939 - DEBUG - Assigning indexes to genes
2026-06-12 11:33:33,939 - DEBUG - Seen 25 genes until now
2026-06-12 11:33:33,939 - DEBUG - Parsing Chromosome KI270731.1 strand - [line 524]
2026-06-12 11:33:33,939 - DEBUG - Done with KI270731.1- [line 530]
2026-06-12 11:33:33,939 - DEBUG - Assigning indexes to genes
2026-06-12 11:33:33,939 - DEBUG - Seen 26 genes until now
2026-06-12 11:33:33,939 - DEBUG - Parsing Chromosome KI270734.1 strand - [line 531]
2026-06-12 11:33:33,939 - DEBUG - Done with KI270734.1- [line 599]
2026-06-12 11:33:33,939 - DEBUG - Assigning indexes to genes
2026-06-12 11:33:33,939 - DEBUG - Seen 27 genes until now
2026-06-12 11:33:33,939 - DEBUG - Parsing Chromosome KI270734.1 strand + [line 600]
2026-06-12 11:33:33,939 - DEBUG - Done with KI270734.1+ [line 622]
2026-06-12 11:33:33,939 - DEBUG - Assigning indexes to genes
2026-06-12 11:33:33,939 - DEBUG - Seen 29 genes until now
2026-06-12 11:33:33,939 - DEBUG - Parsing Chromosome 1 strand - [line 623]
2026-06-12 11:33:34,497 - DEBUG - Done with 1- [line 118876]
2026-06-12 11:33:34,498 - DEBUG - Assigning indexes to genes
2026-06-12 11:33:34,504 - DEBUG - Seen 1711 genes until now
2026-06-12 11:33:34,504 - DEBUG - Parsing Chromosome 1 strand + [line 118877]
2026-06-12 11:33:35,324 - DEBUG - Done with 1+ [line 253796]
2026-06-12 11:33:35,324 - DEBUG - Assigning indexes to genes
2026-06-12 11:33:35,330 - DEBUG - Seen 3439 genes until now
2026-06-12 11:33:35,330 - DEBUG - Parsing Chromosome 10 strand - [line 253797]
2026-06-12 11:33:35,459 - DEBUG - Done with 10- [line 304078]
2026-06-12 11:33:35,459 - DEBUG - Assigning indexes to genes
2026-06-12 11:33:35,462 - DEBUG - Seen 4100 genes until now
2026-06-12 11:33:35,462 - DEBUG - Parsing Chromosome 10 strand + [line 304079]
2026-06-12 11:33:35,593 - DEBUG - Done with 10+ [line 356023]
2026-06-12 11:33:35,593 - DEBUG - Assigning indexes to genes
2026-06-12 11:33:35,595 - DEBUG - Seen 4833 genes until now
2026-06-12 11:33:35,595 - DEBUG - Parsing Chromosome 11 strand - [line 356024]
2026-06-12 11:33:35,991 - DEBUG - Done with 11- [line 438038]
2026-06-12 11:33:35,992 - DEBUG - Assigning indexes to genes
2026-06-12 11:33:35,996 - DEBUG - Seen 5833 genes until now
2026-06-12 11:33:35,996 - DEBUG - Parsing Chromosome 11 strand + [line 438039]
2026-06-12 11:33:36,221 - DEBUG - Done with 11+ [line 521163]
2026-06-12 11:33:36,221 - DEBUG - Assigning indexes to genes
2026-06-12 11:33:36,225 - DEBUG - Seen 6898 genes until now
2026-06-12 11:33:36,226 - DEBUG - Parsing Chromosome 12 strand - [line 521164]
2026-06-12 11:33:36,690 - DEBUG - Done with 12- [line 601582]
2026-06-12 11:33:36,690 - DEBUG - Assigning indexes to genes
2026-06-12 11:33:36,695 - DEBUG - Seen 7848 genes until now
2026-06-12 11:33:36,695 - DEBUG - Parsing Chromosome 12 strand + [line 601583]
2026-06-12 11:33:36,900 - DEBUG - Done with 12+ [line 681983]
2026-06-12 11:33:36,900 - DEBUG - Assigning indexes to genes
2026-06-12 11:33:36,904 - DEBUG - Seen 8826 genes until now
2026-06-12 11:33:36,904 - DEBUG - Parsing Chromosome 13 strand - [line 681984]
2026-06-12 11:33:36,956 - DEBUG - Done with 13- [line 702449]
2026-06-12 11:33:36,956 - DEBUG - Assigning indexes to genes
2026-06-12 11:33:36,958 - DEBUG - Seen 9225 genes until now
2026-06-12 11:33:36,958 - DEBUG - Parsing Chromosome 13 strand + [line 702450]
2026-06-12 11:33:37,019 - DEBUG - Done with 13+ [line 726349]
2026-06-12 11:33:37,019 - DEBUG - Assigning indexes to genes
2026-06-12 11:33:37,021 - DEBUG - Seen 9614 genes until now
2026-06-12 11:33:37,021 - DEBUG - Parsing Chromosome 14 strand - [line 726350]
2026-06-12 11:33:37,398 - DEBUG - Done with 14- [line 770987]
2026-06-12 11:33:37,398 - DEBUG - Assigning indexes to genes
2026-06-12 11:33:37,400 - DEBUG - Seen 10373 genes until now
2026-06-12 11:33:37,401 - DEBUG - Parsing Chromosome 14 strand + [line 770988]
2026-06-12 11:33:37,582 - DEBUG - Done with 14+ [line 822908]
2026-06-12 11:33:37,582 - DEBUG - Assigning indexes to genes
2026-06-12 11:33:37,588 - DEBUG - Seen 11088 genes until now
2026-06-12 11:33:37,588 - DEBUG - Parsing Chromosome 15 strand - [line 822909]
2026-06-12 11:33:37,761 - DEBUG - Done with 15- [line 873715]
2026-06-12 11:33:37,761 - DEBUG - Assigning indexes to genes
2026-06-12 11:33:37,763 - DEBUG - Seen 11734 genes until now
2026-06-12 11:33:37,763 - DEBUG - Parsing Chromosome 15 strand + [line 873716]
2026-06-12 11:33:37,893 - DEBUG - Done with 15+ [line 923824]
2026-06-12 11:33:37,893 - DEBUG - Assigning indexes to genes
2026-06-12 11:33:37,896 - DEBUG - Seen 12355 genes until now
2026-06-12 11:33:37,896 - DEBUG - Parsing Chromosome 16 strand - [line 923825]
2026-06-12 11:33:38,090 - DEBUG - Done with 16- [line 979238]
2026-06-12 11:33:38,090 - DEBUG - Assigning indexes to genes
2026-06-12 11:33:38,094 - DEBUG - Seen 13151 genes until now
2026-06-12 11:33:38,094 - DEBUG - Parsing Chromosome 16 strand + [line 979239]
2026-06-12 11:33:38,603 - DEBUG - Done with 16+ [line 1052152]
2026-06-12 11:33:38,604 - DEBUG - Assigning indexes to genes
2026-06-12 11:33:38,607 - DEBUG - Seen 14004 genes until now
2026-06-12 11:33:38,607 - DEBUG - Parsing Chromosome 17 strand - [line 1052153]
2026-06-12 11:33:38,895 - DEBUG - Done with 17- [line 1140008]
2026-06-12 11:33:38,895 - DEBUG - Assigning indexes to genes
2026-06-12 11:33:38,901 - DEBUG - Seen 15039 genes until now
2026-06-12 11:33:38,901 - DEBUG - Parsing Chromosome 17 strand + [line 1140009]
2026-06-12 11:33:39,166 - DEBUG - Done with 17+ [line 1219447]
2026-06-12 11:33:39,166 - DEBUG - Assigning indexes to genes
2026-06-12 11:33:39,171 - DEBUG - Seen 15996 genes until now
2026-06-12 11:33:39,171 - DEBUG - Parsing Chromosome 18 strand - [line 1219448]
2026-06-12 11:33:39,265 - DEBUG - Done with 18- [line 1246083]
2026-06-12 11:33:39,265 - DEBUG - Assigning indexes to genes
2026-06-12 11:33:39,267 - DEBUG - Seen 16371 genes until now
2026-06-12 11:33:39,267 - DEBUG - Parsing Chromosome 18 strand + [line 1246084]
2026-06-12 11:33:39,351 - DEBUG - Done with 18+ [line 1269821]
2026-06-12 11:33:39,351 - DEBUG - Assigning indexes to genes
2026-06-12 11:33:39,352 - DEBUG - Seen 16777 genes until now
2026-06-12 11:33:39,352 - DEBUG - Parsing Chromosome 19 strand - [line 1269822]
2026-06-12 11:33:39,887 - DEBUG - Done with 19- [line 1350736]
2026-06-12 11:33:39,887 - DEBUG - Assigning indexes to genes
2026-06-12 11:33:39,892 - DEBUG - Seen 17790 genes until now
2026-06-12 11:33:39,892 - DEBUG - Parsing Chromosome 19 strand + [line 1350737]
2026-06-12 11:33:40,157 - DEBUG - Done with 19+ [line 1435648]
2026-06-12 11:33:40,158 - DEBUG - Assigning indexes to genes
2026-06-12 11:33:40,165 - DEBUG - Seen 18804 genes until now
2026-06-12 11:33:40,165 - DEBUG - Parsing Chromosome 2 strand - [line 1435649]
2026-06-12 11:33:40,454 - DEBUG - Done with 2- [line 1542996]
2026-06-12 11:33:40,454 - DEBUG - Assigning indexes to genes
2026-06-12 11:33:40,459 - DEBUG - Seen 20037 genes until now
2026-06-12 11:33:40,459 - DEBUG - Parsing Chromosome 2 strand + [line 1542997]
2026-06-12 11:33:40,795 - DEBUG - Done with 2+ [line 1642863]
2026-06-12 11:33:40,795 - DEBUG - Assigning indexes to genes
2026-06-12 11:33:40,802 - DEBUG - Seen 21345 genes until now
2026-06-12 11:33:40,802 - DEBUG - Parsing Chromosome 20 strand - [line 1642864]
2026-06-12 11:33:40,908 - DEBUG - Done with 20- [line 1672442]
2026-06-12 11:33:40,908 - DEBUG - Assigning indexes to genes
2026-06-12 11:33:40,910 - DEBUG - Seen 21828 genes until now
2026-06-12 11:33:40,910 - DEBUG - Parsing Chromosome 20 strand + [line 1672443]
2026-06-12 11:33:41,027 - DEBUG - Done with 20+ [line 1707817]
2026-06-12 11:33:41,027 - DEBUG - Assigning indexes to genes
2026-06-12 11:33:41,031 - DEBUG - Seen 22309 genes until now
2026-06-12 11:33:41,031 - DEBUG - Parsing Chromosome 21 strand - [line 1707818]
2026-06-12 11:33:41,522 - DEBUG - Done with 21- [line 1722798]
2026-06-12 11:33:41,522 - DEBUG - Assigning indexes to genes
2026-06-12 11:33:41,523 - DEBUG - Seen 22596 genes until now
2026-06-12 11:33:41,523 - DEBUG - Parsing Chromosome 21 strand + [line 1722799]
2026-06-12 11:33:41,587 - DEBUG - Done with 21+ [line 1738981]
2026-06-12 11:33:41,587 - DEBUG - Assigning indexes to genes
2026-06-12 11:33:41,588 - DEBUG - Seen 22864 genes until now
2026-06-12 11:33:41,588 - DEBUG - Parsing Chromosome 22 strand - [line 1738982]
2026-06-12 11:33:41,684 - DEBUG - Done with 22- [line 1765357]
2026-06-12 11:33:41,685 - DEBUG - Assigning indexes to genes
2026-06-12 11:33:41,686 - DEBUG - Seen 23260 genes until now
2026-06-12 11:33:41,686 - DEBUG - Parsing Chromosome 22 strand + [line 1765358]
2026-06-12 11:33:41,792 - DEBUG - Done with 22+ [line 1797598]
2026-06-12 11:33:41,792 - DEBUG - Assigning indexes to genes
2026-06-12 11:33:41,794 - DEBUG - Seen 23765 genes until now
2026-06-12 11:33:41,794 - DEBUG - Parsing Chromosome 3 strand - [line 1797599]
2026-06-12 11:33:42,025 - DEBUG - Done with 3- [line 1887377]
2026-06-12 11:33:42,025 - DEBUG - Assigning indexes to genes
2026-06-12 11:33:42,029 - DEBUG - Seen 24693 genes until now
2026-06-12 11:33:42,029 - DEBUG - Parsing Chromosome 3 strand + [line 1887378]
2026-06-12 11:33:42,251 - DEBUG - Done with 3+ [line 1977011]
2026-06-12 11:33:42,251 - DEBUG - Assigning indexes to genes
2026-06-12 11:33:42,257 - DEBUG - Seen 25658 genes until now
2026-06-12 11:33:42,257 - DEBUG - Parsing Chromosome 4 strand - [line 1977012]
2026-06-12 11:33:42,399 - DEBUG - Done with 4- [line 2034238]
2026-06-12 11:33:42,399 - DEBUG - Assigning indexes to genes
2026-06-12 11:33:42,402 - DEBUG - Seen 26401 genes until now
2026-06-12 11:33:42,402 - DEBUG - Parsing Chromosome 4 strand + [line 2034239]
2026-06-12 11:33:42,634 - DEBUG - Done with 4+ [line 2094594]
2026-06-12 11:33:42,634 - DEBUG - Assigning indexes to genes
2026-06-12 11:33:42,652 - DEBUG - Seen 27191 genes until now
2026-06-12 11:33:42,652 - DEBUG - Parsing Chromosome 5 strand - [line 2094595]
2026-06-12 11:33:42,846 - DEBUG - Done with 5- [line 2152660]
2026-06-12 11:33:42,846 - DEBUG - Assigning indexes to genes
2026-06-12 11:33:42,849 - DEBUG - Seen 28071 genes until now
2026-06-12 11:33:42,849 - DEBUG - Parsing Chromosome 5 strand + [line 2152661]
2026-06-12 11:33:43,492 - DEBUG - Done with 5+ [line 2218657]
2026-06-12 11:33:43,492 - DEBUG - Assigning indexes to genes
2026-06-12 11:33:43,496 - DEBUG - Seen 29002 genes until now
2026-06-12 11:33:43,496 - DEBUG - Parsing Chromosome 6 strand - [line 2218658]
2026-06-12 11:33:43,695 - DEBUG - Done with 6- [line 2284937]
2026-06-12 11:33:43,696 - DEBUG - Assigning indexes to genes
2026-06-12 11:33:43,700 - DEBUG - Seen 29928 genes until now
2026-06-12 11:33:43,700 - DEBUG - Parsing Chromosome 6 strand + [line 2284938]
2026-06-12 11:33:43,863 - DEBUG - Done with 6+ [line 2345240]
2026-06-12 11:33:43,863 - DEBUG - Assigning indexes to genes
2026-06-12 11:33:43,866 - DEBUG - Seen 30829 genes until now
2026-06-12 11:33:43,866 - DEBUG - Parsing Chromosome 7 strand - [line 2345241]
2026-06-12 11:33:44,036 - DEBUG - Done with 7- [line 2406845]
2026-06-12 11:33:44,036 - DEBUG - Assigning indexes to genes
2026-06-12 11:33:44,039 - DEBUG - Seen 31621 genes until now
2026-06-12 11:33:44,040 - DEBUG - Parsing Chromosome 7 strand + [line 2406846]
2026-06-12 11:33:44,223 - DEBUG - Done with 7+ [line 2476014]
2026-06-12 11:33:44,223 - DEBUG - Assigning indexes to genes
2026-06-12 11:33:44,227 - DEBUG - Seen 32515 genes until now
2026-06-12 11:33:44,227 - DEBUG - Parsing Chromosome 8 strand - [line 2476015]
2026-06-12 11:33:44,359 - DEBUG - Done with 8- [line 2527366]
2026-06-12 11:33:44,360 - DEBUG - Assigning indexes to genes
2026-06-12 11:33:44,363 - DEBUG - Seen 33270 genes until now
2026-06-12 11:33:44,363 - DEBUG - Parsing Chromosome 8 strand + [line 2527367]
2026-06-12 11:33:44,492 - DEBUG - Done with 8+ [line 2577021]
2026-06-12 11:33:44,493 - DEBUG - Assigning indexes to genes
2026-06-12 11:33:44,496 - DEBUG - Seen 34010 genes until now
2026-06-12 11:33:44,496 - DEBUG - Parsing Chromosome 9 strand - [line 2577022]
2026-06-12 11:33:44,613 - DEBUG - Done with 9- [line 2622811]
2026-06-12 11:33:44,613 - DEBUG - Assigning indexes to genes
2026-06-12 11:33:44,616 - DEBUG - Seen 34681 genes until now
2026-06-12 11:33:44,616 - DEBUG - Parsing Chromosome 9 strand + [line 2622812]
2026-06-12 11:33:44,743 - DEBUG - Done with 9+ [line 2672374]
2026-06-12 11:33:44,743 - DEBUG - Assigning indexes to genes
2026-06-12 11:33:44,746 - DEBUG - Seen 35329 genes until now
2026-06-12 11:33:44,746 - DEBUG - Parsing Chromosome M strand - [line 2672375]
2026-06-12 11:33:44,746 - DEBUG - Done with M- [line 2672379]
2026-06-12 11:33:44,746 - DEBUG - Assigning indexes to genes
2026-06-12 11:33:44,746 - DEBUG - Seen 35330 genes until now
2026-06-12 11:33:44,746 - DEBUG - Parsing Chromosome M strand + [line 2672380]
2026-06-12 11:33:44,746 - DEBUG - Done with M+ [line 2672445]
2026-06-12 11:33:44,746 - DEBUG - Assigning indexes to genes
2026-06-12 11:33:44,746 - DEBUG - Seen 35342 genes until now
2026-06-12 11:33:44,746 - DEBUG - Parsing Chromosome X strand - [line 2672446]
2026-06-12 11:33:44,852 - DEBUG - Done with X- [line 2716088]
2026-06-12 11:33:44,853 - DEBUG - Assigning indexes to genes
2026-06-12 11:33:44,855 - DEBUG - Seen 35884 genes until now
2026-06-12 11:33:44,855 - DEBUG - Parsing Chromosome X strand + [line 2716089]
2026-06-12 11:33:44,965 - DEBUG - Done with X+ [line 2760500]
2026-06-12 11:33:44,965 - DEBUG - Assigning indexes to genes
2026-06-12 11:33:44,969 - DEBUG - Seen 36490 genes until now
2026-06-12 11:33:44,969 - DEBUG - Parsing Chromosome Y strand - [line 2760501]
2026-06-12 11:33:44,993 - DEBUG - Done with Y- [line 2763031]
2026-06-12 11:33:44,993 - DEBUG - Assigning indexes to genes
2026-06-12 11:33:44,993 - DEBUG - Seen 36543 genes until now
2026-06-12 11:33:44,993 - DEBUG - Parsing Chromosome Y strand + [line 2763032]
2026-06-12 11:33:45,017 - DEBUG - Assigning indexes to genes
2026-06-12 11:33:45,018 - DEBUG - Done with Y+ [line 2765967]
2026-06-12 11:33:45,018 - DEBUG - Fixing corner cases of transcript models containg intron longer than 1000Kbp
2026-06-12 11:33:46,182 - DEBUG - Generated 2411536 features corresponding to 199138 transcript models from /nobackup/peer/fdeckert/cellranger/GRCh38-2020-A/GRCh38/genes/genes.gtf
2026-06-12 11:33:46,207 - INFO - Scan /research/peer/fdeckert/FD20250213HSCT/data/object/velocyto/S_7633_day14_transcriptome/possorted_genome_bam.bam to validate intron intervals
2026-06-12 11:33:47,871 - DEBUG - Reading /research/peer/fdeckert/FD20250213HSCT/data/object/velocyto/S_7633_day14_transcriptome/possorted_genome_bam.bam
2026-06-12 11:33:47,884 - DEBUG - Read first 0 million reads
2026-06-12 11:33:47,884 - DEBUG - Marking up chromosome 1
2026-06-12 11:34:50,352 - DEBUG - Marking up chromosome 10
2026-06-12 11:35:11,897 - DEBUG - Read first 10 million reads
2026-06-12 11:35:15,914 - DEBUG - Marking up chromosome 11
2026-06-12 11:36:11,452 - DEBUG - Marking up chromosome 12
2026-06-12 11:36:47,206 - DEBUG - Read first 20 million reads
2026-06-12 11:36:56,854 - DEBUG - Marking up chromosome 13
2026-06-12 11:37:09,516 - DEBUG - Marking up chromosome 14
2026-06-12 11:37:32,351 - DEBUG - Marking up chromosome 15
2026-06-12 11:38:03,324 - DEBUG - Marking up chromosome 16
2026-06-12 11:38:28,394 - DEBUG - Marking up chromosome 17
2026-06-12 11:38:33,449 - DEBUG - Read first 30 million reads
2026-06-12 11:39:10,200 - DEBUG - Marking up chromosome 18
2026-06-12 11:39:18,395 - DEBUG - Marking up chromosome 19
2026-06-12 11:40:07,096 - DEBUG - Marking up chromosome 2
2026-06-12 11:40:10,160 - DEBUG - Read first 40 million reads
2026-06-12 11:40:38,678 - DEBUG - Marking up chromosome 20
2026-06-12 11:40:48,386 - DEBUG - Marking up chromosome 21
2026-06-12 11:40:53,969 - DEBUG - Read first 50 million reads
2026-06-12 11:41:01,928 - DEBUG - Marking up chromosome 22
2026-06-12 11:41:09,340 - DEBUG - Marking up chromosome 3
2026-06-12 11:41:34,832 - DEBUG - Marking up chromosome 4
2026-06-12 11:41:43,857 - DEBUG - Read first 60 million reads
2026-06-12 11:41:49,244 - DEBUG - Marking up chromosome 5
2026-06-12 11:42:11,994 - DEBUG - Marking up chromosome 6
2026-06-12 11:42:41,568 - DEBUG - Marking up chromosome 7
2026-06-12 11:42:48,462 - DEBUG - Read first 70 million reads
2026-06-12 11:43:01,763 - DEBUG - Marking up chromosome 8
2026-06-12 11:43:17,450 - DEBUG - Marking up chromosome 9
2026-06-12 11:43:33,794 - DEBUG - Marking up chromosome MT
2026-06-12 11:43:33,796 - WARNING - The .bam file refers to a chromosome 'MT+' not present in the annotation (.gtf) file
2026-06-12 11:43:33,796 - WARNING - The .bam file refers to a chromosome 'MT-' not present in the annotation (.gtf) file
2026-06-12 11:43:47,451 - DEBUG - Read first 80 million reads
2026-06-12 11:44:31,577 - DEBUG - Read first 90 million reads
2026-06-12 11:44:59,801 - DEBUG - Marking up chromosome X
2026-06-12 11:45:18,506 - DEBUG - Marking up chromosome Y
2026-06-12 11:45:18,882 - DEBUG - Marking up chromosome KI270728.1
2026-06-12 11:45:18,883 - DEBUG - Marking up chromosome KI270727.1
2026-06-12 11:45:18,883 - DEBUG - Marking up chromosome KI270442.1
2026-06-12 11:45:18,883 - WARNING - The .bam file refers to a chromosome 'KI270442.1+' not present in the annotation (.gtf) file
2026-06-12 11:45:18,883 - WARNING - The .bam file refers to a chromosome 'KI270442.1-' not present in the annotation (.gtf) file
2026-06-12 11:45:18,884 - DEBUG - Marking up chromosome GL000008.2
2026-06-12 11:45:18,884 - WARNING - The .bam file refers to a chromosome 'GL000008.2+' not present in the annotation (.gtf) file
2026-06-12 11:45:18,884 - WARNING - The .bam file refers to a chromosome 'GL000008.2-' not present in the annotation (.gtf) file
2026-06-12 11:45:18,884 - DEBUG - Marking up chromosome GL000194.1
2026-06-12 11:45:18,884 - WARNING - The .bam file refers to a chromosome 'GL000194.1+' not present in the annotation (.gtf) file
2026-06-12 11:45:18,890 - DEBUG - Marking up chromosome KI270742.1
2026-06-12 11:45:18,890 - WARNING - The .bam file refers to a chromosome 'KI270742.1+' not present in the annotation (.gtf) file
2026-06-12 11:45:18,890 - WARNING - The .bam file refers to a chromosome 'KI270742.1-' not present in the annotation (.gtf) file
2026-06-12 11:45:18,890 - DEBUG - Marking up chromosome GL000205.2
2026-06-12 11:45:18,890 - WARNING - The .bam file refers to a chromosome 'GL000205.2+' not present in the annotation (.gtf) file
2026-06-12 11:45:18,892 - DEBUG - Marking up chromosome GL000195.1
2026-06-12 11:45:18,893 - DEBUG - Marking up chromosome KI270733.1
2026-06-12 11:45:18,893 - WARNING - The .bam file refers to a chromosome 'KI270733.1+' not present in the annotation (.gtf) file
2026-06-12 11:45:18,893 - WARNING - The .bam file refers to a chromosome 'KI270733.1-' not present in the annotation (.gtf) file
2026-06-12 11:45:20,043 - DEBUG - Marking up chromosome GL000219.1
2026-06-12 11:45:20,043 - WARNING - The .bam file refers to a chromosome 'GL000219.1+' not present in the annotation (.gtf) file
2026-06-12 11:45:20,054 - DEBUG - Marking up chromosome KI270706.1
2026-06-12 11:45:20,055 - WARNING - The .bam file refers to a chromosome 'KI270706.1+' not present in the annotation (.gtf) file
2026-06-12 11:45:20,055 - WARNING - The .bam file refers to a chromosome 'KI270706.1-' not present in the annotation (.gtf) file
2026-06-12 11:45:20,055 - DEBUG - Marking up chromosome KI270744.1
2026-06-12 11:45:20,055 - WARNING - The .bam file refers to a chromosome 'KI270744.1+' not present in the annotation (.gtf) file
2026-06-12 11:45:20,055 - WARNING - The .bam file refers to a chromosome 'KI270744.1-' not present in the annotation (.gtf) file
2026-06-12 11:45:20,056 - DEBUG - Marking up chromosome KI270734.1
2026-06-12 11:45:20,056 - DEBUG - Marking up chromosome GL000220.1
2026-06-12 11:45:20,056 - WARNING - The .bam file refers to a chromosome 'GL000220.1+' not present in the annotation (.gtf) file
2026-06-12 11:45:20,056 - WARNING - The .bam file refers to a chromosome 'GL000220.1-' not present in the annotation (.gtf) file
2026-06-12 11:45:20,974 - DEBUG - Read first 100 million reads
2026-06-12 11:45:29,091 - DEBUG - Marking up chromosome GL000218.1
2026-06-12 11:45:29,091 - WARNING - The .bam file refers to a chromosome 'GL000218.1+' not present in the annotation (.gtf) file
2026-06-12 11:45:29,096 - DEBUG - Marking up chromosome KI270741.1
2026-06-12 11:45:29,096 - WARNING - The .bam file refers to a chromosome 'KI270741.1+' not present in the annotation (.gtf) file
2026-06-12 11:45:29,096 - WARNING - The .bam file refers to a chromosome 'KI270741.1-' not present in the annotation (.gtf) file
2026-06-12 11:45:29,096 - DEBUG - Marking up chromosome GL000221.1
2026-06-12 11:45:29,096 - WARNING - The .bam file refers to a chromosome 'GL000221.1+' not present in the annotation (.gtf) file
2026-06-12 11:45:29,096 - WARNING - The .bam file refers to a chromosome 'GL000221.1-' not present in the annotation (.gtf) file
2026-06-12 11:45:29,097 - DEBUG - Marking up chromosome GL000214.1
2026-06-12 11:45:29,097 - WARNING - The .bam file refers to a chromosome 'GL000214.1+' not present in the annotation (.gtf) file
2026-06-12 11:45:29,097 - WARNING - The .bam file refers to a chromosome 'GL000214.1-' not present in the annotation (.gtf) file
2026-06-12 11:45:29,097 - DEBUG - Marking up chromosome KI270708.1
2026-06-12 11:45:29,097 - WARNING - The .bam file refers to a chromosome 'KI270708.1+' not present in the annotation (.gtf) file
2026-06-12 11:45:29,097 - WARNING - The .bam file refers to a chromosome 'KI270708.1-' not present in the annotation (.gtf) file
2026-06-12 11:45:29,110 - DEBUG - Marking up chromosome KI270721.1
2026-06-12 11:45:29,110 - WARNING - The .bam file refers to a chromosome 'KI270721.1-' not present in the annotation (.gtf) file
2026-06-12 11:45:29,111 - DEBUG - Marking up chromosome KI270711.1
2026-06-12 11:45:29,111 - WARNING - The .bam file refers to a chromosome 'KI270711.1+' not present in the annotation (.gtf) file
2026-06-12 11:45:29,112 - DEBUG - Marking up chromosome KI270745.1
2026-06-12 11:45:29,112 - WARNING - The .bam file refers to a chromosome 'KI270745.1+' not present in the annotation (.gtf) file
2026-06-12 11:45:29,112 - WARNING - The .bam file refers to a chromosome 'KI270745.1-' not present in the annotation (.gtf) file
2026-06-12 11:45:29,114 - DEBUG - Marking up chromosome KI270713.1
2026-06-12 11:45:29,115 - DEBUG - Marking up chromosome KI270718.1
2026-06-12 11:45:29,115 - WARNING - The .bam file refers to a chromosome 'KI270718.1+' not present in the annotation (.gtf) file
2026-06-12 11:45:29,115 - WARNING - The .bam file refers to a chromosome 'KI270718.1-' not present in the annotation (.gtf) file
2026-06-12 11:45:32,077 - DEBUG - Read first 110 million reads
2026-06-12 11:45:40,825 - DEBUG - Read first 120 million reads
2026-06-12 11:45:50,499 - DEBUG - Read first 130 million reads
2026-06-12 11:45:58,283 - DEBUG - End of file. Reset index: start scanning from initial position.
2026-06-12 11:45:58,284 - DEBUG - 6967454 reads were skipped because no apropiate cell or umi barcode was found
2026-06-12 11:45:58,285 - INFO - Now just waiting that the bam sorting process terminates
2026-06-12 11:45:58,285 - INFO - bam file #0 has been sorted
2026-06-12 11:45:58,285 - DEBUG - Start molecule counting!
2026-06-12 11:45:59,706 - DEBUG - Features available for chromosomes : ['GL000009.2-', 'GL000194.1-', 'GL000195.1-', 'GL000195.1+', 'GL000205.2-', 'GL000213.1-', 'GL000218.1-', 'GL000219.1-', 'KI270711.1-', 'KI270713.1-', 'KI270713.1+', 'KI270721.1+', 'KI270726.1+', 'KI270727.1-', 'KI270727.1+', 'KI270728.1-', 'KI270728.1+', 'KI270731.1-', 'KI270734.1-', 'KI270734.1+', '1-', '1+', '10-', '10+', '11-', '11+', '12-', '12+', '13-', '13+', '14-', '14+', '15-', '15+', '16-', '16+', '17-', '17+', '18-', '18+', '19-', '19+', '2-', '2+', '20-', '20+', '21-', '21+', '22-', '22+', '3-', '3+', '4-', '4+', '5-', '5+', '6-', '6+', '7-', '7+', '8-', '8+', '9-', '9+', 'M-', 'M+', 'X-', 'X+', 'Y-', 'Y+']
2026-06-12 11:45:59,706 - DEBUG - Mask available for chromosomes : []
2026-06-12 11:45:59,706 - DEBUG - Summarizing the results of intron validation.
2026-06-12 11:45:59,980 - DEBUG - Validated 92635 introns (of which unique intervals 32150) out of 1106199 total possible introns (considering each possible transcript models).
2026-06-12 11:45:59,981 - DEBUG - Reading /research/peer/fdeckert/FD20250213HSCT/data/object/velocyto/S_7633_day14_transcriptome/cellsorted_possorted_genome_bam.bam
2026-06-12 11:45:59,988 - DEBUG - Read first 0 million reads
2026-06-12 11:46:30,525 - DEBUG - Read first 10 million reads
2026-06-12 11:47:10,078 - DEBUG - Read first 20 million reads
2026-06-12 11:48:09,737 - DEBUG - Read first 30 million reads
2026-06-12 11:49:11,639 - DEBUG - Read first 40 million reads
2026-06-12 11:50:00,776 - DEBUG - Read first 50 million reads
2026-06-12 11:50:54,282 - DEBUG - Read first 60 million reads
2026-06-12 11:51:40,071 - DEBUG - Read first 70 million reads
2026-06-12 11:52:33,528 - DEBUG - Counting for batch 1, containing 100 cells and 31117238 reads
2026-06-12 11:58:05,615 - DEBUG - 0 reads not considered because fully enclosed in repeat masked regions
2026-06-12 11:58:38,301 - DEBUG - Read first 80 million reads
2026-06-12 11:59:18,579 - DEBUG - Read first 90 million reads
2026-06-12 12:00:08,930 - DEBUG - Read first 100 million reads
2026-06-12 12:00:58,498 - DEBUG - Read first 110 million reads
2026-06-12 12:01:47,821 - DEBUG - Read first 120 million reads
2026-06-12 12:02:39,814 - DEBUG - Read first 130 million reads
2026-06-12 12:03:21,846 - DEBUG - Counting for batch 2, containing 79 cells and 23920422 reads
2026-06-12 12:07:28,659 - DEBUG - 0 reads not considered because fully enclosed in repeat masked regions
2026-06-12 12:07:49,121 - DEBUG - 6967454 reads were skipped because no apropiate cell or umi barcode was found
2026-06-12 12:07:49,122 - DEBUG - Counting done!
2026-06-12 12:07:49,128 - DEBUG - Generating output file /research/peer/fdeckert/FD20250213HSCT/data/object/velocyto/S_7633_day14_transcriptome/velocyto.loom
2026-06-12 12:07:49,129 - DEBUG - Collecting row attributes
2026-06-12 12:07:49,233 - DEBUG - Generating data table
2026-06-12 12:07:49,252 - DEBUG - Writing loom file
2026-06-12 12:07:49,298 - DEBUG - Creating converter from 5 to 3
2026-06-12 12:07:49,300 - DEBUG - Creating converter from 3 to 5
2026-06-12 12:07:49,723 - DEBUG - Terminated Succesfully!
