2026-06-12 12:09:57,033 - DEBUG - Using logic: Permissive10X
2026-06-12 12:09:57,055 - INFO - Read 11673 cell barcodes from /research/lab_stary/sequencing_projects/acute_gvhd/COUNT/CoR_GvD_04_transcriptome/filtered_feature_bc_matrix/barcodes.tsv.gz
2026-06-12 12:09:57,055 - DEBUG - Example of barcode: AAACCTGAGACTAAGT and cell_id: velocyto:AAACCTGAGACTAAGT-1
2026-06-12 12:09:57,060 - DEBUG - Peeking into /research/peer/fdeckert/FD20250213HSCT/data/object/velocyto/CoR_GvD_04_transcriptome/possorted_genome_bam.bam
2026-06-12 12:09:57,075 - WARNING - Not found cell and umi barcode in entry 0 of the bam file
2026-06-12 12:09:57,075 - WARNING - Not found cell and umi barcode in entry 23 of the bam file
2026-06-12 12:09:57,075 - WARNING - Not found cell and umi barcode in entry 41 of the bam file
2026-06-12 12:09:57,075 - WARNING - Not found cell and umi barcode in entry 45 of the bam file
2026-06-12 12:09:57,075 - WARNING - Not found cell and umi barcode in entry 46 of the bam file
2026-06-12 12:09:57,075 - WARNING - Not found cell and umi barcode in entry 50 of the bam file
2026-06-12 12:09:57,075 - WARNING - Not found cell and umi barcode in entry 65 of the bam file
2026-06-12 12:09:57,075 - WARNING - Not found cell and umi barcode in entry 67 of the bam file
2026-06-12 12:09:57,075 - WARNING - Not found cell and umi barcode in entry 106 of the bam file
2026-06-12 12:09:57,075 - WARNING - Not found cell and umi barcode in entry 115 of the bam file
2026-06-12 12:09:57,075 - WARNING - Not found cell and umi barcode in entry 119 of the bam file
2026-06-12 12:09:57,075 - WARNING - Not found cell and umi barcode in entry 120 of the bam file
2026-06-12 12:09:57,075 - WARNING - Not found cell and umi barcode in entry 121 of the bam file
2026-06-12 12:09:57,075 - WARNING - Not found cell and umi barcode in entry 123 of the bam file
2026-06-12 12:09:57,075 - WARNING - Not found cell and umi barcode in entry 173 of the bam file
2026-06-12 12:09:57,076 - WARNING - Not found cell and umi barcode in entry 203 of the bam file
2026-06-12 12:09:57,076 - WARNING - Not found cell and umi barcode in entry 204 of the bam file
2026-06-12 12:09:57,076 - WARNING - Not found cell and umi barcode in entry 205 of the bam file
2026-06-12 12:09:57,076 - WARNING - Not found cell and umi barcode in entry 217 of the bam file
2026-06-12 12:09:57,076 - WARNING - Not found cell and umi barcode in entry 220 of the bam file
2026-06-12 12:09:57,076 - WARNING - Not found cell and umi barcode in entry 222 of the bam file
2026-06-12 12:09:57,076 - WARNING - Not found cell and umi barcode in entry 224 of the bam file
2026-06-12 12:09:57,076 - WARNING - Not found cell and umi barcode in entry 226 of the bam file
2026-06-12 12:09:57,076 - WARNING - Not found cell and umi barcode in entry 236 of the bam file
2026-06-12 12:09:57,076 - WARNING - Not found cell and umi barcode in entry 261 of the bam file
2026-06-12 12:09:57,076 - WARNING - Not found cell and umi barcode in entry 262 of the bam file
2026-06-12 12:09:57,076 - WARNING - Not found cell and umi barcode in entry 267 of the bam file
2026-06-12 12:09:57,076 - WARNING - Not found cell and umi barcode in entry 288 of the bam file
2026-06-12 12:09:57,076 - WARNING - Not found cell and umi barcode in entry 310 of the bam file
2026-06-12 12:09:57,077 - WARNING - Not found cell and umi barcode in entry 517 of the bam file
2026-06-12 12:09:57,077 - WARNING - Not found cell and umi barcode in entry 522 of the bam file
2026-06-12 12:09:57,077 - WARNING - Not found cell and umi barcode in entry 679 of the bam file
2026-06-12 12:09:57,077 - WARNING - Not found cell and umi barcode in entry 691 of the bam file
2026-06-12 12:09:57,077 - WARNING - Not found cell and umi barcode in entry 716 of the bam file
2026-06-12 12:09:57,077 - WARNING - Not found cell and umi barcode in entry 720 of the bam file
2026-06-12 12:09:57,078 - WARNING - Not found cell and umi barcode in entry 740 of the bam file
2026-06-12 12:09:57,078 - WARNING - Not found cell and umi barcode in entry 766 of the bam file
2026-06-12 12:09:57,078 - WARNING - Not found cell and umi barcode in entry 767 of the bam file
2026-06-12 12:09:57,078 - WARNING - Not found cell and umi barcode in entry 798 of the bam file
2026-06-12 12:09:57,078 - WARNING - Not found cell and umi barcode in entry 799 of the bam file
2026-06-12 12:09:57,078 - WARNING - Not found cell and umi barcode in entry 812 of the bam file
2026-06-12 12:09:57,079 - WARNING - Not found cell and umi barcode in entry 831 of the bam file
2026-06-12 12:09:57,079 - WARNING - Not found cell and umi barcode in entry 834 of the bam file
2026-06-12 12:09:57,079 - WARNING - Not found cell and umi barcode in entry 835 of the bam file
2026-06-12 12:09:57,079 - WARNING - Not found cell and umi barcode in entry 847 of the bam file
2026-06-12 12:09:57,079 - WARNING - Not found cell and umi barcode in entry 848 of the bam file
2026-06-12 12:09:57,079 - WARNING - Not found cell and umi barcode in entry 852 of the bam file
2026-06-12 12:09:57,079 - WARNING - Not found cell and umi barcode in entry 854 of the bam file
2026-06-12 12:09:57,079 - WARNING - Not found cell and umi barcode in entry 856 of the bam file
2026-06-12 12:09:57,079 - WARNING - Not found cell and umi barcode in entry 857 of the bam file
2026-06-12 12:09:57,079 - WARNING - Not found cell and umi barcode in entry 859 of the bam file
2026-06-12 12:09:57,079 - WARNING - Not found cell and umi barcode in entry 860 of the bam file
2026-06-12 12:09:57,079 - WARNING - Not found cell and umi barcode in entry 863 of the bam file
2026-06-12 12:09:57,079 - WARNING - Not found cell and umi barcode in entry 870 of the bam file
2026-06-12 12:09:57,079 - WARNING - Not found cell and umi barcode in entry 871 of the bam file
2026-06-12 12:09:57,079 - WARNING - Not found cell and umi barcode in entry 877 of the bam file
2026-06-12 12:09:57,079 - WARNING - Not found cell and umi barcode in entry 883 of the bam file
2026-06-12 12:09:57,079 - WARNING - Not found cell and umi barcode in entry 884 of the bam file
2026-06-12 12:09:57,079 - WARNING - Not found cell and umi barcode in entry 885 of the bam file
2026-06-12 12:09:57,079 - WARNING - Not found cell and umi barcode in entry 948 of the bam file
2026-06-12 12:09:57,079 - WARNING - Not found cell and umi barcode in entry 949 of the bam file
2026-06-12 12:09:57,080 - WARNING - Not found cell and umi barcode in entry 953 of the bam file
2026-06-12 12:09:57,080 - WARNING - Not found cell and umi barcode in entry 954 of the bam file
2026-06-12 12:09:57,080 - WARNING - Not found cell and umi barcode in entry 962 of the bam file
2026-06-12 12:09:57,080 - WARNING - Not found cell and umi barcode in entry 964 of the bam file
2026-06-12 12:09:57,080 - WARNING - Not found cell and umi barcode in entry 976 of the bam file
2026-06-12 12:09:57,080 - WARNING - Not found cell and umi barcode in entry 978 of the bam file
2026-06-12 12:09:57,080 - WARNING - Not found cell and umi barcode in entry 985 of the bam file
2026-06-12 12:09:57,080 - WARNING - Not found cell and umi barcode in entry 991 of the bam file
2026-06-12 12:09:57,080 - WARNING - Not found cell and umi barcode in entry 1003 of the bam file
2026-06-12 12:09:57,080 - WARNING - Not found cell and umi barcode in entry 1008 of the bam file
2026-06-12 12:09:57,080 - WARNING - Not found cell and umi barcode in entry 1009 of the bam file
2026-06-12 12:09:57,080 - WARNING - Not found cell and umi barcode in entry 1012 of the bam file
2026-06-12 12:09:57,080 - WARNING - Not found cell and umi barcode in entry 1019 of the bam file
2026-06-12 12:09:57,080 - WARNING - Not found cell and umi barcode in entry 1023 of the bam file
2026-06-12 12:09:57,097 - INFO - Starting the sorting process of /research/peer/fdeckert/FD20250213HSCT/data/object/velocyto/CoR_GvD_04_transcriptome/possorted_genome_bam.bam the output will be at: /research/peer/fdeckert/FD20250213HSCT/data/object/velocyto/CoR_GvD_04_transcriptome/cellsorted_possorted_genome_bam.bam
2026-06-12 12:09:57,097 - INFO - Command being run is: samtools sort -l 7 -m 100M -t CB -O BAM -@ 16 -o /research/peer/fdeckert/FD20250213HSCT/data/object/velocyto/CoR_GvD_04_transcriptome/cellsorted_possorted_genome_bam.bam /research/peer/fdeckert/FD20250213HSCT/data/object/velocyto/CoR_GvD_04_transcriptome/possorted_genome_bam.bam
2026-06-12 12:09:57,097 - INFO - While the bam sorting happens do other things...
2026-06-12 12:09:57,097 - INFO - Load the annotation from /nobackup/peer/fdeckert/cellranger/GRCh38-2020-A/GRCh38/genes/genes.gtf
2026-06-12 12:10:03,914 - DEBUG - Parsing Chromosome GL000009.2 strand - [line 0]
2026-06-12 12:10:03,914 - DEBUG - Done with GL000009.2- [line 7]
2026-06-12 12:10:03,914 - DEBUG - Assigning indexes to genes
2026-06-12 12:10:03,914 - DEBUG - Seen 1 genes until now
2026-06-12 12:10:03,914 - DEBUG - Parsing Chromosome GL000194.1 strand - [line 8]
2026-06-12 12:10:03,914 - DEBUG - Done with GL000194.1- [line 33]
2026-06-12 12:10:03,914 - DEBUG - Assigning indexes to genes
2026-06-12 12:10:03,914 - DEBUG - Seen 3 genes until now
2026-06-12 12:10:03,914 - DEBUG - Parsing Chromosome GL000195.1 strand - [line 34]
2026-06-12 12:10:03,915 - DEBUG - Done with GL000195.1- [line 43]
2026-06-12 12:10:03,915 - DEBUG - Assigning indexes to genes
2026-06-12 12:10:03,915 - DEBUG - Seen 4 genes until now
2026-06-12 12:10:03,915 - DEBUG - Parsing Chromosome GL000195.1 strand + [line 44]
2026-06-12 12:10:03,915 - DEBUG - Done with GL000195.1+ [line 57]
2026-06-12 12:10:03,915 - DEBUG - Assigning indexes to genes
2026-06-12 12:10:03,915 - DEBUG - Seen 5 genes until now
2026-06-12 12:10:03,915 - DEBUG - Parsing Chromosome GL000205.2 strand - [line 58]
2026-06-12 12:10:03,915 - DEBUG - Done with GL000205.2- [line 71]
2026-06-12 12:10:03,915 - DEBUG - Assigning indexes to genes
2026-06-12 12:10:03,915 - DEBUG - Seen 6 genes until now
2026-06-12 12:10:03,915 - DEBUG - Parsing Chromosome GL000213.1 strand - [line 72]
2026-06-12 12:10:03,915 - DEBUG - Done with GL000213.1- [line 120]
2026-06-12 12:10:03,915 - DEBUG - Assigning indexes to genes
2026-06-12 12:10:03,915 - DEBUG - Seen 7 genes until now
2026-06-12 12:10:03,915 - DEBUG - Parsing Chromosome GL000218.1 strand - [line 121]
2026-06-12 12:10:03,915 - DEBUG - Done with GL000218.1- [line 128]
2026-06-12 12:10:03,915 - DEBUG - Assigning indexes to genes
2026-06-12 12:10:03,915 - DEBUG - Seen 8 genes until now
2026-06-12 12:10:03,915 - DEBUG - Parsing Chromosome GL000219.1 strand - [line 129]
2026-06-12 12:10:03,916 - DEBUG - Done with GL000219.1- [line 141]
2026-06-12 12:10:03,916 - DEBUG - Assigning indexes to genes
2026-06-12 12:10:03,916 - DEBUG - Seen 9 genes until now
2026-06-12 12:10:03,916 - DEBUG - Parsing Chromosome KI270711.1 strand - [line 142]
2026-06-12 12:10:03,916 - DEBUG - Done with KI270711.1- [line 292]
2026-06-12 12:10:03,916 - DEBUG - Assigning indexes to genes
2026-06-12 12:10:03,916 - DEBUG - Seen 10 genes until now
2026-06-12 12:10:03,916 - DEBUG - Parsing Chromosome KI270713.1 strand - [line 293]
2026-06-12 12:10:03,916 - DEBUG - Done with KI270713.1- [line 300]
2026-06-12 12:10:03,916 - DEBUG - Assigning indexes to genes
2026-06-12 12:10:03,916 - DEBUG - Seen 11 genes until now
2026-06-12 12:10:03,916 - DEBUG - Parsing Chromosome KI270713.1 strand + [line 301]
2026-06-12 12:10:03,916 - DEBUG - Done with KI270713.1+ [line 307]
2026-06-12 12:10:03,916 - DEBUG - Assigning indexes to genes
2026-06-12 12:10:03,917 - DEBUG - Seen 12 genes until now
2026-06-12 12:10:03,917 - DEBUG - Parsing Chromosome KI270721.1 strand + [line 308]
2026-06-12 12:10:03,917 - DEBUG - Done with KI270721.1+ [line 323]
2026-06-12 12:10:03,917 - DEBUG - Assigning indexes to genes
2026-06-12 12:10:03,917 - DEBUG - Seen 13 genes until now
2026-06-12 12:10:03,917 - DEBUG - Parsing Chromosome KI270726.1 strand + [line 324]
2026-06-12 12:10:03,917 - DEBUG - Done with KI270726.1+ [line 334]
2026-06-12 12:10:03,917 - DEBUG - Assigning indexes to genes
2026-06-12 12:10:03,917 - DEBUG - Seen 15 genes until now
2026-06-12 12:10:03,917 - DEBUG - Parsing Chromosome KI270727.1 strand - [line 335]
2026-06-12 12:10:03,917 - DEBUG - Done with KI270727.1- [line 394]
2026-06-12 12:10:03,917 - DEBUG - Assigning indexes to genes
2026-06-12 12:10:03,917 - DEBUG - Seen 17 genes until now
2026-06-12 12:10:03,917 - DEBUG - Parsing Chromosome KI270727.1 strand + [line 395]
2026-06-12 12:10:03,917 - DEBUG - Done with KI270727.1+ [line 409]
2026-06-12 12:10:03,917 - DEBUG - Assigning indexes to genes
2026-06-12 12:10:03,917 - DEBUG - Seen 19 genes until now
2026-06-12 12:10:03,917 - DEBUG - Parsing Chromosome KI270728.1 strand - [line 410]
2026-06-12 12:10:03,918 - DEBUG - Done with KI270728.1- [line 486]
2026-06-12 12:10:03,918 - DEBUG - Assigning indexes to genes
2026-06-12 12:10:03,918 - DEBUG - Seen 21 genes until now
2026-06-12 12:10:03,918 - DEBUG - Parsing Chromosome KI270728.1 strand + [line 487]
2026-06-12 12:10:03,918 - DEBUG - Done with KI270728.1+ [line 523]
2026-06-12 12:10:03,918 - DEBUG - Assigning indexes to genes
2026-06-12 12:10:03,918 - DEBUG - Seen 25 genes until now
2026-06-12 12:10:03,918 - DEBUG - Parsing Chromosome KI270731.1 strand - [line 524]
2026-06-12 12:10:03,918 - DEBUG - Done with KI270731.1- [line 530]
2026-06-12 12:10:03,918 - DEBUG - Assigning indexes to genes
2026-06-12 12:10:03,918 - DEBUG - Seen 26 genes until now
2026-06-12 12:10:03,918 - DEBUG - Parsing Chromosome KI270734.1 strand - [line 531]
2026-06-12 12:10:03,919 - DEBUG - Done with KI270734.1- [line 599]
2026-06-12 12:10:03,919 - DEBUG - Assigning indexes to genes
2026-06-12 12:10:03,919 - DEBUG - Seen 27 genes until now
2026-06-12 12:10:03,919 - DEBUG - Parsing Chromosome KI270734.1 strand + [line 600]
2026-06-12 12:10:03,919 - DEBUG - Done with KI270734.1+ [line 622]
2026-06-12 12:10:03,919 - DEBUG - Assigning indexes to genes
2026-06-12 12:10:03,919 - DEBUG - Seen 29 genes until now
2026-06-12 12:10:03,919 - DEBUG - Parsing Chromosome 1 strand - [line 623]
2026-06-12 12:10:04,434 - DEBUG - Done with 1- [line 118876]
2026-06-12 12:10:04,435 - DEBUG - Assigning indexes to genes
2026-06-12 12:10:04,441 - DEBUG - Seen 1711 genes until now
2026-06-12 12:10:04,441 - DEBUG - Parsing Chromosome 1 strand + [line 118877]
2026-06-12 12:10:05,195 - DEBUG - Done with 1+ [line 253796]
2026-06-12 12:10:05,195 - DEBUG - Assigning indexes to genes
2026-06-12 12:10:05,202 - DEBUG - Seen 3439 genes until now
2026-06-12 12:10:05,202 - DEBUG - Parsing Chromosome 10 strand - [line 253797]
2026-06-12 12:10:05,333 - DEBUG - Done with 10- [line 304078]
2026-06-12 12:10:05,333 - DEBUG - Assigning indexes to genes
2026-06-12 12:10:05,335 - DEBUG - Seen 4100 genes until now
2026-06-12 12:10:05,335 - DEBUG - Parsing Chromosome 10 strand + [line 304079]
2026-06-12 12:10:05,519 - DEBUG - Done with 10+ [line 356023]
2026-06-12 12:10:05,519 - DEBUG - Assigning indexes to genes
2026-06-12 12:10:05,523 - DEBUG - Seen 4833 genes until now
2026-06-12 12:10:05,523 - DEBUG - Parsing Chromosome 11 strand - [line 356024]
2026-06-12 12:10:06,107 - DEBUG - Done with 11- [line 438038]
2026-06-12 12:10:06,107 - DEBUG - Assigning indexes to genes
2026-06-12 12:10:06,111 - DEBUG - Seen 5833 genes until now
2026-06-12 12:10:06,111 - DEBUG - Parsing Chromosome 11 strand + [line 438039]
2026-06-12 12:10:06,407 - DEBUG - Done with 11+ [line 521163]
2026-06-12 12:10:06,407 - DEBUG - Assigning indexes to genes
2026-06-12 12:10:06,412 - DEBUG - Seen 6898 genes until now
2026-06-12 12:10:06,412 - DEBUG - Parsing Chromosome 12 strand - [line 521164]
2026-06-12 12:10:06,920 - DEBUG - Done with 12- [line 601582]
2026-06-12 12:10:06,921 - DEBUG - Assigning indexes to genes
2026-06-12 12:10:06,924 - DEBUG - Seen 7848 genes until now
2026-06-12 12:10:06,924 - DEBUG - Parsing Chromosome 12 strand + [line 601583]
2026-06-12 12:10:07,176 - DEBUG - Done with 12+ [line 681983]
2026-06-12 12:10:07,176 - DEBUG - Assigning indexes to genes
2026-06-12 12:10:07,181 - DEBUG - Seen 8826 genes until now
2026-06-12 12:10:07,181 - DEBUG - Parsing Chromosome 13 strand - [line 681984]
2026-06-12 12:10:07,252 - DEBUG - Done with 13- [line 702449]
2026-06-12 12:10:07,252 - DEBUG - Assigning indexes to genes
2026-06-12 12:10:07,254 - DEBUG - Seen 9225 genes until now
2026-06-12 12:10:07,254 - DEBUG - Parsing Chromosome 13 strand + [line 702450]
2026-06-12 12:10:07,338 - DEBUG - Done with 13+ [line 726349]
2026-06-12 12:10:07,338 - DEBUG - Assigning indexes to genes
2026-06-12 12:10:07,340 - DEBUG - Seen 9614 genes until now
2026-06-12 12:10:07,341 - DEBUG - Parsing Chromosome 14 strand - [line 726350]
2026-06-12 12:10:07,734 - DEBUG - Done with 14- [line 770987]
2026-06-12 12:10:07,734 - DEBUG - Assigning indexes to genes
2026-06-12 12:10:07,736 - DEBUG - Seen 10373 genes until now
2026-06-12 12:10:07,736 - DEBUG - Parsing Chromosome 14 strand + [line 770988]
2026-06-12 12:10:07,868 - DEBUG - Done with 14+ [line 822908]
2026-06-12 12:10:07,868 - DEBUG - Assigning indexes to genes
2026-06-12 12:10:07,872 - DEBUG - Seen 11088 genes until now
2026-06-12 12:10:07,872 - DEBUG - Parsing Chromosome 15 strand - [line 822909]
2026-06-12 12:10:08,025 - DEBUG - Done with 15- [line 873715]
2026-06-12 12:10:08,025 - DEBUG - Assigning indexes to genes
2026-06-12 12:10:08,028 - DEBUG - Seen 11734 genes until now
2026-06-12 12:10:08,028 - DEBUG - Parsing Chromosome 15 strand + [line 873716]
2026-06-12 12:10:08,168 - DEBUG - Done with 15+ [line 923824]
2026-06-12 12:10:08,168 - DEBUG - Assigning indexes to genes
2026-06-12 12:10:08,170 - DEBUG - Seen 12355 genes until now
2026-06-12 12:10:08,170 - DEBUG - Parsing Chromosome 16 strand - [line 923825]
2026-06-12 12:10:08,313 - DEBUG - Done with 16- [line 979238]
2026-06-12 12:10:08,313 - DEBUG - Assigning indexes to genes
2026-06-12 12:10:08,316 - DEBUG - Seen 13151 genes until now
2026-06-12 12:10:08,316 - DEBUG - Parsing Chromosome 16 strand + [line 979239]
2026-06-12 12:10:09,080 - DEBUG - Done with 16+ [line 1052152]
2026-06-12 12:10:09,080 - DEBUG - Assigning indexes to genes
2026-06-12 12:10:09,085 - DEBUG - Seen 14004 genes until now
2026-06-12 12:10:09,085 - DEBUG - Parsing Chromosome 17 strand - [line 1052153]
2026-06-12 12:10:09,435 - DEBUG - Done with 17- [line 1140008]
2026-06-12 12:10:09,435 - DEBUG - Assigning indexes to genes
2026-06-12 12:10:09,441 - DEBUG - Seen 15039 genes until now
2026-06-12 12:10:09,441 - DEBUG - Parsing Chromosome 17 strand + [line 1140009]
2026-06-12 12:10:09,729 - DEBUG - Done with 17+ [line 1219447]
2026-06-12 12:10:09,730 - DEBUG - Assigning indexes to genes
2026-06-12 12:10:09,733 - DEBUG - Seen 15996 genes until now
2026-06-12 12:10:09,734 - DEBUG - Parsing Chromosome 18 strand - [line 1219448]
2026-06-12 12:10:09,812 - DEBUG - Done with 18- [line 1246083]
2026-06-12 12:10:09,812 - DEBUG - Assigning indexes to genes
2026-06-12 12:10:09,814 - DEBUG - Seen 16371 genes until now
2026-06-12 12:10:09,814 - DEBUG - Parsing Chromosome 18 strand + [line 1246084]
2026-06-12 12:10:09,882 - DEBUG - Done with 18+ [line 1269821]
2026-06-12 12:10:09,882 - DEBUG - Assigning indexes to genes
2026-06-12 12:10:09,883 - DEBUG - Seen 16777 genes until now
2026-06-12 12:10:09,884 - DEBUG - Parsing Chromosome 19 strand - [line 1269822]
2026-06-12 12:10:10,468 - DEBUG - Done with 19- [line 1350736]
2026-06-12 12:10:10,469 - DEBUG - Assigning indexes to genes
2026-06-12 12:10:10,473 - DEBUG - Seen 17790 genes until now
2026-06-12 12:10:10,473 - DEBUG - Parsing Chromosome 19 strand + [line 1350737]
2026-06-12 12:10:10,690 - DEBUG - Done with 19+ [line 1435648]
2026-06-12 12:10:10,690 - DEBUG - Assigning indexes to genes
2026-06-12 12:10:10,695 - DEBUG - Seen 18804 genes until now
2026-06-12 12:10:10,695 - DEBUG - Parsing Chromosome 2 strand - [line 1435649]
2026-06-12 12:10:11,011 - DEBUG - Done with 2- [line 1542996]
2026-06-12 12:10:11,011 - DEBUG - Assigning indexes to genes
2026-06-12 12:10:11,017 - DEBUG - Seen 20037 genes until now
2026-06-12 12:10:11,017 - DEBUG - Parsing Chromosome 2 strand + [line 1542997]
2026-06-12 12:10:11,282 - DEBUG - Done with 2+ [line 1642863]
2026-06-12 12:10:11,282 - DEBUG - Assigning indexes to genes
2026-06-12 12:10:11,292 - DEBUG - Seen 21345 genes until now
2026-06-12 12:10:11,292 - DEBUG - Parsing Chromosome 20 strand - [line 1642864]
2026-06-12 12:10:11,373 - DEBUG - Done with 20- [line 1672442]
2026-06-12 12:10:11,373 - DEBUG - Assigning indexes to genes
2026-06-12 12:10:11,376 - DEBUG - Seen 21828 genes until now
2026-06-12 12:10:11,376 - DEBUG - Parsing Chromosome 20 strand + [line 1672443]
2026-06-12 12:10:11,488 - DEBUG - Done with 20+ [line 1707817]
2026-06-12 12:10:11,489 - DEBUG - Assigning indexes to genes
2026-06-12 12:10:11,502 - DEBUG - Seen 22309 genes until now
2026-06-12 12:10:11,502 - DEBUG - Parsing Chromosome 21 strand - [line 1707818]
2026-06-12 12:10:12,214 - DEBUG - Done with 21- [line 1722798]
2026-06-12 12:10:12,214 - DEBUG - Assigning indexes to genes
2026-06-12 12:10:12,215 - DEBUG - Seen 22596 genes until now
2026-06-12 12:10:12,215 - DEBUG - Parsing Chromosome 21 strand + [line 1722799]
2026-06-12 12:10:12,263 - DEBUG - Done with 21+ [line 1738981]
2026-06-12 12:10:12,263 - DEBUG - Assigning indexes to genes
2026-06-12 12:10:12,264 - DEBUG - Seen 22864 genes until now
2026-06-12 12:10:12,264 - DEBUG - Parsing Chromosome 22 strand - [line 1738982]
2026-06-12 12:10:12,333 - DEBUG - Done with 22- [line 1765357]
2026-06-12 12:10:12,333 - DEBUG - Assigning indexes to genes
2026-06-12 12:10:12,335 - DEBUG - Seen 23260 genes until now
2026-06-12 12:10:12,335 - DEBUG - Parsing Chromosome 22 strand + [line 1765358]
2026-06-12 12:10:12,448 - DEBUG - Done with 22+ [line 1797598]
2026-06-12 12:10:12,448 - DEBUG - Assigning indexes to genes
2026-06-12 12:10:12,449 - DEBUG - Seen 23765 genes until now
2026-06-12 12:10:12,449 - DEBUG - Parsing Chromosome 3 strand - [line 1797599]
2026-06-12 12:10:12,795 - DEBUG - Done with 3- [line 1887377]
2026-06-12 12:10:12,795 - DEBUG - Assigning indexes to genes
2026-06-12 12:10:12,800 - DEBUG - Seen 24693 genes until now
2026-06-12 12:10:12,800 - DEBUG - Parsing Chromosome 3 strand + [line 1887378]
2026-06-12 12:10:13,063 - DEBUG - Done with 3+ [line 1977011]
2026-06-12 12:10:13,063 - DEBUG - Assigning indexes to genes
2026-06-12 12:10:13,068 - DEBUG - Seen 25658 genes until now
2026-06-12 12:10:13,068 - DEBUG - Parsing Chromosome 4 strand - [line 1977012]
2026-06-12 12:10:13,237 - DEBUG - Done with 4- [line 2034238]
2026-06-12 12:10:13,237 - DEBUG - Assigning indexes to genes
2026-06-12 12:10:13,242 - DEBUG - Seen 26401 genes until now
2026-06-12 12:10:13,242 - DEBUG - Parsing Chromosome 4 strand + [line 2034239]
2026-06-12 12:10:13,415 - DEBUG - Done with 4+ [line 2094594]
2026-06-12 12:10:13,415 - DEBUG - Assigning indexes to genes
2026-06-12 12:10:13,418 - DEBUG - Seen 27191 genes until now
2026-06-12 12:10:13,418 - DEBUG - Parsing Chromosome 5 strand - [line 2094595]
2026-06-12 12:10:13,592 - DEBUG - Done with 5- [line 2152660]
2026-06-12 12:10:13,592 - DEBUG - Assigning indexes to genes
2026-06-12 12:10:13,596 - DEBUG - Seen 28071 genes until now
2026-06-12 12:10:13,596 - DEBUG - Parsing Chromosome 5 strand + [line 2152661]
2026-06-12 12:10:14,716 - DEBUG - Done with 5+ [line 2218657]
2026-06-12 12:10:14,716 - DEBUG - Assigning indexes to genes
2026-06-12 12:10:14,720 - DEBUG - Seen 29002 genes until now
2026-06-12 12:10:14,720 - DEBUG - Parsing Chromosome 6 strand - [line 2218658]
2026-06-12 12:10:14,919 - DEBUG - Done with 6- [line 2284937]
2026-06-12 12:10:14,919 - DEBUG - Assigning indexes to genes
2026-06-12 12:10:14,926 - DEBUG - Seen 29928 genes until now
2026-06-12 12:10:14,926 - DEBUG - Parsing Chromosome 6 strand + [line 2284938]
2026-06-12 12:10:15,189 - DEBUG - Done with 6+ [line 2345240]
2026-06-12 12:10:15,189 - DEBUG - Assigning indexes to genes
2026-06-12 12:10:15,196 - DEBUG - Seen 30829 genes until now
2026-06-12 12:10:15,196 - DEBUG - Parsing Chromosome 7 strand - [line 2345241]
2026-06-12 12:10:15,381 - DEBUG - Done with 7- [line 2406845]
2026-06-12 12:10:15,382 - DEBUG - Assigning indexes to genes
2026-06-12 12:10:15,387 - DEBUG - Seen 31621 genes until now
2026-06-12 12:10:15,387 - DEBUG - Parsing Chromosome 7 strand + [line 2406846]
2026-06-12 12:10:15,596 - DEBUG - Done with 7+ [line 2476014]
2026-06-12 12:10:15,596 - DEBUG - Assigning indexes to genes
2026-06-12 12:10:15,602 - DEBUG - Seen 32515 genes until now
2026-06-12 12:10:15,602 - DEBUG - Parsing Chromosome 8 strand - [line 2476015]
2026-06-12 12:10:15,814 - DEBUG - Done with 8- [line 2527366]
2026-06-12 12:10:15,814 - DEBUG - Assigning indexes to genes
2026-06-12 12:10:15,818 - DEBUG - Seen 33270 genes until now
2026-06-12 12:10:15,818 - DEBUG - Parsing Chromosome 8 strand + [line 2527367]
2026-06-12 12:10:16,025 - DEBUG - Done with 8+ [line 2577021]
2026-06-12 12:10:16,025 - DEBUG - Assigning indexes to genes
2026-06-12 12:10:16,030 - DEBUG - Seen 34010 genes until now
2026-06-12 12:10:16,030 - DEBUG - Parsing Chromosome 9 strand - [line 2577022]
2026-06-12 12:10:16,221 - DEBUG - Done with 9- [line 2622811]
2026-06-12 12:10:16,221 - DEBUG - Assigning indexes to genes
2026-06-12 12:10:16,225 - DEBUG - Seen 34681 genes until now
2026-06-12 12:10:16,225 - DEBUG - Parsing Chromosome 9 strand + [line 2622812]
2026-06-12 12:10:16,430 - DEBUG - Done with 9+ [line 2672374]
2026-06-12 12:10:16,431 - DEBUG - Assigning indexes to genes
2026-06-12 12:10:16,434 - DEBUG - Seen 35329 genes until now
2026-06-12 12:10:16,435 - DEBUG - Parsing Chromosome M strand - [line 2672375]
2026-06-12 12:10:16,435 - DEBUG - Done with M- [line 2672379]
2026-06-12 12:10:16,435 - DEBUG - Assigning indexes to genes
2026-06-12 12:10:16,435 - DEBUG - Seen 35330 genes until now
2026-06-12 12:10:16,435 - DEBUG - Parsing Chromosome M strand + [line 2672380]
2026-06-12 12:10:16,435 - DEBUG - Done with M+ [line 2672445]
2026-06-12 12:10:16,435 - DEBUG - Assigning indexes to genes
2026-06-12 12:10:16,435 - DEBUG - Seen 35342 genes until now
2026-06-12 12:10:16,435 - DEBUG - Parsing Chromosome X strand - [line 2672446]
2026-06-12 12:10:16,614 - DEBUG - Done with X- [line 2716088]
2026-06-12 12:10:16,614 - DEBUG - Assigning indexes to genes
2026-06-12 12:10:16,617 - DEBUG - Seen 35884 genes until now
2026-06-12 12:10:16,617 - DEBUG - Parsing Chromosome X strand + [line 2716089]
2026-06-12 12:10:16,800 - DEBUG - Done with X+ [line 2760500]
2026-06-12 12:10:16,800 - DEBUG - Assigning indexes to genes
2026-06-12 12:10:16,803 - DEBUG - Seen 36490 genes until now
2026-06-12 12:10:16,803 - DEBUG - Parsing Chromosome Y strand - [line 2760501]
2026-06-12 12:10:16,815 - DEBUG - Done with Y- [line 2763031]
2026-06-12 12:10:16,815 - DEBUG - Assigning indexes to genes
2026-06-12 12:10:16,815 - DEBUG - Seen 36543 genes until now
2026-06-12 12:10:16,815 - DEBUG - Parsing Chromosome Y strand + [line 2763032]
2026-06-12 12:10:16,827 - DEBUG - Assigning indexes to genes
2026-06-12 12:10:16,828 - DEBUG - Done with Y+ [line 2765967]
2026-06-12 12:10:16,828 - DEBUG - Fixing corner cases of transcript models containg intron longer than 1000Kbp
2026-06-12 12:10:18,606 - DEBUG - Generated 2411536 features corresponding to 199138 transcript models from /nobackup/peer/fdeckert/cellranger/GRCh38-2020-A/GRCh38/genes/genes.gtf
2026-06-12 12:10:18,636 - INFO - Scan /research/peer/fdeckert/FD20250213HSCT/data/object/velocyto/CoR_GvD_04_transcriptome/possorted_genome_bam.bam to validate intron intervals
2026-06-12 12:10:20,871 - DEBUG - Reading /research/peer/fdeckert/FD20250213HSCT/data/object/velocyto/CoR_GvD_04_transcriptome/possorted_genome_bam.bam
2026-06-12 12:10:20,890 - DEBUG - Read first 0 million reads
2026-06-12 12:10:20,890 - DEBUG - Marking up chromosome 1
2026-06-12 12:10:55,852 - DEBUG - Marking up chromosome 10
2026-06-12 12:11:06,192 - DEBUG - Marking up chromosome 11
2026-06-12 12:11:35,983 - DEBUG - Marking up chromosome 12
2026-06-12 12:11:47,829 - DEBUG - Read first 10 million reads
2026-06-12 12:12:00,837 - DEBUG - Marking up chromosome 13
2026-06-12 12:12:09,128 - DEBUG - Marking up chromosome 14
2026-06-12 12:12:22,673 - DEBUG - Marking up chromosome 15
2026-06-12 12:12:39,118 - DEBUG - Marking up chromosome 16
2026-06-12 12:12:56,424 - DEBUG - Marking up chromosome 17
2026-06-12 12:13:20,223 - DEBUG - Marking up chromosome 18
2026-06-12 12:13:25,298 - DEBUG - Marking up chromosome 19
2026-06-12 12:13:30,029 - DEBUG - Read first 20 million reads
2026-06-12 12:13:47,320 - DEBUG - Marking up chromosome 2
2026-06-12 12:14:07,057 - DEBUG - Marking up chromosome 20
2026-06-12 12:14:13,180 - DEBUG - Marking up chromosome 21
2026-06-12 12:14:18,064 - DEBUG - Read first 30 million reads
2026-06-12 12:14:22,320 - DEBUG - Marking up chromosome 22
2026-06-12 12:14:26,916 - DEBUG - Marking up chromosome 3
2026-06-12 12:14:40,628 - DEBUG - Marking up chromosome 4
2026-06-12 12:14:49,305 - DEBUG - Marking up chromosome 5
2026-06-12 12:15:02,919 - DEBUG - Marking up chromosome 6
2026-06-12 12:15:17,065 - DEBUG - Read first 40 million reads
2026-06-12 12:15:21,968 - DEBUG - Marking up chromosome 7
2026-06-12 12:15:33,048 - DEBUG - Marking up chromosome 8
2026-06-12 12:15:41,953 - DEBUG - Marking up chromosome 9
2026-06-12 12:15:50,953 - DEBUG - Marking up chromosome MT
2026-06-12 12:15:50,953 - WARNING - The .bam file refers to a chromosome 'MT+' not present in the annotation (.gtf) file
2026-06-12 12:15:50,953 - WARNING - The .bam file refers to a chromosome 'MT-' not present in the annotation (.gtf) file
2026-06-12 12:16:14,919 - DEBUG - Read first 50 million reads
2026-06-12 12:16:17,589 - DEBUG - Marking up chromosome X
2026-06-12 12:16:25,923 - DEBUG - Marking up chromosome Y
2026-06-12 12:16:26,182 - DEBUG - Marking up chromosome KI270728.1
2026-06-12 12:16:26,183 - DEBUG - Marking up chromosome KI270727.1
2026-06-12 12:16:26,183 - DEBUG - Marking up chromosome KI270442.1
2026-06-12 12:16:26,183 - WARNING - The .bam file refers to a chromosome 'KI270442.1+' not present in the annotation (.gtf) file
2026-06-12 12:16:26,183 - WARNING - The .bam file refers to a chromosome 'KI270442.1-' not present in the annotation (.gtf) file
2026-06-12 12:16:26,183 - DEBUG - Marking up chromosome KI270729.1
2026-06-12 12:16:26,183 - WARNING - The .bam file refers to a chromosome 'KI270729.1+' not present in the annotation (.gtf) file
2026-06-12 12:16:26,183 - WARNING - The .bam file refers to a chromosome 'KI270729.1-' not present in the annotation (.gtf) file
2026-06-12 12:16:26,184 - DEBUG - Marking up chromosome GL000225.1
2026-06-12 12:16:26,184 - WARNING - The .bam file refers to a chromosome 'GL000225.1+' not present in the annotation (.gtf) file
2026-06-12 12:16:26,184 - WARNING - The .bam file refers to a chromosome 'GL000225.1-' not present in the annotation (.gtf) file
2026-06-12 12:16:26,184 - DEBUG - Marking up chromosome KI270743.1
2026-06-12 12:16:26,184 - WARNING - The .bam file refers to a chromosome 'KI270743.1+' not present in the annotation (.gtf) file
2026-06-12 12:16:26,184 - WARNING - The .bam file refers to a chromosome 'KI270743.1-' not present in the annotation (.gtf) file
2026-06-12 12:16:26,184 - DEBUG - Marking up chromosome GL000008.2
2026-06-12 12:16:26,184 - WARNING - The .bam file refers to a chromosome 'GL000008.2+' not present in the annotation (.gtf) file
2026-06-12 12:16:26,184 - WARNING - The .bam file refers to a chromosome 'GL000008.2-' not present in the annotation (.gtf) file
2026-06-12 12:16:26,184 - DEBUG - Marking up chromosome GL000009.2
2026-06-12 12:16:26,184 - WARNING - The .bam file refers to a chromosome 'GL000009.2+' not present in the annotation (.gtf) file
2026-06-12 12:16:26,184 - DEBUG - Marking up chromosome KI270722.1
2026-06-12 12:16:26,184 - WARNING - The .bam file refers to a chromosome 'KI270722.1+' not present in the annotation (.gtf) file
2026-06-12 12:16:26,184 - WARNING - The .bam file refers to a chromosome 'KI270722.1-' not present in the annotation (.gtf) file
2026-06-12 12:16:26,185 - DEBUG - Marking up chromosome GL000194.1
2026-06-12 12:16:26,185 - WARNING - The .bam file refers to a chromosome 'GL000194.1+' not present in the annotation (.gtf) file
2026-06-12 12:16:26,188 - DEBUG - Marking up chromosome KI270742.1
2026-06-12 12:16:26,189 - WARNING - The .bam file refers to a chromosome 'KI270742.1+' not present in the annotation (.gtf) file
2026-06-12 12:16:26,189 - WARNING - The .bam file refers to a chromosome 'KI270742.1-' not present in the annotation (.gtf) file
2026-06-12 12:16:26,189 - DEBUG - Marking up chromosome GL000205.2
2026-06-12 12:16:26,189 - WARNING - The .bam file refers to a chromosome 'GL000205.2+' not present in the annotation (.gtf) file
2026-06-12 12:16:26,190 - DEBUG - Marking up chromosome GL000195.1
2026-06-12 12:16:26,191 - DEBUG - Marking up chromosome KI270736.1
2026-06-12 12:16:26,191 - WARNING - The .bam file refers to a chromosome 'KI270736.1+' not present in the annotation (.gtf) file
2026-06-12 12:16:26,191 - WARNING - The .bam file refers to a chromosome 'KI270736.1-' not present in the annotation (.gtf) file
2026-06-12 12:16:26,191 - DEBUG - Marking up chromosome KI270733.1
2026-06-12 12:16:26,191 - WARNING - The .bam file refers to a chromosome 'KI270733.1+' not present in the annotation (.gtf) file
2026-06-12 12:16:26,191 - WARNING - The .bam file refers to a chromosome 'KI270733.1-' not present in the annotation (.gtf) file
2026-06-12 12:16:30,202 - DEBUG - Marking up chromosome GL000224.1
2026-06-12 12:16:30,202 - WARNING - The .bam file refers to a chromosome 'GL000224.1+' not present in the annotation (.gtf) file
2026-06-12 12:16:30,202 - WARNING - The .bam file refers to a chromosome 'GL000224.1-' not present in the annotation (.gtf) file
2026-06-12 12:16:30,202 - DEBUG - Marking up chromosome GL000219.1
2026-06-12 12:16:30,203 - WARNING - The .bam file refers to a chromosome 'GL000219.1+' not present in the annotation (.gtf) file
2026-06-12 12:16:30,211 - DEBUG - Marking up chromosome KI270719.1
2026-06-12 12:16:30,211 - WARNING - The .bam file refers to a chromosome 'KI270719.1+' not present in the annotation (.gtf) file
2026-06-12 12:16:30,211 - WARNING - The .bam file refers to a chromosome 'KI270719.1-' not present in the annotation (.gtf) file
2026-06-12 12:16:30,211 - DEBUG - Marking up chromosome GL000216.2
2026-06-12 12:16:30,211 - WARNING - The .bam file refers to a chromosome 'GL000216.2+' not present in the annotation (.gtf) file
2026-06-12 12:16:30,211 - WARNING - The .bam file refers to a chromosome 'GL000216.2-' not present in the annotation (.gtf) file
2026-06-12 12:16:30,212 - DEBUG - Marking up chromosome KI270712.1
2026-06-12 12:16:30,212 - WARNING - The .bam file refers to a chromosome 'KI270712.1+' not present in the annotation (.gtf) file
2026-06-12 12:16:30,212 - WARNING - The .bam file refers to a chromosome 'KI270712.1-' not present in the annotation (.gtf) file
2026-06-12 12:16:30,212 - DEBUG - Marking up chromosome KI270706.1
2026-06-12 12:16:30,212 - WARNING - The .bam file refers to a chromosome 'KI270706.1+' not present in the annotation (.gtf) file
2026-06-12 12:16:30,212 - WARNING - The .bam file refers to a chromosome 'KI270706.1-' not present in the annotation (.gtf) file
2026-06-12 12:16:30,213 - DEBUG - Marking up chromosome KI270725.1
2026-06-12 12:16:30,213 - WARNING - The .bam file refers to a chromosome 'KI270725.1+' not present in the annotation (.gtf) file
2026-06-12 12:16:30,213 - WARNING - The .bam file refers to a chromosome 'KI270725.1-' not present in the annotation (.gtf) file
2026-06-12 12:16:30,213 - DEBUG - Marking up chromosome KI270744.1
2026-06-12 12:16:30,213 - WARNING - The .bam file refers to a chromosome 'KI270744.1+' not present in the annotation (.gtf) file
2026-06-12 12:16:30,213 - WARNING - The .bam file refers to a chromosome 'KI270744.1-' not present in the annotation (.gtf) file
2026-06-12 12:16:30,213 - DEBUG - Marking up chromosome KI270734.1
2026-06-12 12:16:30,214 - DEBUG - Marking up chromosome GL000213.1
2026-06-12 12:16:30,214 - WARNING - The .bam file refers to a chromosome 'GL000213.1+' not present in the annotation (.gtf) file
2026-06-12 12:16:30,214 - DEBUG - Marking up chromosome GL000220.1
2026-06-12 12:16:30,214 - WARNING - The .bam file refers to a chromosome 'GL000220.1+' not present in the annotation (.gtf) file
2026-06-12 12:16:30,214 - WARNING - The .bam file refers to a chromosome 'GL000220.1-' not present in the annotation (.gtf) file
2026-06-12 12:16:35,350 - DEBUG - Marking up chromosome GL000218.1
2026-06-12 12:16:35,350 - WARNING - The .bam file refers to a chromosome 'GL000218.1+' not present in the annotation (.gtf) file
2026-06-12 12:16:35,352 - DEBUG - Marking up chromosome KI270749.1
2026-06-12 12:16:35,352 - WARNING - The .bam file refers to a chromosome 'KI270749.1+' not present in the annotation (.gtf) file
2026-06-12 12:16:35,352 - WARNING - The .bam file refers to a chromosome 'KI270749.1-' not present in the annotation (.gtf) file
2026-06-12 12:16:35,352 - DEBUG - Marking up chromosome KI270741.1
2026-06-12 12:16:35,352 - WARNING - The .bam file refers to a chromosome 'KI270741.1+' not present in the annotation (.gtf) file
2026-06-12 12:16:35,352 - WARNING - The .bam file refers to a chromosome 'KI270741.1-' not present in the annotation (.gtf) file
2026-06-12 12:16:35,352 - DEBUG - Marking up chromosome GL000221.1
2026-06-12 12:16:35,353 - WARNING - The .bam file refers to a chromosome 'GL000221.1+' not present in the annotation (.gtf) file
2026-06-12 12:16:35,353 - WARNING - The .bam file refers to a chromosome 'GL000221.1-' not present in the annotation (.gtf) file
2026-06-12 12:16:35,353 - DEBUG - Marking up chromosome KI270731.1
2026-06-12 12:16:35,353 - WARNING - The .bam file refers to a chromosome 'KI270731.1+' not present in the annotation (.gtf) file
2026-06-12 12:16:35,353 - DEBUG - Marking up chromosome KI270751.1
2026-06-12 12:16:35,353 - WARNING - The .bam file refers to a chromosome 'KI270751.1+' not present in the annotation (.gtf) file
2026-06-12 12:16:35,353 - WARNING - The .bam file refers to a chromosome 'KI270751.1-' not present in the annotation (.gtf) file
2026-06-12 12:16:35,353 - DEBUG - Marking up chromosome KI270750.1
2026-06-12 12:16:35,353 - WARNING - The .bam file refers to a chromosome 'KI270750.1+' not present in the annotation (.gtf) file
2026-06-12 12:16:35,353 - WARNING - The .bam file refers to a chromosome 'KI270750.1-' not present in the annotation (.gtf) file
2026-06-12 12:16:35,353 - DEBUG - Marking up chromosome GL000214.1
2026-06-12 12:16:35,353 - WARNING - The .bam file refers to a chromosome 'GL000214.1+' not present in the annotation (.gtf) file
2026-06-12 12:16:35,353 - WARNING - The .bam file refers to a chromosome 'GL000214.1-' not present in the annotation (.gtf) file
2026-06-12 12:16:35,353 - DEBUG - Marking up chromosome KI270708.1
2026-06-12 12:16:35,353 - WARNING - The .bam file refers to a chromosome 'KI270708.1+' not present in the annotation (.gtf) file
2026-06-12 12:16:35,353 - WARNING - The .bam file refers to a chromosome 'KI270708.1-' not present in the annotation (.gtf) file
2026-06-12 12:16:35,353 - DEBUG - Marking up chromosome KI270438.1
2026-06-12 12:16:35,353 - WARNING - The .bam file refers to a chromosome 'KI270438.1+' not present in the annotation (.gtf) file
2026-06-12 12:16:35,353 - WARNING - The .bam file refers to a chromosome 'KI270438.1-' not present in the annotation (.gtf) file
2026-06-12 12:16:35,357 - DEBUG - Marking up chromosome KI270721.1
2026-06-12 12:16:35,357 - WARNING - The .bam file refers to a chromosome 'KI270721.1-' not present in the annotation (.gtf) file
2026-06-12 12:16:35,357 - DEBUG - Marking up chromosome KI270435.1
2026-06-12 12:16:35,357 - WARNING - The .bam file refers to a chromosome 'KI270435.1+' not present in the annotation (.gtf) file
2026-06-12 12:16:35,357 - WARNING - The .bam file refers to a chromosome 'KI270435.1-' not present in the annotation (.gtf) file
2026-06-12 12:16:35,357 - DEBUG - Marking up chromosome KI270538.1
2026-06-12 12:16:35,357 - WARNING - The .bam file refers to a chromosome 'KI270538.1+' not present in the annotation (.gtf) file
2026-06-12 12:16:35,357 - WARNING - The .bam file refers to a chromosome 'KI270538.1-' not present in the annotation (.gtf) file
2026-06-12 12:16:35,357 - DEBUG - Marking up chromosome KI270726.1
2026-06-12 12:16:35,357 - WARNING - The .bam file refers to a chromosome 'KI270726.1-' not present in the annotation (.gtf) file
2026-06-12 12:16:35,358 - DEBUG - Marking up chromosome KI270711.1
2026-06-12 12:16:35,358 - WARNING - The .bam file refers to a chromosome 'KI270711.1+' not present in the annotation (.gtf) file
2026-06-12 12:16:35,358 - DEBUG - Marking up chromosome KI270745.1
2026-06-12 12:16:35,358 - WARNING - The .bam file refers to a chromosome 'KI270745.1+' not present in the annotation (.gtf) file
2026-06-12 12:16:35,358 - WARNING - The .bam file refers to a chromosome 'KI270745.1-' not present in the annotation (.gtf) file
2026-06-12 12:16:35,359 - DEBUG - Marking up chromosome KI270714.1
2026-06-12 12:16:35,359 - WARNING - The .bam file refers to a chromosome 'KI270714.1+' not present in the annotation (.gtf) file
2026-06-12 12:16:35,359 - WARNING - The .bam file refers to a chromosome 'KI270714.1-' not present in the annotation (.gtf) file
2026-06-12 12:16:35,359 - DEBUG - Marking up chromosome KI270713.1
2026-06-12 12:16:35,360 - DEBUG - Marking up chromosome KI270717.1
2026-06-12 12:16:35,360 - WARNING - The .bam file refers to a chromosome 'KI270717.1+' not present in the annotation (.gtf) file
2026-06-12 12:16:35,360 - WARNING - The .bam file refers to a chromosome 'KI270717.1-' not present in the annotation (.gtf) file
2026-06-12 12:16:35,360 - DEBUG - Marking up chromosome KI270723.1
2026-06-12 12:16:35,360 - WARNING - The .bam file refers to a chromosome 'KI270723.1+' not present in the annotation (.gtf) file
2026-06-12 12:16:35,360 - WARNING - The .bam file refers to a chromosome 'KI270723.1-' not present in the annotation (.gtf) file
2026-06-12 12:16:35,360 - DEBUG - Marking up chromosome KI270718.1
2026-06-12 12:16:35,360 - WARNING - The .bam file refers to a chromosome 'KI270718.1+' not present in the annotation (.gtf) file
2026-06-12 12:16:35,360 - WARNING - The .bam file refers to a chromosome 'KI270718.1-' not present in the annotation (.gtf) file
2026-06-12 12:16:35,360 - DEBUG - Marking up chromosome KI270740.1
2026-06-12 12:16:35,360 - WARNING - The .bam file refers to a chromosome 'KI270740.1+' not present in the annotation (.gtf) file
2026-06-12 12:16:35,361 - WARNING - The .bam file refers to a chromosome 'KI270740.1-' not present in the annotation (.gtf) file
2026-06-12 12:16:35,361 - DEBUG - Marking up chromosome KI270707.1
2026-06-12 12:16:35,361 - WARNING - The .bam file refers to a chromosome 'KI270707.1+' not present in the annotation (.gtf) file
2026-06-12 12:16:35,361 - WARNING - The .bam file refers to a chromosome 'KI270707.1-' not present in the annotation (.gtf) file
2026-06-12 12:16:35,821 - DEBUG - Read first 60 million reads
2026-06-12 12:16:44,585 - DEBUG - Read first 70 million reads
2026-06-12 12:16:53,275 - DEBUG - Read first 80 million reads
2026-06-12 12:17:02,073 - DEBUG - Read first 90 million reads
2026-06-12 12:17:04,529 - DEBUG - End of file. Reset index: start scanning from initial position.
2026-06-12 12:17:04,530 - DEBUG - 2735275 reads were skipped because no apropiate cell or umi barcode was found
2026-06-12 12:17:04,530 - INFO - Now just waiting that the bam sorting process terminates
2026-06-12 12:17:04,530 - INFO - bam file #0 has been sorted
2026-06-12 12:17:04,530 - DEBUG - Start molecule counting!
2026-06-12 12:17:05,946 - DEBUG - Features available for chromosomes : ['GL000009.2-', 'GL000194.1-', 'GL000195.1-', 'GL000195.1+', 'GL000205.2-', 'GL000213.1-', 'GL000218.1-', 'GL000219.1-', 'KI270711.1-', 'KI270713.1-', 'KI270713.1+', 'KI270721.1+', 'KI270726.1+', 'KI270727.1-', 'KI270727.1+', 'KI270728.1-', 'KI270728.1+', 'KI270731.1-', 'KI270734.1-', 'KI270734.1+', '1-', '1+', '10-', '10+', '11-', '11+', '12-', '12+', '13-', '13+', '14-', '14+', '15-', '15+', '16-', '16+', '17-', '17+', '18-', '18+', '19-', '19+', '2-', '2+', '20-', '20+', '21-', '21+', '22-', '22+', '3-', '3+', '4-', '4+', '5-', '5+', '6-', '6+', '7-', '7+', '8-', '8+', '9-', '9+', 'M-', 'M+', 'X-', 'X+', 'Y-', 'Y+']
2026-06-12 12:17:05,946 - DEBUG - Mask available for chromosomes : []
2026-06-12 12:17:05,946 - DEBUG - Summarizing the results of intron validation.
2026-06-12 12:17:06,228 - DEBUG - Validated 184339 introns (of which unique intervals 61178) out of 1106199 total possible introns (considering each possible transcript models).
2026-06-12 12:17:06,228 - DEBUG - Reading /research/peer/fdeckert/FD20250213HSCT/data/object/velocyto/CoR_GvD_04_transcriptome/cellsorted_possorted_genome_bam.bam
2026-06-12 12:17:06,230 - DEBUG - Read first 0 million reads
2026-06-12 12:17:26,729 - DEBUG - Counting for batch 1, containing 100 cells and 353016 reads
2026-06-12 12:17:29,533 - DEBUG - 0 reads not considered because fully enclosed in repeat masked regions
2026-06-12 12:17:32,778 - DEBUG - Counting for batch 2, containing 100 cells and 303476 reads
2026-06-12 12:17:35,337 - DEBUG - 0 reads not considered because fully enclosed in repeat masked regions
2026-06-12 12:17:37,945 - DEBUG - Read first 10 million reads
2026-06-12 12:17:38,495 - DEBUG - Counting for batch 3, containing 100 cells and 305221 reads
2026-06-12 12:17:41,113 - DEBUG - 0 reads not considered because fully enclosed in repeat masked regions
2026-06-12 12:17:45,176 - DEBUG - Counting for batch 4, containing 100 cells and 331107 reads
2026-06-12 12:17:47,142 - DEBUG - 0 reads not considered because fully enclosed in repeat masked regions
2026-06-12 12:17:50,822 - DEBUG - Counting for batch 5, containing 100 cells and 273394 reads
2026-06-12 12:17:52,447 - DEBUG - 0 reads not considered because fully enclosed in repeat masked regions
2026-06-12 12:17:56,685 - DEBUG - Counting for batch 6, containing 100 cells and 348041 reads
2026-06-12 12:17:59,447 - DEBUG - 0 reads not considered because fully enclosed in repeat masked regions
2026-06-12 12:18:02,865 - DEBUG - Counting for batch 7, containing 100 cells and 329911 reads
2026-06-12 12:18:05,562 - DEBUG - 0 reads not considered because fully enclosed in repeat masked regions
2026-06-12 12:18:08,439 - DEBUG - Counting for batch 8, containing 100 cells and 272114 reads
2026-06-12 12:18:10,994 - DEBUG - 0 reads not considered because fully enclosed in repeat masked regions
2026-06-12 12:18:13,669 - DEBUG - Counting for batch 9, containing 100 cells and 250091 reads
2026-06-12 12:18:16,054 - DEBUG - 0 reads not considered because fully enclosed in repeat masked regions
2026-06-12 12:18:19,024 - DEBUG - Counting for batch 10, containing 100 cells and 286408 reads
2026-06-12 12:18:21,610 - DEBUG - 0 reads not considered because fully enclosed in repeat masked regions
2026-06-12 12:18:24,807 - DEBUG - Counting for batch 11, containing 100 cells and 314654 reads
2026-06-12 12:18:26,591 - DEBUG - 0 reads not considered because fully enclosed in repeat masked regions
2026-06-12 12:18:30,158 - DEBUG - Counting for batch 12, containing 100 cells and 288363 reads
2026-06-12 12:18:32,665 - DEBUG - 0 reads not considered because fully enclosed in repeat masked regions
2026-06-12 12:18:35,829 - DEBUG - Counting for batch 13, containing 100 cells and 308770 reads
2026-06-12 12:18:38,443 - DEBUG - 0 reads not considered because fully enclosed in repeat masked regions
2026-06-12 12:18:41,365 - DEBUG - Counting for batch 14, containing 100 cells and 281152 reads
2026-06-12 12:18:43,875 - DEBUG - 0 reads not considered because fully enclosed in repeat masked regions
2026-06-12 12:18:46,471 - DEBUG - Counting for batch 15, containing 100 cells and 246450 reads
2026-06-12 12:18:48,753 - DEBUG - 0 reads not considered because fully enclosed in repeat masked regions
2026-06-12 12:18:51,697 - DEBUG - Counting for batch 16, containing 100 cells and 286262 reads
2026-06-12 12:18:54,167 - DEBUG - 0 reads not considered because fully enclosed in repeat masked regions
2026-06-12 12:18:55,919 - DEBUG - Read first 20 million reads
2026-06-12 12:18:56,948 - DEBUG - Counting for batch 17, containing 100 cells and 250706 reads
2026-06-12 12:18:59,296 - DEBUG - 0 reads not considered because fully enclosed in repeat masked regions
2026-06-12 12:19:02,493 - DEBUG - Counting for batch 18, containing 100 cells and 319484 reads
2026-06-12 12:19:05,247 - DEBUG - 0 reads not considered because fully enclosed in repeat masked regions
2026-06-12 12:19:08,233 - DEBUG - Counting for batch 19, containing 100 cells and 289630 reads
2026-06-12 12:19:10,792 - DEBUG - 0 reads not considered because fully enclosed in repeat masked regions
2026-06-12 12:19:13,947 - DEBUG - Counting for batch 20, containing 100 cells and 314045 reads
2026-06-12 12:19:16,656 - DEBUG - 0 reads not considered because fully enclosed in repeat masked regions
2026-06-12 12:19:19,584 - DEBUG - Counting for batch 21, containing 100 cells and 285692 reads
2026-06-12 12:19:22,059 - DEBUG - 0 reads not considered because fully enclosed in repeat masked regions
2026-06-12 12:19:25,128 - DEBUG - Counting for batch 22, containing 100 cells and 302679 reads
2026-06-12 12:19:27,727 - DEBUG - 0 reads not considered because fully enclosed in repeat masked regions
2026-06-12 12:19:31,883 - DEBUG - Counting for batch 23, containing 100 cells and 327443 reads
2026-06-12 12:19:33,816 - DEBUG - 0 reads not considered because fully enclosed in repeat masked regions
2026-06-12 12:19:37,777 - DEBUG - Counting for batch 24, containing 100 cells and 313535 reads
2026-06-12 12:19:39,666 - DEBUG - 0 reads not considered because fully enclosed in repeat masked regions
2026-06-12 12:19:43,910 - DEBUG - Counting for batch 25, containing 100 cells and 351109 reads
2026-06-12 12:19:46,752 - DEBUG - 0 reads not considered because fully enclosed in repeat masked regions
2026-06-12 12:19:50,039 - DEBUG - Counting for batch 26, containing 100 cells and 322811 reads
2026-06-12 12:19:52,875 - DEBUG - 0 reads not considered because fully enclosed in repeat masked regions
2026-06-12 12:19:57,080 - DEBUG - Counting for batch 27, containing 100 cells and 315897 reads
2026-06-12 12:19:59,031 - DEBUG - 0 reads not considered because fully enclosed in repeat masked regions
2026-06-12 12:20:03,093 - DEBUG - Counting for batch 28, containing 100 cells and 296126 reads
2026-06-12 12:20:04,970 - DEBUG - 0 reads not considered because fully enclosed in repeat masked regions
2026-06-12 12:20:08,818 - DEBUG - Counting for batch 29, containing 100 cells and 282089 reads
2026-06-12 12:20:11,448 - DEBUG - 0 reads not considered because fully enclosed in repeat masked regions
2026-06-12 12:20:14,603 - DEBUG - Read first 30 million reads
2026-06-12 12:20:14,983 - DEBUG - Counting for batch 30, containing 100 cells and 335520 reads
2026-06-12 12:20:17,985 - DEBUG - 0 reads not considered because fully enclosed in repeat masked regions
2026-06-12 12:20:21,085 - DEBUG - Counting for batch 31, containing 100 cells and 272981 reads
2026-06-12 12:20:23,620 - DEBUG - 0 reads not considered because fully enclosed in repeat masked regions
2026-06-12 12:20:27,392 - DEBUG - Counting for batch 32, containing 100 cells and 280184 reads
2026-06-12 12:20:29,184 - DEBUG - 0 reads not considered because fully enclosed in repeat masked regions
2026-06-12 12:20:33,161 - DEBUG - Counting for batch 33, containing 100 cells and 296181 reads
2026-06-12 12:20:35,031 - DEBUG - 0 reads not considered because fully enclosed in repeat masked regions
2026-06-12 12:20:39,015 - DEBUG - Counting for batch 34, containing 100 cells and 300637 reads
2026-06-12 12:20:40,952 - DEBUG - 0 reads not considered because fully enclosed in repeat masked regions
2026-06-12 12:20:45,121 - DEBUG - Counting for batch 35, containing 100 cells and 323084 reads
2026-06-12 12:20:47,974 - DEBUG - 0 reads not considered because fully enclosed in repeat masked regions
2026-06-12 12:20:51,371 - DEBUG - Counting for batch 36, containing 100 cells and 301188 reads
2026-06-12 12:20:54,185 - DEBUG - 0 reads not considered because fully enclosed in repeat masked regions
2026-06-12 12:20:57,865 - DEBUG - Counting for batch 37, containing 100 cells and 344594 reads
2026-06-12 12:21:00,941 - DEBUG - 0 reads not considered because fully enclosed in repeat masked regions
2026-06-12 12:21:05,030 - DEBUG - Counting for batch 38, containing 100 cells and 298941 reads
2026-06-12 12:21:06,855 - DEBUG - 0 reads not considered because fully enclosed in repeat masked regions
2026-06-12 12:21:10,701 - DEBUG - Counting for batch 39, containing 100 cells and 294594 reads
2026-06-12 12:21:12,466 - DEBUG - 0 reads not considered because fully enclosed in repeat masked regions
2026-06-12 12:21:16,055 - DEBUG - Counting for batch 40, containing 100 cells and 276150 reads
2026-06-12 12:21:18,625 - DEBUG - 0 reads not considered because fully enclosed in repeat masked regions
2026-06-12 12:21:21,517 - DEBUG - Counting for batch 41, containing 100 cells and 282698 reads
2026-06-12 12:21:24,179 - DEBUG - 0 reads not considered because fully enclosed in repeat masked regions
2026-06-12 12:21:27,302 - DEBUG - Counting for batch 42, containing 100 cells and 300247 reads
2026-06-12 12:21:30,025 - DEBUG - 0 reads not considered because fully enclosed in repeat masked regions
2026-06-12 12:21:32,911 - DEBUG - Counting for batch 43, containing 100 cells and 257833 reads
2026-06-12 12:21:35,437 - DEBUG - 0 reads not considered because fully enclosed in repeat masked regions
2026-06-12 12:21:37,427 - DEBUG - Read first 40 million reads
2026-06-12 12:21:38,552 - DEBUG - Counting for batch 44, containing 100 cells and 300701 reads
2026-06-12 12:21:41,182 - DEBUG - 0 reads not considered because fully enclosed in repeat masked regions
2026-06-12 12:21:44,040 - DEBUG - Counting for batch 45, containing 100 cells and 262243 reads
2026-06-12 12:21:46,509 - DEBUG - 0 reads not considered because fully enclosed in repeat masked regions
2026-06-12 12:21:49,125 - DEBUG - Counting for batch 46, containing 100 cells and 251067 reads
2026-06-12 12:21:51,580 - DEBUG - 0 reads not considered because fully enclosed in repeat masked regions
2026-06-12 12:21:54,742 - DEBUG - Counting for batch 47, containing 100 cells and 313802 reads
2026-06-12 12:21:57,514 - DEBUG - 0 reads not considered because fully enclosed in repeat masked regions
2026-06-12 12:22:00,686 - DEBUG - Counting for batch 48, containing 100 cells and 313973 reads
2026-06-12 12:22:03,409 - DEBUG - 0 reads not considered because fully enclosed in repeat masked regions
2026-06-12 12:22:06,531 - DEBUG - Counting for batch 49, containing 100 cells and 312249 reads
2026-06-12 12:22:09,222 - DEBUG - 0 reads not considered because fully enclosed in repeat masked regions
2026-06-12 12:22:13,022 - DEBUG - Counting for batch 50, containing 100 cells and 285654 reads
2026-06-12 12:22:14,783 - DEBUG - 0 reads not considered because fully enclosed in repeat masked regions
2026-06-12 12:22:17,517 - DEBUG - Counting for batch 51, containing 100 cells and 242486 reads
2026-06-12 12:22:19,852 - DEBUG - 0 reads not considered because fully enclosed in repeat masked regions
2026-06-12 12:22:22,845 - DEBUG - Counting for batch 52, containing 100 cells and 301481 reads
2026-06-12 12:22:25,540 - DEBUG - 0 reads not considered because fully enclosed in repeat masked regions
2026-06-12 12:22:29,619 - DEBUG - Counting for batch 53, containing 100 cells and 317900 reads
2026-06-12 12:22:31,649 - DEBUG - 0 reads not considered because fully enclosed in repeat masked regions
2026-06-12 12:22:35,538 - DEBUG - Counting for batch 54, containing 100 cells and 306289 reads
2026-06-12 12:22:38,390 - DEBUG - 0 reads not considered because fully enclosed in repeat masked regions
2026-06-12 12:22:41,840 - DEBUG - Counting for batch 55, containing 100 cells and 337204 reads
2026-06-12 12:22:44,823 - DEBUG - 0 reads not considered because fully enclosed in repeat masked regions
2026-06-12 12:22:47,990 - DEBUG - Counting for batch 56, containing 100 cells and 297179 reads
2026-06-12 12:22:50,723 - DEBUG - 0 reads not considered because fully enclosed in repeat masked regions
2026-06-12 12:22:53,735 - DEBUG - Counting for batch 57, containing 100 cells and 286158 reads
2026-06-12 12:22:56,477 - DEBUG - 0 reads not considered because fully enclosed in repeat masked regions
2026-06-12 12:22:58,927 - DEBUG - Read first 50 million reads
2026-06-12 12:22:59,655 - DEBUG - Counting for batch 58, containing 100 cells and 305876 reads
2026-06-12 12:23:02,429 - DEBUG - 0 reads not considered because fully enclosed in repeat masked regions
2026-06-12 12:23:05,494 - DEBUG - Counting for batch 59, containing 100 cells and 293050 reads
2026-06-12 12:23:08,227 - DEBUG - 0 reads not considered because fully enclosed in repeat masked regions
2026-06-12 12:23:11,289 - DEBUG - Counting for batch 60, containing 100 cells and 286423 reads
2026-06-12 12:23:13,969 - DEBUG - 0 reads not considered because fully enclosed in repeat masked regions
2026-06-12 12:23:16,965 - DEBUG - Counting for batch 61, containing 100 cells and 281327 reads
2026-06-12 12:23:19,661 - DEBUG - 0 reads not considered because fully enclosed in repeat masked regions
2026-06-12 12:23:22,765 - DEBUG - Counting for batch 62, containing 100 cells and 300438 reads
2026-06-12 12:23:25,445 - DEBUG - 0 reads not considered because fully enclosed in repeat masked regions
2026-06-12 12:23:28,755 - DEBUG - Counting for batch 63, containing 100 cells and 326616 reads
2026-06-12 12:23:31,501 - DEBUG - 0 reads not considered because fully enclosed in repeat masked regions
2026-06-12 12:23:35,671 - DEBUG - Counting for batch 64, containing 100 cells and 307167 reads
2026-06-12 12:23:37,572 - DEBUG - 0 reads not considered because fully enclosed in repeat masked regions
2026-06-12 12:23:41,692 - DEBUG - Counting for batch 65, containing 100 cells and 319805 reads
2026-06-12 12:23:43,693 - DEBUG - 0 reads not considered because fully enclosed in repeat masked regions
2026-06-12 12:23:47,701 - DEBUG - Counting for batch 66, containing 100 cells and 320029 reads
2026-06-12 12:23:49,722 - DEBUG - 0 reads not considered because fully enclosed in repeat masked regions
2026-06-12 12:23:53,924 - DEBUG - Counting for batch 67, containing 100 cells and 293421 reads
2026-06-12 12:23:56,679 - DEBUG - 0 reads not considered because fully enclosed in repeat masked regions
2026-06-12 12:23:59,790 - DEBUG - Counting for batch 68, containing 100 cells and 302798 reads
2026-06-12 12:24:02,542 - DEBUG - 0 reads not considered because fully enclosed in repeat masked regions
2026-06-12 12:24:05,572 - DEBUG - Counting for batch 69, containing 100 cells and 296240 reads
2026-06-12 12:24:08,312 - DEBUG - 0 reads not considered because fully enclosed in repeat masked regions
2026-06-12 12:24:11,416 - DEBUG - Counting for batch 70, containing 100 cells and 293853 reads
2026-06-12 12:24:14,162 - DEBUG - 0 reads not considered because fully enclosed in repeat masked regions
2026-06-12 12:24:16,999 - DEBUG - Read first 60 million reads
2026-06-12 12:24:17,485 - DEBUG - Counting for batch 71, containing 100 cells and 315087 reads
2026-06-12 12:24:20,309 - DEBUG - 0 reads not considered because fully enclosed in repeat masked regions
2026-06-12 12:24:23,494 - DEBUG - Counting for batch 72, containing 100 cells and 294036 reads
2026-06-12 12:24:26,195 - DEBUG - 0 reads not considered because fully enclosed in repeat masked regions
2026-06-12 12:24:29,993 - DEBUG - Counting for batch 73, containing 100 cells and 283972 reads
2026-06-12 12:24:31,780 - DEBUG - 0 reads not considered because fully enclosed in repeat masked regions
2026-06-12 12:24:35,569 - DEBUG - Counting for batch 74, containing 100 cells and 279840 reads
2026-06-12 12:24:37,354 - DEBUG - 0 reads not considered because fully enclosed in repeat masked regions
2026-06-12 12:24:41,283 - DEBUG - Counting for batch 75, containing 100 cells and 309076 reads
2026-06-12 12:24:43,256 - DEBUG - 0 reads not considered because fully enclosed in repeat masked regions
2026-06-12 12:24:46,979 - DEBUG - Counting for batch 76, containing 100 cells and 266840 reads
2026-06-12 12:24:48,694 - DEBUG - 0 reads not considered because fully enclosed in repeat masked regions
2026-06-12 12:24:52,389 - DEBUG - Counting for batch 77, containing 100 cells and 276588 reads
2026-06-12 12:24:54,120 - DEBUG - 0 reads not considered because fully enclosed in repeat masked regions
2026-06-12 12:24:57,554 - DEBUG - Counting for batch 78, containing 100 cells and 248376 reads
2026-06-12 12:24:59,169 - DEBUG - 0 reads not considered because fully enclosed in repeat masked regions
2026-06-12 12:25:02,961 - DEBUG - Counting for batch 79, containing 100 cells and 295543 reads
2026-06-12 12:25:04,835 - DEBUG - 0 reads not considered because fully enclosed in repeat masked regions
2026-06-12 12:25:08,392 - DEBUG - Counting for batch 80, containing 100 cells and 267640 reads
2026-06-12 12:25:10,085 - DEBUG - 0 reads not considered because fully enclosed in repeat masked regions
2026-06-12 12:25:14,178 - DEBUG - Counting for batch 81, containing 100 cells and 323433 reads
2026-06-12 12:25:17,049 - DEBUG - 0 reads not considered because fully enclosed in repeat masked regions
2026-06-12 12:25:20,336 - DEBUG - Counting for batch 82, containing 100 cells and 317770 reads
2026-06-12 12:25:22,247 - DEBUG - 0 reads not considered because fully enclosed in repeat masked regions
2026-06-12 12:25:26,014 - DEBUG - Counting for batch 83, containing 100 cells and 291258 reads
2026-06-12 12:25:28,711 - DEBUG - 0 reads not considered because fully enclosed in repeat masked regions
2026-06-12 12:25:31,746 - DEBUG - Counting for batch 84, containing 100 cells and 285580 reads
2026-06-12 12:25:34,497 - DEBUG - 0 reads not considered because fully enclosed in repeat masked regions
2026-06-12 12:25:37,501 - DEBUG - Read first 70 million reads
2026-06-12 12:25:37,555 - DEBUG - Counting for batch 85, containing 100 cells and 292655 reads
2026-06-12 12:25:40,299 - DEBUG - 0 reads not considered because fully enclosed in repeat masked regions
2026-06-12 12:25:43,237 - DEBUG - Counting for batch 86, containing 100 cells and 278012 reads
2026-06-12 12:25:45,881 - DEBUG - 0 reads not considered because fully enclosed in repeat masked regions
2026-06-12 12:25:48,772 - DEBUG - Counting for batch 87, containing 100 cells and 273198 reads
2026-06-12 12:25:51,362 - DEBUG - 0 reads not considered because fully enclosed in repeat masked regions
2026-06-12 12:25:54,218 - DEBUG - Counting for batch 88, containing 100 cells and 262500 reads
2026-06-12 12:25:56,738 - DEBUG - 0 reads not considered because fully enclosed in repeat masked regions
2026-06-12 12:25:59,700 - DEBUG - Counting for batch 89, containing 100 cells and 287338 reads
2026-06-12 12:26:02,441 - DEBUG - 0 reads not considered because fully enclosed in repeat masked regions
2026-06-12 12:26:05,252 - DEBUG - Counting for batch 90, containing 100 cells and 273951 reads
2026-06-12 12:26:07,913 - DEBUG - 0 reads not considered because fully enclosed in repeat masked regions
2026-06-12 12:26:11,058 - DEBUG - Counting for batch 91, containing 100 cells and 306402 reads
2026-06-12 12:26:12,942 - DEBUG - 0 reads not considered because fully enclosed in repeat masked regions
2026-06-12 12:26:17,207 - DEBUG - Counting for batch 92, containing 100 cells and 345059 reads
2026-06-12 12:26:20,275 - DEBUG - 0 reads not considered because fully enclosed in repeat masked regions
2026-06-12 12:26:24,528 - DEBUG - Counting for batch 93, containing 100 cells and 326358 reads
2026-06-12 12:26:26,620 - DEBUG - 0 reads not considered because fully enclosed in repeat masked regions
2026-06-12 12:26:30,657 - DEBUG - Counting for batch 94, containing 100 cells and 310516 reads
2026-06-12 12:26:32,610 - DEBUG - 0 reads not considered because fully enclosed in repeat masked regions
2026-06-12 12:26:36,403 - DEBUG - Counting for batch 95, containing 100 cells and 291574 reads
2026-06-12 12:26:39,087 - DEBUG - 0 reads not considered because fully enclosed in repeat masked regions
2026-06-12 12:26:41,958 - DEBUG - Counting for batch 96, containing 100 cells and 262227 reads
2026-06-12 12:26:43,698 - DEBUG - 0 reads not considered because fully enclosed in repeat masked regions
2026-06-12 12:26:47,615 - DEBUG - Counting for batch 97, containing 100 cells and 318736 reads
2026-06-12 12:26:50,574 - DEBUG - 0 reads not considered because fully enclosed in repeat masked regions
2026-06-12 12:26:53,930 - DEBUG - Counting for batch 98, containing 100 cells and 328253 reads
2026-06-12 12:26:56,927 - DEBUG - 0 reads not considered because fully enclosed in repeat masked regions
2026-06-12 12:26:59,617 - DEBUG - Read first 80 million reads
2026-06-12 12:27:01,280 - DEBUG - Counting for batch 99, containing 100 cells and 320717 reads
2026-06-12 12:27:03,441 - DEBUG - 0 reads not considered because fully enclosed in repeat masked regions
2026-06-12 12:27:07,001 - DEBUG - Counting for batch 100, containing 100 cells and 260625 reads
2026-06-12 12:27:08,700 - DEBUG - 0 reads not considered because fully enclosed in repeat masked regions
2026-06-12 12:27:12,097 - DEBUG - Counting for batch 101, containing 100 cells and 253658 reads
2026-06-12 12:27:13,707 - DEBUG - 0 reads not considered because fully enclosed in repeat masked regions
2026-06-12 12:27:17,497 - DEBUG - Counting for batch 102, containing 100 cells and 287493 reads
2026-06-12 12:27:19,357 - DEBUG - 0 reads not considered because fully enclosed in repeat masked regions
2026-06-12 12:27:23,040 - DEBUG - Counting for batch 103, containing 100 cells and 293690 reads
2026-06-12 12:27:25,901 - DEBUG - 0 reads not considered because fully enclosed in repeat masked regions
2026-06-12 12:27:28,962 - DEBUG - Counting for batch 104, containing 100 cells and 299368 reads
2026-06-12 12:27:31,730 - DEBUG - 0 reads not considered because fully enclosed in repeat masked regions
2026-06-12 12:27:34,742 - DEBUG - Counting for batch 105, containing 100 cells and 293958 reads
2026-06-12 12:27:37,460 - DEBUG - 0 reads not considered because fully enclosed in repeat masked regions
2026-06-12 12:27:40,665 - DEBUG - Counting for batch 106, containing 100 cells and 304887 reads
2026-06-12 12:27:43,477 - DEBUG - 0 reads not considered because fully enclosed in repeat masked regions
2026-06-12 12:27:46,593 - DEBUG - Counting for batch 107, containing 100 cells and 290700 reads
2026-06-12 12:27:49,244 - DEBUG - 0 reads not considered because fully enclosed in repeat masked regions
2026-06-12 12:27:52,491 - DEBUG - Counting for batch 108, containing 100 cells and 308756 reads
2026-06-12 12:27:55,340 - DEBUG - 0 reads not considered because fully enclosed in repeat masked regions
2026-06-12 12:27:58,540 - DEBUG - Counting for batch 109, containing 100 cells and 295961 reads
2026-06-12 12:28:01,228 - DEBUG - 0 reads not considered because fully enclosed in repeat masked regions
2026-06-12 12:28:05,252 - DEBUG - Counting for batch 110, containing 100 cells and 314613 reads
2026-06-12 12:28:07,245 - DEBUG - 0 reads not considered because fully enclosed in repeat masked regions
2026-06-12 12:28:11,171 - DEBUG - Counting for batch 111, containing 100 cells and 300646 reads
2026-06-12 12:28:13,077 - DEBUG - 0 reads not considered because fully enclosed in repeat masked regions
2026-06-12 12:28:17,124 - DEBUG - Counting for batch 112, containing 100 cells and 326267 reads
2026-06-12 12:28:19,232 - DEBUG - 0 reads not considered because fully enclosed in repeat masked regions
2026-06-12 12:28:22,516 - DEBUG - Read first 90 million reads
2026-06-12 12:28:23,240 - DEBUG - Counting for batch 113, containing 100 cells and 314249 reads
2026-06-12 12:28:26,155 - DEBUG - 0 reads not considered because fully enclosed in repeat masked regions
2026-06-12 12:28:29,369 - DEBUG - Counting for batch 114, containing 100 cells and 307084 reads
2026-06-12 12:28:32,224 - DEBUG - 0 reads not considered because fully enclosed in repeat masked regions
2026-06-12 12:28:35,267 - DEBUG - Counting for batch 115, containing 100 cells and 282121 reads
2026-06-12 12:28:37,916 - DEBUG - 0 reads not considered because fully enclosed in repeat masked regions
2026-06-12 12:28:40,993 - DEBUG - Counting for batch 116, containing 100 cells and 295822 reads
2026-06-12 12:28:43,785 - DEBUG - 0 reads not considered because fully enclosed in repeat masked regions
2026-06-12 12:28:45,939 - DEBUG - Counting for batch 117, containing 73 cells and 196722 reads
2026-06-12 12:28:48,154 - DEBUG - 0 reads not considered because fully enclosed in repeat masked regions
2026-06-12 12:28:48,415 - DEBUG - 2735275 reads were skipped because no apropiate cell or umi barcode was found
2026-06-12 12:28:48,416 - DEBUG - Counting done!
2026-06-12 12:28:48,427 - DEBUG - Generating output file /research/peer/fdeckert/FD20250213HSCT/data/object/velocyto/CoR_GvD_04_transcriptome/velocyto.loom
2026-06-12 12:28:48,427 - DEBUG - Collecting row attributes
2026-06-12 12:28:48,507 - DEBUG - Generating data table
2026-06-12 12:28:50,529 - DEBUG - Writing loom file
2026-06-12 12:28:52,098 - DEBUG - Creating converter from 5 to 3
2026-06-12 12:28:52,100 - DEBUG - Creating converter from 3 to 5
2026-06-12 12:29:03,949 - DEBUG - Terminated Succesfully!
