2026-06-12 12:16:15,108 - DEBUG - Using logic: Permissive10X
2026-06-12 12:16:15,133 - INFO - Read 1582 cell barcodes from /research/lab_stary/sequencing_projects/acute_gvhd/COUNT/CoR_GVD_09_transcriptome/filtered_feature_bc_matrix/barcodes.tsv.gz
2026-06-12 12:16:15,133 - DEBUG - Example of barcode: AAACCTGAGGAATTAC and cell_id: velocyto:AAACCTGAGGAATTAC-1
2026-06-12 12:16:15,137 - DEBUG - Peeking into /research/peer/fdeckert/FD20250213HSCT/data/object/velocyto/CoR_GVD_09_transcriptome/possorted_genome_bam.bam
2026-06-12 12:16:15,159 - WARNING - Not found cell and umi barcode in entry 22 of the bam file
2026-06-12 12:16:15,160 - WARNING - Not found cell and umi barcode in entry 63 of the bam file
2026-06-12 12:16:15,160 - WARNING - Not found cell and umi barcode in entry 64 of the bam file
2026-06-12 12:16:15,160 - WARNING - Not found cell and umi barcode in entry 74 of the bam file
2026-06-12 12:16:15,160 - WARNING - Not found cell and umi barcode in entry 91 of the bam file
2026-06-12 12:16:15,160 - WARNING - Not found cell and umi barcode in entry 95 of the bam file
2026-06-12 12:16:15,160 - WARNING - Not found cell and umi barcode in entry 109 of the bam file
2026-06-12 12:16:15,160 - WARNING - Not found cell and umi barcode in entry 113 of the bam file
2026-06-12 12:16:15,160 - WARNING - Not found cell and umi barcode in entry 117 of the bam file
2026-06-12 12:16:15,160 - WARNING - Not found cell and umi barcode in entry 123 of the bam file
2026-06-12 12:16:15,160 - WARNING - Not found cell and umi barcode in entry 139 of the bam file
2026-06-12 12:16:15,160 - WARNING - Not found cell and umi barcode in entry 140 of the bam file
2026-06-12 12:16:15,160 - WARNING - Not found cell and umi barcode in entry 144 of the bam file
2026-06-12 12:16:15,160 - WARNING - Not found cell and umi barcode in entry 153 of the bam file
2026-06-12 12:16:15,160 - WARNING - Not found cell and umi barcode in entry 165 of the bam file
2026-06-12 12:16:15,160 - WARNING - Not found cell and umi barcode in entry 177 of the bam file
2026-06-12 12:16:15,160 - WARNING - Not found cell and umi barcode in entry 179 of the bam file
2026-06-12 12:16:15,160 - WARNING - Not found cell and umi barcode in entry 183 of the bam file
2026-06-12 12:16:15,160 - WARNING - Not found cell and umi barcode in entry 204 of the bam file
2026-06-12 12:16:15,160 - WARNING - Not found cell and umi barcode in entry 206 of the bam file
2026-06-12 12:16:15,160 - WARNING - Not found cell and umi barcode in entry 209 of the bam file
2026-06-12 12:16:15,161 - WARNING - Not found cell and umi barcode in entry 237 of the bam file
2026-06-12 12:16:15,161 - WARNING - Not found cell and umi barcode in entry 270 of the bam file
2026-06-12 12:16:15,161 - WARNING - Not found cell and umi barcode in entry 272 of the bam file
2026-06-12 12:16:15,161 - WARNING - Not found cell and umi barcode in entry 273 of the bam file
2026-06-12 12:16:15,161 - WARNING - Not found cell and umi barcode in entry 292 of the bam file
2026-06-12 12:16:15,161 - WARNING - Not found cell and umi barcode in entry 294 of the bam file
2026-06-12 12:16:15,161 - WARNING - Not found cell and umi barcode in entry 296 of the bam file
2026-06-12 12:16:15,161 - WARNING - Not found cell and umi barcode in entry 298 of the bam file
2026-06-12 12:16:15,161 - WARNING - Not found cell and umi barcode in entry 324 of the bam file
2026-06-12 12:16:15,161 - WARNING - Not found cell and umi barcode in entry 328 of the bam file
2026-06-12 12:16:15,161 - WARNING - Not found cell and umi barcode in entry 332 of the bam file
2026-06-12 12:16:15,161 - WARNING - Not found cell and umi barcode in entry 350 of the bam file
2026-06-12 12:16:15,161 - WARNING - Not found cell and umi barcode in entry 352 of the bam file
2026-06-12 12:16:15,161 - WARNING - Not found cell and umi barcode in entry 355 of the bam file
2026-06-12 12:16:15,161 - WARNING - Not found cell and umi barcode in entry 364 of the bam file
2026-06-12 12:16:15,161 - WARNING - Not found cell and umi barcode in entry 369 of the bam file
2026-06-12 12:16:15,161 - WARNING - Not found cell and umi barcode in entry 371 of the bam file
2026-06-12 12:16:15,161 - WARNING - Not found cell and umi barcode in entry 382 of the bam file
2026-06-12 12:16:15,161 - WARNING - Not found cell and umi barcode in entry 385 of the bam file
2026-06-12 12:16:15,161 - WARNING - Not found cell and umi barcode in entry 387 of the bam file
2026-06-12 12:16:15,161 - WARNING - Not found cell and umi barcode in entry 390 of the bam file
2026-06-12 12:16:15,161 - WARNING - Not found cell and umi barcode in entry 404 of the bam file
2026-06-12 12:16:15,161 - WARNING - Not found cell and umi barcode in entry 408 of the bam file
2026-06-12 12:16:15,161 - WARNING - Not found cell and umi barcode in entry 415 of the bam file
2026-06-12 12:16:15,162 - WARNING - Not found cell and umi barcode in entry 424 of the bam file
2026-06-12 12:16:15,162 - WARNING - Not found cell and umi barcode in entry 439 of the bam file
2026-06-12 12:16:15,162 - WARNING - Not found cell and umi barcode in entry 440 of the bam file
2026-06-12 12:16:15,162 - WARNING - Not found cell and umi barcode in entry 446 of the bam file
2026-06-12 12:16:15,162 - WARNING - Not found cell and umi barcode in entry 447 of the bam file
2026-06-12 12:16:15,162 - WARNING - Not found cell and umi barcode in entry 449 of the bam file
2026-06-12 12:16:15,162 - WARNING - Not found cell and umi barcode in entry 450 of the bam file
2026-06-12 12:16:15,162 - WARNING - Not found cell and umi barcode in entry 454 of the bam file
2026-06-12 12:16:15,162 - WARNING - Not found cell and umi barcode in entry 470 of the bam file
2026-06-12 12:16:15,162 - WARNING - Not found cell and umi barcode in entry 474 of the bam file
2026-06-12 12:16:15,162 - WARNING - Not found cell and umi barcode in entry 475 of the bam file
2026-06-12 12:16:15,162 - WARNING - Not found cell and umi barcode in entry 476 of the bam file
2026-06-12 12:16:15,162 - WARNING - Not found cell and umi barcode in entry 478 of the bam file
2026-06-12 12:16:15,162 - WARNING - Not found cell and umi barcode in entry 501 of the bam file
2026-06-12 12:16:15,162 - WARNING - Not found cell and umi barcode in entry 513 of the bam file
2026-06-12 12:16:15,162 - WARNING - Not found cell and umi barcode in entry 515 of the bam file
2026-06-12 12:16:15,163 - WARNING - Not found cell and umi barcode in entry 520 of the bam file
2026-06-12 12:16:15,163 - WARNING - Not found cell and umi barcode in entry 536 of the bam file
2026-06-12 12:16:15,163 - WARNING - Not found cell and umi barcode in entry 537 of the bam file
2026-06-12 12:16:15,163 - WARNING - Not found cell and umi barcode in entry 538 of the bam file
2026-06-12 12:16:15,163 - WARNING - Not found cell and umi barcode in entry 539 of the bam file
2026-06-12 12:16:15,163 - WARNING - Not found cell and umi barcode in entry 540 of the bam file
2026-06-12 12:16:15,163 - WARNING - Not found cell and umi barcode in entry 543 of the bam file
2026-06-12 12:16:15,163 - WARNING - Not found cell and umi barcode in entry 544 of the bam file
2026-06-12 12:16:15,163 - WARNING - Not found cell and umi barcode in entry 552 of the bam file
2026-06-12 12:16:15,163 - WARNING - Not found cell and umi barcode in entry 591 of the bam file
2026-06-12 12:16:15,163 - WARNING - Not found cell and umi barcode in entry 610 of the bam file
2026-06-12 12:16:15,163 - WARNING - Not found cell and umi barcode in entry 612 of the bam file
2026-06-12 12:16:15,163 - WARNING - Not found cell and umi barcode in entry 618 of the bam file
2026-06-12 12:16:15,163 - WARNING - Not found cell and umi barcode in entry 619 of the bam file
2026-06-12 12:16:15,163 - WARNING - Not found cell and umi barcode in entry 623 of the bam file
2026-06-12 12:16:15,163 - WARNING - Not found cell and umi barcode in entry 627 of the bam file
2026-06-12 12:16:15,163 - WARNING - Not found cell and umi barcode in entry 655 of the bam file
2026-06-12 12:16:15,163 - WARNING - Not found cell and umi barcode in entry 657 of the bam file
2026-06-12 12:16:15,163 - WARNING - Not found cell and umi barcode in entry 664 of the bam file
2026-06-12 12:16:15,163 - WARNING - Not found cell and umi barcode in entry 665 of the bam file
2026-06-12 12:16:15,163 - WARNING - Not found cell and umi barcode in entry 679 of the bam file
2026-06-12 12:16:15,163 - WARNING - Not found cell and umi barcode in entry 691 of the bam file
2026-06-12 12:16:15,163 - WARNING - Not found cell and umi barcode in entry 696 of the bam file
2026-06-12 12:16:15,163 - WARNING - Not found cell and umi barcode in entry 698 of the bam file
2026-06-12 12:16:15,164 - WARNING - Not found cell and umi barcode in entry 701 of the bam file
2026-06-12 12:16:15,164 - WARNING - Not found cell and umi barcode in entry 732 of the bam file
2026-06-12 12:16:15,164 - WARNING - Not found cell and umi barcode in entry 735 of the bam file
2026-06-12 12:16:15,164 - WARNING - Not found cell and umi barcode in entry 759 of the bam file
2026-06-12 12:16:15,164 - WARNING - Not found cell and umi barcode in entry 760 of the bam file
2026-06-12 12:16:15,164 - WARNING - Not found cell and umi barcode in entry 791 of the bam file
2026-06-12 12:16:15,164 - WARNING - Not found cell and umi barcode in entry 793 of the bam file
2026-06-12 12:16:15,164 - WARNING - Not found cell and umi barcode in entry 800 of the bam file
2026-06-12 12:16:15,164 - WARNING - Not found cell and umi barcode in entry 804 of the bam file
2026-06-12 12:16:15,164 - WARNING - Not found cell and umi barcode in entry 809 of the bam file
2026-06-12 12:16:15,164 - WARNING - Not found cell and umi barcode in entry 811 of the bam file
2026-06-12 12:16:15,164 - WARNING - Not found cell and umi barcode in entry 820 of the bam file
2026-06-12 12:16:15,164 - WARNING - Not found cell and umi barcode in entry 822 of the bam file
2026-06-12 12:16:15,164 - WARNING - Not found cell and umi barcode in entry 824 of the bam file
2026-06-12 12:16:15,164 - WARNING - Not found cell and umi barcode in entry 827 of the bam file
2026-06-12 12:16:15,164 - WARNING - Not found cell and umi barcode in entry 830 of the bam file
2026-06-12 12:16:15,164 - WARNING - Not found cell and umi barcode in entry 839 of the bam file
2026-06-12 12:16:15,164 - WARNING - Not found cell and umi barcode in entry 877 of the bam file
2026-06-12 12:16:15,164 - WARNING - Not found cell and umi barcode in entry 882 of the bam file
2026-06-12 12:16:15,164 - WARNING - Not found cell and umi barcode in entry 885 of the bam file
2026-06-12 12:16:15,164 - WARNING - Not found cell and umi barcode in entry 890 of the bam file
2026-06-12 12:16:15,164 - WARNING - Not found cell and umi barcode in entry 891 of the bam file
2026-06-12 12:16:15,165 - WARNING - Not found cell and umi barcode in entry 1007 of the bam file
2026-06-12 12:16:15,165 - WARNING - Not found cell and umi barcode in entry 1010 of the bam file
2026-06-12 12:16:15,165 - WARNING - Not found cell and umi barcode in entry 1011 of the bam file
2026-06-12 12:16:15,165 - WARNING - Not found cell and umi barcode in entry 1013 of the bam file
2026-06-12 12:16:15,165 - WARNING - Not found cell and umi barcode in entry 1015 of the bam file
2026-06-12 12:16:15,165 - WARNING - Not found cell and umi barcode in entry 1018 of the bam file
2026-06-12 12:16:15,165 - WARNING - Not found cell and umi barcode in entry 1019 of the bam file
2026-06-12 12:16:15,165 - WARNING - Not found cell and umi barcode in entry 1036 of the bam file
2026-06-12 12:16:15,165 - WARNING - Not found cell and umi barcode in entry 1040 of the bam file
2026-06-12 12:16:15,165 - WARNING - Not found cell and umi barcode in entry 1046 of the bam file
2026-06-12 12:16:15,169 - INFO - Starting the sorting process of /research/peer/fdeckert/FD20250213HSCT/data/object/velocyto/CoR_GVD_09_transcriptome/possorted_genome_bam.bam the output will be at: /research/peer/fdeckert/FD20250213HSCT/data/object/velocyto/CoR_GVD_09_transcriptome/cellsorted_possorted_genome_bam.bam
2026-06-12 12:16:15,169 - INFO - Command being run is: samtools sort -l 7 -m 100M -t CB -O BAM -@ 16 -o /research/peer/fdeckert/FD20250213HSCT/data/object/velocyto/CoR_GVD_09_transcriptome/cellsorted_possorted_genome_bam.bam /research/peer/fdeckert/FD20250213HSCT/data/object/velocyto/CoR_GVD_09_transcriptome/possorted_genome_bam.bam
2026-06-12 12:16:15,170 - INFO - While the bam sorting happens do other things...
2026-06-12 12:16:15,170 - INFO - Load the annotation from /nobackup/peer/fdeckert/cellranger/GRCh38-2020-A/GRCh38/genes/genes.gtf
2026-06-12 12:16:20,801 - DEBUG - Parsing Chromosome GL000009.2 strand - [line 0]
2026-06-12 12:16:20,802 - DEBUG - Done with GL000009.2- [line 7]
2026-06-12 12:16:20,802 - DEBUG - Assigning indexes to genes
2026-06-12 12:16:20,802 - DEBUG - Seen 1 genes until now
2026-06-12 12:16:20,802 - DEBUG - Parsing Chromosome GL000194.1 strand - [line 8]
2026-06-12 12:16:20,802 - DEBUG - Done with GL000194.1- [line 33]
2026-06-12 12:16:20,802 - DEBUG - Assigning indexes to genes
2026-06-12 12:16:20,802 - DEBUG - Seen 3 genes until now
2026-06-12 12:16:20,802 - DEBUG - Parsing Chromosome GL000195.1 strand - [line 34]
2026-06-12 12:16:20,802 - DEBUG - Done with GL000195.1- [line 43]
2026-06-12 12:16:20,802 - DEBUG - Assigning indexes to genes
2026-06-12 12:16:20,802 - DEBUG - Seen 4 genes until now
2026-06-12 12:16:20,802 - DEBUG - Parsing Chromosome GL000195.1 strand + [line 44]
2026-06-12 12:16:20,802 - DEBUG - Done with GL000195.1+ [line 57]
2026-06-12 12:16:20,803 - DEBUG - Assigning indexes to genes
2026-06-12 12:16:20,803 - DEBUG - Seen 5 genes until now
2026-06-12 12:16:20,803 - DEBUG - Parsing Chromosome GL000205.2 strand - [line 58]
2026-06-12 12:16:20,803 - DEBUG - Done with GL000205.2- [line 71]
2026-06-12 12:16:20,803 - DEBUG - Assigning indexes to genes
2026-06-12 12:16:20,803 - DEBUG - Seen 6 genes until now
2026-06-12 12:16:20,803 - DEBUG - Parsing Chromosome GL000213.1 strand - [line 72]
2026-06-12 12:16:20,803 - DEBUG - Done with GL000213.1- [line 120]
2026-06-12 12:16:20,803 - DEBUG - Assigning indexes to genes
2026-06-12 12:16:20,803 - DEBUG - Seen 7 genes until now
2026-06-12 12:16:20,803 - DEBUG - Parsing Chromosome GL000218.1 strand - [line 121]
2026-06-12 12:16:20,803 - DEBUG - Done with GL000218.1- [line 128]
2026-06-12 12:16:20,803 - DEBUG - Assigning indexes to genes
2026-06-12 12:16:20,803 - DEBUG - Seen 8 genes until now
2026-06-12 12:16:20,803 - DEBUG - Parsing Chromosome GL000219.1 strand - [line 129]
2026-06-12 12:16:20,803 - DEBUG - Done with GL000219.1- [line 141]
2026-06-12 12:16:20,803 - DEBUG - Assigning indexes to genes
2026-06-12 12:16:20,803 - DEBUG - Seen 9 genes until now
2026-06-12 12:16:20,803 - DEBUG - Parsing Chromosome KI270711.1 strand - [line 142]
2026-06-12 12:16:20,804 - DEBUG - Done with KI270711.1- [line 292]
2026-06-12 12:16:20,804 - DEBUG - Assigning indexes to genes
2026-06-12 12:16:20,804 - DEBUG - Seen 10 genes until now
2026-06-12 12:16:20,804 - DEBUG - Parsing Chromosome KI270713.1 strand - [line 293]
2026-06-12 12:16:20,804 - DEBUG - Done with KI270713.1- [line 300]
2026-06-12 12:16:20,804 - DEBUG - Assigning indexes to genes
2026-06-12 12:16:20,804 - DEBUG - Seen 11 genes until now
2026-06-12 12:16:20,804 - DEBUG - Parsing Chromosome KI270713.1 strand + [line 301]
2026-06-12 12:16:20,804 - DEBUG - Done with KI270713.1+ [line 307]
2026-06-12 12:16:20,804 - DEBUG - Assigning indexes to genes
2026-06-12 12:16:20,804 - DEBUG - Seen 12 genes until now
2026-06-12 12:16:20,804 - DEBUG - Parsing Chromosome KI270721.1 strand + [line 308]
2026-06-12 12:16:20,804 - DEBUG - Done with KI270721.1+ [line 323]
2026-06-12 12:16:20,804 - DEBUG - Assigning indexes to genes
2026-06-12 12:16:20,805 - DEBUG - Seen 13 genes until now
2026-06-12 12:16:20,805 - DEBUG - Parsing Chromosome KI270726.1 strand + [line 324]
2026-06-12 12:16:20,805 - DEBUG - Done with KI270726.1+ [line 334]
2026-06-12 12:16:20,805 - DEBUG - Assigning indexes to genes
2026-06-12 12:16:20,805 - DEBUG - Seen 15 genes until now
2026-06-12 12:16:20,805 - DEBUG - Parsing Chromosome KI270727.1 strand - [line 335]
2026-06-12 12:16:20,805 - DEBUG - Done with KI270727.1- [line 394]
2026-06-12 12:16:20,805 - DEBUG - Assigning indexes to genes
2026-06-12 12:16:20,805 - DEBUG - Seen 17 genes until now
2026-06-12 12:16:20,805 - DEBUG - Parsing Chromosome KI270727.1 strand + [line 395]
2026-06-12 12:16:20,805 - DEBUG - Done with KI270727.1+ [line 409]
2026-06-12 12:16:20,805 - DEBUG - Assigning indexes to genes
2026-06-12 12:16:20,805 - DEBUG - Seen 19 genes until now
2026-06-12 12:16:20,805 - DEBUG - Parsing Chromosome KI270728.1 strand - [line 410]
2026-06-12 12:16:20,805 - DEBUG - Done with KI270728.1- [line 486]
2026-06-12 12:16:20,805 - DEBUG - Assigning indexes to genes
2026-06-12 12:16:20,806 - DEBUG - Seen 21 genes until now
2026-06-12 12:16:20,806 - DEBUG - Parsing Chromosome KI270728.1 strand + [line 487]
2026-06-12 12:16:20,806 - DEBUG - Done with KI270728.1+ [line 523]
2026-06-12 12:16:20,806 - DEBUG - Assigning indexes to genes
2026-06-12 12:16:20,806 - DEBUG - Seen 25 genes until now
2026-06-12 12:16:20,806 - DEBUG - Parsing Chromosome KI270731.1 strand - [line 524]
2026-06-12 12:16:20,806 - DEBUG - Done with KI270731.1- [line 530]
2026-06-12 12:16:20,806 - DEBUG - Assigning indexes to genes
2026-06-12 12:16:20,806 - DEBUG - Seen 26 genes until now
2026-06-12 12:16:20,806 - DEBUG - Parsing Chromosome KI270734.1 strand - [line 531]
2026-06-12 12:16:20,806 - DEBUG - Done with KI270734.1- [line 599]
2026-06-12 12:16:20,806 - DEBUG - Assigning indexes to genes
2026-06-12 12:16:20,806 - DEBUG - Seen 27 genes until now
2026-06-12 12:16:20,806 - DEBUG - Parsing Chromosome KI270734.1 strand + [line 600]
2026-06-12 12:16:20,806 - DEBUG - Done with KI270734.1+ [line 622]
2026-06-12 12:16:20,806 - DEBUG - Assigning indexes to genes
2026-06-12 12:16:20,806 - DEBUG - Seen 29 genes until now
2026-06-12 12:16:20,806 - DEBUG - Parsing Chromosome 1 strand - [line 623]
2026-06-12 12:16:21,345 - DEBUG - Done with 1- [line 118876]
2026-06-12 12:16:21,345 - DEBUG - Assigning indexes to genes
2026-06-12 12:16:21,351 - DEBUG - Seen 1711 genes until now
2026-06-12 12:16:21,352 - DEBUG - Parsing Chromosome 1 strand + [line 118877]
2026-06-12 12:16:22,317 - DEBUG - Done with 1+ [line 253796]
2026-06-12 12:16:22,317 - DEBUG - Assigning indexes to genes
2026-06-12 12:16:22,326 - DEBUG - Seen 3439 genes until now
2026-06-12 12:16:22,326 - DEBUG - Parsing Chromosome 10 strand - [line 253797]
2026-06-12 12:16:22,498 - DEBUG - Done with 10- [line 304078]
2026-06-12 12:16:22,498 - DEBUG - Assigning indexes to genes
2026-06-12 12:16:22,500 - DEBUG - Seen 4100 genes until now
2026-06-12 12:16:22,500 - DEBUG - Parsing Chromosome 10 strand + [line 304079]
2026-06-12 12:16:22,679 - DEBUG - Done with 10+ [line 356023]
2026-06-12 12:16:22,679 - DEBUG - Assigning indexes to genes
2026-06-12 12:16:22,682 - DEBUG - Seen 4833 genes until now
2026-06-12 12:16:22,682 - DEBUG - Parsing Chromosome 11 strand - [line 356024]
2026-06-12 12:16:23,155 - DEBUG - Done with 11- [line 438038]
2026-06-12 12:16:23,155 - DEBUG - Assigning indexes to genes
2026-06-12 12:16:23,159 - DEBUG - Seen 5833 genes until now
2026-06-12 12:16:23,159 - DEBUG - Parsing Chromosome 11 strand + [line 438039]
2026-06-12 12:16:23,398 - DEBUG - Done with 11+ [line 521163]
2026-06-12 12:16:23,398 - DEBUG - Assigning indexes to genes
2026-06-12 12:16:23,402 - DEBUG - Seen 6898 genes until now
2026-06-12 12:16:23,402 - DEBUG - Parsing Chromosome 12 strand - [line 521164]
2026-06-12 12:16:23,828 - DEBUG - Done with 12- [line 601582]
2026-06-12 12:16:23,828 - DEBUG - Assigning indexes to genes
2026-06-12 12:16:23,832 - DEBUG - Seen 7848 genes until now
2026-06-12 12:16:23,832 - DEBUG - Parsing Chromosome 12 strand + [line 601583]
2026-06-12 12:16:24,081 - DEBUG - Done with 12+ [line 681983]
2026-06-12 12:16:24,082 - DEBUG - Assigning indexes to genes
2026-06-12 12:16:24,087 - DEBUG - Seen 8826 genes until now
2026-06-12 12:16:24,087 - DEBUG - Parsing Chromosome 13 strand - [line 681984]
2026-06-12 12:16:24,159 - DEBUG - Done with 13- [line 702449]
2026-06-12 12:16:24,159 - DEBUG - Assigning indexes to genes
2026-06-12 12:16:24,161 - DEBUG - Seen 9225 genes until now
2026-06-12 12:16:24,161 - DEBUG - Parsing Chromosome 13 strand + [line 702450]
2026-06-12 12:16:24,230 - DEBUG - Done with 13+ [line 726349]
2026-06-12 12:16:24,230 - DEBUG - Assigning indexes to genes
2026-06-12 12:16:24,232 - DEBUG - Seen 9614 genes until now
2026-06-12 12:16:24,232 - DEBUG - Parsing Chromosome 14 strand - [line 726350]
2026-06-12 12:16:24,695 - DEBUG - Done with 14- [line 770987]
2026-06-12 12:16:24,695 - DEBUG - Assigning indexes to genes
2026-06-12 12:16:24,700 - DEBUG - Seen 10373 genes until now
2026-06-12 12:16:24,700 - DEBUG - Parsing Chromosome 14 strand + [line 770988]
2026-06-12 12:16:24,897 - DEBUG - Done with 14+ [line 822908]
2026-06-12 12:16:24,897 - DEBUG - Assigning indexes to genes
2026-06-12 12:16:24,900 - DEBUG - Seen 11088 genes until now
2026-06-12 12:16:24,900 - DEBUG - Parsing Chromosome 15 strand - [line 822909]
2026-06-12 12:16:25,042 - DEBUG - Done with 15- [line 873715]
2026-06-12 12:16:25,042 - DEBUG - Assigning indexes to genes
2026-06-12 12:16:25,044 - DEBUG - Seen 11734 genes until now
2026-06-12 12:16:25,044 - DEBUG - Parsing Chromosome 15 strand + [line 873716]
2026-06-12 12:16:25,203 - DEBUG - Done with 15+ [line 923824]
2026-06-12 12:16:25,204 - DEBUG - Assigning indexes to genes
2026-06-12 12:16:25,206 - DEBUG - Seen 12355 genes until now
2026-06-12 12:16:25,206 - DEBUG - Parsing Chromosome 16 strand - [line 923825]
2026-06-12 12:16:25,356 - DEBUG - Done with 16- [line 979238]
2026-06-12 12:16:25,356 - DEBUG - Assigning indexes to genes
2026-06-12 12:16:25,359 - DEBUG - Seen 13151 genes until now
2026-06-12 12:16:25,359 - DEBUG - Parsing Chromosome 16 strand + [line 979239]
2026-06-12 12:16:25,864 - DEBUG - Done with 16+ [line 1052152]
2026-06-12 12:16:25,864 - DEBUG - Assigning indexes to genes
2026-06-12 12:16:25,869 - DEBUG - Seen 14004 genes until now
2026-06-12 12:16:25,869 - DEBUG - Parsing Chromosome 17 strand - [line 1052153]
2026-06-12 12:16:26,148 - DEBUG - Done with 17- [line 1140008]
2026-06-12 12:16:26,148 - DEBUG - Assigning indexes to genes
2026-06-12 12:16:26,152 - DEBUG - Seen 15039 genes until now
2026-06-12 12:16:26,152 - DEBUG - Parsing Chromosome 17 strand + [line 1140009]
2026-06-12 12:16:26,385 - DEBUG - Done with 17+ [line 1219447]
2026-06-12 12:16:26,385 - DEBUG - Assigning indexes to genes
2026-06-12 12:16:26,388 - DEBUG - Seen 15996 genes until now
2026-06-12 12:16:26,389 - DEBUG - Parsing Chromosome 18 strand - [line 1219448]
2026-06-12 12:16:26,464 - DEBUG - Done with 18- [line 1246083]
2026-06-12 12:16:26,464 - DEBUG - Assigning indexes to genes
2026-06-12 12:16:26,465 - DEBUG - Seen 16371 genes until now
2026-06-12 12:16:26,465 - DEBUG - Parsing Chromosome 18 strand + [line 1246084]
2026-06-12 12:16:26,530 - DEBUG - Done with 18+ [line 1269821]
2026-06-12 12:16:26,530 - DEBUG - Assigning indexes to genes
2026-06-12 12:16:26,532 - DEBUG - Seen 16777 genes until now
2026-06-12 12:16:26,532 - DEBUG - Parsing Chromosome 19 strand - [line 1269822]
2026-06-12 12:16:27,100 - DEBUG - Done with 19- [line 1350736]
2026-06-12 12:16:27,101 - DEBUG - Assigning indexes to genes
2026-06-12 12:16:27,105 - DEBUG - Seen 17790 genes until now
2026-06-12 12:16:27,105 - DEBUG - Parsing Chromosome 19 strand + [line 1350737]
2026-06-12 12:16:27,405 - DEBUG - Done with 19+ [line 1435648]
2026-06-12 12:16:27,405 - DEBUG - Assigning indexes to genes
2026-06-12 12:16:27,414 - DEBUG - Seen 18804 genes until now
2026-06-12 12:16:27,414 - DEBUG - Parsing Chromosome 2 strand - [line 1435649]
2026-06-12 12:16:27,801 - DEBUG - Done with 2- [line 1542996]
2026-06-12 12:16:27,801 - DEBUG - Assigning indexes to genes
2026-06-12 12:16:27,808 - DEBUG - Seen 20037 genes until now
2026-06-12 12:16:27,808 - DEBUG - Parsing Chromosome 2 strand + [line 1542997]
2026-06-12 12:16:28,145 - DEBUG - Done with 2+ [line 1642863]
2026-06-12 12:16:28,146 - DEBUG - Assigning indexes to genes
2026-06-12 12:16:28,151 - DEBUG - Seen 21345 genes until now
2026-06-12 12:16:28,151 - DEBUG - Parsing Chromosome 20 strand - [line 1642864]
2026-06-12 12:16:28,231 - DEBUG - Done with 20- [line 1672442]
2026-06-12 12:16:28,231 - DEBUG - Assigning indexes to genes
2026-06-12 12:16:28,233 - DEBUG - Seen 21828 genes until now
2026-06-12 12:16:28,233 - DEBUG - Parsing Chromosome 20 strand + [line 1672443]
2026-06-12 12:16:28,326 - DEBUG - Done with 20+ [line 1707817]
2026-06-12 12:16:28,326 - DEBUG - Assigning indexes to genes
2026-06-12 12:16:28,329 - DEBUG - Seen 22309 genes until now
2026-06-12 12:16:28,329 - DEBUG - Parsing Chromosome 21 strand - [line 1707818]
2026-06-12 12:16:28,722 - DEBUG - Done with 21- [line 1722798]
2026-06-12 12:16:28,722 - DEBUG - Assigning indexes to genes
2026-06-12 12:16:28,723 - DEBUG - Seen 22596 genes until now
2026-06-12 12:16:28,723 - DEBUG - Parsing Chromosome 21 strand + [line 1722799]
2026-06-12 12:16:28,768 - DEBUG - Done with 21+ [line 1738981]
2026-06-12 12:16:28,768 - DEBUG - Assigning indexes to genes
2026-06-12 12:16:28,769 - DEBUG - Seen 22864 genes until now
2026-06-12 12:16:28,769 - DEBUG - Parsing Chromosome 22 strand - [line 1738982]
2026-06-12 12:16:28,854 - DEBUG - Done with 22- [line 1765357]
2026-06-12 12:16:28,854 - DEBUG - Assigning indexes to genes
2026-06-12 12:16:28,856 - DEBUG - Seen 23260 genes until now
2026-06-12 12:16:28,856 - DEBUG - Parsing Chromosome 22 strand + [line 1765358]
2026-06-12 12:16:28,965 - DEBUG - Done with 22+ [line 1797598]
2026-06-12 12:16:28,965 - DEBUG - Assigning indexes to genes
2026-06-12 12:16:28,967 - DEBUG - Seen 23765 genes until now
2026-06-12 12:16:28,968 - DEBUG - Parsing Chromosome 3 strand - [line 1797599]
2026-06-12 12:16:29,278 - DEBUG - Done with 3- [line 1887377]
2026-06-12 12:16:29,278 - DEBUG - Assigning indexes to genes
2026-06-12 12:16:29,282 - DEBUG - Seen 24693 genes until now
2026-06-12 12:16:29,283 - DEBUG - Parsing Chromosome 3 strand + [line 1887378]
2026-06-12 12:16:29,520 - DEBUG - Done with 3+ [line 1977011]
2026-06-12 12:16:29,520 - DEBUG - Assigning indexes to genes
2026-06-12 12:16:29,525 - DEBUG - Seen 25658 genes until now
2026-06-12 12:16:29,525 - DEBUG - Parsing Chromosome 4 strand - [line 1977012]
2026-06-12 12:16:29,688 - DEBUG - Done with 4- [line 2034238]
2026-06-12 12:16:29,688 - DEBUG - Assigning indexes to genes
2026-06-12 12:16:29,692 - DEBUG - Seen 26401 genes until now
2026-06-12 12:16:29,692 - DEBUG - Parsing Chromosome 4 strand + [line 2034239]
2026-06-12 12:16:29,859 - DEBUG - Done with 4+ [line 2094594]
2026-06-12 12:16:29,859 - DEBUG - Assigning indexes to genes
2026-06-12 12:16:29,866 - DEBUG - Seen 27191 genes until now
2026-06-12 12:16:29,866 - DEBUG - Parsing Chromosome 5 strand - [line 2094595]
2026-06-12 12:16:30,104 - DEBUG - Done with 5- [line 2152660]
2026-06-12 12:16:30,104 - DEBUG - Assigning indexes to genes
2026-06-12 12:16:30,111 - DEBUG - Seen 28071 genes until now
2026-06-12 12:16:30,111 - DEBUG - Parsing Chromosome 5 strand + [line 2152661]
2026-06-12 12:16:30,782 - DEBUG - Done with 5+ [line 2218657]
2026-06-12 12:16:30,782 - DEBUG - Assigning indexes to genes
2026-06-12 12:16:30,786 - DEBUG - Seen 29002 genes until now
2026-06-12 12:16:30,787 - DEBUG - Parsing Chromosome 6 strand - [line 2218658]
2026-06-12 12:16:30,970 - DEBUG - Done with 6- [line 2284937]
2026-06-12 12:16:30,970 - DEBUG - Assigning indexes to genes
2026-06-12 12:16:30,974 - DEBUG - Seen 29928 genes until now
2026-06-12 12:16:30,975 - DEBUG - Parsing Chromosome 6 strand + [line 2284938]
2026-06-12 12:16:31,132 - DEBUG - Done with 6+ [line 2345240]
2026-06-12 12:16:31,132 - DEBUG - Assigning indexes to genes
2026-06-12 12:16:31,135 - DEBUG - Seen 30829 genes until now
2026-06-12 12:16:31,135 - DEBUG - Parsing Chromosome 7 strand - [line 2345241]
2026-06-12 12:16:31,296 - DEBUG - Done with 7- [line 2406845]
2026-06-12 12:16:31,296 - DEBUG - Assigning indexes to genes
2026-06-12 12:16:31,300 - DEBUG - Seen 31621 genes until now
2026-06-12 12:16:31,300 - DEBUG - Parsing Chromosome 7 strand + [line 2406846]
2026-06-12 12:16:31,499 - DEBUG - Done with 7+ [line 2476014]
2026-06-12 12:16:31,500 - DEBUG - Assigning indexes to genes
2026-06-12 12:16:31,503 - DEBUG - Seen 32515 genes until now
2026-06-12 12:16:31,503 - DEBUG - Parsing Chromosome 8 strand - [line 2476015]
2026-06-12 12:16:31,662 - DEBUG - Done with 8- [line 2527366]
2026-06-12 12:16:31,662 - DEBUG - Assigning indexes to genes
2026-06-12 12:16:31,665 - DEBUG - Seen 33270 genes until now
2026-06-12 12:16:31,665 - DEBUG - Parsing Chromosome 8 strand + [line 2527367]
2026-06-12 12:16:31,814 - DEBUG - Done with 8+ [line 2577021]
2026-06-12 12:16:31,814 - DEBUG - Assigning indexes to genes
2026-06-12 12:16:31,817 - DEBUG - Seen 34010 genes until now
2026-06-12 12:16:31,817 - DEBUG - Parsing Chromosome 9 strand - [line 2577022]
2026-06-12 12:16:31,961 - DEBUG - Done with 9- [line 2622811]
2026-06-12 12:16:31,961 - DEBUG - Assigning indexes to genes
2026-06-12 12:16:31,964 - DEBUG - Seen 34681 genes until now
2026-06-12 12:16:31,964 - DEBUG - Parsing Chromosome 9 strand + [line 2622812]
2026-06-12 12:16:32,103 - DEBUG - Done with 9+ [line 2672374]
2026-06-12 12:16:32,103 - DEBUG - Assigning indexes to genes
2026-06-12 12:16:32,107 - DEBUG - Seen 35329 genes until now
2026-06-12 12:16:32,107 - DEBUG - Parsing Chromosome M strand - [line 2672375]
2026-06-12 12:16:32,107 - DEBUG - Done with M- [line 2672379]
2026-06-12 12:16:32,107 - DEBUG - Assigning indexes to genes
2026-06-12 12:16:32,107 - DEBUG - Seen 35330 genes until now
2026-06-12 12:16:32,107 - DEBUG - Parsing Chromosome M strand + [line 2672380]
2026-06-12 12:16:32,107 - DEBUG - Done with M+ [line 2672445]
2026-06-12 12:16:32,107 - DEBUG - Assigning indexes to genes
2026-06-12 12:16:32,107 - DEBUG - Seen 35342 genes until now
2026-06-12 12:16:32,107 - DEBUG - Parsing Chromosome X strand - [line 2672446]
2026-06-12 12:16:32,241 - DEBUG - Done with X- [line 2716088]
2026-06-12 12:16:32,242 - DEBUG - Assigning indexes to genes
2026-06-12 12:16:32,244 - DEBUG - Seen 35884 genes until now
2026-06-12 12:16:32,244 - DEBUG - Parsing Chromosome X strand + [line 2716089]
2026-06-12 12:16:32,358 - DEBUG - Done with X+ [line 2760500]
2026-06-12 12:16:32,358 - DEBUG - Assigning indexes to genes
2026-06-12 12:16:32,360 - DEBUG - Seen 36490 genes until now
2026-06-12 12:16:32,361 - DEBUG - Parsing Chromosome Y strand - [line 2760501]
2026-06-12 12:16:32,367 - DEBUG - Done with Y- [line 2763031]
2026-06-12 12:16:32,368 - DEBUG - Assigning indexes to genes
2026-06-12 12:16:32,368 - DEBUG - Seen 36543 genes until now
2026-06-12 12:16:32,368 - DEBUG - Parsing Chromosome Y strand + [line 2763032]
2026-06-12 12:16:32,375 - DEBUG - Assigning indexes to genes
2026-06-12 12:16:32,375 - DEBUG - Done with Y+ [line 2765967]
2026-06-12 12:16:32,376 - DEBUG - Fixing corner cases of transcript models containg intron longer than 1000Kbp
2026-06-12 12:16:33,448 - DEBUG - Generated 2411536 features corresponding to 199138 transcript models from /nobackup/peer/fdeckert/cellranger/GRCh38-2020-A/GRCh38/genes/genes.gtf
2026-06-12 12:16:33,467 - INFO - Scan /research/peer/fdeckert/FD20250213HSCT/data/object/velocyto/CoR_GVD_09_transcriptome/possorted_genome_bam.bam to validate intron intervals
2026-06-12 12:16:34,977 - DEBUG - Reading /research/peer/fdeckert/FD20250213HSCT/data/object/velocyto/CoR_GVD_09_transcriptome/possorted_genome_bam.bam
2026-06-12 12:16:34,997 - DEBUG - Read first 0 million reads
2026-06-12 12:16:34,998 - DEBUG - Marking up chromosome 1
2026-06-12 12:17:50,682 - DEBUG - Read first 10 million reads
2026-06-12 12:19:08,189 - DEBUG - Read first 20 million reads
2026-06-12 12:19:53,790 - DEBUG - Marking up chromosome 10
2026-06-12 12:20:26,264 - DEBUG - Read first 30 million reads
2026-06-12 12:21:06,820 - DEBUG - Marking up chromosome 11
2026-06-12 12:21:41,993 - DEBUG - Read first 40 million reads
2026-06-12 12:23:05,394 - DEBUG - Read first 50 million reads
2026-06-12 12:23:32,171 - DEBUG - Marking up chromosome 12
2026-06-12 12:24:14,756 - DEBUG - Read first 60 million reads
2026-06-12 12:25:25,766 - DEBUG - Marking up chromosome 13
2026-06-12 12:25:28,355 - DEBUG - Read first 70 million reads
2026-06-12 12:25:57,448 - DEBUG - Marking up chromosome 14
2026-06-12 12:26:41,068 - DEBUG - Read first 80 million reads
2026-06-12 12:27:07,898 - DEBUG - Marking up chromosome 15
2026-06-12 12:28:16,194 - DEBUG - Read first 90 million reads
2026-06-12 12:28:35,161 - DEBUG - Marking up chromosome 16
2026-06-12 12:29:48,277 - DEBUG - Read first 100 million reads
2026-06-12 12:30:12,074 - DEBUG - Marking up chromosome 17
2026-06-12 12:31:23,376 - DEBUG - Read first 110 million reads
2026-06-12 12:32:26,805 - DEBUG - Marking up chromosome 18
2026-06-12 12:32:52,884 - DEBUG - Marking up chromosome 19
2026-06-12 12:32:59,082 - DEBUG - Read first 120 million reads
2026-06-12 12:34:40,764 - DEBUG - Read first 130 million reads
2026-06-12 12:36:08,005 - DEBUG - Marking up chromosome 2
2026-06-12 12:36:14,078 - DEBUG - Read first 140 million reads
2026-06-12 12:37:20,211 - DEBUG - Read first 150 million reads
2026-06-12 12:37:52,448 - DEBUG - Marking up chromosome 20
2026-06-12 12:38:18,665 - DEBUG - Read first 160 million reads
2026-06-12 12:38:30,325 - DEBUG - Marking up chromosome 21
2026-06-12 12:38:40,044 - DEBUG - Read first 170 million reads
2026-06-12 12:38:51,656 - DEBUG - Read first 180 million reads
2026-06-12 12:39:03,348 - DEBUG - Read first 190 million reads
2026-06-12 12:39:15,099 - DEBUG - Read first 200 million reads
2026-06-12 12:39:26,921 - DEBUG - Read first 210 million reads
2026-06-12 12:39:38,628 - DEBUG - Read first 220 million reads
2026-06-12 12:39:53,814 - DEBUG - Marking up chromosome 22
2026-06-12 12:40:23,475 - DEBUG - Marking up chromosome 3
2026-06-12 12:40:37,011 - DEBUG - Read first 230 million reads
2026-06-12 12:41:34,264 - DEBUG - Read first 240 million reads
2026-06-12 12:41:37,751 - DEBUG - Marking up chromosome 4
2026-06-12 12:42:25,241 - DEBUG - Marking up chromosome 5
2026-06-12 12:42:35,499 - DEBUG - Read first 250 million reads
2026-06-12 12:43:37,449 - DEBUG - Read first 260 million reads
2026-06-12 12:43:43,371 - DEBUG - Marking up chromosome 6
2026-06-12 12:44:35,905 - DEBUG - Read first 270 million reads
2026-06-12 12:45:35,743 - DEBUG - Marking up chromosome 7
2026-06-12 12:45:36,474 - DEBUG - Read first 280 million reads
2026-06-12 12:46:37,052 - DEBUG - Read first 290 million reads
2026-06-12 12:46:45,638 - DEBUG - Marking up chromosome 8
2026-06-12 12:47:32,596 - DEBUG - Marking up chromosome 9
2026-06-12 12:47:36,623 - DEBUG - Read first 300 million reads
2026-06-12 12:48:28,276 - DEBUG - Marking up chromosome MT
2026-06-12 12:48:28,300 - WARNING - The .bam file refers to a chromosome 'MT+' not present in the annotation (.gtf) file
2026-06-12 12:48:28,300 - WARNING - The .bam file refers to a chromosome 'MT-' not present in the annotation (.gtf) file
2026-06-12 12:48:35,065 - DEBUG - Read first 310 million reads
2026-06-12 12:49:25,416 - DEBUG - Read first 320 million reads
2026-06-12 12:50:15,677 - DEBUG - Read first 330 million reads
2026-06-12 12:51:01,886 - DEBUG - Read first 340 million reads
2026-06-12 12:51:43,363 - DEBUG - Marking up chromosome X
2026-06-12 12:51:57,044 - DEBUG - Read first 350 million reads
2026-06-12 12:52:31,505 - DEBUG - Marking up chromosome Y
2026-06-12 12:52:31,561 - DEBUG - Marking up chromosome KI270728.1
2026-06-12 12:52:31,562 - DEBUG - Marking up chromosome KI270727.1
2026-06-12 12:52:31,564 - DEBUG - Marking up chromosome KI270442.1
2026-06-12 12:52:31,564 - WARNING - The .bam file refers to a chromosome 'KI270442.1+' not present in the annotation (.gtf) file
2026-06-12 12:52:31,564 - WARNING - The .bam file refers to a chromosome 'KI270442.1-' not present in the annotation (.gtf) file
2026-06-12 12:52:31,570 - DEBUG - Marking up chromosome KI270729.1
2026-06-12 12:52:31,570 - WARNING - The .bam file refers to a chromosome 'KI270729.1+' not present in the annotation (.gtf) file
2026-06-12 12:52:31,570 - WARNING - The .bam file refers to a chromosome 'KI270729.1-' not present in the annotation (.gtf) file
2026-06-12 12:52:31,570 - DEBUG - Marking up chromosome GL000225.1
2026-06-12 12:52:31,570 - WARNING - The .bam file refers to a chromosome 'GL000225.1+' not present in the annotation (.gtf) file
2026-06-12 12:52:31,570 - WARNING - The .bam file refers to a chromosome 'GL000225.1-' not present in the annotation (.gtf) file
2026-06-12 12:52:31,571 - DEBUG - Marking up chromosome KI270743.1
2026-06-12 12:52:31,571 - WARNING - The .bam file refers to a chromosome 'KI270743.1+' not present in the annotation (.gtf) file
2026-06-12 12:52:31,571 - WARNING - The .bam file refers to a chromosome 'KI270743.1-' not present in the annotation (.gtf) file
2026-06-12 12:52:31,571 - DEBUG - Marking up chromosome GL000008.2
2026-06-12 12:52:31,571 - WARNING - The .bam file refers to a chromosome 'GL000008.2+' not present in the annotation (.gtf) file
2026-06-12 12:52:31,571 - WARNING - The .bam file refers to a chromosome 'GL000008.2-' not present in the annotation (.gtf) file
2026-06-12 12:52:31,573 - DEBUG - Marking up chromosome GL000009.2
2026-06-12 12:52:31,573 - WARNING - The .bam file refers to a chromosome 'GL000009.2+' not present in the annotation (.gtf) file
2026-06-12 12:52:31,574 - DEBUG - Marking up chromosome KI270722.1
2026-06-12 12:52:31,574 - WARNING - The .bam file refers to a chromosome 'KI270722.1+' not present in the annotation (.gtf) file
2026-06-12 12:52:31,574 - WARNING - The .bam file refers to a chromosome 'KI270722.1-' not present in the annotation (.gtf) file
2026-06-12 12:52:31,574 - DEBUG - Marking up chromosome GL000194.1
2026-06-12 12:52:31,574 - WARNING - The .bam file refers to a chromosome 'GL000194.1+' not present in the annotation (.gtf) file
2026-06-12 12:52:31,584 - DEBUG - Marking up chromosome KI270742.1
2026-06-12 12:52:31,584 - WARNING - The .bam file refers to a chromosome 'KI270742.1+' not present in the annotation (.gtf) file
2026-06-12 12:52:31,584 - WARNING - The .bam file refers to a chromosome 'KI270742.1-' not present in the annotation (.gtf) file
2026-06-12 12:52:31,586 - DEBUG - Marking up chromosome GL000205.2
2026-06-12 12:52:31,586 - WARNING - The .bam file refers to a chromosome 'GL000205.2+' not present in the annotation (.gtf) file
2026-06-12 12:52:31,596 - DEBUG - Marking up chromosome GL000195.1
2026-06-12 12:52:31,600 - DEBUG - Marking up chromosome KI270736.1
2026-06-12 12:52:31,600 - WARNING - The .bam file refers to a chromosome 'KI270736.1+' not present in the annotation (.gtf) file
2026-06-12 12:52:31,600 - WARNING - The .bam file refers to a chromosome 'KI270736.1-' not present in the annotation (.gtf) file
2026-06-12 12:52:31,601 - DEBUG - Marking up chromosome KI270733.1
2026-06-12 12:52:31,601 - WARNING - The .bam file refers to a chromosome 'KI270733.1+' not present in the annotation (.gtf) file
2026-06-12 12:52:31,601 - WARNING - The .bam file refers to a chromosome 'KI270733.1-' not present in the annotation (.gtf) file
2026-06-12 12:52:36,339 - DEBUG - Read first 360 million reads
2026-06-12 12:52:48,504 - DEBUG - Read first 370 million reads
2026-06-12 12:52:55,762 - DEBUG - Marking up chromosome GL000224.1
2026-06-12 12:52:55,762 - WARNING - The .bam file refers to a chromosome 'GL000224.1+' not present in the annotation (.gtf) file
2026-06-12 12:52:55,762 - WARNING - The .bam file refers to a chromosome 'GL000224.1-' not present in the annotation (.gtf) file
2026-06-12 12:52:55,762 - DEBUG - Marking up chromosome GL000219.1
2026-06-12 12:52:55,763 - WARNING - The .bam file refers to a chromosome 'GL000219.1+' not present in the annotation (.gtf) file
2026-06-12 12:52:55,854 - DEBUG - Marking up chromosome KI270719.1
2026-06-12 12:52:55,854 - WARNING - The .bam file refers to a chromosome 'KI270719.1+' not present in the annotation (.gtf) file
2026-06-12 12:52:55,854 - WARNING - The .bam file refers to a chromosome 'KI270719.1-' not present in the annotation (.gtf) file
2026-06-12 12:52:55,856 - DEBUG - Marking up chromosome GL000216.2
2026-06-12 12:52:55,856 - WARNING - The .bam file refers to a chromosome 'GL000216.2+' not present in the annotation (.gtf) file
2026-06-12 12:52:55,856 - WARNING - The .bam file refers to a chromosome 'GL000216.2-' not present in the annotation (.gtf) file
2026-06-12 12:52:55,856 - DEBUG - Marking up chromosome KI270712.1
2026-06-12 12:52:55,856 - WARNING - The .bam file refers to a chromosome 'KI270712.1+' not present in the annotation (.gtf) file
2026-06-12 12:52:55,856 - WARNING - The .bam file refers to a chromosome 'KI270712.1-' not present in the annotation (.gtf) file
2026-06-12 12:52:55,858 - DEBUG - Marking up chromosome KI270706.1
2026-06-12 12:52:55,858 - WARNING - The .bam file refers to a chromosome 'KI270706.1+' not present in the annotation (.gtf) file
2026-06-12 12:52:55,858 - WARNING - The .bam file refers to a chromosome 'KI270706.1-' not present in the annotation (.gtf) file
2026-06-12 12:52:55,868 - DEBUG - Marking up chromosome KI270744.1
2026-06-12 12:52:55,868 - WARNING - The .bam file refers to a chromosome 'KI270744.1+' not present in the annotation (.gtf) file
2026-06-12 12:52:55,868 - WARNING - The .bam file refers to a chromosome 'KI270744.1-' not present in the annotation (.gtf) file
2026-06-12 12:52:55,869 - DEBUG - Marking up chromosome KI270734.1
2026-06-12 12:52:55,873 - DEBUG - Marking up chromosome GL000213.1
2026-06-12 12:52:55,874 - WARNING - The .bam file refers to a chromosome 'GL000213.1+' not present in the annotation (.gtf) file
2026-06-12 12:52:55,874 - DEBUG - Marking up chromosome GL000220.1
2026-06-12 12:52:55,874 - WARNING - The .bam file refers to a chromosome 'GL000220.1+' not present in the annotation (.gtf) file
2026-06-12 12:52:55,874 - WARNING - The .bam file refers to a chromosome 'GL000220.1-' not present in the annotation (.gtf) file
2026-06-12 12:53:00,129 - DEBUG - Read first 380 million reads
2026-06-12 12:53:11,592 - DEBUG - Read first 390 million reads
2026-06-12 12:53:23,129 - DEBUG - Read first 400 million reads
2026-06-12 12:53:34,589 - DEBUG - Read first 410 million reads
2026-06-12 12:53:46,086 - DEBUG - Read first 420 million reads
2026-06-12 12:53:57,551 - DEBUG - Read first 430 million reads
2026-06-12 12:54:04,255 - DEBUG - Marking up chromosome GL000218.1
2026-06-12 12:54:04,255 - WARNING - The .bam file refers to a chromosome 'GL000218.1+' not present in the annotation (.gtf) file
2026-06-12 12:54:04,264 - DEBUG - Marking up chromosome KI270749.1
2026-06-12 12:54:04,264 - WARNING - The .bam file refers to a chromosome 'KI270749.1+' not present in the annotation (.gtf) file
2026-06-12 12:54:04,264 - WARNING - The .bam file refers to a chromosome 'KI270749.1-' not present in the annotation (.gtf) file
2026-06-12 12:54:04,265 - DEBUG - Marking up chromosome GL000221.1
2026-06-12 12:54:04,265 - WARNING - The .bam file refers to a chromosome 'GL000221.1+' not present in the annotation (.gtf) file
2026-06-12 12:54:04,265 - WARNING - The .bam file refers to a chromosome 'GL000221.1-' not present in the annotation (.gtf) file
2026-06-12 12:54:04,267 - DEBUG - Marking up chromosome KI270731.1
2026-06-12 12:54:04,267 - WARNING - The .bam file refers to a chromosome 'KI270731.1+' not present in the annotation (.gtf) file
2026-06-12 12:54:04,267 - DEBUG - Marking up chromosome KI270751.1
2026-06-12 12:54:04,267 - WARNING - The .bam file refers to a chromosome 'KI270751.1+' not present in the annotation (.gtf) file
2026-06-12 12:54:04,267 - WARNING - The .bam file refers to a chromosome 'KI270751.1-' not present in the annotation (.gtf) file
2026-06-12 12:54:04,267 - DEBUG - Marking up chromosome KI270519.1
2026-06-12 12:54:04,267 - WARNING - The .bam file refers to a chromosome 'KI270519.1+' not present in the annotation (.gtf) file
2026-06-12 12:54:04,267 - WARNING - The .bam file refers to a chromosome 'KI270519.1-' not present in the annotation (.gtf) file
2026-06-12 12:54:04,267 - DEBUG - Marking up chromosome GL000214.1
2026-06-12 12:54:04,268 - WARNING - The .bam file refers to a chromosome 'GL000214.1+' not present in the annotation (.gtf) file
2026-06-12 12:54:04,268 - WARNING - The .bam file refers to a chromosome 'GL000214.1-' not present in the annotation (.gtf) file
2026-06-12 12:54:04,268 - DEBUG - Marking up chromosome KI270730.1
2026-06-12 12:54:04,268 - WARNING - The .bam file refers to a chromosome 'KI270730.1+' not present in the annotation (.gtf) file
2026-06-12 12:54:04,268 - WARNING - The .bam file refers to a chromosome 'KI270730.1-' not present in the annotation (.gtf) file
2026-06-12 12:54:04,268 - DEBUG - Marking up chromosome KI270438.1
2026-06-12 12:54:04,268 - WARNING - The .bam file refers to a chromosome 'KI270438.1+' not present in the annotation (.gtf) file
2026-06-12 12:54:04,268 - WARNING - The .bam file refers to a chromosome 'KI270438.1-' not present in the annotation (.gtf) file
2026-06-12 12:54:04,269 - DEBUG - Marking up chromosome KI270721.1
2026-06-12 12:54:04,269 - WARNING - The .bam file refers to a chromosome 'KI270721.1-' not present in the annotation (.gtf) file
2026-06-12 12:54:04,298 - DEBUG - Marking up chromosome KI270738.1
2026-06-12 12:54:04,298 - WARNING - The .bam file refers to a chromosome 'KI270738.1+' not present in the annotation (.gtf) file
2026-06-12 12:54:04,298 - WARNING - The .bam file refers to a chromosome 'KI270738.1-' not present in the annotation (.gtf) file
2026-06-12 12:54:04,299 - DEBUG - Marking up chromosome KI270748.1
2026-06-12 12:54:04,300 - WARNING - The .bam file refers to a chromosome 'KI270748.1+' not present in the annotation (.gtf) file
2026-06-12 12:54:04,300 - WARNING - The .bam file refers to a chromosome 'KI270748.1-' not present in the annotation (.gtf) file
2026-06-12 12:54:04,300 - DEBUG - Marking up chromosome GL000208.1
2026-06-12 12:54:04,300 - WARNING - The .bam file refers to a chromosome 'GL000208.1+' not present in the annotation (.gtf) file
2026-06-12 12:54:04,300 - WARNING - The .bam file refers to a chromosome 'GL000208.1-' not present in the annotation (.gtf) file
2026-06-12 12:54:04,300 - DEBUG - Marking up chromosome KI270538.1
2026-06-12 12:54:04,300 - WARNING - The .bam file refers to a chromosome 'KI270538.1+' not present in the annotation (.gtf) file
2026-06-12 12:54:04,300 - WARNING - The .bam file refers to a chromosome 'KI270538.1-' not present in the annotation (.gtf) file
2026-06-12 12:54:04,300 - DEBUG - Marking up chromosome KI270756.1
2026-06-12 12:54:04,300 - WARNING - The .bam file refers to a chromosome 'KI270756.1+' not present in the annotation (.gtf) file
2026-06-12 12:54:04,300 - WARNING - The .bam file refers to a chromosome 'KI270756.1-' not present in the annotation (.gtf) file
2026-06-12 12:54:04,300 - DEBUG - Marking up chromosome KI270757.1
2026-06-12 12:54:04,300 - WARNING - The .bam file refers to a chromosome 'KI270757.1+' not present in the annotation (.gtf) file
2026-06-12 12:54:04,300 - WARNING - The .bam file refers to a chromosome 'KI270757.1-' not present in the annotation (.gtf) file
2026-06-12 12:54:04,300 - DEBUG - Marking up chromosome KI270709.1
2026-06-12 12:54:04,300 - WARNING - The .bam file refers to a chromosome 'KI270709.1+' not present in the annotation (.gtf) file
2026-06-12 12:54:04,300 - WARNING - The .bam file refers to a chromosome 'KI270709.1-' not present in the annotation (.gtf) file
2026-06-12 12:54:04,301 - DEBUG - Marking up chromosome KI270589.1
2026-06-12 12:54:04,301 - WARNING - The .bam file refers to a chromosome 'KI270589.1+' not present in the annotation (.gtf) file
2026-06-12 12:54:04,301 - WARNING - The .bam file refers to a chromosome 'KI270589.1-' not present in the annotation (.gtf) file
2026-06-12 12:54:04,301 - DEBUG - Marking up chromosome KI270726.1
2026-06-12 12:54:04,301 - WARNING - The .bam file refers to a chromosome 'KI270726.1-' not present in the annotation (.gtf) file
2026-06-12 12:54:04,301 - DEBUG - Marking up chromosome KI270735.1
2026-06-12 12:54:04,301 - WARNING - The .bam file refers to a chromosome 'KI270735.1+' not present in the annotation (.gtf) file
2026-06-12 12:54:04,301 - WARNING - The .bam file refers to a chromosome 'KI270735.1-' not present in the annotation (.gtf) file
2026-06-12 12:54:04,301 - DEBUG - Marking up chromosome KI270711.1
2026-06-12 12:54:04,301 - WARNING - The .bam file refers to a chromosome 'KI270711.1+' not present in the annotation (.gtf) file
2026-06-12 12:54:04,306 - DEBUG - Marking up chromosome KI270745.1
2026-06-12 12:54:04,306 - WARNING - The .bam file refers to a chromosome 'KI270745.1+' not present in the annotation (.gtf) file
2026-06-12 12:54:04,306 - WARNING - The .bam file refers to a chromosome 'KI270745.1-' not present in the annotation (.gtf) file
2026-06-12 12:54:04,318 - DEBUG - Marking up chromosome KI270713.1
2026-06-12 12:54:04,331 - DEBUG - Marking up chromosome KI270710.1
2026-06-12 12:54:04,331 - WARNING - The .bam file refers to a chromosome 'KI270710.1+' not present in the annotation (.gtf) file
2026-06-12 12:54:04,331 - WARNING - The .bam file refers to a chromosome 'KI270710.1-' not present in the annotation (.gtf) file
2026-06-12 12:54:04,332 - DEBUG - Marking up chromosome KI270720.1
2026-06-12 12:54:04,332 - WARNING - The .bam file refers to a chromosome 'KI270720.1+' not present in the annotation (.gtf) file
2026-06-12 12:54:04,332 - WARNING - The .bam file refers to a chromosome 'KI270720.1-' not present in the annotation (.gtf) file
2026-06-12 12:54:04,332 - DEBUG - Marking up chromosome KI270718.1
2026-06-12 12:54:04,332 - WARNING - The .bam file refers to a chromosome 'KI270718.1+' not present in the annotation (.gtf) file
2026-06-12 12:54:04,332 - WARNING - The .bam file refers to a chromosome 'KI270718.1-' not present in the annotation (.gtf) file
2026-06-12 12:54:04,335 - DEBUG - Marking up chromosome KI270707.1
2026-06-12 12:54:04,335 - WARNING - The .bam file refers to a chromosome 'KI270707.1+' not present in the annotation (.gtf) file
2026-06-12 12:54:04,335 - WARNING - The .bam file refers to a chromosome 'KI270707.1-' not present in the annotation (.gtf) file
2026-06-12 12:54:04,335 - DEBUG - Marking up chromosome KI270521.1
2026-06-12 12:54:04,335 - WARNING - The .bam file refers to a chromosome 'KI270521.1+' not present in the annotation (.gtf) file
2026-06-12 12:54:04,335 - WARNING - The .bam file refers to a chromosome 'KI270521.1-' not present in the annotation (.gtf) file
2026-06-12 12:54:04,335 - DEBUG - Marking up chromosome KI270591.1
2026-06-12 12:54:04,335 - WARNING - The .bam file refers to a chromosome 'KI270591.1+' not present in the annotation (.gtf) file
2026-06-12 12:54:04,335 - WARNING - The .bam file refers to a chromosome 'KI270591.1-' not present in the annotation (.gtf) file
2026-06-12 12:54:04,336 - DEBUG - Marking up chromosome KI270467.1
2026-06-12 12:54:04,336 - WARNING - The .bam file refers to a chromosome 'KI270467.1+' not present in the annotation (.gtf) file
2026-06-12 12:54:04,336 - WARNING - The .bam file refers to a chromosome 'KI270467.1-' not present in the annotation (.gtf) file
2026-06-12 12:54:04,336 - DEBUG - Marking up chromosome KI270587.1
2026-06-12 12:54:04,336 - WARNING - The .bam file refers to a chromosome 'KI270587.1+' not present in the annotation (.gtf) file
2026-06-12 12:54:04,336 - WARNING - The .bam file refers to a chromosome 'KI270587.1-' not present in the annotation (.gtf) file
2026-06-12 12:54:04,336 - DEBUG - Marking up chromosome KI270539.1
2026-06-12 12:54:04,336 - WARNING - The .bam file refers to a chromosome 'KI270539.1+' not present in the annotation (.gtf) file
2026-06-12 12:54:04,336 - WARNING - The .bam file refers to a chromosome 'KI270539.1-' not present in the annotation (.gtf) file
2026-06-12 12:54:07,837 - DEBUG - Read first 440 million reads
2026-06-12 12:54:16,311 - DEBUG - Read first 450 million reads
2026-06-12 12:54:24,780 - DEBUG - Read first 460 million reads
2026-06-12 12:54:33,241 - DEBUG - Read first 470 million reads
2026-06-12 12:54:41,718 - DEBUG - Read first 480 million reads
2026-06-12 12:54:50,194 - DEBUG - Read first 490 million reads
2026-06-12 12:54:58,661 - DEBUG - Read first 500 million reads
2026-06-12 12:55:07,120 - DEBUG - Read first 510 million reads
2026-06-12 12:55:15,575 - DEBUG - Read first 520 million reads
2026-06-12 12:55:24,007 - DEBUG - Read first 530 million reads
2026-06-12 12:55:24,248 - DEBUG - End of file. Reset index: start scanning from initial position.
2026-06-12 12:55:24,305 - DEBUG - 20006127 reads were skipped because no apropiate cell or umi barcode was found
2026-06-12 12:55:24,317 - INFO - Now just waiting that the bam sorting process terminates
2026-06-12 12:55:24,317 - INFO - bam file #0 has been sorted
2026-06-12 12:55:24,317 - DEBUG - Start molecule counting!
2026-06-12 12:55:25,657 - DEBUG - Features available for chromosomes : ['GL000009.2-', 'GL000194.1-', 'GL000195.1-', 'GL000195.1+', 'GL000205.2-', 'GL000213.1-', 'GL000218.1-', 'GL000219.1-', 'KI270711.1-', 'KI270713.1-', 'KI270713.1+', 'KI270721.1+', 'KI270726.1+', 'KI270727.1-', 'KI270727.1+', 'KI270728.1-', 'KI270728.1+', 'KI270731.1-', 'KI270734.1-', 'KI270734.1+', '1-', '1+', '10-', '10+', '11-', '11+', '12-', '12+', '13-', '13+', '14-', '14+', '15-', '15+', '16-', '16+', '17-', '17+', '18-', '18+', '19-', '19+', '2-', '2+', '20-', '20+', '21-', '21+', '22-', '22+', '3-', '3+', '4-', '4+', '5-', '5+', '6-', '6+', '7-', '7+', '8-', '8+', '9-', '9+', 'M-', 'M+', 'X-', 'X+', 'Y-', 'Y+']
2026-06-12 12:55:25,658 - DEBUG - Mask available for chromosomes : []
2026-06-12 12:55:25,658 - DEBUG - Summarizing the results of intron validation.
2026-06-12 12:55:25,938 - DEBUG - Validated 220411 introns (of which unique intervals 74390) out of 1106199 total possible introns (considering each possible transcript models).
2026-06-12 12:55:25,939 - DEBUG - Reading /research/peer/fdeckert/FD20250213HSCT/data/object/velocyto/CoR_GVD_09_transcriptome/cellsorted_possorted_genome_bam.bam
2026-06-12 12:55:26,147 - DEBUG - Read first 0 million reads
2026-06-12 12:56:03,216 - DEBUG - Read first 10 million reads
2026-06-12 12:56:16,346 - DEBUG - Read first 20 million reads
2026-06-12 12:56:50,378 - DEBUG - Read first 30 million reads
2026-06-12 12:57:04,846 - DEBUG - Read first 40 million reads
2026-06-12 12:57:15,171 - DEBUG - Read first 50 million reads
2026-06-12 12:57:46,853 - DEBUG - Read first 60 million reads
2026-06-12 12:58:33,807 - DEBUG - Read first 70 million reads
2026-06-12 12:59:18,905 - DEBUG - Read first 80 million reads
2026-06-12 12:59:38,877 - DEBUG - Counting for batch 1, containing 100 cells and 12672061 reads
2026-06-12 13:00:25,091 - DEBUG - 0 reads not considered because fully enclosed in repeat masked regions
2026-06-12 13:00:49,118 - DEBUG - Read first 90 million reads
2026-06-12 13:01:33,504 - DEBUG - Read first 100 million reads
2026-06-12 13:02:10,004 - DEBUG - Read first 110 million reads
2026-06-12 13:02:32,709 - DEBUG - Counting for batch 2, containing 100 cells and 10029207 reads
2026-06-12 13:03:08,894 - DEBUG - 0 reads not considered because fully enclosed in repeat masked regions
2026-06-12 13:03:32,199 - DEBUG - Read first 120 million reads
2026-06-12 13:04:21,464 - DEBUG - Read first 130 million reads
2026-06-12 13:04:57,972 - DEBUG - Read first 140 million reads
2026-06-12 13:05:07,150 - DEBUG - Counting for batch 3, containing 100 cells and 10258988 reads
2026-06-12 13:05:44,866 - DEBUG - 0 reads not considered because fully enclosed in repeat masked regions
2026-06-12 13:06:24,263 - DEBUG - Read first 150 million reads
2026-06-12 13:07:02,541 - DEBUG - Read first 160 million reads
2026-06-12 13:07:50,620 - DEBUG - Read first 170 million reads
2026-06-12 13:08:13,490 - DEBUG - Counting for batch 4, containing 100 cells and 12237479 reads
2026-06-12 13:08:59,612 - DEBUG - 0 reads not considered because fully enclosed in repeat masked regions
2026-06-12 13:09:23,366 - DEBUG - Read first 180 million reads
2026-06-12 13:10:04,666 - DEBUG - Read first 190 million reads
2026-06-12 13:10:45,493 - DEBUG - Read first 200 million reads
2026-06-12 13:10:55,764 - DEBUG - Counting for batch 5, containing 100 cells and 9757264 reads
2026-06-12 13:11:31,336 - DEBUG - 0 reads not considered because fully enclosed in repeat masked regions
2026-06-12 13:12:05,662 - DEBUG - Read first 210 million reads
2026-06-12 13:12:53,974 - DEBUG - Read first 220 million reads
2026-06-12 13:13:40,930 - DEBUG - Read first 230 million reads
2026-06-12 13:13:56,773 - DEBUG - Counting for batch 6, containing 100 cells and 13104252 reads
2026-06-12 13:14:46,436 - DEBUG - 0 reads not considered because fully enclosed in repeat masked regions
2026-06-12 13:15:20,744 - DEBUG - Read first 240 million reads
2026-06-12 13:16:07,706 - DEBUG - Read first 250 million reads
2026-06-12 13:16:56,414 - DEBUG - Read first 260 million reads
2026-06-12 13:17:24,957 - DEBUG - Counting for batch 7, containing 100 cells and 14302277 reads
2026-06-12 13:18:17,783 - DEBUG - 0 reads not considered because fully enclosed in repeat masked regions
2026-06-12 13:18:37,104 - DEBUG - Read first 270 million reads
2026-06-12 13:19:26,794 - DEBUG - Read first 280 million reads
2026-06-12 13:20:17,000 - DEBUG - Read first 290 million reads
2026-06-12 13:20:44,494 - DEBUG - Counting for batch 8, containing 100 cells and 13100168 reads
2026-06-12 13:21:34,539 - DEBUG - 0 reads not considered because fully enclosed in repeat masked regions
2026-06-12 13:21:53,822 - DEBUG - Read first 300 million reads
2026-06-12 13:22:38,113 - DEBUG - Read first 310 million reads
2026-06-12 13:23:26,846 - DEBUG - Read first 320 million reads
2026-06-12 13:24:00,157 - DEBUG - Counting for batch 9, containing 100 cells and 12967765 reads
2026-06-12 13:24:50,142 - DEBUG - 0 reads not considered because fully enclosed in repeat masked regions
2026-06-12 13:25:02,695 - DEBUG - Read first 330 million reads
2026-06-12 13:25:45,189 - DEBUG - Read first 340 million reads
2026-06-12 13:26:25,385 - DEBUG - Read first 350 million reads
2026-06-12 13:26:53,142 - DEBUG - Counting for batch 10, containing 100 cells and 9975482 reads
2026-06-12 13:27:29,178 - DEBUG - 0 reads not considered because fully enclosed in repeat masked regions
2026-06-12 13:27:47,577 - DEBUG - Read first 360 million reads
2026-06-12 13:28:25,479 - DEBUG - Read first 370 million reads
2026-06-12 13:29:16,119 - DEBUG - Read first 380 million reads
2026-06-12 13:29:51,038 - DEBUG - Counting for batch 11, containing 100 cells and 12323343 reads
2026-06-12 13:30:35,541 - DEBUG - 0 reads not considered because fully enclosed in repeat masked regions
2026-06-12 13:30:46,189 - DEBUG - Read first 390 million reads
2026-06-12 13:31:25,577 - DEBUG - Read first 400 million reads
2026-06-12 13:32:15,959 - DEBUG - Read first 410 million reads
2026-06-12 13:32:50,961 - DEBUG - Counting for batch 12, containing 100 cells and 12454134 reads
2026-06-12 13:33:37,192 - DEBUG - 0 reads not considered because fully enclosed in repeat masked regions
2026-06-12 13:33:51,645 - DEBUG - Read first 420 million reads
2026-06-12 13:34:34,493 - DEBUG - Read first 430 million reads
2026-06-12 13:35:18,210 - DEBUG - Read first 440 million reads
2026-06-12 13:35:56,647 - DEBUG - Counting for batch 13, containing 100 cells and 11737388 reads
2026-06-12 13:36:40,440 - DEBUG - 0 reads not considered because fully enclosed in repeat masked regions
2026-06-12 13:36:48,635 - DEBUG - Read first 450 million reads
2026-06-12 13:37:31,070 - DEBUG - Read first 460 million reads
2026-06-12 13:38:11,839 - DEBUG - Read first 470 million reads
2026-06-12 13:38:54,091 - DEBUG - Counting for batch 14, containing 100 cells and 10663222 reads
2026-06-12 13:39:28,866 - DEBUG - 0 reads not considered because fully enclosed in repeat masked regions
2026-06-12 13:39:35,216 - DEBUG - Read first 480 million reads
2026-06-12 13:40:19,806 - DEBUG - Read first 490 million reads
2026-06-12 13:41:01,867 - DEBUG - Read first 500 million reads
2026-06-12 13:41:29,996 - DEBUG - Counting for batch 15, containing 100 cells and 9903467 reads
2026-06-12 13:42:05,998 - DEBUG - 0 reads not considered because fully enclosed in repeat masked regions
2026-06-12 13:42:24,143 - DEBUG - Read first 510 million reads
2026-06-12 13:43:07,639 - DEBUG - Read first 520 million reads
2026-06-12 13:43:54,062 - DEBUG - Read first 530 million reads
2026-06-12 13:43:54,844 - DEBUG - Counting for batch 16, containing 82 cells and 9790322 reads
2026-06-12 13:44:30,410 - DEBUG - 0 reads not considered because fully enclosed in repeat masked regions
2026-06-12 13:44:33,967 - DEBUG - 20006127 reads were skipped because no apropiate cell or umi barcode was found
2026-06-12 13:44:34,023 - DEBUG - Counting done!
2026-06-12 13:44:34,033 - DEBUG - Generating output file /research/peer/fdeckert/FD20250213HSCT/data/object/velocyto/CoR_GVD_09_transcriptome/velocyto.loom
2026-06-12 13:44:34,033 - DEBUG - Collecting row attributes
2026-06-12 13:44:34,134 - DEBUG - Generating data table
2026-06-12 13:44:34,430 - DEBUG - Writing loom file
2026-06-12 13:44:35,805 - DEBUG - Creating converter from 5 to 3
2026-06-12 13:44:35,899 - DEBUG - Creating converter from 3 to 5
2026-06-12 13:44:38,149 - DEBUG - Terminated Succesfully!
