2026-06-12 12:05:39,315 - DEBUG - Using logic: Permissive10X
2026-06-12 12:05:39,329 - INFO - Read 13330 cell barcodes from /research/lab_stary/sequencing_projects/hsct/COUNT/HSCT_7841_transcriptome/filtered_feature_bc_matrix/barcodes.tsv.gz
2026-06-12 12:05:39,330 - DEBUG - Example of barcode: AAACCTGAGAGTACCG and cell_id: velocyto:AAACCTGAGAGTACCG-1
2026-06-12 12:05:39,333 - DEBUG - Peeking into /research/peer/fdeckert/FD20250213HSCT/data/object/velocyto/HSCT_7841_transcriptome/possorted_genome_bam.bam
2026-06-12 12:05:39,350 - WARNING - Not found cell and umi barcode in entry 6 of the bam file
2026-06-12 12:05:39,350 - WARNING - Not found cell and umi barcode in entry 13 of the bam file
2026-06-12 12:05:39,350 - WARNING - Not found cell and umi barcode in entry 20 of the bam file
2026-06-12 12:05:39,350 - WARNING - Not found cell and umi barcode in entry 29 of the bam file
2026-06-12 12:05:39,350 - WARNING - Not found cell and umi barcode in entry 46 of the bam file
2026-06-12 12:05:39,350 - WARNING - Not found cell and umi barcode in entry 48 of the bam file
2026-06-12 12:05:39,350 - WARNING - Not found cell and umi barcode in entry 49 of the bam file
2026-06-12 12:05:39,350 - WARNING - Not found cell and umi barcode in entry 69 of the bam file
2026-06-12 12:05:39,350 - WARNING - Not found cell and umi barcode in entry 74 of the bam file
2026-06-12 12:05:39,350 - WARNING - Not found cell and umi barcode in entry 76 of the bam file
2026-06-12 12:05:39,350 - WARNING - Not found cell and umi barcode in entry 97 of the bam file
2026-06-12 12:05:39,350 - WARNING - Not found cell and umi barcode in entry 131 of the bam file
2026-06-12 12:05:39,350 - WARNING - Not found cell and umi barcode in entry 139 of the bam file
2026-06-12 12:05:39,350 - WARNING - Not found cell and umi barcode in entry 144 of the bam file
2026-06-12 12:05:39,350 - WARNING - Not found cell and umi barcode in entry 151 of the bam file
2026-06-12 12:05:39,350 - WARNING - Not found cell and umi barcode in entry 155 of the bam file
2026-06-12 12:05:39,350 - WARNING - Not found cell and umi barcode in entry 163 of the bam file
2026-06-12 12:05:39,350 - WARNING - Not found cell and umi barcode in entry 167 of the bam file
2026-06-12 12:05:39,351 - WARNING - Not found cell and umi barcode in entry 169 of the bam file
2026-06-12 12:05:39,351 - WARNING - Not found cell and umi barcode in entry 171 of the bam file
2026-06-12 12:05:39,351 - WARNING - Not found cell and umi barcode in entry 174 of the bam file
2026-06-12 12:05:39,351 - WARNING - Not found cell and umi barcode in entry 175 of the bam file
2026-06-12 12:05:39,351 - WARNING - Not found cell and umi barcode in entry 194 of the bam file
2026-06-12 12:05:39,351 - WARNING - Not found cell and umi barcode in entry 196 of the bam file
2026-06-12 12:05:39,351 - WARNING - Not found cell and umi barcode in entry 265 of the bam file
2026-06-12 12:05:39,351 - WARNING - Not found cell and umi barcode in entry 285 of the bam file
2026-06-12 12:05:39,351 - WARNING - Not found cell and umi barcode in entry 321 of the bam file
2026-06-12 12:05:39,351 - WARNING - Not found cell and umi barcode in entry 327 of the bam file
2026-06-12 12:05:39,351 - WARNING - Not found cell and umi barcode in entry 349 of the bam file
2026-06-12 12:05:39,351 - WARNING - Not found cell and umi barcode in entry 354 of the bam file
2026-06-12 12:05:39,351 - WARNING - Not found cell and umi barcode in entry 355 of the bam file
2026-06-12 12:05:39,352 - WARNING - Not found cell and umi barcode in entry 356 of the bam file
2026-06-12 12:05:39,352 - WARNING - Not found cell and umi barcode in entry 357 of the bam file
2026-06-12 12:05:39,352 - WARNING - Not found cell and umi barcode in entry 359 of the bam file
2026-06-12 12:05:39,352 - WARNING - Not found cell and umi barcode in entry 366 of the bam file
2026-06-12 12:05:39,352 - WARNING - Not found cell and umi barcode in entry 389 of the bam file
2026-06-12 12:05:39,352 - WARNING - Not found cell and umi barcode in entry 391 of the bam file
2026-06-12 12:05:39,352 - WARNING - Not found cell and umi barcode in entry 439 of the bam file
2026-06-12 12:05:39,352 - WARNING - Not found cell and umi barcode in entry 442 of the bam file
2026-06-12 12:05:39,352 - WARNING - Not found cell and umi barcode in entry 505 of the bam file
2026-06-12 12:05:39,352 - WARNING - Not found cell and umi barcode in entry 516 of the bam file
2026-06-12 12:05:39,352 - WARNING - Not found cell and umi barcode in entry 528 of the bam file
2026-06-12 12:05:39,352 - WARNING - Not found cell and umi barcode in entry 531 of the bam file
2026-06-12 12:05:39,352 - WARNING - Not found cell and umi barcode in entry 567 of the bam file
2026-06-12 12:05:39,352 - WARNING - Not found cell and umi barcode in entry 596 of the bam file
2026-06-12 12:05:39,353 - WARNING - Not found cell and umi barcode in entry 716 of the bam file
2026-06-12 12:05:39,353 - WARNING - Not found cell and umi barcode in entry 717 of the bam file
2026-06-12 12:05:39,353 - WARNING - Not found cell and umi barcode in entry 793 of the bam file
2026-06-12 12:05:39,353 - WARNING - Not found cell and umi barcode in entry 808 of the bam file
2026-06-12 12:05:39,353 - WARNING - Not found cell and umi barcode in entry 841 of the bam file
2026-06-12 12:05:39,353 - WARNING - Not found cell and umi barcode in entry 884 of the bam file
2026-06-12 12:05:39,353 - WARNING - Not found cell and umi barcode in entry 942 of the bam file
2026-06-12 12:05:39,353 - WARNING - Not found cell and umi barcode in entry 948 of the bam file
2026-06-12 12:05:39,354 - WARNING - Not found cell and umi barcode in entry 1027 of the bam file
2026-06-12 12:05:39,354 - WARNING - Not found cell and umi barcode in entry 1052 of the bam file
2026-06-12 12:05:39,358 - INFO - Starting the sorting process of /research/peer/fdeckert/FD20250213HSCT/data/object/velocyto/HSCT_7841_transcriptome/possorted_genome_bam.bam the output will be at: /research/peer/fdeckert/FD20250213HSCT/data/object/velocyto/HSCT_7841_transcriptome/cellsorted_possorted_genome_bam.bam
2026-06-12 12:05:39,358 - INFO - Command being run is: samtools sort -l 7 -m 100M -t CB -O BAM -@ 16 -o /research/peer/fdeckert/FD20250213HSCT/data/object/velocyto/HSCT_7841_transcriptome/cellsorted_possorted_genome_bam.bam /research/peer/fdeckert/FD20250213HSCT/data/object/velocyto/HSCT_7841_transcriptome/possorted_genome_bam.bam
2026-06-12 12:05:39,358 - INFO - While the bam sorting happens do other things...
2026-06-12 12:05:39,358 - INFO - Load the annotation from /nobackup/peer/fdeckert/cellranger/GRCh38-2020-A/GRCh38/genes/genes.gtf
2026-06-12 12:05:45,046 - DEBUG - Parsing Chromosome GL000009.2 strand - [line 0]
2026-06-12 12:05:45,046 - DEBUG - Done with GL000009.2- [line 7]
2026-06-12 12:05:45,047 - DEBUG - Assigning indexes to genes
2026-06-12 12:05:45,047 - DEBUG - Seen 1 genes until now
2026-06-12 12:05:45,047 - DEBUG - Parsing Chromosome GL000194.1 strand - [line 8]
2026-06-12 12:05:45,047 - DEBUG - Done with GL000194.1- [line 33]
2026-06-12 12:05:45,047 - DEBUG - Assigning indexes to genes
2026-06-12 12:05:45,047 - DEBUG - Seen 3 genes until now
2026-06-12 12:05:45,047 - DEBUG - Parsing Chromosome GL000195.1 strand - [line 34]
2026-06-12 12:05:45,047 - DEBUG - Done with GL000195.1- [line 43]
2026-06-12 12:05:45,047 - DEBUG - Assigning indexes to genes
2026-06-12 12:05:45,047 - DEBUG - Seen 4 genes until now
2026-06-12 12:05:45,047 - DEBUG - Parsing Chromosome GL000195.1 strand + [line 44]
2026-06-12 12:05:45,047 - DEBUG - Done with GL000195.1+ [line 57]
2026-06-12 12:05:45,047 - DEBUG - Assigning indexes to genes
2026-06-12 12:05:45,047 - DEBUG - Seen 5 genes until now
2026-06-12 12:05:45,047 - DEBUG - Parsing Chromosome GL000205.2 strand - [line 58]
2026-06-12 12:05:45,047 - DEBUG - Done with GL000205.2- [line 71]
2026-06-12 12:05:45,047 - DEBUG - Assigning indexes to genes
2026-06-12 12:05:45,047 - DEBUG - Seen 6 genes until now
2026-06-12 12:05:45,047 - DEBUG - Parsing Chromosome GL000213.1 strand - [line 72]
2026-06-12 12:05:45,047 - DEBUG - Done with GL000213.1- [line 120]
2026-06-12 12:05:45,047 - DEBUG - Assigning indexes to genes
2026-06-12 12:05:45,047 - DEBUG - Seen 7 genes until now
2026-06-12 12:05:45,047 - DEBUG - Parsing Chromosome GL000218.1 strand - [line 121]
2026-06-12 12:05:45,047 - DEBUG - Done with GL000218.1- [line 128]
2026-06-12 12:05:45,048 - DEBUG - Assigning indexes to genes
2026-06-12 12:05:45,048 - DEBUG - Seen 8 genes until now
2026-06-12 12:05:45,048 - DEBUG - Parsing Chromosome GL000219.1 strand - [line 129]
2026-06-12 12:05:45,048 - DEBUG - Done with GL000219.1- [line 141]
2026-06-12 12:05:45,048 - DEBUG - Assigning indexes to genes
2026-06-12 12:05:45,048 - DEBUG - Seen 9 genes until now
2026-06-12 12:05:45,048 - DEBUG - Parsing Chromosome KI270711.1 strand - [line 142]
2026-06-12 12:05:45,048 - DEBUG - Done with KI270711.1- [line 292]
2026-06-12 12:05:45,048 - DEBUG - Assigning indexes to genes
2026-06-12 12:05:45,048 - DEBUG - Seen 10 genes until now
2026-06-12 12:05:45,048 - DEBUG - Parsing Chromosome KI270713.1 strand - [line 293]
2026-06-12 12:05:45,048 - DEBUG - Done with KI270713.1- [line 300]
2026-06-12 12:05:45,048 - DEBUG - Assigning indexes to genes
2026-06-12 12:05:45,048 - DEBUG - Seen 11 genes until now
2026-06-12 12:05:45,048 - DEBUG - Parsing Chromosome KI270713.1 strand + [line 301]
2026-06-12 12:05:45,048 - DEBUG - Done with KI270713.1+ [line 307]
2026-06-12 12:05:45,048 - DEBUG - Assigning indexes to genes
2026-06-12 12:05:45,049 - DEBUG - Seen 12 genes until now
2026-06-12 12:05:45,049 - DEBUG - Parsing Chromosome KI270721.1 strand + [line 308]
2026-06-12 12:05:45,049 - DEBUG - Done with KI270721.1+ [line 323]
2026-06-12 12:05:45,049 - DEBUG - Assigning indexes to genes
2026-06-12 12:05:45,049 - DEBUG - Seen 13 genes until now
2026-06-12 12:05:45,049 - DEBUG - Parsing Chromosome KI270726.1 strand + [line 324]
2026-06-12 12:05:45,049 - DEBUG - Done with KI270726.1+ [line 334]
2026-06-12 12:05:45,049 - DEBUG - Assigning indexes to genes
2026-06-12 12:05:45,049 - DEBUG - Seen 15 genes until now
2026-06-12 12:05:45,049 - DEBUG - Parsing Chromosome KI270727.1 strand - [line 335]
2026-06-12 12:05:45,049 - DEBUG - Done with KI270727.1- [line 394]
2026-06-12 12:05:45,049 - DEBUG - Assigning indexes to genes
2026-06-12 12:05:45,049 - DEBUG - Seen 17 genes until now
2026-06-12 12:05:45,049 - DEBUG - Parsing Chromosome KI270727.1 strand + [line 395]
2026-06-12 12:05:45,049 - DEBUG - Done with KI270727.1+ [line 409]
2026-06-12 12:05:45,049 - DEBUG - Assigning indexes to genes
2026-06-12 12:05:45,049 - DEBUG - Seen 19 genes until now
2026-06-12 12:05:45,049 - DEBUG - Parsing Chromosome KI270728.1 strand - [line 410]
2026-06-12 12:05:45,050 - DEBUG - Done with KI270728.1- [line 486]
2026-06-12 12:05:45,050 - DEBUG - Assigning indexes to genes
2026-06-12 12:05:45,050 - DEBUG - Seen 21 genes until now
2026-06-12 12:05:45,050 - DEBUG - Parsing Chromosome KI270728.1 strand + [line 487]
2026-06-12 12:05:45,050 - DEBUG - Done with KI270728.1+ [line 523]
2026-06-12 12:05:45,050 - DEBUG - Assigning indexes to genes
2026-06-12 12:05:45,050 - DEBUG - Seen 25 genes until now
2026-06-12 12:05:45,050 - DEBUG - Parsing Chromosome KI270731.1 strand - [line 524]
2026-06-12 12:05:45,050 - DEBUG - Done with KI270731.1- [line 530]
2026-06-12 12:05:45,050 - DEBUG - Assigning indexes to genes
2026-06-12 12:05:45,050 - DEBUG - Seen 26 genes until now
2026-06-12 12:05:45,050 - DEBUG - Parsing Chromosome KI270734.1 strand - [line 531]
2026-06-12 12:05:45,050 - DEBUG - Done with KI270734.1- [line 599]
2026-06-12 12:05:45,050 - DEBUG - Assigning indexes to genes
2026-06-12 12:05:45,050 - DEBUG - Seen 27 genes until now
2026-06-12 12:05:45,051 - DEBUG - Parsing Chromosome KI270734.1 strand + [line 600]
2026-06-12 12:05:45,051 - DEBUG - Done with KI270734.1+ [line 622]
2026-06-12 12:05:45,051 - DEBUG - Assigning indexes to genes
2026-06-12 12:05:45,051 - DEBUG - Seen 29 genes until now
2026-06-12 12:05:45,051 - DEBUG - Parsing Chromosome 1 strand - [line 623]
2026-06-12 12:05:45,573 - DEBUG - Done with 1- [line 118876]
2026-06-12 12:05:45,573 - DEBUG - Assigning indexes to genes
2026-06-12 12:05:45,579 - DEBUG - Seen 1711 genes until now
2026-06-12 12:05:45,579 - DEBUG - Parsing Chromosome 1 strand + [line 118877]
2026-06-12 12:05:46,352 - DEBUG - Done with 1+ [line 253796]
2026-06-12 12:05:46,352 - DEBUG - Assigning indexes to genes
2026-06-12 12:05:46,363 - DEBUG - Seen 3439 genes until now
2026-06-12 12:05:46,364 - DEBUG - Parsing Chromosome 10 strand - [line 253797]
2026-06-12 12:05:46,523 - DEBUG - Done with 10- [line 304078]
2026-06-12 12:05:46,523 - DEBUG - Assigning indexes to genes
2026-06-12 12:05:46,525 - DEBUG - Seen 4100 genes until now
2026-06-12 12:05:46,525 - DEBUG - Parsing Chromosome 10 strand + [line 304079]
2026-06-12 12:05:46,667 - DEBUG - Done with 10+ [line 356023]
2026-06-12 12:05:46,667 - DEBUG - Assigning indexes to genes
2026-06-12 12:05:46,669 - DEBUG - Seen 4833 genes until now
2026-06-12 12:05:46,669 - DEBUG - Parsing Chromosome 11 strand - [line 356024]
2026-06-12 12:05:47,078 - DEBUG - Done with 11- [line 438038]
2026-06-12 12:05:47,078 - DEBUG - Assigning indexes to genes
2026-06-12 12:05:47,082 - DEBUG - Seen 5833 genes until now
2026-06-12 12:05:47,082 - DEBUG - Parsing Chromosome 11 strand + [line 438039]
2026-06-12 12:05:47,315 - DEBUG - Done with 11+ [line 521163]
2026-06-12 12:05:47,315 - DEBUG - Assigning indexes to genes
2026-06-12 12:05:47,319 - DEBUG - Seen 6898 genes until now
2026-06-12 12:05:47,319 - DEBUG - Parsing Chromosome 12 strand - [line 521164]
2026-06-12 12:05:47,822 - DEBUG - Done with 12- [line 601582]
2026-06-12 12:05:47,823 - DEBUG - Assigning indexes to genes
2026-06-12 12:05:47,826 - DEBUG - Seen 7848 genes until now
2026-06-12 12:05:47,826 - DEBUG - Parsing Chromosome 12 strand + [line 601583]
2026-06-12 12:05:48,055 - DEBUG - Done with 12+ [line 681983]
2026-06-12 12:05:48,055 - DEBUG - Assigning indexes to genes
2026-06-12 12:05:48,059 - DEBUG - Seen 8826 genes until now
2026-06-12 12:05:48,059 - DEBUG - Parsing Chromosome 13 strand - [line 681984]
2026-06-12 12:05:48,117 - DEBUG - Done with 13- [line 702449]
2026-06-12 12:05:48,117 - DEBUG - Assigning indexes to genes
2026-06-12 12:05:48,119 - DEBUG - Seen 9225 genes until now
2026-06-12 12:05:48,119 - DEBUG - Parsing Chromosome 13 strand + [line 702450]
2026-06-12 12:05:48,209 - DEBUG - Done with 13+ [line 726349]
2026-06-12 12:05:48,209 - DEBUG - Assigning indexes to genes
2026-06-12 12:05:48,211 - DEBUG - Seen 9614 genes until now
2026-06-12 12:05:48,211 - DEBUG - Parsing Chromosome 14 strand - [line 726350]
2026-06-12 12:05:48,631 - DEBUG - Done with 14- [line 770987]
2026-06-12 12:05:48,631 - DEBUG - Assigning indexes to genes
2026-06-12 12:05:48,634 - DEBUG - Seen 10373 genes until now
2026-06-12 12:05:48,634 - DEBUG - Parsing Chromosome 14 strand + [line 770988]
2026-06-12 12:05:48,765 - DEBUG - Done with 14+ [line 822908]
2026-06-12 12:05:48,765 - DEBUG - Assigning indexes to genes
2026-06-12 12:05:48,768 - DEBUG - Seen 11088 genes until now
2026-06-12 12:05:48,768 - DEBUG - Parsing Chromosome 15 strand - [line 822909]
2026-06-12 12:05:48,897 - DEBUG - Done with 15- [line 873715]
2026-06-12 12:05:48,897 - DEBUG - Assigning indexes to genes
2026-06-12 12:05:48,899 - DEBUG - Seen 11734 genes until now
2026-06-12 12:05:48,899 - DEBUG - Parsing Chromosome 15 strand + [line 873716]
2026-06-12 12:05:49,031 - DEBUG - Done with 15+ [line 923824]
2026-06-12 12:05:49,031 - DEBUG - Assigning indexes to genes
2026-06-12 12:05:49,033 - DEBUG - Seen 12355 genes until now
2026-06-12 12:05:49,034 - DEBUG - Parsing Chromosome 16 strand - [line 923825]
2026-06-12 12:05:49,215 - DEBUG - Done with 16- [line 979238]
2026-06-12 12:05:49,215 - DEBUG - Assigning indexes to genes
2026-06-12 12:05:49,220 - DEBUG - Seen 13151 genes until now
2026-06-12 12:05:49,220 - DEBUG - Parsing Chromosome 16 strand + [line 979239]
2026-06-12 12:05:49,712 - DEBUG - Done with 16+ [line 1052152]
2026-06-12 12:05:49,713 - DEBUG - Assigning indexes to genes
2026-06-12 12:05:49,716 - DEBUG - Seen 14004 genes until now
2026-06-12 12:05:49,716 - DEBUG - Parsing Chromosome 17 strand - [line 1052153]
2026-06-12 12:05:49,941 - DEBUG - Done with 17- [line 1140008]
2026-06-12 12:05:49,941 - DEBUG - Assigning indexes to genes
2026-06-12 12:05:49,946 - DEBUG - Seen 15039 genes until now
2026-06-12 12:05:49,946 - DEBUG - Parsing Chromosome 17 strand + [line 1140009]
2026-06-12 12:05:50,159 - DEBUG - Done with 17+ [line 1219447]
2026-06-12 12:05:50,159 - DEBUG - Assigning indexes to genes
2026-06-12 12:05:50,163 - DEBUG - Seen 15996 genes until now
2026-06-12 12:05:50,163 - DEBUG - Parsing Chromosome 18 strand - [line 1219448]
2026-06-12 12:05:50,234 - DEBUG - Done with 18- [line 1246083]
2026-06-12 12:05:50,234 - DEBUG - Assigning indexes to genes
2026-06-12 12:05:50,236 - DEBUG - Seen 16371 genes until now
2026-06-12 12:05:50,236 - DEBUG - Parsing Chromosome 18 strand + [line 1246084]
2026-06-12 12:05:50,304 - DEBUG - Done with 18+ [line 1269821]
2026-06-12 12:05:50,304 - DEBUG - Assigning indexes to genes
2026-06-12 12:05:50,305 - DEBUG - Seen 16777 genes until now
2026-06-12 12:05:50,305 - DEBUG - Parsing Chromosome 19 strand - [line 1269822]
2026-06-12 12:05:50,899 - DEBUG - Done with 19- [line 1350736]
2026-06-12 12:05:50,899 - DEBUG - Assigning indexes to genes
2026-06-12 12:05:50,905 - DEBUG - Seen 17790 genes until now
2026-06-12 12:05:50,905 - DEBUG - Parsing Chromosome 19 strand + [line 1350737]
2026-06-12 12:05:51,208 - DEBUG - Done with 19+ [line 1435648]
2026-06-12 12:05:51,208 - DEBUG - Assigning indexes to genes
2026-06-12 12:05:51,213 - DEBUG - Seen 18804 genes until now
2026-06-12 12:05:51,213 - DEBUG - Parsing Chromosome 2 strand - [line 1435649]
2026-06-12 12:05:51,548 - DEBUG - Done with 2- [line 1542996]
2026-06-12 12:05:51,549 - DEBUG - Assigning indexes to genes
2026-06-12 12:05:51,554 - DEBUG - Seen 20037 genes until now
2026-06-12 12:05:51,554 - DEBUG - Parsing Chromosome 2 strand + [line 1542997]
2026-06-12 12:05:51,826 - DEBUG - Done with 2+ [line 1642863]
2026-06-12 12:05:51,826 - DEBUG - Assigning indexes to genes
2026-06-12 12:05:51,831 - DEBUG - Seen 21345 genes until now
2026-06-12 12:05:51,831 - DEBUG - Parsing Chromosome 20 strand - [line 1642864]
2026-06-12 12:05:51,914 - DEBUG - Done with 20- [line 1672442]
2026-06-12 12:05:51,914 - DEBUG - Assigning indexes to genes
2026-06-12 12:05:51,917 - DEBUG - Seen 21828 genes until now
2026-06-12 12:05:51,917 - DEBUG - Parsing Chromosome 20 strand + [line 1672443]
2026-06-12 12:05:52,051 - DEBUG - Done with 20+ [line 1707817]
2026-06-12 12:05:52,051 - DEBUG - Assigning indexes to genes
2026-06-12 12:05:52,057 - DEBUG - Seen 22309 genes until now
2026-06-12 12:05:52,057 - DEBUG - Parsing Chromosome 21 strand - [line 1707818]
2026-06-12 12:05:52,522 - DEBUG - Done with 21- [line 1722798]
2026-06-12 12:05:52,523 - DEBUG - Assigning indexes to genes
2026-06-12 12:05:52,523 - DEBUG - Seen 22596 genes until now
2026-06-12 12:05:52,523 - DEBUG - Parsing Chromosome 21 strand + [line 1722799]
2026-06-12 12:05:52,568 - DEBUG - Done with 21+ [line 1738981]
2026-06-12 12:05:52,569 - DEBUG - Assigning indexes to genes
2026-06-12 12:05:52,569 - DEBUG - Seen 22864 genes until now
2026-06-12 12:05:52,569 - DEBUG - Parsing Chromosome 22 strand - [line 1738982]
2026-06-12 12:05:52,637 - DEBUG - Done with 22- [line 1765357]
2026-06-12 12:05:52,637 - DEBUG - Assigning indexes to genes
2026-06-12 12:05:52,639 - DEBUG - Seen 23260 genes until now
2026-06-12 12:05:52,639 - DEBUG - Parsing Chromosome 22 strand + [line 1765358]
2026-06-12 12:05:52,726 - DEBUG - Done with 22+ [line 1797598]
2026-06-12 12:05:52,726 - DEBUG - Assigning indexes to genes
2026-06-12 12:05:52,728 - DEBUG - Seen 23765 genes until now
2026-06-12 12:05:52,728 - DEBUG - Parsing Chromosome 3 strand - [line 1797599]
2026-06-12 12:05:53,076 - DEBUG - Done with 3- [line 1887377]
2026-06-12 12:05:53,076 - DEBUG - Assigning indexes to genes
2026-06-12 12:05:53,082 - DEBUG - Seen 24693 genes until now
2026-06-12 12:05:53,082 - DEBUG - Parsing Chromosome 3 strand + [line 1887378]
2026-06-12 12:05:53,391 - DEBUG - Done with 3+ [line 1977011]
2026-06-12 12:05:53,391 - DEBUG - Assigning indexes to genes
2026-06-12 12:05:53,397 - DEBUG - Seen 25658 genes until now
2026-06-12 12:05:53,397 - DEBUG - Parsing Chromosome 4 strand - [line 1977012]
2026-06-12 12:05:53,601 - DEBUG - Done with 4- [line 2034238]
2026-06-12 12:05:53,601 - DEBUG - Assigning indexes to genes
2026-06-12 12:05:53,605 - DEBUG - Seen 26401 genes until now
2026-06-12 12:05:53,605 - DEBUG - Parsing Chromosome 4 strand + [line 2034239]
2026-06-12 12:05:53,825 - DEBUG - Done with 4+ [line 2094594]
2026-06-12 12:05:53,825 - DEBUG - Assigning indexes to genes
2026-06-12 12:05:53,829 - DEBUG - Seen 27191 genes until now
2026-06-12 12:05:53,829 - DEBUG - Parsing Chromosome 5 strand - [line 2094595]
2026-06-12 12:05:54,040 - DEBUG - Done with 5- [line 2152660]
2026-06-12 12:05:54,040 - DEBUG - Assigning indexes to genes
2026-06-12 12:05:54,043 - DEBUG - Seen 28071 genes until now
2026-06-12 12:05:54,043 - DEBUG - Parsing Chromosome 5 strand + [line 2152661]
2026-06-12 12:05:54,650 - DEBUG - Done with 5+ [line 2218657]
2026-06-12 12:05:54,650 - DEBUG - Assigning indexes to genes
2026-06-12 12:05:54,654 - DEBUG - Seen 29002 genes until now
2026-06-12 12:05:54,654 - DEBUG - Parsing Chromosome 6 strand - [line 2218658]
2026-06-12 12:05:54,819 - DEBUG - Done with 6- [line 2284937]
2026-06-12 12:05:54,819 - DEBUG - Assigning indexes to genes
2026-06-12 12:05:54,823 - DEBUG - Seen 29928 genes until now
2026-06-12 12:05:54,823 - DEBUG - Parsing Chromosome 6 strand + [line 2284938]
2026-06-12 12:05:55,039 - DEBUG - Done with 6+ [line 2345240]
2026-06-12 12:05:55,039 - DEBUG - Assigning indexes to genes
2026-06-12 12:05:55,045 - DEBUG - Seen 30829 genes until now
2026-06-12 12:05:55,045 - DEBUG - Parsing Chromosome 7 strand - [line 2345241]
2026-06-12 12:05:55,240 - DEBUG - Done with 7- [line 2406845]
2026-06-12 12:05:55,241 - DEBUG - Assigning indexes to genes
2026-06-12 12:05:55,246 - DEBUG - Seen 31621 genes until now
2026-06-12 12:05:55,246 - DEBUG - Parsing Chromosome 7 strand + [line 2406846]
2026-06-12 12:05:55,540 - DEBUG - Done with 7+ [line 2476014]
2026-06-12 12:05:55,540 - DEBUG - Assigning indexes to genes
2026-06-12 12:05:55,545 - DEBUG - Seen 32515 genes until now
2026-06-12 12:05:55,545 - DEBUG - Parsing Chromosome 8 strand - [line 2476015]
2026-06-12 12:05:55,765 - DEBUG - Done with 8- [line 2527366]
2026-06-12 12:05:55,765 - DEBUG - Assigning indexes to genes
2026-06-12 12:05:55,769 - DEBUG - Seen 33270 genes until now
2026-06-12 12:05:55,769 - DEBUG - Parsing Chromosome 8 strand + [line 2527367]
2026-06-12 12:05:55,910 - DEBUG - Done with 8+ [line 2577021]
2026-06-12 12:05:55,910 - DEBUG - Assigning indexes to genes
2026-06-12 12:05:55,913 - DEBUG - Seen 34010 genes until now
2026-06-12 12:05:55,913 - DEBUG - Parsing Chromosome 9 strand - [line 2577022]
2026-06-12 12:05:56,036 - DEBUG - Done with 9- [line 2622811]
2026-06-12 12:05:56,036 - DEBUG - Assigning indexes to genes
2026-06-12 12:05:56,039 - DEBUG - Seen 34681 genes until now
2026-06-12 12:05:56,039 - DEBUG - Parsing Chromosome 9 strand + [line 2622812]
2026-06-12 12:05:56,208 - DEBUG - Done with 9+ [line 2672374]
2026-06-12 12:05:56,208 - DEBUG - Assigning indexes to genes
2026-06-12 12:05:56,211 - DEBUG - Seen 35329 genes until now
2026-06-12 12:05:56,212 - DEBUG - Parsing Chromosome M strand - [line 2672375]
2026-06-12 12:05:56,212 - DEBUG - Done with M- [line 2672379]
2026-06-12 12:05:56,212 - DEBUG - Assigning indexes to genes
2026-06-12 12:05:56,212 - DEBUG - Seen 35330 genes until now
2026-06-12 12:05:56,212 - DEBUG - Parsing Chromosome M strand + [line 2672380]
2026-06-12 12:05:56,212 - DEBUG - Done with M+ [line 2672445]
2026-06-12 12:05:56,212 - DEBUG - Assigning indexes to genes
2026-06-12 12:05:56,212 - DEBUG - Seen 35342 genes until now
2026-06-12 12:05:56,212 - DEBUG - Parsing Chromosome X strand - [line 2672446]
2026-06-12 12:05:56,327 - DEBUG - Done with X- [line 2716088]
2026-06-12 12:05:56,327 - DEBUG - Assigning indexes to genes
2026-06-12 12:05:56,329 - DEBUG - Seen 35884 genes until now
2026-06-12 12:05:56,329 - DEBUG - Parsing Chromosome X strand + [line 2716089]
2026-06-12 12:05:56,446 - DEBUG - Done with X+ [line 2760500]
2026-06-12 12:05:56,446 - DEBUG - Assigning indexes to genes
2026-06-12 12:05:56,449 - DEBUG - Seen 36490 genes until now
2026-06-12 12:05:56,449 - DEBUG - Parsing Chromosome Y strand - [line 2760501]
2026-06-12 12:05:56,456 - DEBUG - Done with Y- [line 2763031]
2026-06-12 12:05:56,456 - DEBUG - Assigning indexes to genes
2026-06-12 12:05:56,456 - DEBUG - Seen 36543 genes until now
2026-06-12 12:05:56,456 - DEBUG - Parsing Chromosome Y strand + [line 2763032]
2026-06-12 12:05:56,463 - DEBUG - Assigning indexes to genes
2026-06-12 12:05:56,464 - DEBUG - Done with Y+ [line 2765967]
2026-06-12 12:05:56,464 - DEBUG - Fixing corner cases of transcript models containg intron longer than 1000Kbp
2026-06-12 12:05:57,393 - DEBUG - Generated 2411536 features corresponding to 199138 transcript models from /nobackup/peer/fdeckert/cellranger/GRCh38-2020-A/GRCh38/genes/genes.gtf
2026-06-12 12:05:57,413 - INFO - Scan /research/peer/fdeckert/FD20250213HSCT/data/object/velocyto/HSCT_7841_transcriptome/possorted_genome_bam.bam to validate intron intervals
2026-06-12 12:05:59,255 - DEBUG - Reading /research/peer/fdeckert/FD20250213HSCT/data/object/velocyto/HSCT_7841_transcriptome/possorted_genome_bam.bam
2026-06-12 12:05:59,275 - DEBUG - Read first 0 million reads
2026-06-12 12:05:59,276 - DEBUG - Marking up chromosome 1
2026-06-12 12:07:18,745 - DEBUG - Marking up chromosome 10
2026-06-12 12:07:21,165 - DEBUG - Read first 10 million reads
2026-06-12 12:07:58,011 - DEBUG - Marking up chromosome 11
2026-06-12 12:08:51,307 - DEBUG - Read first 20 million reads
2026-06-12 12:09:07,290 - DEBUG - Marking up chromosome 12
2026-06-12 12:10:08,288 - DEBUG - Marking up chromosome 13
2026-06-12 12:10:28,169 - DEBUG - Read first 30 million reads
2026-06-12 12:10:28,436 - DEBUG - Marking up chromosome 14
2026-06-12 12:11:01,730 - DEBUG - Marking up chromosome 15
2026-06-12 12:11:40,427 - DEBUG - Marking up chromosome 16
2026-06-12 12:12:13,803 - DEBUG - Read first 40 million reads
2026-06-12 12:12:15,060 - DEBUG - Marking up chromosome 17
2026-06-12 12:13:15,033 - DEBUG - Marking up chromosome 18
2026-06-12 12:13:22,289 - DEBUG - Marking up chromosome 19
2026-06-12 12:13:41,634 - DEBUG - Read first 50 million reads
2026-06-12 12:14:11,504 - DEBUG - Marking up chromosome 2
2026-06-12 12:14:53,535 - DEBUG - Read first 60 million reads
2026-06-12 12:15:02,130 - DEBUG - Marking up chromosome 20
2026-06-12 12:15:19,025 - DEBUG - Marking up chromosome 21
2026-06-12 12:15:26,618 - DEBUG - Read first 70 million reads
2026-06-12 12:15:34,622 - DEBUG - Marking up chromosome 22
2026-06-12 12:15:46,948 - DEBUG - Marking up chromosome 3
2026-06-12 12:16:22,264 - DEBUG - Marking up chromosome 4
2026-06-12 12:16:28,994 - DEBUG - Read first 80 million reads
2026-06-12 12:16:44,604 - DEBUG - Marking up chromosome 5
2026-06-12 12:17:22,145 - DEBUG - Marking up chromosome 6
2026-06-12 12:17:36,514 - DEBUG - Read first 90 million reads
2026-06-12 12:18:14,029 - DEBUG - Marking up chromosome 7
2026-06-12 12:18:42,092 - DEBUG - Read first 100 million reads
2026-06-12 12:18:46,158 - DEBUG - Marking up chromosome 8
2026-06-12 12:19:06,537 - DEBUG - Marking up chromosome 9
2026-06-12 12:19:29,136 - DEBUG - Marking up chromosome MT
2026-06-12 12:19:29,136 - WARNING - The .bam file refers to a chromosome 'MT+' not present in the annotation (.gtf) file
2026-06-12 12:19:29,136 - WARNING - The .bam file refers to a chromosome 'MT-' not present in the annotation (.gtf) file
2026-06-12 12:19:43,971 - DEBUG - Read first 110 million reads
2026-06-12 12:20:14,132 - DEBUG - Marking up chromosome X
2026-06-12 12:20:35,401 - DEBUG - Marking up chromosome Y
2026-06-12 12:20:36,005 - DEBUG - Marking up chromosome KI270728.1
2026-06-12 12:20:36,006 - DEBUG - Marking up chromosome KI270727.1
2026-06-12 12:20:36,007 - DEBUG - Marking up chromosome KI270442.1
2026-06-12 12:20:36,007 - WARNING - The .bam file refers to a chromosome 'KI270442.1+' not present in the annotation (.gtf) file
2026-06-12 12:20:36,007 - WARNING - The .bam file refers to a chromosome 'KI270442.1-' not present in the annotation (.gtf) file
2026-06-12 12:20:36,008 - DEBUG - Marking up chromosome KI270729.1
2026-06-12 12:20:36,008 - WARNING - The .bam file refers to a chromosome 'KI270729.1+' not present in the annotation (.gtf) file
2026-06-12 12:20:36,008 - WARNING - The .bam file refers to a chromosome 'KI270729.1-' not present in the annotation (.gtf) file
2026-06-12 12:20:36,008 - DEBUG - Marking up chromosome KI270743.1
2026-06-12 12:20:36,008 - WARNING - The .bam file refers to a chromosome 'KI270743.1+' not present in the annotation (.gtf) file
2026-06-12 12:20:36,008 - WARNING - The .bam file refers to a chromosome 'KI270743.1-' not present in the annotation (.gtf) file
2026-06-12 12:20:36,008 - DEBUG - Marking up chromosome GL000008.2
2026-06-12 12:20:36,008 - WARNING - The .bam file refers to a chromosome 'GL000008.2+' not present in the annotation (.gtf) file
2026-06-12 12:20:36,008 - WARNING - The .bam file refers to a chromosome 'GL000008.2-' not present in the annotation (.gtf) file
2026-06-12 12:20:36,009 - DEBUG - Marking up chromosome GL000009.2
2026-06-12 12:20:36,009 - WARNING - The .bam file refers to a chromosome 'GL000009.2+' not present in the annotation (.gtf) file
2026-06-12 12:20:36,009 - DEBUG - Marking up chromosome KI270722.1
2026-06-12 12:20:36,009 - WARNING - The .bam file refers to a chromosome 'KI270722.1+' not present in the annotation (.gtf) file
2026-06-12 12:20:36,009 - WARNING - The .bam file refers to a chromosome 'KI270722.1-' not present in the annotation (.gtf) file
2026-06-12 12:20:36,009 - DEBUG - Marking up chromosome GL000194.1
2026-06-12 12:20:36,009 - WARNING - The .bam file refers to a chromosome 'GL000194.1+' not present in the annotation (.gtf) file
2026-06-12 12:20:36,013 - DEBUG - Marking up chromosome KI270742.1
2026-06-12 12:20:36,013 - WARNING - The .bam file refers to a chromosome 'KI270742.1+' not present in the annotation (.gtf) file
2026-06-12 12:20:36,013 - WARNING - The .bam file refers to a chromosome 'KI270742.1-' not present in the annotation (.gtf) file
2026-06-12 12:20:36,014 - DEBUG - Marking up chromosome GL000205.2
2026-06-12 12:20:36,014 - WARNING - The .bam file refers to a chromosome 'GL000205.2+' not present in the annotation (.gtf) file
2026-06-12 12:20:36,016 - DEBUG - Marking up chromosome GL000195.1
2026-06-12 12:20:36,018 - DEBUG - Marking up chromosome KI270736.1
2026-06-12 12:20:36,019 - WARNING - The .bam file refers to a chromosome 'KI270736.1+' not present in the annotation (.gtf) file
2026-06-12 12:20:36,019 - WARNING - The .bam file refers to a chromosome 'KI270736.1-' not present in the annotation (.gtf) file
2026-06-12 12:20:36,019 - DEBUG - Marking up chromosome KI270733.1
2026-06-12 12:20:36,019 - WARNING - The .bam file refers to a chromosome 'KI270733.1+' not present in the annotation (.gtf) file
2026-06-12 12:20:36,019 - WARNING - The .bam file refers to a chromosome 'KI270733.1-' not present in the annotation (.gtf) file
2026-06-12 12:20:36,708 - DEBUG - Read first 120 million reads
2026-06-12 12:20:40,443 - DEBUG - Marking up chromosome GL000224.1
2026-06-12 12:20:40,444 - WARNING - The .bam file refers to a chromosome 'GL000224.1+' not present in the annotation (.gtf) file
2026-06-12 12:20:40,444 - WARNING - The .bam file refers to a chromosome 'GL000224.1-' not present in the annotation (.gtf) file
2026-06-12 12:20:40,444 - DEBUG - Marking up chromosome GL000219.1
2026-06-12 12:20:40,444 - WARNING - The .bam file refers to a chromosome 'GL000219.1+' not present in the annotation (.gtf) file
2026-06-12 12:20:40,453 - DEBUG - Marking up chromosome KI270719.1
2026-06-12 12:20:40,453 - WARNING - The .bam file refers to a chromosome 'KI270719.1+' not present in the annotation (.gtf) file
2026-06-12 12:20:40,453 - WARNING - The .bam file refers to a chromosome 'KI270719.1-' not present in the annotation (.gtf) file
2026-06-12 12:20:40,453 - DEBUG - Marking up chromosome GL000216.2
2026-06-12 12:20:40,453 - WARNING - The .bam file refers to a chromosome 'GL000216.2+' not present in the annotation (.gtf) file
2026-06-12 12:20:40,453 - WARNING - The .bam file refers to a chromosome 'GL000216.2-' not present in the annotation (.gtf) file
2026-06-12 12:20:40,454 - DEBUG - Marking up chromosome KI270712.1
2026-06-12 12:20:40,454 - WARNING - The .bam file refers to a chromosome 'KI270712.1+' not present in the annotation (.gtf) file
2026-06-12 12:20:40,454 - WARNING - The .bam file refers to a chromosome 'KI270712.1-' not present in the annotation (.gtf) file
2026-06-12 12:20:40,454 - DEBUG - Marking up chromosome KI270706.1
2026-06-12 12:20:40,454 - WARNING - The .bam file refers to a chromosome 'KI270706.1+' not present in the annotation (.gtf) file
2026-06-12 12:20:40,454 - WARNING - The .bam file refers to a chromosome 'KI270706.1-' not present in the annotation (.gtf) file
2026-06-12 12:20:40,456 - DEBUG - Marking up chromosome KI270725.1
2026-06-12 12:20:40,456 - WARNING - The .bam file refers to a chromosome 'KI270725.1+' not present in the annotation (.gtf) file
2026-06-12 12:20:40,456 - WARNING - The .bam file refers to a chromosome 'KI270725.1-' not present in the annotation (.gtf) file
2026-06-12 12:20:40,456 - DEBUG - Marking up chromosome KI270744.1
2026-06-12 12:20:40,456 - WARNING - The .bam file refers to a chromosome 'KI270744.1+' not present in the annotation (.gtf) file
2026-06-12 12:20:40,456 - WARNING - The .bam file refers to a chromosome 'KI270744.1-' not present in the annotation (.gtf) file
2026-06-12 12:20:40,457 - DEBUG - Marking up chromosome KI270734.1
2026-06-12 12:20:40,458 - DEBUG - Marking up chromosome GL000220.1
2026-06-12 12:20:40,458 - WARNING - The .bam file refers to a chromosome 'GL000220.1+' not present in the annotation (.gtf) file
2026-06-12 12:20:40,458 - WARNING - The .bam file refers to a chromosome 'GL000220.1-' not present in the annotation (.gtf) file
2026-06-12 12:20:48,105 - DEBUG - Marking up chromosome GL000218.1
2026-06-12 12:20:48,105 - WARNING - The .bam file refers to a chromosome 'GL000218.1+' not present in the annotation (.gtf) file
2026-06-12 12:20:48,107 - DEBUG - Marking up chromosome KI270749.1
2026-06-12 12:20:48,107 - WARNING - The .bam file refers to a chromosome 'KI270749.1+' not present in the annotation (.gtf) file
2026-06-12 12:20:48,107 - WARNING - The .bam file refers to a chromosome 'KI270749.1-' not present in the annotation (.gtf) file
2026-06-12 12:20:48,107 - DEBUG - Marking up chromosome GL000221.1
2026-06-12 12:20:48,107 - WARNING - The .bam file refers to a chromosome 'GL000221.1+' not present in the annotation (.gtf) file
2026-06-12 12:20:48,107 - WARNING - The .bam file refers to a chromosome 'GL000221.1-' not present in the annotation (.gtf) file
2026-06-12 12:20:48,108 - DEBUG - Marking up chromosome KI270731.1
2026-06-12 12:20:48,108 - WARNING - The .bam file refers to a chromosome 'KI270731.1+' not present in the annotation (.gtf) file
2026-06-12 12:20:48,108 - DEBUG - Marking up chromosome KI270750.1
2026-06-12 12:20:48,108 - WARNING - The .bam file refers to a chromosome 'KI270750.1+' not present in the annotation (.gtf) file
2026-06-12 12:20:48,108 - WARNING - The .bam file refers to a chromosome 'KI270750.1-' not present in the annotation (.gtf) file
2026-06-12 12:20:48,108 - DEBUG - Marking up chromosome KI270519.1
2026-06-12 12:20:48,108 - WARNING - The .bam file refers to a chromosome 'KI270519.1+' not present in the annotation (.gtf) file
2026-06-12 12:20:48,108 - WARNING - The .bam file refers to a chromosome 'KI270519.1-' not present in the annotation (.gtf) file
2026-06-12 12:20:48,108 - DEBUG - Marking up chromosome GL000214.1
2026-06-12 12:20:48,108 - WARNING - The .bam file refers to a chromosome 'GL000214.1+' not present in the annotation (.gtf) file
2026-06-12 12:20:48,108 - WARNING - The .bam file refers to a chromosome 'GL000214.1-' not present in the annotation (.gtf) file
2026-06-12 12:20:48,108 - DEBUG - Marking up chromosome KI270708.1
2026-06-12 12:20:48,108 - WARNING - The .bam file refers to a chromosome 'KI270708.1+' not present in the annotation (.gtf) file
2026-06-12 12:20:48,108 - WARNING - The .bam file refers to a chromosome 'KI270708.1-' not present in the annotation (.gtf) file
2026-06-12 12:20:48,109 - DEBUG - Marking up chromosome KI270438.1
2026-06-12 12:20:48,109 - WARNING - The .bam file refers to a chromosome 'KI270438.1+' not present in the annotation (.gtf) file
2026-06-12 12:20:48,109 - WARNING - The .bam file refers to a chromosome 'KI270438.1-' not present in the annotation (.gtf) file
2026-06-12 12:20:48,109 - DEBUG - Marking up chromosome KI270737.1
2026-06-12 12:20:48,109 - WARNING - The .bam file refers to a chromosome 'KI270737.1+' not present in the annotation (.gtf) file
2026-06-12 12:20:48,109 - WARNING - The .bam file refers to a chromosome 'KI270737.1-' not present in the annotation (.gtf) file
2026-06-12 12:20:48,109 - DEBUG - Marking up chromosome KI270721.1
2026-06-12 12:20:48,109 - WARNING - The .bam file refers to a chromosome 'KI270721.1-' not present in the annotation (.gtf) file
2026-06-12 12:20:48,116 - DEBUG - Marking up chromosome KI270738.1
2026-06-12 12:20:48,117 - WARNING - The .bam file refers to a chromosome 'KI270738.1+' not present in the annotation (.gtf) file
2026-06-12 12:20:48,117 - WARNING - The .bam file refers to a chromosome 'KI270738.1-' not present in the annotation (.gtf) file
2026-06-12 12:20:48,117 - DEBUG - Marking up chromosome KI270748.1
2026-06-12 12:20:48,117 - WARNING - The .bam file refers to a chromosome 'KI270748.1+' not present in the annotation (.gtf) file
2026-06-12 12:20:48,117 - WARNING - The .bam file refers to a chromosome 'KI270748.1-' not present in the annotation (.gtf) file
2026-06-12 12:20:48,117 - DEBUG - Marking up chromosome KI270435.1
2026-06-12 12:20:48,117 - WARNING - The .bam file refers to a chromosome 'KI270435.1+' not present in the annotation (.gtf) file
2026-06-12 12:20:48,117 - WARNING - The .bam file refers to a chromosome 'KI270435.1-' not present in the annotation (.gtf) file
2026-06-12 12:20:48,117 - DEBUG - Marking up chromosome KI270538.1
2026-06-12 12:20:48,117 - WARNING - The .bam file refers to a chromosome 'KI270538.1+' not present in the annotation (.gtf) file
2026-06-12 12:20:48,117 - WARNING - The .bam file refers to a chromosome 'KI270538.1-' not present in the annotation (.gtf) file
2026-06-12 12:20:48,117 - DEBUG - Marking up chromosome KI270756.1
2026-06-12 12:20:48,117 - WARNING - The .bam file refers to a chromosome 'KI270756.1+' not present in the annotation (.gtf) file
2026-06-12 12:20:48,117 - WARNING - The .bam file refers to a chromosome 'KI270756.1-' not present in the annotation (.gtf) file
2026-06-12 12:20:48,117 - DEBUG - Marking up chromosome KI270757.1
2026-06-12 12:20:48,117 - WARNING - The .bam file refers to a chromosome 'KI270757.1+' not present in the annotation (.gtf) file
2026-06-12 12:20:48,117 - WARNING - The .bam file refers to a chromosome 'KI270757.1-' not present in the annotation (.gtf) file
2026-06-12 12:20:48,117 - DEBUG - Marking up chromosome KI270709.1
2026-06-12 12:20:48,117 - WARNING - The .bam file refers to a chromosome 'KI270709.1+' not present in the annotation (.gtf) file
2026-06-12 12:20:48,117 - WARNING - The .bam file refers to a chromosome 'KI270709.1-' not present in the annotation (.gtf) file
2026-06-12 12:20:48,117 - DEBUG - Marking up chromosome KI270746.1
2026-06-12 12:20:48,117 - WARNING - The .bam file refers to a chromosome 'KI270746.1+' not present in the annotation (.gtf) file
2026-06-12 12:20:48,117 - WARNING - The .bam file refers to a chromosome 'KI270746.1-' not present in the annotation (.gtf) file
2026-06-12 12:20:48,118 - DEBUG - Marking up chromosome KI270589.1
2026-06-12 12:20:48,118 - WARNING - The .bam file refers to a chromosome 'KI270589.1+' not present in the annotation (.gtf) file
2026-06-12 12:20:48,118 - WARNING - The .bam file refers to a chromosome 'KI270589.1-' not present in the annotation (.gtf) file
2026-06-12 12:20:48,118 - DEBUG - Marking up chromosome KI270726.1
2026-06-12 12:20:48,118 - WARNING - The .bam file refers to a chromosome 'KI270726.1-' not present in the annotation (.gtf) file
2026-06-12 12:20:48,118 - DEBUG - Marking up chromosome KI270735.1
2026-06-12 12:20:48,118 - WARNING - The .bam file refers to a chromosome 'KI270735.1+' not present in the annotation (.gtf) file
2026-06-12 12:20:48,118 - WARNING - The .bam file refers to a chromosome 'KI270735.1-' not present in the annotation (.gtf) file
2026-06-12 12:20:48,118 - DEBUG - Marking up chromosome KI270711.1
2026-06-12 12:20:48,118 - WARNING - The .bam file refers to a chromosome 'KI270711.1+' not present in the annotation (.gtf) file
2026-06-12 12:20:48,122 - DEBUG - Marking up chromosome KI270745.1
2026-06-12 12:20:48,122 - WARNING - The .bam file refers to a chromosome 'KI270745.1+' not present in the annotation (.gtf) file
2026-06-12 12:20:48,122 - WARNING - The .bam file refers to a chromosome 'KI270745.1-' not present in the annotation (.gtf) file
2026-06-12 12:20:48,123 - DEBUG - Marking up chromosome KI270714.1
2026-06-12 12:20:48,123 - WARNING - The .bam file refers to a chromosome 'KI270714.1+' not present in the annotation (.gtf) file
2026-06-12 12:20:48,123 - WARNING - The .bam file refers to a chromosome 'KI270714.1-' not present in the annotation (.gtf) file
2026-06-12 12:20:48,123 - DEBUG - Marking up chromosome KI270732.1
2026-06-12 12:20:48,123 - WARNING - The .bam file refers to a chromosome 'KI270732.1+' not present in the annotation (.gtf) file
2026-06-12 12:20:48,123 - WARNING - The .bam file refers to a chromosome 'KI270732.1-' not present in the annotation (.gtf) file
2026-06-12 12:20:48,123 - DEBUG - Marking up chromosome KI270713.1
2026-06-12 12:20:48,124 - DEBUG - Marking up chromosome KI270718.1
2026-06-12 12:20:48,124 - WARNING - The .bam file refers to a chromosome 'KI270718.1+' not present in the annotation (.gtf) file
2026-06-12 12:20:48,124 - WARNING - The .bam file refers to a chromosome 'KI270718.1-' not present in the annotation (.gtf) file
2026-06-12 12:20:48,125 - DEBUG - Marking up chromosome KI270740.1
2026-06-12 12:20:48,125 - WARNING - The .bam file refers to a chromosome 'KI270740.1+' not present in the annotation (.gtf) file
2026-06-12 12:20:48,125 - WARNING - The .bam file refers to a chromosome 'KI270740.1-' not present in the annotation (.gtf) file
2026-06-12 12:20:48,125 - DEBUG - Marking up chromosome KI270755.1
2026-06-12 12:20:48,125 - WARNING - The .bam file refers to a chromosome 'KI270755.1+' not present in the annotation (.gtf) file
2026-06-12 12:20:48,125 - WARNING - The .bam file refers to a chromosome 'KI270755.1-' not present in the annotation (.gtf) file
2026-06-12 12:20:48,125 - DEBUG - Marking up chromosome KI270707.1
2026-06-12 12:20:48,125 - WARNING - The .bam file refers to a chromosome 'KI270707.1+' not present in the annotation (.gtf) file
2026-06-12 12:20:48,125 - WARNING - The .bam file refers to a chromosome 'KI270707.1-' not present in the annotation (.gtf) file
2026-06-12 12:20:48,125 - DEBUG - Marking up chromosome KI270467.1
2026-06-12 12:20:48,125 - WARNING - The .bam file refers to a chromosome 'KI270467.1+' not present in the annotation (.gtf) file
2026-06-12 12:20:48,125 - WARNING - The .bam file refers to a chromosome 'KI270467.1-' not present in the annotation (.gtf) file
2026-06-12 12:20:48,364 - DEBUG - Read first 130 million reads
2026-06-12 12:20:56,847 - DEBUG - Read first 140 million reads
2026-06-12 12:21:05,341 - DEBUG - Read first 150 million reads
2026-06-12 12:21:13,855 - DEBUG - Read first 160 million reads
2026-06-12 12:21:22,502 - DEBUG - Read first 170 million reads
2026-06-12 12:21:28,061 - DEBUG - End of file. Reset index: start scanning from initial position.
2026-06-12 12:21:28,061 - DEBUG - 6579571 reads were skipped because no apropiate cell or umi barcode was found
2026-06-12 12:21:28,061 - INFO - Now just waiting that the bam sorting process terminates
2026-06-12 12:21:28,061 - INFO - bam file #0 has been sorted
2026-06-12 12:21:28,061 - DEBUG - Start molecule counting!
2026-06-12 12:21:29,413 - DEBUG - Features available for chromosomes : ['GL000009.2-', 'GL000194.1-', 'GL000195.1-', 'GL000195.1+', 'GL000205.2-', 'GL000213.1-', 'GL000218.1-', 'GL000219.1-', 'KI270711.1-', 'KI270713.1-', 'KI270713.1+', 'KI270721.1+', 'KI270726.1+', 'KI270727.1-', 'KI270727.1+', 'KI270728.1-', 'KI270728.1+', 'KI270731.1-', 'KI270734.1-', 'KI270734.1+', '1-', '1+', '10-', '10+', '11-', '11+', '12-', '12+', '13-', '13+', '14-', '14+', '15-', '15+', '16-', '16+', '17-', '17+', '18-', '18+', '19-', '19+', '2-', '2+', '20-', '20+', '21-', '21+', '22-', '22+', '3-', '3+', '4-', '4+', '5-', '5+', '6-', '6+', '7-', '7+', '8-', '8+', '9-', '9+', 'M-', 'M+', 'X-', 'X+', 'Y-', 'Y+']
2026-06-12 12:21:29,413 - DEBUG - Mask available for chromosomes : []
2026-06-12 12:21:29,413 - DEBUG - Summarizing the results of intron validation.
2026-06-12 12:21:29,702 - DEBUG - Validated 277664 introns (of which unique intervals 89944) out of 1106199 total possible introns (considering each possible transcript models).
2026-06-12 12:21:29,702 - DEBUG - Reading /research/peer/fdeckert/FD20250213HSCT/data/object/velocyto/HSCT_7841_transcriptome/cellsorted_possorted_genome_bam.bam
2026-06-12 12:21:29,775 - DEBUG - Read first 0 million reads
2026-06-12 12:21:59,928 - DEBUG - Read first 10 million reads
2026-06-12 12:22:11,649 - DEBUG - Counting for batch 1, containing 100 cells and 651432 reads
2026-06-12 12:22:15,717 - DEBUG - 0 reads not considered because fully enclosed in repeat masked regions
2026-06-12 12:22:22,472 - DEBUG - Counting for batch 2, containing 100 cells and 647394 reads
2026-06-12 12:22:25,647 - DEBUG - 0 reads not considered because fully enclosed in repeat masked regions
2026-06-12 12:22:32,752 - DEBUG - Counting for batch 3, containing 100 cells and 606580 reads
2026-06-12 12:22:36,950 - DEBUG - 0 reads not considered because fully enclosed in repeat masked regions
2026-06-12 12:22:43,755 - DEBUG - Counting for batch 4, containing 100 cells and 633254 reads
2026-06-12 12:22:47,003 - DEBUG - 0 reads not considered because fully enclosed in repeat masked regions
2026-06-12 12:22:50,226 - DEBUG - Read first 20 million reads
2026-06-12 12:22:54,993 - DEBUG - Counting for batch 5, containing 100 cells and 707327 reads
2026-06-12 12:22:59,510 - DEBUG - 0 reads not considered because fully enclosed in repeat masked regions
2026-06-12 12:23:06,061 - DEBUG - Counting for batch 6, containing 100 cells and 611944 reads
2026-06-12 12:23:09,094 - DEBUG - 0 reads not considered because fully enclosed in repeat masked regions
2026-06-12 12:23:18,280 - DEBUG - Counting for batch 7, containing 100 cells and 869810 reads
2026-06-12 12:23:23,493 - DEBUG - 0 reads not considered because fully enclosed in repeat masked regions
2026-06-12 12:23:30,262 - DEBUG - Counting for batch 8, containing 100 cells and 614874 reads
2026-06-12 12:23:34,229 - DEBUG - 0 reads not considered because fully enclosed in repeat masked regions
2026-06-12 12:23:43,656 - DEBUG - Counting for batch 9, containing 100 cells and 877505 reads
2026-06-12 12:23:48,863 - DEBUG - 0 reads not considered because fully enclosed in repeat masked regions
2026-06-12 12:23:56,764 - DEBUG - Counting for batch 10, containing 100 cells and 760820 reads
2026-06-12 12:24:00,580 - DEBUG - 0 reads not considered because fully enclosed in repeat masked regions
2026-06-12 12:24:08,858 - DEBUG - Counting for batch 11, containing 100 cells and 735213 reads
2026-06-12 12:24:13,312 - DEBUG - 0 reads not considered because fully enclosed in repeat masked regions
2026-06-12 12:24:19,876 - DEBUG - Counting for batch 12, containing 100 cells and 619109 reads
2026-06-12 12:24:22,921 - DEBUG - 0 reads not considered because fully enclosed in repeat masked regions
2026-06-12 12:24:25,777 - DEBUG - Read first 30 million reads
2026-06-12 12:24:31,528 - DEBUG - Counting for batch 13, containing 100 cells and 726432 reads
2026-06-12 12:24:35,986 - DEBUG - 0 reads not considered because fully enclosed in repeat masked regions
2026-06-12 12:24:42,764 - DEBUG - Counting for batch 14, containing 100 cells and 631878 reads
2026-06-12 12:24:46,010 - DEBUG - 0 reads not considered because fully enclosed in repeat masked regions
2026-06-12 12:25:01,272 - DEBUG - Counting for batch 15, containing 100 cells and 702749 reads
2026-06-12 12:25:05,823 - DEBUG - 0 reads not considered because fully enclosed in repeat masked regions
2026-06-12 12:25:13,134 - DEBUG - Counting for batch 16, containing 100 cells and 700511 reads
2026-06-12 12:25:17,769 - DEBUG - 0 reads not considered because fully enclosed in repeat masked regions
2026-06-12 12:25:24,829 - DEBUG - Counting for batch 17, containing 100 cells and 661523 reads
2026-06-12 12:25:28,921 - DEBUG - 0 reads not considered because fully enclosed in repeat masked regions
2026-06-12 12:25:35,567 - DEBUG - Counting for batch 18, containing 100 cells and 639244 reads
2026-06-12 12:25:39,787 - DEBUG - 0 reads not considered because fully enclosed in repeat masked regions
2026-06-12 12:25:46,027 - DEBUG - Counting for batch 19, containing 100 cells and 550818 reads
2026-06-12 12:25:48,819 - DEBUG - 0 reads not considered because fully enclosed in repeat masked regions
2026-06-12 12:25:56,890 - DEBUG - Counting for batch 20, containing 100 cells and 719140 reads
2026-06-12 12:26:00,451 - DEBUG - 0 reads not considered because fully enclosed in repeat masked regions
2026-06-12 12:26:04,382 - DEBUG - Read first 40 million reads
2026-06-12 12:26:08,277 - DEBUG - Counting for batch 21, containing 100 cells and 680150 reads
2026-06-12 12:26:12,704 - DEBUG - 0 reads not considered because fully enclosed in repeat masked regions
2026-06-12 12:26:19,457 - DEBUG - Counting for batch 22, containing 100 cells and 643413 reads
2026-06-12 12:26:23,705 - DEBUG - 0 reads not considered because fully enclosed in repeat masked regions
2026-06-12 12:26:30,984 - DEBUG - Counting for batch 23, containing 100 cells and 712004 reads
2026-06-12 12:26:34,395 - DEBUG - 0 reads not considered because fully enclosed in repeat masked regions
2026-06-12 12:26:41,712 - DEBUG - Counting for batch 24, containing 100 cells and 625038 reads
2026-06-12 12:26:44,717 - DEBUG - 0 reads not considered because fully enclosed in repeat masked regions
2026-06-12 12:26:53,455 - DEBUG - Counting for batch 25, containing 100 cells and 827711 reads
2026-06-12 12:26:58,753 - DEBUG - 0 reads not considered because fully enclosed in repeat masked regions
2026-06-12 12:27:07,933 - DEBUG - Counting for batch 26, containing 100 cells and 810465 reads
2026-06-12 12:27:11,964 - DEBUG - 0 reads not considered because fully enclosed in repeat masked regions
2026-06-12 12:27:20,435 - DEBUG - Counting for batch 27, containing 100 cells and 752101 reads
2026-06-12 12:27:25,072 - DEBUG - 0 reads not considered because fully enclosed in repeat masked regions
2026-06-12 12:27:31,886 - DEBUG - Counting for batch 28, containing 100 cells and 643152 reads
2026-06-12 12:27:35,904 - DEBUG - 0 reads not considered because fully enclosed in repeat masked regions
2026-06-12 12:27:38,801 - DEBUG - Read first 50 million reads
2026-06-12 12:27:42,515 - DEBUG - Counting for batch 29, containing 100 cells and 638165 reads
2026-06-12 12:27:46,727 - DEBUG - 0 reads not considered because fully enclosed in repeat masked regions
2026-06-12 12:27:53,847 - DEBUG - Counting for batch 30, containing 100 cells and 675352 reads
2026-06-12 12:27:57,270 - DEBUG - 0 reads not considered because fully enclosed in repeat masked regions
2026-06-12 12:28:04,816 - DEBUG - Counting for batch 31, containing 100 cells and 641393 reads
2026-06-12 12:28:09,170 - DEBUG - 0 reads not considered because fully enclosed in repeat masked regions
2026-06-12 12:28:16,872 - DEBUG - Counting for batch 32, containing 100 cells and 756674 reads
2026-06-12 12:28:21,706 - DEBUG - 0 reads not considered because fully enclosed in repeat masked regions
2026-06-12 12:28:30,386 - DEBUG - Counting for batch 33, containing 100 cells and 874232 reads
2026-06-12 12:28:35,730 - DEBUG - 0 reads not considered because fully enclosed in repeat masked regions
2026-06-12 12:28:44,800 - DEBUG - Counting for batch 34, containing 100 cells and 806947 reads
2026-06-12 12:28:48,854 - DEBUG - 0 reads not considered because fully enclosed in repeat masked regions
2026-06-12 12:28:57,194 - DEBUG - Counting for batch 35, containing 100 cells and 728380 reads
2026-06-12 12:29:01,838 - DEBUG - 0 reads not considered because fully enclosed in repeat masked regions
2026-06-12 12:29:08,769 - DEBUG - Counting for batch 36, containing 100 cells and 639845 reads
2026-06-12 12:29:12,929 - DEBUG - 0 reads not considered because fully enclosed in repeat masked regions
2026-06-12 12:29:14,657 - DEBUG - Read first 60 million reads
2026-06-12 12:29:20,103 - DEBUG - Counting for batch 37, containing 100 cells and 697339 reads
2026-06-12 12:29:24,576 - DEBUG - 0 reads not considered because fully enclosed in repeat masked regions
2026-06-12 12:29:31,893 - DEBUG - Counting for batch 38, containing 100 cells and 707490 reads
2026-06-12 12:29:35,443 - DEBUG - 0 reads not considered because fully enclosed in repeat masked regions
2026-06-12 12:29:42,689 - DEBUG - Counting for batch 39, containing 100 cells and 617553 reads
2026-06-12 12:29:46,716 - DEBUG - 0 reads not considered because fully enclosed in repeat masked regions
2026-06-12 12:29:53,454 - DEBUG - Counting for batch 40, containing 100 cells and 629776 reads
2026-06-12 12:29:56,680 - DEBUG - 0 reads not considered because fully enclosed in repeat masked regions
2026-06-12 12:30:04,677 - DEBUG - Counting for batch 41, containing 100 cells and 682950 reads
2026-06-12 12:30:08,144 - DEBUG - 0 reads not considered because fully enclosed in repeat masked regions
2026-06-12 12:30:15,788 - DEBUG - Counting for batch 42, containing 100 cells and 658645 reads
2026-06-12 12:30:20,178 - DEBUG - 0 reads not considered because fully enclosed in repeat masked regions
2026-06-12 12:30:28,277 - DEBUG - Counting for batch 43, containing 100 cells and 819949 reads
2026-06-12 12:30:33,332 - DEBUG - 0 reads not considered because fully enclosed in repeat masked regions
2026-06-12 12:30:39,651 - DEBUG - Counting for batch 44, containing 100 cells and 572050 reads
2026-06-12 12:30:43,628 - DEBUG - 0 reads not considered because fully enclosed in repeat masked regions
2026-06-12 12:30:47,419 - DEBUG - Read first 70 million reads
2026-06-12 12:30:49,948 - DEBUG - Counting for batch 45, containing 100 cells and 587623 reads
2026-06-12 12:30:52,896 - DEBUG - 0 reads not considered because fully enclosed in repeat masked regions
2026-06-12 12:31:00,469 - DEBUG - Counting for batch 46, containing 100 cells and 654908 reads
2026-06-12 12:31:03,791 - DEBUG - 0 reads not considered because fully enclosed in repeat masked regions
2026-06-12 12:31:11,698 - DEBUG - Counting for batch 47, containing 100 cells and 696559 reads
2026-06-12 12:31:16,629 - DEBUG - 0 reads not considered because fully enclosed in repeat masked regions
2026-06-12 12:31:22,878 - DEBUG - Counting for batch 48, containing 100 cells and 552410 reads
2026-06-12 12:31:26,569 - DEBUG - 0 reads not considered because fully enclosed in repeat masked regions
2026-06-12 12:31:33,861 - DEBUG - Counting for batch 49, containing 100 cells and 711296 reads
2026-06-12 12:31:38,450 - DEBUG - 0 reads not considered because fully enclosed in repeat masked regions
2026-06-12 12:31:47,383 - DEBUG - Counting for batch 50, containing 100 cells and 817455 reads
2026-06-12 12:31:52,552 - DEBUG - 0 reads not considered because fully enclosed in repeat masked regions
2026-06-12 12:31:59,652 - DEBUG - Counting for batch 51, containing 100 cells and 655462 reads
2026-06-12 12:32:04,028 - DEBUG - 0 reads not considered because fully enclosed in repeat masked regions
2026-06-12 12:32:11,461 - DEBUG - Counting for batch 52, containing 100 cells and 730009 reads
2026-06-12 12:32:15,008 - DEBUG - 0 reads not considered because fully enclosed in repeat masked regions
2026-06-12 12:32:22,378 - DEBUG - Counting for batch 53, containing 100 cells and 612740 reads
2026-06-12 12:32:25,502 - DEBUG - 0 reads not considered because fully enclosed in repeat masked regions
2026-06-12 12:32:26,926 - DEBUG - Read first 80 million reads
2026-06-12 12:32:33,268 - DEBUG - Counting for batch 54, containing 100 cells and 691591 reads
2026-06-12 12:32:37,682 - DEBUG - 0 reads not considered because fully enclosed in repeat masked regions
2026-06-12 12:32:44,678 - DEBUG - Counting for batch 55, containing 100 cells and 681303 reads
2026-06-12 12:32:48,912 - DEBUG - 0 reads not considered because fully enclosed in repeat masked regions
2026-06-12 12:32:56,318 - DEBUG - Counting for batch 56, containing 100 cells and 716637 reads
2026-06-12 12:32:59,820 - DEBUG - 0 reads not considered because fully enclosed in repeat masked regions
2026-06-12 12:33:07,606 - DEBUG - Counting for batch 57, containing 100 cells and 679871 reads
2026-06-12 12:33:10,954 - DEBUG - 0 reads not considered because fully enclosed in repeat masked regions
2026-06-12 12:33:18,847 - DEBUG - Counting for batch 58, containing 100 cells and 702084 reads
2026-06-12 12:33:23,294 - DEBUG - 0 reads not considered because fully enclosed in repeat masked regions
2026-06-12 12:33:27,473 - DEBUG - Counting for batch 59, containing 100 cells and 411646 reads
2026-06-12 12:33:30,460 - DEBUG - 0 reads not considered because fully enclosed in repeat masked regions
2026-06-12 12:33:37,435 - DEBUG - Counting for batch 60, containing 100 cells and 694828 reads
2026-06-12 12:33:41,930 - DEBUG - 0 reads not considered because fully enclosed in repeat masked regions
2026-06-12 12:33:49,765 - DEBUG - Counting for batch 61, containing 100 cells and 762591 reads
2026-06-12 12:33:54,626 - DEBUG - 0 reads not considered because fully enclosed in repeat masked regions
2026-06-12 12:33:57,791 - DEBUG - Read first 90 million reads
2026-06-12 12:34:00,689 - DEBUG - Counting for batch 62, containing 100 cells and 526462 reads
2026-06-12 12:34:03,499 - DEBUG - 0 reads not considered because fully enclosed in repeat masked regions
2026-06-12 12:34:12,166 - DEBUG - Counting for batch 63, containing 100 cells and 806566 reads
2026-06-12 12:34:17,425 - DEBUG - 0 reads not considered because fully enclosed in repeat masked regions
2026-06-12 12:34:25,294 - DEBUG - Counting for batch 64, containing 100 cells and 761007 reads
2026-06-12 12:34:30,002 - DEBUG - 0 reads not considered because fully enclosed in repeat masked regions
2026-06-12 12:34:38,179 - DEBUG - Counting for batch 65, containing 100 cells and 704408 reads
2026-06-12 12:34:41,743 - DEBUG - 0 reads not considered because fully enclosed in repeat masked regions
2026-06-12 12:34:49,837 - DEBUG - Counting for batch 66, containing 100 cells and 715876 reads
2026-06-12 12:34:54,571 - DEBUG - 0 reads not considered because fully enclosed in repeat masked regions
2026-06-12 12:35:02,092 - DEBUG - Counting for batch 67, containing 100 cells and 700305 reads
2026-06-12 12:35:06,663 - DEBUG - 0 reads not considered because fully enclosed in repeat masked regions
2026-06-12 12:35:14,606 - DEBUG - Counting for batch 68, containing 100 cells and 754945 reads
2026-06-12 12:35:19,563 - DEBUG - 0 reads not considered because fully enclosed in repeat masked regions
2026-06-12 12:35:25,617 - DEBUG - Counting for batch 69, containing 100 cells and 540038 reads
2026-06-12 12:35:29,694 - DEBUG - 0 reads not considered because fully enclosed in repeat masked regions
2026-06-12 12:35:34,562 - DEBUG - Read first 100 million reads
2026-06-12 12:35:37,975 - DEBUG - Counting for batch 70, containing 100 cells and 737077 reads
2026-06-12 12:35:42,837 - DEBUG - 0 reads not considered because fully enclosed in repeat masked regions
2026-06-12 12:35:49,462 - DEBUG - Counting for batch 71, containing 100 cells and 604253 reads
2026-06-12 12:35:52,516 - DEBUG - 0 reads not considered because fully enclosed in repeat masked regions
2026-06-12 12:36:00,708 - DEBUG - Counting for batch 72, containing 100 cells and 726176 reads
2026-06-12 12:36:05,476 - DEBUG - 0 reads not considered because fully enclosed in repeat masked regions
2026-06-12 12:36:12,476 - DEBUG - Counting for batch 73, containing 100 cells and 664626 reads
2026-06-12 12:36:15,796 - DEBUG - 0 reads not considered because fully enclosed in repeat masked regions
2026-06-12 12:36:23,617 - DEBUG - Counting for batch 74, containing 100 cells and 681147 reads
2026-06-12 12:36:28,021 - DEBUG - 0 reads not considered because fully enclosed in repeat masked regions
2026-06-12 12:36:35,461 - DEBUG - Counting for batch 75, containing 100 cells and 727219 reads
2026-06-12 12:36:40,152 - DEBUG - 0 reads not considered because fully enclosed in repeat masked regions
2026-06-12 12:36:47,702 - DEBUG - Counting for batch 76, containing 100 cells and 739460 reads
2026-06-12 12:36:51,478 - DEBUG - 0 reads not considered because fully enclosed in repeat masked regions
2026-06-12 12:36:58,797 - DEBUG - Counting for batch 77, containing 100 cells and 619117 reads
2026-06-12 12:37:01,947 - DEBUG - 0 reads not considered because fully enclosed in repeat masked regions
2026-06-12 12:37:08,866 - DEBUG - Read first 110 million reads
2026-06-12 12:37:09,731 - DEBUG - Counting for batch 78, containing 100 cells and 700220 reads
2026-06-12 12:37:14,169 - DEBUG - 0 reads not considered because fully enclosed in repeat masked regions
2026-06-12 12:37:21,759 - DEBUG - Counting for batch 79, containing 100 cells and 757521 reads
2026-06-12 12:37:26,573 - DEBUG - 0 reads not considered because fully enclosed in repeat masked regions
2026-06-12 12:37:34,076 - DEBUG - Counting for batch 80, containing 100 cells and 726539 reads
2026-06-12 12:37:38,717 - DEBUG - 0 reads not considered because fully enclosed in repeat masked regions
2026-06-12 12:37:45,588 - DEBUG - Counting for batch 81, containing 100 cells and 638212 reads
2026-06-12 12:37:49,825 - DEBUG - 0 reads not considered because fully enclosed in repeat masked regions
2026-06-12 12:37:56,944 - DEBUG - Counting for batch 82, containing 100 cells and 685662 reads
2026-06-12 12:38:01,533 - DEBUG - 0 reads not considered because fully enclosed in repeat masked regions
2026-06-12 12:38:10,078 - DEBUG - Counting for batch 83, containing 100 cells and 754385 reads
2026-06-12 12:38:13,888 - DEBUG - 0 reads not considered because fully enclosed in repeat masked regions
2026-06-12 12:38:22,084 - DEBUG - Counting for batch 84, containing 100 cells and 712873 reads
2026-06-12 12:38:26,634 - DEBUG - 0 reads not considered because fully enclosed in repeat masked regions
2026-06-12 12:38:33,361 - DEBUG - Counting for batch 85, containing 100 cells and 624592 reads
2026-06-12 12:38:36,533 - DEBUG - 0 reads not considered because fully enclosed in repeat masked regions
2026-06-12 12:38:42,540 - DEBUG - Read first 120 million reads
2026-06-12 12:38:44,327 - DEBUG - Counting for batch 86, containing 100 cells and 680143 reads
2026-06-12 12:38:47,758 - DEBUG - 0 reads not considered because fully enclosed in repeat masked regions
2026-06-12 12:38:55,770 - DEBUG - Counting for batch 87, containing 100 cells and 706930 reads
2026-06-12 12:39:00,417 - DEBUG - 0 reads not considered because fully enclosed in repeat masked regions
2026-06-12 12:39:07,542 - DEBUG - Counting for batch 88, containing 100 cells and 667643 reads
2026-06-12 12:39:10,853 - DEBUG - 0 reads not considered because fully enclosed in repeat masked regions
2026-06-12 12:39:18,312 - DEBUG - Counting for batch 89, containing 100 cells and 649125 reads
2026-06-12 12:39:21,530 - DEBUG - 0 reads not considered because fully enclosed in repeat masked regions
2026-06-12 12:39:28,949 - DEBUG - Counting for batch 90, containing 100 cells and 655590 reads
2026-06-12 12:39:33,234 - DEBUG - 0 reads not considered because fully enclosed in repeat masked regions
2026-06-12 12:39:39,560 - DEBUG - Counting for batch 91, containing 100 cells and 598109 reads
2026-06-12 12:39:42,611 - DEBUG - 0 reads not considered because fully enclosed in repeat masked regions
2026-06-12 12:39:50,218 - DEBUG - Counting for batch 92, containing 100 cells and 686717 reads
2026-06-12 12:39:54,605 - DEBUG - 0 reads not considered because fully enclosed in repeat masked regions
2026-06-12 12:40:02,775 - DEBUG - Counting for batch 93, containing 100 cells and 827407 reads
2026-06-12 12:40:07,875 - DEBUG - 0 reads not considered because fully enclosed in repeat masked regions
2026-06-12 12:40:14,868 - DEBUG - Counting for batch 94, containing 100 cells and 603640 reads
2026-06-12 12:40:18,965 - DEBUG - 0 reads not considered because fully enclosed in repeat masked regions
2026-06-12 12:40:20,247 - DEBUG - Read first 130 million reads
2026-06-12 12:40:26,925 - DEBUG - Counting for batch 95, containing 100 cells and 765364 reads
2026-06-12 12:40:31,798 - DEBUG - 0 reads not considered because fully enclosed in repeat masked regions
2026-06-12 12:40:39,425 - DEBUG - Counting for batch 96, containing 100 cells and 660806 reads
2026-06-12 12:40:42,981 - DEBUG - 0 reads not considered because fully enclosed in repeat masked regions
2026-06-12 12:40:50,412 - DEBUG - Counting for batch 97, containing 100 cells and 594210 reads
2026-06-12 12:40:53,788 - DEBUG - 0 reads not considered because fully enclosed in repeat masked regions
2026-06-12 12:41:01,884 - DEBUG - Counting for batch 98, containing 100 cells and 671511 reads
2026-06-12 12:41:06,472 - DEBUG - 0 reads not considered because fully enclosed in repeat masked regions
2026-06-12 12:41:12,818 - DEBUG - Counting for batch 99, containing 100 cells and 536197 reads
2026-06-12 12:41:15,814 - DEBUG - 0 reads not considered because fully enclosed in repeat masked regions
2026-06-12 12:41:25,539 - DEBUG - Counting for batch 100, containing 100 cells and 873120 reads
2026-06-12 12:41:31,290 - DEBUG - 0 reads not considered because fully enclosed in repeat masked regions
2026-06-12 12:41:38,811 - DEBUG - Counting for batch 101, containing 100 cells and 642522 reads
2026-06-12 12:41:43,262 - DEBUG - 0 reads not considered because fully enclosed in repeat masked regions
2026-06-12 12:41:50,402 - DEBUG - Counting for batch 102, containing 100 cells and 646008 reads
2026-06-12 12:41:53,816 - DEBUG - 0 reads not considered because fully enclosed in repeat masked regions
2026-06-12 12:41:58,361 - DEBUG - Read first 140 million reads
2026-06-12 12:42:02,452 - DEBUG - Counting for batch 103, containing 100 cells and 733094 reads
2026-06-12 12:42:07,596 - DEBUG - 0 reads not considered because fully enclosed in repeat masked regions
2026-06-12 12:42:14,860 - DEBUG - Counting for batch 104, containing 100 cells and 641870 reads
2026-06-12 12:42:19,133 - DEBUG - 0 reads not considered because fully enclosed in repeat masked regions
2026-06-12 12:42:26,067 - DEBUG - Counting for batch 105, containing 100 cells and 631627 reads
2026-06-12 12:42:29,462 - DEBUG - 0 reads not considered because fully enclosed in repeat masked regions
2026-06-12 12:42:37,738 - DEBUG - Counting for batch 106, containing 100 cells and 708582 reads
2026-06-12 12:42:42,601 - DEBUG - 0 reads not considered because fully enclosed in repeat masked regions
2026-06-12 12:42:48,418 - DEBUG - Counting for batch 107, containing 100 cells and 589108 reads
2026-06-12 12:42:52,570 - DEBUG - 0 reads not considered because fully enclosed in repeat masked regions
2026-06-12 12:43:00,389 - DEBUG - Counting for batch 108, containing 100 cells and 637999 reads
2026-06-12 12:43:03,831 - DEBUG - 0 reads not considered because fully enclosed in repeat masked regions
2026-06-12 12:43:12,849 - DEBUG - Counting for batch 109, containing 100 cells and 795505 reads
2026-06-12 12:43:18,021 - DEBUG - 0 reads not considered because fully enclosed in repeat masked regions
2026-06-12 12:43:24,907 - DEBUG - Counting for batch 110, containing 100 cells and 588319 reads
2026-06-12 12:43:28,120 - DEBUG - 0 reads not considered because fully enclosed in repeat masked regions
2026-06-12 12:43:36,055 - DEBUG - Counting for batch 111, containing 100 cells and 665438 reads
2026-06-12 12:43:39,733 - DEBUG - 0 reads not considered because fully enclosed in repeat masked regions
2026-06-12 12:43:40,453 - DEBUG - Read first 150 million reads
2026-06-12 12:43:48,850 - DEBUG - Counting for batch 112, containing 100 cells and 807151 reads
2026-06-12 12:43:54,041 - DEBUG - 0 reads not considered because fully enclosed in repeat masked regions
2026-06-12 12:44:00,873 - DEBUG - Counting for batch 113, containing 100 cells and 603261 reads
2026-06-12 12:44:05,079 - DEBUG - 0 reads not considered because fully enclosed in repeat masked regions
2026-06-12 12:44:12,073 - DEBUG - Counting for batch 114, containing 100 cells and 638901 reads
2026-06-12 12:44:16,542 - DEBUG - 0 reads not considered because fully enclosed in repeat masked regions
2026-06-12 12:44:23,939 - DEBUG - Counting for batch 115, containing 100 cells and 685545 reads
2026-06-12 12:44:28,420 - DEBUG - 0 reads not considered because fully enclosed in repeat masked regions
2026-06-12 12:44:35,586 - DEBUG - Counting for batch 116, containing 100 cells and 666384 reads
2026-06-12 12:44:39,138 - DEBUG - 0 reads not considered because fully enclosed in repeat masked regions
2026-06-12 12:44:46,777 - DEBUG - Counting for batch 117, containing 100 cells and 632625 reads
2026-06-12 12:44:50,112 - DEBUG - 0 reads not considered because fully enclosed in repeat masked regions
2026-06-12 12:44:58,122 - DEBUG - Counting for batch 118, containing 100 cells and 699874 reads
2026-06-12 12:45:02,913 - DEBUG - 0 reads not considered because fully enclosed in repeat masked regions
2026-06-12 12:45:10,421 - DEBUG - Counting for batch 119, containing 100 cells and 697734 reads
2026-06-12 12:45:15,092 - DEBUG - 0 reads not considered because fully enclosed in repeat masked regions
2026-06-12 12:45:17,405 - DEBUG - Read first 160 million reads
2026-06-12 12:45:22,204 - DEBUG - Counting for batch 120, containing 100 cells and 653193 reads
2026-06-12 12:45:26,714 - DEBUG - 0 reads not considered because fully enclosed in repeat masked regions
2026-06-12 12:45:35,050 - DEBUG - Counting for batch 121, containing 100 cells and 799025 reads
2026-06-12 12:45:40,485 - DEBUG - 0 reads not considered because fully enclosed in repeat masked regions
2026-06-12 12:45:47,782 - DEBUG - Counting for batch 122, containing 100 cells and 669663 reads
2026-06-12 12:45:51,190 - DEBUG - 0 reads not considered because fully enclosed in repeat masked regions
2026-06-12 12:45:58,829 - DEBUG - Counting for batch 123, containing 100 cells and 638519 reads
2026-06-12 12:46:02,115 - DEBUG - 0 reads not considered because fully enclosed in repeat masked regions
2026-06-12 12:46:09,795 - DEBUG - Counting for batch 124, containing 100 cells and 658478 reads
2026-06-12 12:46:13,180 - DEBUG - 0 reads not considered because fully enclosed in repeat masked regions
2026-06-12 12:46:21,039 - DEBUG - Counting for batch 125, containing 100 cells and 687310 reads
2026-06-12 12:46:25,552 - DEBUG - 0 reads not considered because fully enclosed in repeat masked regions
2026-06-12 12:46:31,991 - DEBUG - Counting for batch 126, containing 100 cells and 590076 reads
2026-06-12 12:46:35,099 - DEBUG - 0 reads not considered because fully enclosed in repeat masked regions
2026-06-12 12:46:42,440 - DEBUG - Counting for batch 127, containing 100 cells and 646591 reads
2026-06-12 12:46:46,822 - DEBUG - 0 reads not considered because fully enclosed in repeat masked regions
2026-06-12 12:46:51,285 - DEBUG - Read first 170 million reads
2026-06-12 12:46:53,873 - DEBUG - Counting for batch 128, containing 100 cells and 674826 reads
2026-06-12 12:46:58,284 - DEBUG - 0 reads not considered because fully enclosed in repeat masked regions
2026-06-12 12:47:05,581 - DEBUG - Counting for batch 129, containing 100 cells and 696327 reads
2026-06-12 12:47:09,300 - DEBUG - 0 reads not considered because fully enclosed in repeat masked regions
2026-06-12 12:47:16,401 - DEBUG - Counting for batch 130, containing 100 cells and 589627 reads
2026-06-12 12:47:20,422 - DEBUG - 0 reads not considered because fully enclosed in repeat masked regions
2026-06-12 12:47:27,047 - DEBUG - Counting for batch 131, containing 100 cells and 628624 reads
2026-06-12 12:47:30,199 - DEBUG - 0 reads not considered because fully enclosed in repeat masked regions
2026-06-12 12:47:38,212 - DEBUG - Counting for batch 132, containing 100 cells and 700991 reads
2026-06-12 12:47:42,835 - DEBUG - 0 reads not considered because fully enclosed in repeat masked regions
2026-06-12 12:47:47,957 - DEBUG - Counting for batch 133, containing 100 cells and 531489 reads
2026-06-12 12:47:51,657 - DEBUG - 0 reads not considered because fully enclosed in repeat masked regions
2026-06-12 12:47:54,160 - DEBUG - Counting for batch 134, containing 30 cells and 239775 reads
2026-06-12 12:47:56,110 - DEBUG - 0 reads not considered because fully enclosed in repeat masked regions
2026-06-12 12:47:56,335 - DEBUG - 6579571 reads were skipped because no apropiate cell or umi barcode was found
2026-06-12 12:47:56,336 - DEBUG - Counting done!
2026-06-12 12:47:56,348 - DEBUG - Generating output file /research/peer/fdeckert/FD20250213HSCT/data/object/velocyto/HSCT_7841_transcriptome/velocyto.loom
2026-06-12 12:47:56,348 - DEBUG - Collecting row attributes
2026-06-12 12:47:56,414 - DEBUG - Generating data table
2026-06-12 12:47:58,561 - DEBUG - Writing loom file
2026-06-12 12:48:00,258 - DEBUG - Creating converter from 5 to 3
2026-06-12 12:48:00,280 - DEBUG - Creating converter from 3 to 5
2026-06-12 12:48:14,105 - DEBUG - Terminated Succesfully!
