2026-06-12 11:54:52,235 - DEBUG - Using logic: Permissive10X
2026-06-12 11:54:52,248 - INFO - Read 468 cell barcodes from /research/lab_stary/sequencing_projects/hsct/COUNT/S_7682_day0_transcriptome/filtered_feature_bc_matrix/barcodes.tsv.gz
2026-06-12 11:54:52,249 - DEBUG - Example of barcode: AAACCTGAGCTGAACG and cell_id: velocyto:AAACCTGAGCTGAACG-1
2026-06-12 11:54:52,262 - DEBUG - Peeking into /research/peer/fdeckert/FD20250213HSCT/data/object/velocyto/S_7682_day0_transcriptome/possorted_genome_bam.bam
2026-06-12 11:54:52,278 - WARNING - Not found cell and umi barcode in entry 0 of the bam file
2026-06-12 11:54:52,279 - WARNING - Not found cell and umi barcode in entry 226 of the bam file
2026-06-12 11:54:52,279 - WARNING - Not found cell and umi barcode in entry 281 of the bam file
2026-06-12 11:54:52,279 - WARNING - Not found cell and umi barcode in entry 282 of the bam file
2026-06-12 11:54:52,279 - WARNING - Not found cell and umi barcode in entry 321 of the bam file
2026-06-12 11:54:52,279 - WARNING - Not found cell and umi barcode in entry 322 of the bam file
2026-06-12 11:54:52,280 - WARNING - Not found cell and umi barcode in entry 411 of the bam file
2026-06-12 11:54:52,280 - WARNING - Not found cell and umi barcode in entry 412 of the bam file
2026-06-12 11:54:52,280 - WARNING - Not found cell and umi barcode in entry 413 of the bam file
2026-06-12 11:54:52,280 - WARNING - Not found cell and umi barcode in entry 420 of the bam file
2026-06-12 11:54:52,280 - WARNING - Not found cell and umi barcode in entry 421 of the bam file
2026-06-12 11:54:52,280 - WARNING - Not found cell and umi barcode in entry 422 of the bam file
2026-06-12 11:54:52,280 - WARNING - Not found cell and umi barcode in entry 423 of the bam file
2026-06-12 11:54:52,280 - WARNING - Not found cell and umi barcode in entry 502 of the bam file
2026-06-12 11:54:52,280 - WARNING - Not found cell and umi barcode in entry 504 of the bam file
2026-06-12 11:54:52,280 - WARNING - Not found cell and umi barcode in entry 579 of the bam file
2026-06-12 11:54:52,280 - WARNING - Not found cell and umi barcode in entry 595 of the bam file
2026-06-12 11:54:52,281 - WARNING - Not found cell and umi barcode in entry 687 of the bam file
2026-06-12 11:54:52,281 - WARNING - Not found cell and umi barcode in entry 766 of the bam file
2026-06-12 11:54:52,281 - WARNING - Not found cell and umi barcode in entry 767 of the bam file
2026-06-12 11:54:52,281 - WARNING - Not found cell and umi barcode in entry 769 of the bam file
2026-06-12 11:54:52,281 - WARNING - Not found cell and umi barcode in entry 770 of the bam file
2026-06-12 11:54:52,281 - WARNING - Not found cell and umi barcode in entry 771 of the bam file
2026-06-12 11:54:52,281 - WARNING - Not found cell and umi barcode in entry 772 of the bam file
2026-06-12 11:54:52,281 - WARNING - Not found cell and umi barcode in entry 773 of the bam file
2026-06-12 11:54:52,281 - WARNING - Not found cell and umi barcode in entry 774 of the bam file
2026-06-12 11:54:52,281 - WARNING - Not found cell and umi barcode in entry 775 of the bam file
2026-06-12 11:54:52,281 - WARNING - Not found cell and umi barcode in entry 776 of the bam file
2026-06-12 11:54:52,281 - WARNING - Not found cell and umi barcode in entry 798 of the bam file
2026-06-12 11:54:52,281 - WARNING - Not found cell and umi barcode in entry 799 of the bam file
2026-06-12 11:54:52,281 - WARNING - Not found cell and umi barcode in entry 800 of the bam file
2026-06-12 11:54:52,281 - WARNING - Not found cell and umi barcode in entry 801 of the bam file
2026-06-12 11:54:52,281 - WARNING - Not found cell and umi barcode in entry 802 of the bam file
2026-06-12 11:54:52,281 - WARNING - Not found cell and umi barcode in entry 803 of the bam file
2026-06-12 11:54:52,281 - WARNING - Not found cell and umi barcode in entry 804 of the bam file
2026-06-12 11:54:52,281 - WARNING - Not found cell and umi barcode in entry 805 of the bam file
2026-06-12 11:54:52,281 - WARNING - Not found cell and umi barcode in entry 806 of the bam file
2026-06-12 11:54:52,281 - WARNING - Not found cell and umi barcode in entry 807 of the bam file
2026-06-12 11:54:52,281 - WARNING - Not found cell and umi barcode in entry 808 of the bam file
2026-06-12 11:54:52,281 - WARNING - Not found cell and umi barcode in entry 809 of the bam file
2026-06-12 11:54:52,281 - WARNING - Not found cell and umi barcode in entry 810 of the bam file
2026-06-12 11:54:52,282 - WARNING - Not found cell and umi barcode in entry 811 of the bam file
2026-06-12 11:54:52,282 - WARNING - Not found cell and umi barcode in entry 812 of the bam file
2026-06-12 11:54:52,282 - WARNING - Not found cell and umi barcode in entry 813 of the bam file
2026-06-12 11:54:52,282 - WARNING - Not found cell and umi barcode in entry 814 of the bam file
2026-06-12 11:54:52,282 - WARNING - Not found cell and umi barcode in entry 815 of the bam file
2026-06-12 11:54:52,282 - WARNING - Not found cell and umi barcode in entry 816 of the bam file
2026-06-12 11:54:52,282 - WARNING - Not found cell and umi barcode in entry 817 of the bam file
2026-06-12 11:54:52,282 - WARNING - Not found cell and umi barcode in entry 818 of the bam file
2026-06-12 11:54:52,282 - WARNING - Not found cell and umi barcode in entry 819 of the bam file
2026-06-12 11:54:52,282 - WARNING - Not found cell and umi barcode in entry 820 of the bam file
2026-06-12 11:54:52,282 - WARNING - Not found cell and umi barcode in entry 821 of the bam file
2026-06-12 11:54:52,282 - WARNING - Not found cell and umi barcode in entry 822 of the bam file
2026-06-12 11:54:52,282 - WARNING - Not found cell and umi barcode in entry 823 of the bam file
2026-06-12 11:54:52,282 - WARNING - Not found cell and umi barcode in entry 824 of the bam file
2026-06-12 11:54:52,282 - WARNING - Not found cell and umi barcode in entry 825 of the bam file
2026-06-12 11:54:52,282 - WARNING - Not found cell and umi barcode in entry 826 of the bam file
2026-06-12 11:54:52,282 - WARNING - Not found cell and umi barcode in entry 827 of the bam file
2026-06-12 11:54:52,282 - WARNING - Not found cell and umi barcode in entry 828 of the bam file
2026-06-12 11:54:52,282 - WARNING - Not found cell and umi barcode in entry 829 of the bam file
2026-06-12 11:54:52,282 - WARNING - Not found cell and umi barcode in entry 830 of the bam file
2026-06-12 11:54:52,282 - WARNING - Not found cell and umi barcode in entry 831 of the bam file
2026-06-12 11:54:52,282 - WARNING - Not found cell and umi barcode in entry 832 of the bam file
2026-06-12 11:54:52,282 - WARNING - Not found cell and umi barcode in entry 833 of the bam file
2026-06-12 11:54:52,282 - WARNING - Not found cell and umi barcode in entry 834 of the bam file
2026-06-12 11:54:52,282 - WARNING - Not found cell and umi barcode in entry 835 of the bam file
2026-06-12 11:54:52,282 - WARNING - Not found cell and umi barcode in entry 836 of the bam file
2026-06-12 11:54:52,282 - WARNING - Not found cell and umi barcode in entry 837 of the bam file
2026-06-12 11:54:52,282 - WARNING - Not found cell and umi barcode in entry 838 of the bam file
2026-06-12 11:54:52,282 - WARNING - Not found cell and umi barcode in entry 879 of the bam file
2026-06-12 11:54:52,282 - WARNING - Not found cell and umi barcode in entry 880 of the bam file
2026-06-12 11:54:52,282 - WARNING - Not found cell and umi barcode in entry 881 of the bam file
2026-06-12 11:54:52,282 - WARNING - Not found cell and umi barcode in entry 882 of the bam file
2026-06-12 11:54:52,283 - WARNING - Not found cell and umi barcode in entry 883 of the bam file
2026-06-12 11:54:52,283 - WARNING - Not found cell and umi barcode in entry 884 of the bam file
2026-06-12 11:54:52,283 - WARNING - Not found cell and umi barcode in entry 885 of the bam file
2026-06-12 11:54:52,283 - WARNING - Not found cell and umi barcode in entry 886 of the bam file
2026-06-12 11:54:52,283 - WARNING - Not found cell and umi barcode in entry 887 of the bam file
2026-06-12 11:54:52,283 - WARNING - Not found cell and umi barcode in entry 888 of the bam file
2026-06-12 11:54:52,283 - WARNING - Not found cell and umi barcode in entry 889 of the bam file
2026-06-12 11:54:52,283 - WARNING - Not found cell and umi barcode in entry 890 of the bam file
2026-06-12 11:54:52,283 - WARNING - Not found cell and umi barcode in entry 891 of the bam file
2026-06-12 11:54:52,283 - WARNING - Not found cell and umi barcode in entry 892 of the bam file
2026-06-12 11:54:52,283 - WARNING - Not found cell and umi barcode in entry 893 of the bam file
2026-06-12 11:54:52,283 - WARNING - Not found cell and umi barcode in entry 894 of the bam file
2026-06-12 11:54:52,283 - WARNING - Not found cell and umi barcode in entry 895 of the bam file
2026-06-12 11:54:52,283 - WARNING - Not found cell and umi barcode in entry 896 of the bam file
2026-06-12 11:54:52,283 - WARNING - Not found cell and umi barcode in entry 897 of the bam file
2026-06-12 11:54:52,283 - WARNING - Not found cell and umi barcode in entry 898 of the bam file
2026-06-12 11:54:52,283 - WARNING - Not found cell and umi barcode in entry 899 of the bam file
2026-06-12 11:54:52,283 - WARNING - Not found cell and umi barcode in entry 900 of the bam file
2026-06-12 11:54:52,283 - WARNING - Not found cell and umi barcode in entry 901 of the bam file
2026-06-12 11:54:52,283 - WARNING - Not found cell and umi barcode in entry 902 of the bam file
2026-06-12 11:54:52,283 - WARNING - Not found cell and umi barcode in entry 903 of the bam file
2026-06-12 11:54:52,283 - WARNING - Not found cell and umi barcode in entry 904 of the bam file
2026-06-12 11:54:52,283 - WARNING - Not found cell and umi barcode in entry 905 of the bam file
2026-06-12 11:54:52,283 - WARNING - Not found cell and umi barcode in entry 906 of the bam file
2026-06-12 11:54:52,283 - WARNING - Not found cell and umi barcode in entry 907 of the bam file
2026-06-12 11:54:52,283 - WARNING - Not found cell and umi barcode in entry 911 of the bam file
2026-06-12 11:54:52,283 - WARNING - Not found cell and umi barcode in entry 912 of the bam file
2026-06-12 11:54:52,283 - WARNING - Not found cell and umi barcode in entry 913 of the bam file
2026-06-12 11:54:52,283 - WARNING - Not found cell and umi barcode in entry 915 of the bam file
2026-06-12 11:54:52,283 - WARNING - Not found cell and umi barcode in entry 916 of the bam file
2026-06-12 11:54:52,283 - WARNING - Not found cell and umi barcode in entry 917 of the bam file
2026-06-12 11:54:52,283 - WARNING - Not found cell and umi barcode in entry 918 of the bam file
2026-06-12 11:54:52,283 - WARNING - Not found cell and umi barcode in entry 919 of the bam file
2026-06-12 11:54:52,283 - WARNING - Not found cell and umi barcode in entry 923 of the bam file
2026-06-12 11:54:52,283 - WARNING - Not found cell and umi barcode in entry 924 of the bam file
2026-06-12 11:54:52,283 - WARNING - Not found cell and umi barcode in entry 925 of the bam file
2026-06-12 11:54:52,284 - WARNING - Not found cell and umi barcode in entry 926 of the bam file
2026-06-12 11:54:52,284 - WARNING - Not found cell and umi barcode in entry 927 of the bam file
2026-06-12 11:54:52,284 - WARNING - Not found cell and umi barcode in entry 928 of the bam file
2026-06-12 11:54:52,284 - WARNING - Not found cell and umi barcode in entry 931 of the bam file
2026-06-12 11:54:52,284 - WARNING - Not found cell and umi barcode in entry 932 of the bam file
2026-06-12 11:54:52,284 - WARNING - Not found cell and umi barcode in entry 933 of the bam file
2026-06-12 11:54:52,284 - WARNING - Not found cell and umi barcode in entry 934 of the bam file
2026-06-12 11:54:52,284 - WARNING - Not found cell and umi barcode in entry 935 of the bam file
2026-06-12 11:54:52,284 - WARNING - Not found cell and umi barcode in entry 936 of the bam file
2026-06-12 11:54:52,284 - WARNING - Not found cell and umi barcode in entry 946 of the bam file
2026-06-12 11:54:52,284 - WARNING - Not found cell and umi barcode in entry 947 of the bam file
2026-06-12 11:54:52,284 - WARNING - Not found cell and umi barcode in entry 948 of the bam file
2026-06-12 11:54:52,284 - WARNING - Not found cell and umi barcode in entry 949 of the bam file
2026-06-12 11:54:52,284 - WARNING - Not found cell and umi barcode in entry 950 of the bam file
2026-06-12 11:54:52,284 - WARNING - Not found cell and umi barcode in entry 951 of the bam file
2026-06-12 11:54:52,284 - WARNING - Not found cell and umi barcode in entry 952 of the bam file
2026-06-12 11:54:52,284 - WARNING - Not found cell and umi barcode in entry 953 of the bam file
2026-06-12 11:54:52,284 - WARNING - Not found cell and umi barcode in entry 954 of the bam file
2026-06-12 11:54:52,285 - WARNING - Not found cell and umi barcode in entry 977 of the bam file
2026-06-12 11:54:52,285 - WARNING - Not found cell and umi barcode in entry 982 of the bam file
2026-06-12 11:54:52,285 - WARNING - Not found cell and umi barcode in entry 987 of the bam file
2026-06-12 11:54:52,285 - WARNING - Not found cell and umi barcode in entry 988 of the bam file
2026-06-12 11:54:52,285 - WARNING - Not found cell and umi barcode in entry 989 of the bam file
2026-06-12 11:54:52,285 - WARNING - Not found cell and umi barcode in entry 1025 of the bam file
2026-06-12 11:54:52,285 - WARNING - Not found cell and umi barcode in entry 1026 of the bam file
2026-06-12 11:54:52,285 - WARNING - Not found cell and umi barcode in entry 1027 of the bam file
2026-06-12 11:54:52,285 - WARNING - Not found cell and umi barcode in entry 1028 of the bam file
2026-06-12 11:54:52,288 - INFO - Starting the sorting process of /research/peer/fdeckert/FD20250213HSCT/data/object/velocyto/S_7682_day0_transcriptome/possorted_genome_bam.bam the output will be at: /research/peer/fdeckert/FD20250213HSCT/data/object/velocyto/S_7682_day0_transcriptome/cellsorted_possorted_genome_bam.bam
2026-06-12 11:54:52,289 - INFO - Command being run is: samtools sort -l 7 -m 100M -t CB -O BAM -@ 16 -o /research/peer/fdeckert/FD20250213HSCT/data/object/velocyto/S_7682_day0_transcriptome/cellsorted_possorted_genome_bam.bam /research/peer/fdeckert/FD20250213HSCT/data/object/velocyto/S_7682_day0_transcriptome/possorted_genome_bam.bam
2026-06-12 11:54:52,289 - INFO - While the bam sorting happens do other things...
2026-06-12 11:54:52,289 - INFO - Load the annotation from /nobackup/peer/fdeckert/cellranger/GRCh38-2020-A/GRCh38/genes/genes.gtf
2026-06-12 11:54:58,011 - DEBUG - Parsing Chromosome GL000009.2 strand - [line 0]
2026-06-12 11:54:58,011 - DEBUG - Done with GL000009.2- [line 7]
2026-06-12 11:54:58,011 - DEBUG - Assigning indexes to genes
2026-06-12 11:54:58,011 - DEBUG - Seen 1 genes until now
2026-06-12 11:54:58,011 - DEBUG - Parsing Chromosome GL000194.1 strand - [line 8]
2026-06-12 11:54:58,012 - DEBUG - Done with GL000194.1- [line 33]
2026-06-12 11:54:58,012 - DEBUG - Assigning indexes to genes
2026-06-12 11:54:58,012 - DEBUG - Seen 3 genes until now
2026-06-12 11:54:58,012 - DEBUG - Parsing Chromosome GL000195.1 strand - [line 34]
2026-06-12 11:54:58,012 - DEBUG - Done with GL000195.1- [line 43]
2026-06-12 11:54:58,012 - DEBUG - Assigning indexes to genes
2026-06-12 11:54:58,012 - DEBUG - Seen 4 genes until now
2026-06-12 11:54:58,012 - DEBUG - Parsing Chromosome GL000195.1 strand + [line 44]
2026-06-12 11:54:58,012 - DEBUG - Done with GL000195.1+ [line 57]
2026-06-12 11:54:58,012 - DEBUG - Assigning indexes to genes
2026-06-12 11:54:58,012 - DEBUG - Seen 5 genes until now
2026-06-12 11:54:58,012 - DEBUG - Parsing Chromosome GL000205.2 strand - [line 58]
2026-06-12 11:54:58,012 - DEBUG - Done with GL000205.2- [line 71]
2026-06-12 11:54:58,012 - DEBUG - Assigning indexes to genes
2026-06-12 11:54:58,012 - DEBUG - Seen 6 genes until now
2026-06-12 11:54:58,012 - DEBUG - Parsing Chromosome GL000213.1 strand - [line 72]
2026-06-12 11:54:58,012 - DEBUG - Done with GL000213.1- [line 120]
2026-06-12 11:54:58,012 - DEBUG - Assigning indexes to genes
2026-06-12 11:54:58,012 - DEBUG - Seen 7 genes until now
2026-06-12 11:54:58,012 - DEBUG - Parsing Chromosome GL000218.1 strand - [line 121]
2026-06-12 11:54:58,012 - DEBUG - Done with GL000218.1- [line 128]
2026-06-12 11:54:58,012 - DEBUG - Assigning indexes to genes
2026-06-12 11:54:58,012 - DEBUG - Seen 8 genes until now
2026-06-12 11:54:58,012 - DEBUG - Parsing Chromosome GL000219.1 strand - [line 129]
2026-06-12 11:54:58,012 - DEBUG - Done with GL000219.1- [line 141]
2026-06-12 11:54:58,012 - DEBUG - Assigning indexes to genes
2026-06-12 11:54:58,012 - DEBUG - Seen 9 genes until now
2026-06-12 11:54:58,012 - DEBUG - Parsing Chromosome KI270711.1 strand - [line 142]
2026-06-12 11:54:58,013 - DEBUG - Done with KI270711.1- [line 292]
2026-06-12 11:54:58,013 - DEBUG - Assigning indexes to genes
2026-06-12 11:54:58,013 - DEBUG - Seen 10 genes until now
2026-06-12 11:54:58,013 - DEBUG - Parsing Chromosome KI270713.1 strand - [line 293]
2026-06-12 11:54:58,013 - DEBUG - Done with KI270713.1- [line 300]
2026-06-12 11:54:58,013 - DEBUG - Assigning indexes to genes
2026-06-12 11:54:58,013 - DEBUG - Seen 11 genes until now
2026-06-12 11:54:58,013 - DEBUG - Parsing Chromosome KI270713.1 strand + [line 301]
2026-06-12 11:54:58,013 - DEBUG - Done with KI270713.1+ [line 307]
2026-06-12 11:54:58,013 - DEBUG - Assigning indexes to genes
2026-06-12 11:54:58,013 - DEBUG - Seen 12 genes until now
2026-06-12 11:54:58,013 - DEBUG - Parsing Chromosome KI270721.1 strand + [line 308]
2026-06-12 11:54:58,013 - DEBUG - Done with KI270721.1+ [line 323]
2026-06-12 11:54:58,013 - DEBUG - Assigning indexes to genes
2026-06-12 11:54:58,013 - DEBUG - Seen 13 genes until now
2026-06-12 11:54:58,013 - DEBUG - Parsing Chromosome KI270726.1 strand + [line 324]
2026-06-12 11:54:58,013 - DEBUG - Done with KI270726.1+ [line 334]
2026-06-12 11:54:58,013 - DEBUG - Assigning indexes to genes
2026-06-12 11:54:58,013 - DEBUG - Seen 15 genes until now
2026-06-12 11:54:58,013 - DEBUG - Parsing Chromosome KI270727.1 strand - [line 335]
2026-06-12 11:54:58,013 - DEBUG - Done with KI270727.1- [line 394]
2026-06-12 11:54:58,013 - DEBUG - Assigning indexes to genes
2026-06-12 11:54:58,013 - DEBUG - Seen 17 genes until now
2026-06-12 11:54:58,013 - DEBUG - Parsing Chromosome KI270727.1 strand + [line 395]
2026-06-12 11:54:58,013 - DEBUG - Done with KI270727.1+ [line 409]
2026-06-12 11:54:58,014 - DEBUG - Assigning indexes to genes
2026-06-12 11:54:58,014 - DEBUG - Seen 19 genes until now
2026-06-12 11:54:58,014 - DEBUG - Parsing Chromosome KI270728.1 strand - [line 410]
2026-06-12 11:54:58,014 - DEBUG - Done with KI270728.1- [line 486]
2026-06-12 11:54:58,014 - DEBUG - Assigning indexes to genes
2026-06-12 11:54:58,014 - DEBUG - Seen 21 genes until now
2026-06-12 11:54:58,014 - DEBUG - Parsing Chromosome KI270728.1 strand + [line 487]
2026-06-12 11:54:58,014 - DEBUG - Done with KI270728.1+ [line 523]
2026-06-12 11:54:58,014 - DEBUG - Assigning indexes to genes
2026-06-12 11:54:58,014 - DEBUG - Seen 25 genes until now
2026-06-12 11:54:58,014 - DEBUG - Parsing Chromosome KI270731.1 strand - [line 524]
2026-06-12 11:54:58,014 - DEBUG - Done with KI270731.1- [line 530]
2026-06-12 11:54:58,014 - DEBUG - Assigning indexes to genes
2026-06-12 11:54:58,014 - DEBUG - Seen 26 genes until now
2026-06-12 11:54:58,014 - DEBUG - Parsing Chromosome KI270734.1 strand - [line 531]
2026-06-12 11:54:58,014 - DEBUG - Done with KI270734.1- [line 599]
2026-06-12 11:54:58,014 - DEBUG - Assigning indexes to genes
2026-06-12 11:54:58,014 - DEBUG - Seen 27 genes until now
2026-06-12 11:54:58,014 - DEBUG - Parsing Chromosome KI270734.1 strand + [line 600]
2026-06-12 11:54:58,014 - DEBUG - Done with KI270734.1+ [line 622]
2026-06-12 11:54:58,014 - DEBUG - Assigning indexes to genes
2026-06-12 11:54:58,014 - DEBUG - Seen 29 genes until now
2026-06-12 11:54:58,014 - DEBUG - Parsing Chromosome 1 strand - [line 623]
2026-06-12 11:54:58,737 - DEBUG - Done with 1- [line 118876]
2026-06-12 11:54:58,738 - DEBUG - Assigning indexes to genes
2026-06-12 11:54:58,744 - DEBUG - Seen 1711 genes until now
2026-06-12 11:54:58,744 - DEBUG - Parsing Chromosome 1 strand + [line 118877]
2026-06-12 11:54:59,463 - DEBUG - Done with 1+ [line 253796]
2026-06-12 11:54:59,463 - DEBUG - Assigning indexes to genes
2026-06-12 11:54:59,471 - DEBUG - Seen 3439 genes until now
2026-06-12 11:54:59,471 - DEBUG - Parsing Chromosome 10 strand - [line 253797]
2026-06-12 11:54:59,616 - DEBUG - Done with 10- [line 304078]
2026-06-12 11:54:59,616 - DEBUG - Assigning indexes to genes
2026-06-12 11:54:59,618 - DEBUG - Seen 4100 genes until now
2026-06-12 11:54:59,619 - DEBUG - Parsing Chromosome 10 strand + [line 304079]
2026-06-12 11:54:59,775 - DEBUG - Done with 10+ [line 356023]
2026-06-12 11:54:59,775 - DEBUG - Assigning indexes to genes
2026-06-12 11:54:59,778 - DEBUG - Seen 4833 genes until now
2026-06-12 11:54:59,778 - DEBUG - Parsing Chromosome 11 strand - [line 356024]
2026-06-12 11:55:00,221 - DEBUG - Done with 11- [line 438038]
2026-06-12 11:55:00,221 - DEBUG - Assigning indexes to genes
2026-06-12 11:55:00,225 - DEBUG - Seen 5833 genes until now
2026-06-12 11:55:00,225 - DEBUG - Parsing Chromosome 11 strand + [line 438039]
2026-06-12 11:55:00,430 - DEBUG - Done with 11+ [line 521163]
2026-06-12 11:55:00,430 - DEBUG - Assigning indexes to genes
2026-06-12 11:55:00,434 - DEBUG - Seen 6898 genes until now
2026-06-12 11:55:00,434 - DEBUG - Parsing Chromosome 12 strand - [line 521164]
2026-06-12 11:55:01,001 - DEBUG - Done with 12- [line 601582]
2026-06-12 11:55:01,001 - DEBUG - Assigning indexes to genes
2026-06-12 11:55:01,005 - DEBUG - Seen 7848 genes until now
2026-06-12 11:55:01,005 - DEBUG - Parsing Chromosome 12 strand + [line 601583]
2026-06-12 11:55:01,332 - DEBUG - Done with 12+ [line 681983]
2026-06-12 11:55:01,332 - DEBUG - Assigning indexes to genes
2026-06-12 11:55:01,337 - DEBUG - Seen 8826 genes until now
2026-06-12 11:55:01,337 - DEBUG - Parsing Chromosome 13 strand - [line 681984]
2026-06-12 11:55:01,423 - DEBUG - Done with 13- [line 702449]
2026-06-12 11:55:01,423 - DEBUG - Assigning indexes to genes
2026-06-12 11:55:01,425 - DEBUG - Seen 9225 genes until now
2026-06-12 11:55:01,425 - DEBUG - Parsing Chromosome 13 strand + [line 702450]
2026-06-12 11:55:01,490 - DEBUG - Done with 13+ [line 726349]
2026-06-12 11:55:01,490 - DEBUG - Assigning indexes to genes
2026-06-12 11:55:01,492 - DEBUG - Seen 9614 genes until now
2026-06-12 11:55:01,492 - DEBUG - Parsing Chromosome 14 strand - [line 726350]
2026-06-12 11:55:01,856 - DEBUG - Done with 14- [line 770987]
2026-06-12 11:55:01,857 - DEBUG - Assigning indexes to genes
2026-06-12 11:55:01,859 - DEBUG - Seen 10373 genes until now
2026-06-12 11:55:01,859 - DEBUG - Parsing Chromosome 14 strand + [line 770988]
2026-06-12 11:55:01,996 - DEBUG - Done with 14+ [line 822908]
2026-06-12 11:55:01,997 - DEBUG - Assigning indexes to genes
2026-06-12 11:55:02,000 - DEBUG - Seen 11088 genes until now
2026-06-12 11:55:02,000 - DEBUG - Parsing Chromosome 15 strand - [line 822909]
2026-06-12 11:55:02,139 - DEBUG - Done with 15- [line 873715]
2026-06-12 11:55:02,139 - DEBUG - Assigning indexes to genes
2026-06-12 11:55:02,142 - DEBUG - Seen 11734 genes until now
2026-06-12 11:55:02,142 - DEBUG - Parsing Chromosome 15 strand + [line 873716]
2026-06-12 11:55:02,282 - DEBUG - Done with 15+ [line 923824]
2026-06-12 11:55:02,282 - DEBUG - Assigning indexes to genes
2026-06-12 11:55:02,285 - DEBUG - Seen 12355 genes until now
2026-06-12 11:55:02,285 - DEBUG - Parsing Chromosome 16 strand - [line 923825]
2026-06-12 11:55:02,438 - DEBUG - Done with 16- [line 979238]
2026-06-12 11:55:02,438 - DEBUG - Assigning indexes to genes
2026-06-12 11:55:02,441 - DEBUG - Seen 13151 genes until now
2026-06-12 11:55:02,442 - DEBUG - Parsing Chromosome 16 strand + [line 979239]
2026-06-12 11:55:02,900 - DEBUG - Done with 16+ [line 1052152]
2026-06-12 11:55:02,900 - DEBUG - Assigning indexes to genes
2026-06-12 11:55:02,904 - DEBUG - Seen 14004 genes until now
2026-06-12 11:55:02,904 - DEBUG - Parsing Chromosome 17 strand - [line 1052153]
2026-06-12 11:55:03,216 - DEBUG - Done with 17- [line 1140008]
2026-06-12 11:55:03,216 - DEBUG - Assigning indexes to genes
2026-06-12 11:55:03,221 - DEBUG - Seen 15039 genes until now
2026-06-12 11:55:03,221 - DEBUG - Parsing Chromosome 17 strand + [line 1140009]
2026-06-12 11:55:03,458 - DEBUG - Done with 17+ [line 1219447]
2026-06-12 11:55:03,458 - DEBUG - Assigning indexes to genes
2026-06-12 11:55:03,463 - DEBUG - Seen 15996 genes until now
2026-06-12 11:55:03,463 - DEBUG - Parsing Chromosome 18 strand - [line 1219448]
2026-06-12 11:55:03,544 - DEBUG - Done with 18- [line 1246083]
2026-06-12 11:55:03,544 - DEBUG - Assigning indexes to genes
2026-06-12 11:55:03,545 - DEBUG - Seen 16371 genes until now
2026-06-12 11:55:03,545 - DEBUG - Parsing Chromosome 18 strand + [line 1246084]
2026-06-12 11:55:03,611 - DEBUG - Done with 18+ [line 1269821]
2026-06-12 11:55:03,611 - DEBUG - Assigning indexes to genes
2026-06-12 11:55:03,612 - DEBUG - Seen 16777 genes until now
2026-06-12 11:55:03,612 - DEBUG - Parsing Chromosome 19 strand - [line 1269822]
2026-06-12 11:55:04,348 - DEBUG - Done with 19- [line 1350736]
2026-06-12 11:55:04,348 - DEBUG - Assigning indexes to genes
2026-06-12 11:55:04,353 - DEBUG - Seen 17790 genes until now
2026-06-12 11:55:04,353 - DEBUG - Parsing Chromosome 19 strand + [line 1350737]
2026-06-12 11:55:04,565 - DEBUG - Done with 19+ [line 1435648]
2026-06-12 11:55:04,565 - DEBUG - Assigning indexes to genes
2026-06-12 11:55:04,569 - DEBUG - Seen 18804 genes until now
2026-06-12 11:55:04,569 - DEBUG - Parsing Chromosome 2 strand - [line 1435649]
2026-06-12 11:55:04,871 - DEBUG - Done with 2- [line 1542996]
2026-06-12 11:55:04,871 - DEBUG - Assigning indexes to genes
2026-06-12 11:55:04,877 - DEBUG - Seen 20037 genes until now
2026-06-12 11:55:04,877 - DEBUG - Parsing Chromosome 2 strand + [line 1542997]
2026-06-12 11:55:05,236 - DEBUG - Done with 2+ [line 1642863]
2026-06-12 11:55:05,236 - DEBUG - Assigning indexes to genes
2026-06-12 11:55:05,246 - DEBUG - Seen 21345 genes until now
2026-06-12 11:55:05,246 - DEBUG - Parsing Chromosome 20 strand - [line 1642864]
2026-06-12 11:55:05,333 - DEBUG - Done with 20- [line 1672442]
2026-06-12 11:55:05,333 - DEBUG - Assigning indexes to genes
2026-06-12 11:55:05,335 - DEBUG - Seen 21828 genes until now
2026-06-12 11:55:05,335 - DEBUG - Parsing Chromosome 20 strand + [line 1672443]
2026-06-12 11:55:05,471 - DEBUG - Done with 20+ [line 1707817]
2026-06-12 11:55:05,471 - DEBUG - Assigning indexes to genes
2026-06-12 11:55:05,476 - DEBUG - Seen 22309 genes until now
2026-06-12 11:55:05,476 - DEBUG - Parsing Chromosome 21 strand - [line 1707818]
2026-06-12 11:55:06,238 - DEBUG - Done with 21- [line 1722798]
2026-06-12 11:55:06,238 - DEBUG - Assigning indexes to genes
2026-06-12 11:55:06,239 - DEBUG - Seen 22596 genes until now
2026-06-12 11:55:06,239 - DEBUG - Parsing Chromosome 21 strand + [line 1722799]
2026-06-12 11:55:06,285 - DEBUG - Done with 21+ [line 1738981]
2026-06-12 11:55:06,285 - DEBUG - Assigning indexes to genes
2026-06-12 11:55:06,287 - DEBUG - Seen 22864 genes until now
2026-06-12 11:55:06,287 - DEBUG - Parsing Chromosome 22 strand - [line 1738982]
2026-06-12 11:55:06,375 - DEBUG - Done with 22- [line 1765357]
2026-06-12 11:55:06,376 - DEBUG - Assigning indexes to genes
2026-06-12 11:55:06,377 - DEBUG - Seen 23260 genes until now
2026-06-12 11:55:06,377 - DEBUG - Parsing Chromosome 22 strand + [line 1765358]
2026-06-12 11:55:06,479 - DEBUG - Done with 22+ [line 1797598]
2026-06-12 11:55:06,479 - DEBUG - Assigning indexes to genes
2026-06-12 11:55:06,481 - DEBUG - Seen 23765 genes until now
2026-06-12 11:55:06,481 - DEBUG - Parsing Chromosome 3 strand - [line 1797599]
2026-06-12 11:55:06,736 - DEBUG - Done with 3- [line 1887377]
2026-06-12 11:55:06,736 - DEBUG - Assigning indexes to genes
2026-06-12 11:55:06,740 - DEBUG - Seen 24693 genes until now
2026-06-12 11:55:06,740 - DEBUG - Parsing Chromosome 3 strand + [line 1887378]
2026-06-12 11:55:06,976 - DEBUG - Done with 3+ [line 1977011]
2026-06-12 11:55:06,976 - DEBUG - Assigning indexes to genes
2026-06-12 11:55:06,981 - DEBUG - Seen 25658 genes until now
2026-06-12 11:55:06,981 - DEBUG - Parsing Chromosome 4 strand - [line 1977012]
2026-06-12 11:55:07,130 - DEBUG - Done with 4- [line 2034238]
2026-06-12 11:55:07,130 - DEBUG - Assigning indexes to genes
2026-06-12 11:55:07,134 - DEBUG - Seen 26401 genes until now
2026-06-12 11:55:07,134 - DEBUG - Parsing Chromosome 4 strand + [line 2034239]
2026-06-12 11:55:07,370 - DEBUG - Done with 4+ [line 2094594]
2026-06-12 11:55:07,370 - DEBUG - Assigning indexes to genes
2026-06-12 11:55:07,376 - DEBUG - Seen 27191 genes until now
2026-06-12 11:55:07,376 - DEBUG - Parsing Chromosome 5 strand - [line 2094595]
2026-06-12 11:55:07,565 - DEBUG - Done with 5- [line 2152660]
2026-06-12 11:55:07,565 - DEBUG - Assigning indexes to genes
2026-06-12 11:55:07,573 - DEBUG - Seen 28071 genes until now
2026-06-12 11:55:07,573 - DEBUG - Parsing Chromosome 5 strand + [line 2152661]
2026-06-12 11:55:08,634 - DEBUG - Done with 5+ [line 2218657]
2026-06-12 11:55:08,635 - DEBUG - Assigning indexes to genes
2026-06-12 11:55:08,639 - DEBUG - Seen 29002 genes until now
2026-06-12 11:55:08,639 - DEBUG - Parsing Chromosome 6 strand - [line 2218658]
2026-06-12 11:55:08,862 - DEBUG - Done with 6- [line 2284937]
2026-06-12 11:55:08,862 - DEBUG - Assigning indexes to genes
2026-06-12 11:55:08,866 - DEBUG - Seen 29928 genes until now
2026-06-12 11:55:08,866 - DEBUG - Parsing Chromosome 6 strand + [line 2284938]
2026-06-12 11:55:09,019 - DEBUG - Done with 6+ [line 2345240]
2026-06-12 11:55:09,019 - DEBUG - Assigning indexes to genes
2026-06-12 11:55:09,022 - DEBUG - Seen 30829 genes until now
2026-06-12 11:55:09,022 - DEBUG - Parsing Chromosome 7 strand - [line 2345241]
2026-06-12 11:55:09,185 - DEBUG - Done with 7- [line 2406845]
2026-06-12 11:55:09,185 - DEBUG - Assigning indexes to genes
2026-06-12 11:55:09,189 - DEBUG - Seen 31621 genes until now
2026-06-12 11:55:09,189 - DEBUG - Parsing Chromosome 7 strand + [line 2406846]
2026-06-12 11:55:09,437 - DEBUG - Done with 7+ [line 2476014]
2026-06-12 11:55:09,438 - DEBUG - Assigning indexes to genes
2026-06-12 11:55:09,442 - DEBUG - Seen 32515 genes until now
2026-06-12 11:55:09,443 - DEBUG - Parsing Chromosome 8 strand - [line 2476015]
2026-06-12 11:55:09,652 - DEBUG - Done with 8- [line 2527366]
2026-06-12 11:55:09,652 - DEBUG - Assigning indexes to genes
2026-06-12 11:55:09,658 - DEBUG - Seen 33270 genes until now
2026-06-12 11:55:09,658 - DEBUG - Parsing Chromosome 8 strand + [line 2527367]
2026-06-12 11:55:09,804 - DEBUG - Done with 8+ [line 2577021]
2026-06-12 11:55:09,804 - DEBUG - Assigning indexes to genes
2026-06-12 11:55:09,806 - DEBUG - Seen 34010 genes until now
2026-06-12 11:55:09,806 - DEBUG - Parsing Chromosome 9 strand - [line 2577022]
2026-06-12 11:55:09,975 - DEBUG - Done with 9- [line 2622811]
2026-06-12 11:55:09,975 - DEBUG - Assigning indexes to genes
2026-06-12 11:55:09,978 - DEBUG - Seen 34681 genes until now
2026-06-12 11:55:09,978 - DEBUG - Parsing Chromosome 9 strand + [line 2622812]
2026-06-12 11:55:10,121 - DEBUG - Done with 9+ [line 2672374]
2026-06-12 11:55:10,122 - DEBUG - Assigning indexes to genes
2026-06-12 11:55:10,125 - DEBUG - Seen 35329 genes until now
2026-06-12 11:55:10,125 - DEBUG - Parsing Chromosome M strand - [line 2672375]
2026-06-12 11:55:10,125 - DEBUG - Done with M- [line 2672379]
2026-06-12 11:55:10,125 - DEBUG - Assigning indexes to genes
2026-06-12 11:55:10,125 - DEBUG - Seen 35330 genes until now
2026-06-12 11:55:10,125 - DEBUG - Parsing Chromosome M strand + [line 2672380]
2026-06-12 11:55:10,125 - DEBUG - Done with M+ [line 2672445]
2026-06-12 11:55:10,125 - DEBUG - Assigning indexes to genes
2026-06-12 11:55:10,125 - DEBUG - Seen 35342 genes until now
2026-06-12 11:55:10,125 - DEBUG - Parsing Chromosome X strand - [line 2672446]
2026-06-12 11:55:10,293 - DEBUG - Done with X- [line 2716088]
2026-06-12 11:55:10,293 - DEBUG - Assigning indexes to genes
2026-06-12 11:55:10,297 - DEBUG - Seen 35884 genes until now
2026-06-12 11:55:10,297 - DEBUG - Parsing Chromosome X strand + [line 2716089]
2026-06-12 11:55:10,478 - DEBUG - Done with X+ [line 2760500]
2026-06-12 11:55:10,478 - DEBUG - Assigning indexes to genes
2026-06-12 11:55:10,481 - DEBUG - Seen 36490 genes until now
2026-06-12 11:55:10,481 - DEBUG - Parsing Chromosome Y strand - [line 2760501]
2026-06-12 11:55:10,492 - DEBUG - Done with Y- [line 2763031]
2026-06-12 11:55:10,492 - DEBUG - Assigning indexes to genes
2026-06-12 11:55:10,492 - DEBUG - Seen 36543 genes until now
2026-06-12 11:55:10,492 - DEBUG - Parsing Chromosome Y strand + [line 2763032]
2026-06-12 11:55:10,500 - DEBUG - Assigning indexes to genes
2026-06-12 11:55:10,500 - DEBUG - Done with Y+ [line 2765967]
2026-06-12 11:55:10,500 - DEBUG - Fixing corner cases of transcript models containg intron longer than 1000Kbp
2026-06-12 11:55:11,782 - DEBUG - Generated 2411536 features corresponding to 199138 transcript models from /nobackup/peer/fdeckert/cellranger/GRCh38-2020-A/GRCh38/genes/genes.gtf
2026-06-12 11:55:11,825 - INFO - Scan /research/peer/fdeckert/FD20250213HSCT/data/object/velocyto/S_7682_day0_transcriptome/possorted_genome_bam.bam to validate intron intervals
2026-06-12 11:55:13,380 - DEBUG - Reading /research/peer/fdeckert/FD20250213HSCT/data/object/velocyto/S_7682_day0_transcriptome/possorted_genome_bam.bam
2026-06-12 11:55:13,391 - DEBUG - Read first 0 million reads
2026-06-12 11:55:13,392 - DEBUG - Marking up chromosome 1
2026-06-12 11:55:44,701 - DEBUG - Marking up chromosome 10
2026-06-12 11:55:55,212 - DEBUG - Marking up chromosome 11
2026-06-12 11:56:18,850 - DEBUG - Marking up chromosome 12
2026-06-12 11:56:36,944 - DEBUG - Read first 10 million reads
2026-06-12 11:56:38,364 - DEBUG - Marking up chromosome 13
2026-06-12 11:56:43,584 - DEBUG - Marking up chromosome 14
2026-06-12 11:56:53,343 - DEBUG - Marking up chromosome 15
2026-06-12 11:57:04,981 - DEBUG - Marking up chromosome 16
2026-06-12 11:57:13,846 - DEBUG - Marking up chromosome 17
2026-06-12 11:57:28,488 - DEBUG - Marking up chromosome 18
2026-06-12 11:57:31,340 - DEBUG - Marking up chromosome 19
2026-06-12 11:57:54,180 - DEBUG - Marking up chromosome 2
2026-06-12 11:58:06,187 - DEBUG - Read first 20 million reads
2026-06-12 11:58:15,400 - DEBUG - Marking up chromosome 20
2026-06-12 11:58:22,705 - DEBUG - Marking up chromosome 21
2026-06-12 11:58:34,477 - DEBUG - Marking up chromosome 22
2026-06-12 11:58:40,068 - DEBUG - Marking up chromosome 3
2026-06-12 11:58:57,922 - DEBUG - Marking up chromosome 4
2026-06-12 11:59:09,233 - DEBUG - Marking up chromosome 5
2026-06-12 11:59:13,224 - DEBUG - Read first 30 million reads
2026-06-12 11:59:25,666 - DEBUG - Marking up chromosome 6
2026-06-12 11:59:46,026 - DEBUG - Marking up chromosome 7
2026-06-12 12:00:00,528 - DEBUG - Marking up chromosome 8
2026-06-12 12:00:11,888 - DEBUG - Marking up chromosome 9
2026-06-12 12:00:22,800 - DEBUG - Marking up chromosome MT
2026-06-12 12:00:22,800 - WARNING - The .bam file refers to a chromosome 'MT+' not present in the annotation (.gtf) file
2026-06-12 12:00:22,800 - WARNING - The .bam file refers to a chromosome 'MT-' not present in the annotation (.gtf) file
2026-06-12 12:00:41,852 - DEBUG - Read first 40 million reads
2026-06-12 12:01:49,259 - DEBUG - Read first 50 million reads
2026-06-12 12:02:06,106 - DEBUG - Marking up chromosome X
2026-06-12 12:02:19,193 - DEBUG - Marking up chromosome Y
2026-06-12 12:02:19,199 - DEBUG - Marking up chromosome KI270728.1
2026-06-12 12:02:19,199 - DEBUG - Marking up chromosome KI270727.1
2026-06-12 12:02:19,200 - DEBUG - Marking up chromosome KI270442.1
2026-06-12 12:02:19,200 - WARNING - The .bam file refers to a chromosome 'KI270442.1+' not present in the annotation (.gtf) file
2026-06-12 12:02:19,200 - WARNING - The .bam file refers to a chromosome 'KI270442.1-' not present in the annotation (.gtf) file
2026-06-12 12:02:19,200 - DEBUG - Marking up chromosome GL000225.1
2026-06-12 12:02:19,200 - WARNING - The .bam file refers to a chromosome 'GL000225.1+' not present in the annotation (.gtf) file
2026-06-12 12:02:19,200 - WARNING - The .bam file refers to a chromosome 'GL000225.1-' not present in the annotation (.gtf) file
2026-06-12 12:02:19,201 - DEBUG - Marking up chromosome KI270743.1
2026-06-12 12:02:19,201 - WARNING - The .bam file refers to a chromosome 'KI270743.1+' not present in the annotation (.gtf) file
2026-06-12 12:02:19,201 - WARNING - The .bam file refers to a chromosome 'KI270743.1-' not present in the annotation (.gtf) file
2026-06-12 12:02:19,201 - DEBUG - Marking up chromosome GL000008.2
2026-06-12 12:02:19,201 - WARNING - The .bam file refers to a chromosome 'GL000008.2+' not present in the annotation (.gtf) file
2026-06-12 12:02:19,201 - WARNING - The .bam file refers to a chromosome 'GL000008.2-' not present in the annotation (.gtf) file
2026-06-12 12:02:19,201 - DEBUG - Marking up chromosome GL000009.2
2026-06-12 12:02:19,201 - WARNING - The .bam file refers to a chromosome 'GL000009.2+' not present in the annotation (.gtf) file
2026-06-12 12:02:19,202 - DEBUG - Marking up chromosome GL000194.1
2026-06-12 12:02:19,202 - WARNING - The .bam file refers to a chromosome 'GL000194.1+' not present in the annotation (.gtf) file
2026-06-12 12:02:19,203 - DEBUG - Marking up chromosome KI270742.1
2026-06-12 12:02:19,203 - WARNING - The .bam file refers to a chromosome 'KI270742.1+' not present in the annotation (.gtf) file
2026-06-12 12:02:19,203 - WARNING - The .bam file refers to a chromosome 'KI270742.1-' not present in the annotation (.gtf) file
2026-06-12 12:02:19,204 - DEBUG - Marking up chromosome GL000205.2
2026-06-12 12:02:19,204 - WARNING - The .bam file refers to a chromosome 'GL000205.2+' not present in the annotation (.gtf) file
2026-06-12 12:02:19,205 - DEBUG - Marking up chromosome GL000195.1
2026-06-12 12:02:19,246 - DEBUG - Marking up chromosome KI270733.1
2026-06-12 12:02:19,246 - WARNING - The .bam file refers to a chromosome 'KI270733.1+' not present in the annotation (.gtf) file
2026-06-12 12:02:19,246 - WARNING - The .bam file refers to a chromosome 'KI270733.1-' not present in the annotation (.gtf) file
2026-06-12 12:02:20,575 - DEBUG - Marking up chromosome GL000219.1
2026-06-12 12:02:20,575 - WARNING - The .bam file refers to a chromosome 'GL000219.1+' not present in the annotation (.gtf) file
2026-06-12 12:02:20,595 - DEBUG - Marking up chromosome KI270706.1
2026-06-12 12:02:20,595 - WARNING - The .bam file refers to a chromosome 'KI270706.1+' not present in the annotation (.gtf) file
2026-06-12 12:02:20,595 - WARNING - The .bam file refers to a chromosome 'KI270706.1-' not present in the annotation (.gtf) file
2026-06-12 12:02:20,598 - DEBUG - Marking up chromosome KI270734.1
2026-06-12 12:02:20,598 - DEBUG - Marking up chromosome GL000220.1
2026-06-12 12:02:20,598 - WARNING - The .bam file refers to a chromosome 'GL000220.1+' not present in the annotation (.gtf) file
2026-06-12 12:02:20,598 - WARNING - The .bam file refers to a chromosome 'GL000220.1-' not present in the annotation (.gtf) file
2026-06-12 12:02:24,981 - DEBUG - Marking up chromosome GL000218.1
2026-06-12 12:02:24,982 - WARNING - The .bam file refers to a chromosome 'GL000218.1+' not present in the annotation (.gtf) file
2026-06-12 12:02:24,984 - DEBUG - Marking up chromosome KI270741.1
2026-06-12 12:02:24,984 - WARNING - The .bam file refers to a chromosome 'KI270741.1+' not present in the annotation (.gtf) file
2026-06-12 12:02:24,984 - WARNING - The .bam file refers to a chromosome 'KI270741.1-' not present in the annotation (.gtf) file
2026-06-12 12:02:24,985 - DEBUG - Marking up chromosome GL000221.1
2026-06-12 12:02:24,985 - WARNING - The .bam file refers to a chromosome 'GL000221.1+' not present in the annotation (.gtf) file
2026-06-12 12:02:24,985 - WARNING - The .bam file refers to a chromosome 'GL000221.1-' not present in the annotation (.gtf) file
2026-06-12 12:02:24,985 - DEBUG - Marking up chromosome GL000214.1
2026-06-12 12:02:24,986 - WARNING - The .bam file refers to a chromosome 'GL000214.1+' not present in the annotation (.gtf) file
2026-06-12 12:02:24,986 - WARNING - The .bam file refers to a chromosome 'GL000214.1-' not present in the annotation (.gtf) file
2026-06-12 12:02:24,997 - DEBUG - Marking up chromosome KI270711.1
2026-06-12 12:02:24,997 - WARNING - The .bam file refers to a chromosome 'KI270711.1+' not present in the annotation (.gtf) file
2026-06-12 12:02:24,998 - DEBUG - Marking up chromosome KI270745.1
2026-06-12 12:02:24,998 - WARNING - The .bam file refers to a chromosome 'KI270745.1+' not present in the annotation (.gtf) file
2026-06-12 12:02:24,998 - WARNING - The .bam file refers to a chromosome 'KI270745.1-' not present in the annotation (.gtf) file
2026-06-12 12:02:24,999 - DEBUG - Marking up chromosome KI270713.1
2026-06-12 12:02:24,999 - DEBUG - Marking up chromosome KI270720.1
2026-06-12 12:02:25,000 - WARNING - The .bam file refers to a chromosome 'KI270720.1+' not present in the annotation (.gtf) file
2026-06-12 12:02:25,000 - WARNING - The .bam file refers to a chromosome 'KI270720.1-' not present in the annotation (.gtf) file
2026-06-12 12:02:25,000 - DEBUG - Marking up chromosome KI270718.1
2026-06-12 12:02:25,000 - WARNING - The .bam file refers to a chromosome 'KI270718.1+' not present in the annotation (.gtf) file
2026-06-12 12:02:25,000 - WARNING - The .bam file refers to a chromosome 'KI270718.1-' not present in the annotation (.gtf) file
2026-06-12 12:02:29,214 - DEBUG - Read first 60 million reads
2026-06-12 12:02:40,657 - DEBUG - Read first 70 million reads
2026-06-12 12:02:49,734 - DEBUG - Read first 80 million reads
2026-06-12 12:02:58,803 - DEBUG - Read first 90 million reads
2026-06-12 12:03:07,887 - DEBUG - Read first 100 million reads
2026-06-12 12:03:16,976 - DEBUG - Read first 110 million reads
2026-06-12 12:03:26,059 - DEBUG - Read first 120 million reads
2026-06-12 12:03:35,130 - DEBUG - Read first 130 million reads
2026-06-12 12:03:44,224 - DEBUG - Read first 140 million reads
2026-06-12 12:03:53,328 - DEBUG - Read first 150 million reads
2026-06-12 12:04:02,443 - DEBUG - Read first 160 million reads
2026-06-12 12:04:02,892 - DEBUG - End of file. Reset index: start scanning from initial position.
2026-06-12 12:04:02,893 - DEBUG - 5618270 reads were skipped because no apropiate cell or umi barcode was found
2026-06-12 12:04:02,893 - INFO - Now just waiting that the bam sorting process terminates
2026-06-12 12:04:02,893 - INFO - bam file #0 has been sorted
2026-06-12 12:04:02,893 - DEBUG - Start molecule counting!
2026-06-12 12:04:04,248 - DEBUG - Features available for chromosomes : ['GL000009.2-', 'GL000194.1-', 'GL000195.1-', 'GL000195.1+', 'GL000205.2-', 'GL000213.1-', 'GL000218.1-', 'GL000219.1-', 'KI270711.1-', 'KI270713.1-', 'KI270713.1+', 'KI270721.1+', 'KI270726.1+', 'KI270727.1-', 'KI270727.1+', 'KI270728.1-', 'KI270728.1+', 'KI270731.1-', 'KI270734.1-', 'KI270734.1+', '1-', '1+', '10-', '10+', '11-', '11+', '12-', '12+', '13-', '13+', '14-', '14+', '15-', '15+', '16-', '16+', '17-', '17+', '18-', '18+', '19-', '19+', '2-', '2+', '20-', '20+', '21-', '21+', '22-', '22+', '3-', '3+', '4-', '4+', '5-', '5+', '6-', '6+', '7-', '7+', '8-', '8+', '9-', '9+', 'M-', 'M+', 'X-', 'X+', 'Y-', 'Y+']
2026-06-12 12:04:04,248 - DEBUG - Mask available for chromosomes : []
2026-06-12 12:04:04,248 - DEBUG - Summarizing the results of intron validation.
2026-06-12 12:04:04,504 - DEBUG - Validated 100534 introns (of which unique intervals 34594) out of 1106199 total possible introns (considering each possible transcript models).
2026-06-12 12:04:04,504 - DEBUG - Reading /research/peer/fdeckert/FD20250213HSCT/data/object/velocyto/S_7682_day0_transcriptome/cellsorted_possorted_genome_bam.bam
2026-06-12 12:04:04,506 - DEBUG - Read first 0 million reads
2026-06-12 12:04:30,698 - DEBUG - Read first 10 million reads
2026-06-12 12:04:45,798 - DEBUG - Read first 20 million reads
2026-06-12 12:05:11,238 - DEBUG - Read first 30 million reads
2026-06-12 12:05:37,282 - DEBUG - Read first 40 million reads
2026-06-12 12:05:59,401 - DEBUG - Counting for batch 1, containing 100 cells and 4887490 reads
2026-06-12 12:06:45,812 - DEBUG - 0 reads not considered because fully enclosed in repeat masked regions
2026-06-12 12:06:52,803 - DEBUG - Read first 50 million reads
2026-06-12 12:07:21,535 - DEBUG - Read first 60 million reads
2026-06-12 12:07:48,483 - DEBUG - Read first 70 million reads
2026-06-12 12:08:14,432 - DEBUG - Read first 80 million reads
2026-06-12 12:08:14,558 - DEBUG - Counting for batch 2, containing 100 cells and 5627826 reads
2026-06-12 12:09:12,140 - DEBUG - 0 reads not considered because fully enclosed in repeat masked regions
2026-06-12 12:09:41,634 - DEBUG - Read first 90 million reads
2026-06-12 12:10:06,332 - DEBUG - Read first 100 million reads
2026-06-12 12:10:32,770 - DEBUG - Read first 110 million reads
2026-06-12 12:10:36,840 - DEBUG - Counting for batch 3, containing 100 cells and 5090404 reads
2026-06-12 12:11:27,075 - DEBUG - 0 reads not considered because fully enclosed in repeat masked regions
2026-06-12 12:11:56,787 - DEBUG - Read first 120 million reads
2026-06-12 12:12:19,142 - DEBUG - Read first 130 million reads
2026-06-12 12:12:45,474 - DEBUG - Read first 140 million reads
2026-06-12 12:12:48,901 - DEBUG - Counting for batch 4, containing 100 cells and 4947862 reads
2026-06-12 12:13:37,977 - DEBUG - 0 reads not considered because fully enclosed in repeat masked regions
2026-06-12 12:14:06,690 - DEBUG - Read first 150 million reads
2026-06-12 12:14:36,063 - DEBUG - Read first 160 million reads
2026-06-12 12:14:37,011 - DEBUG - Counting for batch 5, containing 68 cells and 4168284 reads
2026-06-12 12:15:19,201 - DEBUG - 0 reads not considered because fully enclosed in repeat masked regions
2026-06-12 12:15:23,020 - DEBUG - 5618270 reads were skipped because no apropiate cell or umi barcode was found
2026-06-12 12:15:23,038 - DEBUG - Counting done!
2026-06-12 12:15:23,042 - DEBUG - Generating output file /research/peer/fdeckert/FD20250213HSCT/data/object/velocyto/S_7682_day0_transcriptome/velocyto.loom
2026-06-12 12:15:23,042 - DEBUG - Collecting row attributes
2026-06-12 12:15:23,122 - DEBUG - Generating data table
2026-06-12 12:15:23,187 - DEBUG - Writing loom file
2026-06-12 12:15:23,293 - DEBUG - Creating converter from 5 to 3
2026-06-12 12:15:23,310 - DEBUG - Creating converter from 3 to 5
2026-06-12 12:15:24,109 - DEBUG - Terminated Succesfully!
