[NbConvertApp] Converting notebook scirpy.p.ipynb to html
sh: which: line 1: syntax error: unexpected end of file
sh: error importing function definition for `which'
sh: module: line 1: syntax error: unexpected end of file
sh: error importing function definition for `module'
sh: ml: line 1: syntax error: unexpected end of file
sh: error importing function definition for `ml'
sh: which: line 1: syntax error: unexpected end of file
sh: error importing function definition for `which'
sh: module: line 1: syntax error: unexpected end of file
sh: error importing function definition for `module'
sh: ml: line 1: syntax error: unexpected end of file
sh: error importing function definition for `ml'
sh: which: line 1: syntax error: unexpected end of file
sh: error importing function definition for `which'
sh: module: line 1: syntax error: unexpected end of file
sh: error importing function definition for `module'
sh: ml: line 1: syntax error: unexpected end of file
sh: error importing function definition for `ml'
sh: which: line 1: syntax error: unexpected end of file
sh: error importing function definition for `which'
sh: module: line 1: syntax error: unexpected end of file
sh: error importing function definition for `module'
sh: ml: line 1: syntax error: unexpected end of file
sh: error importing function definition for `ml'
[NbConvertApp] WARNING | Alternative text is missing on 3 image(s).
[NbConvertApp] Writing 886534 bytes to scirpy.p.html
