Patient_8
/research/peer/fdeckert/FD20220623HSCT/data/object/genotype/cellsnp/cellsnp_mode_1a_merge_vcf/
/research/peer/fdeckert/FD20220623HSCT/data/object/genotype/vireo/vireo_mode_1a_merge_vcf/
[vireo] Loading cell folder ...
[vireo] Demultiplex 11673 cells to 2 donors with 105224 variants.
[vireo] lower bound ranges [-1561972.0, -1561696.9, -1561519.8]
[vireo] allelic rate mean and concentrations:
[[0.001 0.319 0.978]]
[[19083199.2  2144539.4   718699.4]]
[vireo] donor size before removing doublets:
donor0	donor1
6536	5137
[vireo] final donor size:
donor0	donor1	doublet	unassigned
6022	4717	564	370
[vireo] All done: 2 min 30.6 sec

[vireo] Loading vartrix files ...
[vireo] Demultiplex 11673 cells to 2 donors with 105224 variants.
[vireo] lower bound ranges [-1611963.7, -1611689.0, -1611631.5]
[vireo] allelic rate mean and concentrations:
[[0.002 0.111 0.446]]
[[19204856.7  1550536.9  1248551.3]]
[vireo] donor size before removing doublets:
donor0	donor1
5070	6603
[vireo] final donor size:
donor0	donor1	doublet	unassigned
4694	6223	426	330
[vireo] All done: 2 min 46.1 sec

[vireo] Loading vartrix files ...
[vireo] Demultiplex 11673 cells to 2 donors with 29058 variants.
[vireo] lower bound ranges [-1454121.2, -1453994.6, -1453958.3]
[vireo] allelic rate mean and concentrations:
[[0.003 0.149 0.457]]
[[14395123.9  1241014.3  1182324.8]]
[vireo] donor size before removing doublets:
donor0	donor1
5076	6597
[vireo] final donor size:
donor0	donor1	doublet	unassigned
4632	6119	494	428
[vireo] All done: 1 min 29.5 sec

[vireo] Loading vartrix files ...
[vireo] Demultiplex 11673 cells to 2 donors with 28980 variants.
[vireo] lower bound ranges [-1451854.3, -1451761.5, -1451731.8]
[vireo] allelic rate mean and concentrations:
[[0.004 0.149 0.457]]
[[13971651.1  1238293.5  1182172.4]]
[vireo] donor size before removing doublets:
donor0	donor1
6600	5073
[vireo] final donor size:
donor0	donor1	doublet	unassigned
6119	4636	496	422
[vireo] All done: 1 min 28.8 sec

[vireo] Loading vartrix files ...
[vireo] Demultiplex 11673 cells to 2 donors with 28480 variants.
[vireo] lower bound ranges [-1437065.4, -1436922.3, -1436894.8]
[vireo] allelic rate mean and concentrations:
[[0.004 0.151 0.458]]
[[12085738.5  1226947.6  1178712.8]]
[vireo] donor size before removing doublets:
donor0	donor1
5071	6602
[vireo] final donor size:
donor0	donor1	doublet	unassigned
4636	6116	490	431
[vireo] All done: 1 min 20.6 sec

[vireo] Loading vartrix files ...
[vireo] Demultiplex 11673 cells to 2 donors with 22643 variants.
[vireo] lower bound ranges [-1276184.7, -1276068.8, -1276026.3]
[vireo] allelic rate mean and concentrations:
[[0.012 0.164 0.46 ]]
[[2710698.7 1116596.3 1162045. ]]
[vireo] donor size before removing doublets:
donor0	donor1
5080	6593
[vireo] final donor size:
donor0	donor1	doublet	unassigned
4671	6156	434	412
[vireo] All done: 0 min 32.5 sec

[vireo] Loading vartrix files ...
[vireo] Demultiplex 11673 cells to 2 donors with 18829 variants.
[vireo] lower bound ranges [-1283758.4, -1283584.6, -1217092.9]
[vireo] allelic rate mean and concentrations:
[[0.018 0.169 0.461]]
[[1519349.9 1081075.4 1154096.7]]
[vireo] donor size before removing doublets:
donor0	donor1
5082	6591
[vireo] final donor size:
donor0	donor1	doublet	unassigned
4672	6153	411	437
[vireo] All done: 0 min 25.4 sec

[vireo] Loading vartrix files ...
[vireo] Demultiplex 11673 cells to 2 donors with 10110 variants.
[vireo] lower bound ranges [-1161562.9, -1161489.4, -1123076.9]
[vireo] allelic rate mean and concentrations:
[[0.021 0.175 0.462]]
[[ 722968.2 1026522.9 1146424. ]]
[vireo] donor size before removing doublets:
donor0	donor1
5079	6594
[vireo] final donor size:
donor0	donor1	doublet	unassigned
4637	6099	411	526
[vireo] All done: 0 min 18.6 sec

[vireo] Loading vartrix files ...
[vireo] Demultiplex 11673 cells to 2 donors with 8897 variants.
[vireo] lower bound ranges [-1093425.3, -1093319.8, -1063877.1]
[vireo] allelic rate mean and concentrations:
[[0.019 0.179 0.463]]
[[ 532710.   919716.6 1137241.4]]
[vireo] donor size before removing doublets:
donor0	donor1
6598	5075
[vireo] final donor size:
donor0	donor1	doublet	unassigned
6084	4611	426	552
[vireo] All done: 0 min 17.1 sec

[vireo] Loading vartrix files ...
[vireo] Demultiplex 11673 cells to 2 donors with 6276 variants.
[vireo] lower bound ranges [-774740.9, -774663.1, -774625.6]
[vireo] allelic rate mean and concentrations:
[[0.119 0.439 0.925]]
[[ 502267.4 1046331.4   34946.2]]
[vireo] donor size before removing doublets:
donor0	donor1
6586	5087
[vireo] final donor size:
donor0	donor1	doublet	unassigned
5940	4531	277	925
[vireo] All done: 0 min 12.2 sec

