Patient_10
/research/peer/fdeckert/FD20220623HSCT/data/object/genotype/cellsnp/cellsnp_mode_1a_merge_vcf/
/research/peer/fdeckert/FD20220623HSCT/data/object/genotype/vireo/vireo_mode_1a_merge_vcf/
[vireo] Loading cell folder ...
[vireo] Demultiplex 9973 cells to 2 donors with 130982 variants.
[vireo] lower bound ranges [-2518042.4, -2515870.2, -2513847.8]
[vireo] allelic rate mean and concentrations:
[[0.001 0.359 0.994]]
[[32619563.6  4842458.1   962120.2]]
[vireo] donor size before removing doublets:
donor0	donor1
6512	3461
[vireo] final donor size:
donor0	donor1	doublet	unassigned
6319	3132	418	104
[vireo] All done: 3 min 20.2 sec

[vireo] Loading vartrix files ...
[vireo] Demultiplex 9973 cells to 2 donors with 130982 variants.
[vireo] lower bound ranges [-2727516.2, -2723419.5, -2532774.5]
[vireo] allelic rate mean and concentrations:
[[0.002 0.062 0.397]]
[[32143516.   2345701.5  4023096.4]]
[vireo] donor size before removing doublets:
donor0	donor1
6458	3515
[vireo] final donor size:
donor0	donor1	doublet	unassigned
6327	3277	265	104
[vireo] All done: 4 min 20.4 sec

[vireo] Loading vartrix files ...
[vireo] Demultiplex 9973 cells to 2 donors with 33848 variants.
[vireo] lower bound ranges [-2505285.8, -2504672.1, -2346555.8]
[vireo] allelic rate mean and concentrations:
[[0.002 0.139 0.421]]
[[25775598.8  1769206.7  3532630.5]]
[vireo] donor size before removing doublets:
donor0	donor1
6494	3479
[vireo] final donor size:
donor0	donor1	doublet	unassigned
6301	3197	347	128
[vireo] All done: 2 min 1.5 sec

[vireo] Loading vartrix files ...
[vireo] Demultiplex 9973 cells to 2 donors with 33666 variants.
[vireo] lower bound ranges [-2499403.1, -2498784.0, -2341384.6]
[vireo] allelic rate mean and concentrations:
[[0.003 0.139 0.421]]
[[24677787.6  1766347.7  3532133.7]]
[vireo] donor size before removing doublets:
donor0	donor1
6495	3478
[vireo] final donor size:
donor0	donor1	doublet	unassigned
6301	3193	347	132
[vireo] All done: 1 min 56.9 sec

[vireo] Loading vartrix files ...
[vireo] Demultiplex 9973 cells to 2 donors with 32668 variants.
[vireo] lower bound ranges [-2454622.9, -2454023.3, -2301614.8]
[vireo] allelic rate mean and concentrations:
[[0.003 0.14  0.421]]
[[18345694.2  1750001.3  3530327.5]]
[vireo] donor size before removing doublets:
donor0	donor1
3485	6488
[vireo] final donor size:
donor0	donor1	doublet	unassigned
3198	6307	341	127
[vireo] All done: 1 min 42.0 sec

[vireo] Loading vartrix files ...
[vireo] Demultiplex 9973 cells to 2 donors with 24877 variants.
[vireo] lower bound ranges [-2174320.7, -2173735.5, -2078563.4]
[vireo] allelic rate mean and concentrations:
[[0.012 0.16  0.425]]
[[3226256.1 1624553.  3437295.8]]
[vireo] donor size before removing doublets:
donor0	donor1
3432	6541
[vireo] final donor size:
donor0	donor1	doublet	unassigned
3177	6331	343	122
[vireo] All done: 0 min 38.8 sec

[vireo] Loading vartrix files ...
[vireo] Demultiplex 9973 cells to 2 donors with 20863 variants.
[vireo] lower bound ranges [-2084853.7, -2084773.6, -2084736.6]
[vireo] allelic rate mean and concentrations:
[[0.051 0.391 0.901]]
[[2875501.4 4002147.4   42258.2]]
[vireo] donor size before removing doublets:
donor0	donor1
6538	3435
[vireo] final donor size:
donor0	donor1	doublet	unassigned
6348	3210	273	142
[vireo] All done: 0 min 30.6 sec

[vireo] Loading vartrix files ...
[vireo] Demultiplex 9973 cells to 2 donors with 11830 variants.
[vireo] lower bound ranges [-1932621.5, -1932611.3, -1892605.9]
[vireo] allelic rate mean and concentrations:
[[0.068 0.293 0.474]]
[[1537468.2 1940743.1 2211279.7]]
[vireo] donor size before removing doublets:
donor0	donor1
6515	3458
[vireo] final donor size:
donor0	donor1	doublet	unassigned
6297	3228	248	200
[vireo] All done: 0 min 25.2 sec

[vireo] Loading vartrix files ...
[vireo] Demultiplex 9973 cells to 2 donors with 10465 variants.
[vireo] lower bound ranges [-1857618.6, -1857608.6, -1819709.2]
[vireo] allelic rate mean and concentrations:
[[0.068 0.293 0.474]]
[[1175246.4 1934699.8 2205574.8]]
[vireo] donor size before removing doublets:
donor0	donor1
6510	3463
[vireo] final donor size:
donor0	donor1	doublet	unassigned
6272	3226	246	229
[vireo] All done: 0 min 22.2 sec

[vireo] Loading vartrix files ...
[vireo] Demultiplex 9973 cells to 2 donors with 7635 variants.
[vireo] lower bound ranges [-1544771.7, -1544699.1, -1544695.1]
[vireo] allelic rate mean and concentrations:
[[0.153 0.418 0.935]]
[[ 864914.5 3272160.5   34797. ]]
[vireo] donor size before removing doublets:
donor0	donor1
6525	3448
[vireo] final donor size:
donor0	donor1	doublet	unassigned
6217	3208	187	361
[vireo] All done: 0 min 18.7 sec

