Patient_8
/research/peer/fdeckert/FD20220623HSCT/data/object/genotype/cellsnp/cellsnp_mode_1a_genome1k/
/research/peer/fdeckert/FD20220623HSCT/data/object/genotype/vireo/vireo_mode_1a_genome1k/
[vireo] Loading cell folder ...
[vireo] Demultiplex 11673 cells to 2 donors with 103352 variants.
[vireo] lower bound ranges [-1184020.2, -1183898.3, -1183739.8]
[vireo] allelic rate mean and concentrations:
[[0.001 0.385 0.981]]
[[19096197.7  1376160.2   710631.1]]
[vireo] donor size before removing doublets:
donor0	donor1
6558	5115
[vireo] final donor size:
donor0	donor1	doublet	unassigned
6042	4704	588	339
[vireo] All done: 2 min 9.8 sec

[vireo] Loading vartrix files ...
[vireo] Demultiplex 11673 cells to 2 donors with 103352 variants.
[vireo] lower bound ranges [-1351184.2, -1351096.5, -1237008.2]
[vireo] allelic rate mean and concentrations:
[[0.001 0.008 0.384]]
[[14036134.4  5769830.   1434388.6]]
[vireo] donor size before removing doublets:
donor0	donor1
6580	5093
[vireo] final donor size:
donor0	donor1	doublet	unassigned
6058	4689	483	443
[vireo] All done: 2 min 39.4 sec

[vireo] Loading vartrix files ...
[vireo] Demultiplex 11673 cells to 2 donors with 27186 variants.
[vireo] lower bound ranges [-1173013.7, -1172948.6, -1125092.1]
[vireo] allelic rate mean and concentrations:
[[0.003 0.12  0.462]]
[[14303054.6   707943.2  1043873.3]]
[vireo] donor size before removing doublets:
donor0	donor1
5064	6609
[vireo] final donor size:
donor0	donor1	doublet	unassigned
4625	6146	454	448
[vireo] All done: 1 min 16.8 sec

[vireo] Loading vartrix files ...
[vireo] Demultiplex 11673 cells to 2 donors with 27108 variants.
[vireo] lower bound ranges [-1170476.2, -1170421.2, -1122787.8]
[vireo] allelic rate mean and concentrations:
[[0.003 0.121 0.462]]
[[13885301.7   699787.3  1043436. ]]
[vireo] donor size before removing doublets:
donor0	donor1
6605	5068
[vireo] final donor size:
donor0	donor1	doublet	unassigned
6142	4624	461	446
[vireo] All done: 1 min 13.6 sec

[vireo] Loading vartrix files ...
[vireo] Demultiplex 11673 cells to 2 donors with 26608 variants.
[vireo] lower bound ranges [-1154386.4, -1154336.5, -1108300.4]
[vireo] allelic rate mean and concentrations:
[[0.004 0.125 0.462]]
[[12018477.8   666852.4  1042476.8]]
[vireo] donor size before removing doublets:
donor0	donor1
6599	5074
[vireo] final donor size:
donor0	donor1	doublet	unassigned
6127	4626	473	447
[vireo] All done: 1 min 4.9 sec

[vireo] Loading vartrix files ...
[vireo] Demultiplex 11673 cells to 2 donors with 20771 variants.
[vireo] lower bound ranges [-984306.2, -984291.4, -948912.6]
[vireo] allelic rate mean and concentrations:
[[0.012 0.157 0.466]]
[[2680414.1  525044.2 1020289.6]]
[vireo] donor size before removing doublets:
donor0	donor1
6591	5082
[vireo] final donor size:
donor0	donor1	doublet	unassigned
6155	4660	431	427
[vireo] All done: 0 min 26.3 sec

[vireo] Loading vartrix files ...
[vireo] Demultiplex 11673 cells to 2 donors with 16957 variants.
[vireo] lower bound ranges [-921264.6, -921240.7, -921236.6]
[vireo] allelic rate mean and concentrations:
[[0.025 0.383 0.843]]
[[1641202.7 1297671.9   52055.3]]
[vireo] donor size before removing doublets:
donor0	donor1
6569	5104
[vireo] final donor size:
donor0	donor1	doublet	unassigned
6074	4700	402	497
[vireo] All done: 0 min 19.2 sec

[vireo] Loading vartrix files ...
[vireo] Demultiplex 11673 cells to 2 donors with 8239 variants.
[vireo] lower bound ranges [-818909.5, -818706.7, -818704.3]
[vireo] allelic rate mean and concentrations:
[[0.053 0.415 0.859]]
[[ 947587.5 1136289.7   48562.8]]
[vireo] donor size before removing doublets:
donor0	donor1
5094	6579
[vireo] final donor size:
donor0	donor1	doublet	unassigned
4653	6074	362	584
[vireo] All done: 0 min 12.8 sec

[vireo] Loading vartrix files ...
[vireo] Demultiplex 11673 cells to 2 donors with 7106 variants.
[vireo] lower bound ranges [-759211.5, -759068.7, -759023.7]
[vireo] allelic rate mean and concentrations:
[[0.051 0.418 0.864]]
[[ 684036.3 1116691.7   47091. ]]
[vireo] donor size before removing doublets:
donor0	donor1
5087	6586
[vireo] final donor size:
donor0	donor1	doublet	unassigned
4619	6059	380	615
[vireo] All done: 0 min 12.7 sec

[vireo] Loading vartrix files ...
[vireo] Demultiplex 11673 cells to 2 donors with 5501 variants.
[vireo] lower bound ranges [-595683.7, -595650.5, -595636.4]
[vireo] allelic rate mean and concentrations:
[[0.045 0.432 0.923]]
[[286474.1 946904.4  34682.5]]
[vireo] donor size before removing doublets:
donor0	donor1
6588	5085
[vireo] final donor size:
donor0	donor1	doublet	unassigned
5891	4511	386	885
[vireo] All done: 0 min 9.5 sec

