Patient_1
/research/peer/fdeckert/FD20220623HSCT/data/object/genotype/cellsnp/cellsnp_mode_1a_genome1k/
/research/peer/fdeckert/FD20220623HSCT/data/object/genotype/vireo/vireo_mode_1a_genome1k/
[vireo] Loading cell folder ...
[vireo] Demultiplex 7147 cells to 2 donors with 171254 variants.
[vireo] lower bound ranges [-2413414.9, -2254763.0, -2247806.4]
[vireo] allelic rate mean and concentrations:
[[0.001 0.47  0.997]]
[[64375363.6  4272411.   2439946.4]]
[vireo] donor size before removing doublets:
donor0	donor1
7077	70
[vireo] final donor size:
donor0	donor1	doublet	unassigned
7076	40	28	3
[vireo] All done: 4 min 9.2 sec

[vireo] Loading vartrix files ...
[vireo] Demultiplex 7147 cells to 2 donors with 171254 variants.
[vireo] lower bound ranges [-2936828.0, -2642823.2, -2568630.7]
[vireo] allelic rate mean and concentrations:
[[0.001 0.014 0.429]]
[[58730978.8  8382893.1  4252022.2]]
[vireo] donor size before removing doublets:
donor0	donor1
7032	115
[vireo] final donor size:
donor0	donor1	doublet	unassigned
7017	89	19	22
[vireo] All done: 5 min 31.6 sec

[vireo] Loading vartrix files ...
[vireo] Demultiplex 7147 cells to 2 donors with 50557 variants.
[vireo] lower bound ranges [-2643132.4, -2558671.5, -2555883.7]
[vireo] allelic rate mean and concentrations:
[[0.003 0.418 0.872]]
[[5.76398122e+07 4.36356760e+06 2.26262000e+04]]
[vireo] donor size before removing doublets:
donor0	donor1
111	7036
[vireo] final donor size:
donor0	donor1	doublet	unassigned
66	7019	31	31
[vireo] All done: 3 min 6.8 sec

[vireo] Loading vartrix files ...
[vireo] Demultiplex 7147 cells to 2 donors with 50259 variants.
[vireo] lower bound ranges [-2627590.5, -2542038.3, -2539069.2]
[vireo] allelic rate mean and concentrations:
[[0.003 0.418 0.874]]
[[5.40138948e+07 4.36321880e+06 2.25123000e+04]]
[vireo] donor size before removing doublets:
donor0	donor1
103	7044
[vireo] final donor size:
donor0	donor1	doublet	unassigned
67	7034	23	23
[vireo] All done: 3 min 0.2 sec

[vireo] Loading vartrix files ...
[vireo] Demultiplex 7147 cells to 2 donors with 48844 variants.
[vireo] lower bound ranges [-2541145.3, -2462323.1, -2458706.5]
[vireo] allelic rate mean and concentrations:
[[0.004 0.418 0.877]]
[[4.13723428e+07 4.35635280e+06 2.23824000e+04]]
[vireo] donor size before removing doublets:
donor0	donor1
103	7044
[vireo] final donor size:
donor0	donor1	doublet	unassigned
65	7031	23	28
[vireo] All done: 2 min 34.8 sec

[vireo] Loading vartrix files ...
[vireo] Demultiplex 7147 cells to 2 donors with 36176 variants.
[vireo] lower bound ranges [-2048232.2, -2040361.4, -1981906.8]
[vireo] allelic rate mean and concentrations:
[[0.015 0.428 0.885]]
[[8355333.5 4214076.2   21964.3]]
[vireo] donor size before removing doublets:
donor0	donor1
102	7045
[vireo] final donor size:
donor0	donor1	doublet	unassigned
72	7024	15	36
[vireo] All done: 0 min 56.4 sec

[vireo] Loading vartrix files ...
[vireo] Demultiplex 7147 cells to 2 donors with 29028 variants.
[vireo] lower bound ranges [-1870848.9, -1864064.4, -1817828.4]
[vireo] allelic rate mean and concentrations:
[[0.025 0.431 0.891]]
[[4114847.6 4165339.7   21536.7]]
[vireo] donor size before removing doublets:
donor0	donor1
7044	103
[vireo] final donor size:
donor0	donor1	doublet	unassigned
7012	79	16	40
[vireo] All done: 0 min 34.4 sec

[vireo] Loading vartrix files ...
[vireo] Demultiplex 7147 cells to 2 donors with 10749 variants.
[vireo] lower bound ranges [-1531410.1, -1528850.2, -1527435.6]
[vireo] allelic rate mean and concentrations:
[[0.083 0.348 0.48 ]]
[[ 661268.6 1456145.7 2689554.8]]
[vireo] donor size before removing doublets:
donor0	donor1
3011	4136
[vireo] final donor size:
donor0	donor1	doublet	unassigned
1763	2699	138	2547
[vireo] All done: 0 min 27.6 sec

[vireo] Loading vartrix files ...
[vireo] Demultiplex 7147 cells to 2 donors with 8591 variants.
[vireo] lower bound ranges [-1444259.8, -1441300.0, -1440841.8]
[vireo] allelic rate mean and concentrations:
[[0.181 0.446 0.986]]
[[ 471161.6 3887411.2    4385.2]]
[vireo] donor size before removing doublets:
donor0	donor1
4330	2817
[vireo] final donor size:
donor0	donor1	doublet	unassigned
2607	1336	19	3185
[vireo] All done: 0 min 19.8 sec

[vireo] Loading vartrix files ...
[vireo] Demultiplex 7147 cells to 2 donors with 7708 variants.
[vireo] lower bound ranges [-1400476.4, -1372021.9, -1361967.5]
[vireo] allelic rate mean and concentrations:
[[0.285 0.462 0.992]]
[[6.9336600e+05 3.4495249e+06 3.3761000e+03]]
[vireo] donor size before removing doublets:
donor0	donor1
3885	3262
[vireo] final donor size:
donor0	donor1	doublet	unassigned
2493	1935	72	2647
[vireo] All done: 0 min 18.5 sec

