Patient_11
/research/peer/fdeckert/FD20220623HSCT/data/object/genotype/cellsnp/cellsnp_mode_1a_genome1k/
/research/peer/fdeckert/FD20220623HSCT/data/object/genotype/vireo/vireo_mode_1a_genome1k/
[vireo] Loading cell folder ...
[vireo] Demultiplex 8643 cells to 2 donors with 133093 variants.
[vireo] lower bound ranges [-1376890.0, -1376173.6, -1375839.3]
[vireo] allelic rate mean and concentrations:
[[0.001 0.456 0.992]]
[[29892762.3  1956456.6   847472.1]]
[vireo] donor size before removing doublets:
donor0	donor1
4488	4155
[vireo] final donor size:
donor0	donor1	doublet	unassigned
4331	3976	260	76
[vireo] All done: 2 min 30.0 sec

[vireo] Loading vartrix files ...
[vireo] Demultiplex 8643 cells to 2 donors with 133093 variants.
[vireo] lower bound ranges [-1565322.6, -1564209.7, -1407150.4]
[vireo] allelic rate mean and concentrations:
[[0.001 0.007 0.452]]
[[24225079.2  6566498.8  1957427. ]]
[vireo] donor size before removing doublets:
donor0	donor1
4133	4510
[vireo] final donor size:
donor0	donor1	doublet	unassigned
3951	4365	241	86
[vireo] All done: 2 min 32.4 sec

[vireo] Loading vartrix files ...
[vireo] Demultiplex 8643 cells to 2 donors with 29957 variants.
[vireo] lower bound ranges [-1333047.8, -1333006.2, -1289176.1]
[vireo] allelic rate mean and concentrations:
[[0.002 0.031 0.458]]
[[21785847.3  1282842.8  1919233.9]]
[vireo] donor size before removing doublets:
donor0	donor1
4534	4109
[vireo] final donor size:
donor0	donor1	doublet	unassigned
4381	3930	226	106
[vireo] All done: 1 min 14.4 sec

[vireo] Loading vartrix files ...
[vireo] Demultiplex 8643 cells to 2 donors with 29731 variants.
[vireo] lower bound ranges [-1326235.2, -1326160.0, -1282892.8]
[vireo] allelic rate mean and concentrations:
[[0.002 0.031 0.458]]
[[20437399.7  1256507.5  1918998.8]]
[vireo] donor size before removing doublets:
donor0	donor1
4540	4103
[vireo] final donor size:
donor0	donor1	doublet	unassigned
4383	3929	227	104
[vireo] All done: 1 min 13.4 sec

[vireo] Loading vartrix files ...
[vireo] Demultiplex 8643 cells to 2 donors with 28602 variants.
[vireo] lower bound ranges [-1279655.5, -1279601.0, -1245081.7]
[vireo] allelic rate mean and concentrations:
[[0.002 0.036 0.458]]
[[13871023.3  1038913.5  1917403.2]]
[vireo] donor size before removing doublets:
donor0	donor1
4544	4099
[vireo] final donor size:
donor0	donor1	doublet	unassigned
4381	3914	239	109
[vireo] All done: 0 min 59.0 sec

[vireo] Loading vartrix files ...
[vireo] Demultiplex 8643 cells to 2 donors with 21590 variants.
[vireo] lower bound ranges [-1082419.7, -1082369.8, -1082343.6]
[vireo] allelic rate mean and concentrations:
[[0.017 0.445 0.94 ]]
[[2554215.9 1891657.4   43223.8]]
[vireo] donor size before removing doublets:
donor0	donor1
4501	4142
[vireo] final donor size:
donor0	donor1	doublet	unassigned
4364	3943	236	100
[vireo] All done: 0 min 19.8 sec

[vireo] Loading vartrix files ...
[vireo] Demultiplex 8643 cells to 2 donors with 18098 variants.
[vireo] lower bound ranges [-1029241.9, -1029166.6, -1029145.3]
[vireo] allelic rate mean and concentrations:
[[0.025 0.446 0.94 ]]
[[1498651.7 1885058.3   43266.9]]
[vireo] donor size before removing doublets:
donor0	donor1
4141	4502
[vireo] final donor size:
donor0	donor1	doublet	unassigned
3953	4369	225	96
[vireo] All done: 0 min 15.5 sec

[vireo] Loading vartrix files ...
[vireo] Demultiplex 8643 cells to 2 donors with 9725 variants.
[vireo] lower bound ranges [-942231.7, -942031.8, -942016.7]
[vireo] allelic rate mean and concentrations:
[[0.033 0.447 0.943]]
[[ 752268.1 1870841.8   42903.1]]
[vireo] donor size before removing doublets:
donor0	donor1
4146	4497
[vireo] final donor size:
donor0	donor1	doublet	unassigned
3942	4356	223	122
[vireo] All done: 0 min 11.2 sec

[vireo] Loading vartrix files ...
[vireo] Demultiplex 8643 cells to 2 donors with 8519 variants.
[vireo] lower bound ranges [-907032.9, -906732.9, -906719.5]
[vireo] allelic rate mean and concentrations:
[[0.027 0.447 0.944]]
[[ 599224.1 1865369.2   42654.7]]
[vireo] donor size before removing doublets:
donor0	donor1
4497	4146
[vireo] final donor size:
donor0	donor1	doublet	unassigned
4353	3928	237	125
[vireo] All done: 0 min 10.8 sec

[vireo] Loading vartrix files ...
[vireo] Demultiplex 8643 cells to 2 donors with 6765 variants.
[vireo] lower bound ranges [-803748.7, -803221.7, -803221.7]
[vireo] allelic rate mean and concentrations:
[[0.023 0.451 0.948]]
[[ 288081.7 1728589.6   38998.8]]
[vireo] donor size before removing doublets:
donor0	donor1
4484	4159
[vireo] final donor size:
donor0	donor1	doublet	unassigned
4318	3877	239	209
[vireo] All done: 0 min 10.6 sec

