Patient_4
/research/peer/fdeckert/FD20220623HSCT/data/object/genotype/cellsnp/cellsnp_mode_1a_genome1k/
/research/peer/fdeckert/FD20220623HSCT/data/object/genotype/vireo/vireo_mode_1a_genome1k/
[vireo] Loading cell folder ...
[vireo] Demultiplex 7519 cells to 2 donors with 255221 variants.
[vireo] lower bound ranges [-3233175.3, -3191273.4, -3181032.9]
[vireo] allelic rate mean and concentrations:
[[0.001 0.495 0.992]]
[[91662834.8  5564326.1  2229956.2]]
[vireo] donor size before removing doublets:
donor0	donor1
3438	4081
[vireo] final donor size:
donor0	donor1	doublet	unassigned
3409	4045	50	15
[vireo] All done: 4 min 11.1 sec

[vireo] Loading vartrix files ...
[vireo] Demultiplex 7519 cells to 2 donors with 255221 variants.
[vireo] lower bound ranges [-3889328.6, -3857599.4, -3841895.0]
[vireo] allelic rate mean and concentrations:
[[0.003 0.431 0.98 ]]
[[93891404.1  5788199.6   140321.4]]
[vireo] donor size before removing doublets:
donor0	donor1
3435	4084
[vireo] final donor size:
donor0	donor1	doublet	unassigned
3409	4045	45	20
[vireo] All done: 4 min 51.0 sec

[vireo] Loading vartrix files ...
[vireo] Demultiplex 7519 cells to 2 donors with 72716 variants.
[vireo] lower bound ranges [-3445266.9, -3422370.6, -3407894.4]
[vireo] allelic rate mean and concentrations:
[[0.003 0.432 0.98 ]]
[[79971906.9  5768928.2   140238.9]]
[vireo] donor size before removing doublets:
donor0	donor1
4082	3437
[vireo] final donor size:
donor0	donor1	doublet	unassigned
4041	3410	45	23
[vireo] All done: 2 min 28.4 sec

[vireo] Loading vartrix files ...
[vireo] Demultiplex 7519 cells to 2 donors with 72195 variants.
[vireo] lower bound ranges [-3426561.3, -3396533.9, -3383071.3]
[vireo] allelic rate mean and concentrations:
[[0.003 0.433 0.98 ]]
[[74499682.9  5764436.9   140234.2]]
[vireo] donor size before removing doublets:
donor0	donor1
3437	4082
[vireo] final donor size:
donor0	donor1	doublet	unassigned
3409	4041	45	24
[vireo] All done: 2 min 23.3 sec

[vireo] Loading vartrix files ...
[vireo] Demultiplex 7519 cells to 2 donors with 69933 variants.
[vireo] lower bound ranges [-3288550.8, -3258678.9, -3244442.1]
[vireo] allelic rate mean and concentrations:
[[0.005 0.434 0.98 ]]
[[52302088.7  5731498.2   140201.1]]
[vireo] donor size before removing doublets:
donor0	donor1
3437	4082
[vireo] final donor size:
donor0	donor1	doublet	unassigned
3411	4043	43	22
[vireo] All done: 2 min 0.7 sec

[vireo] Loading vartrix files ...
[vireo] Demultiplex 7519 cells to 2 donors with 54516 variants.
[vireo] lower bound ranges [-2683784.7, -2665662.6, -2657706.4]
[vireo] allelic rate mean and concentrations:
[[0.016 0.441 0.98 ]]
[[10945584.2  5610577.9   140083.9]]
[vireo] donor size before removing doublets:
donor0	donor1
4083	3436
[vireo] final donor size:
donor0	donor1	doublet	unassigned
4047	3412	41	19
[vireo] All done: 0 min 50.3 sec

[vireo] Loading vartrix files ...
[vireo] Demultiplex 7519 cells to 2 donors with 46679 variants.
[vireo] lower bound ranges [-2506393.8, -2497614.8, -2489517.2]
[vireo] allelic rate mean and concentrations:
[[0.022 0.443 0.981]]
[[6599946.7 5569405.9  139912.4]]
[vireo] donor size before removing doublets:
donor0	donor1
3437	4082
[vireo] final donor size:
donor0	donor1	doublet	unassigned
3411	4046	40	22
[vireo] All done: 0 min 35.6 sec

[vireo] Loading vartrix files ...
[vireo] Demultiplex 7519 cells to 2 donors with 24264 variants.
[vireo] lower bound ranges [-2198699.4, -2184842.6, -2177614.8]
[vireo] allelic rate mean and concentrations:
[[0.024 0.444 0.981]]
[[3451957.3 5552965.7  139712. ]]
[vireo] donor size before removing doublets:
donor0	donor1
4081	3438
[vireo] final donor size:
donor0	donor1	doublet	unassigned
4035	3409	39	36
[vireo] All done: 0 min 25.0 sec

[vireo] Loading vartrix files ...
[vireo] Demultiplex 7519 cells to 2 donors with 20525 variants.
[vireo] lower bound ranges [-2019178.7, -2012637.4, -2005455.3]
[vireo] allelic rate mean and concentrations:
[[0.01  0.442 0.985]]
[[2481297.  5581772.9  132269.1]]
[vireo] donor size before removing doublets:
donor0	donor1
4080	3439
[vireo] final donor size:
donor0	donor1	doublet	unassigned
4024	3410	39	46
[vireo] All done: 0 min 24.6 sec

[vireo] Loading vartrix files ...
[vireo] Demultiplex 7519 cells to 2 donors with 15524 variants.
[vireo] lower bound ranges [-1663555.3, -1659050.8, -1659050.8]
[vireo] allelic rate mean and concentrations:
[[0.005 0.449 0.987]]
[[1518387.6 5001721.4  122469.1]]
[vireo] donor size before removing doublets:
donor0	donor1
4078	3441
[vireo] final donor size:
donor0	donor1	doublet	unassigned
4015	3405	37	62
[vireo] All done: 0 min 19.8 sec

