[I::main] start time: 2023-06-22 09:45:44
[W::check_args] Max depth set to maximum value (2147483647)
[I::main] mode 2b: pileup 22 whole chromosomes in 1 sample(s).
[W::csp_pileup_core] Combined max depth is above 1M. Potential memory hog!
[I::csp_pileup_core][Thread-10] processing chrom 11 ...
[W::csp_pileup_core] Combined max depth is above 1M. Potential memory hog!
[I::csp_pileup_core][Thread-5] processing chrom 6 ...
[W::csp_pileup_core] Combined max depth is above 1M. Potential memory hog!
[I::csp_pileup_core][Thread-20] processing chrom 21 ...
[W::csp_pileup_core] Combined max depth is above 1M. Potential memory hog!
[I::csp_pileup_core][Thread-0] processing chrom 1 ...
[W::csp_pileup_core] Combined max depth is above 1M. Potential memory hog!
[I::csp_pileup_core][Thread-13] processing chrom 14 ...
[W::csp_pileup_core] Combined max depth is above 1M. Potential memory hog!
[I::csp_pileup_core][Thread-15] processing chrom 16 ...
[W::csp_pileup_core] Combined max depth is above 1M. Potential memory hog!
[I::csp_pileup_core][Thread-17] processing chrom 18 ...
[W::csp_pileup_core] Combined max depth is above 1M. Potential memory hog!
[I::csp_pileup_core][Thread-19] processing chrom 20 ...
[W::csp_pileup_core] Combined max depth is above 1M. Potential memory hog!
[I::csp_pileup_core][Thread-1] processing chrom 2 ...
[W::csp_pileup_core] Combined max depth is above 1M. Potential memory hog!
[I::csp_pileup_core][Thread-2] processing chrom 3 ...
[W::csp_pileup_core] Combined max depth is above 1M. Potential memory hog!
[I::csp_pileup_core][Thread-4] processing chrom 5 ...
[W::csp_pileup_core] Combined max depth is above 1M. Potential memory hog!
[I::csp_pileup_core][Thread-3] processing chrom 4 ...
[W::csp_pileup_core] Combined max depth is above 1M. Potential memory hog!
[I::csp_pileup_core][Thread-6] processing chrom 7 ...
[W::csp_pileup_core] Combined max depth is above 1M. Potential memory hog!
[I::csp_pileup_core][Thread-7] processing chrom 8 ...
[W::csp_pileup_core] Combined max depth is above 1M. Potential memory hog!
[I::csp_pileup_core][Thread-8] processing chrom 9 ...
[W::csp_pileup_core] Combined max depth is above 1M. Potential memory hog!
[I::csp_pileup_core][Thread-9] processing chrom 10 ...
[W::csp_pileup_core] Combined max depth is above 1M. Potential memory hog!
[I::csp_pileup_core][Thread-11] processing chrom 12 ...
[W::csp_pileup_core] Combined max depth is above 1M. Potential memory hog!
[I::csp_pileup_core][Thread-12] processing chrom 13 ...
[W::csp_pileup_core] Combined max depth is above 1M. Potential memory hog!
[I::csp_pileup_core][Thread-14] processing chrom 15 ...
[W::csp_pileup_core] Combined max depth is above 1M. Potential memory hog!
[I::csp_pileup_core][Thread-16] processing chrom 17 ...
[W::csp_pileup_core] Combined max depth is above 1M. Potential memory hog!
[I::csp_pileup_core][Thread-18] processing chrom 19 ...
[W::csp_pileup_core] Combined max depth is above 1M. Potential memory hog!
[I::csp_pileup_core][Thread-21] processing chrom 22 ...
[I::csp_pileup_core][Thread-17] has pileup-ed in total 158 SNPs for chrom 18
[I::csp_pileup_core][Thread-20] has pileup-ed in total 135 SNPs for chrom 21
[I::csp_pileup_core][Thread-12] has pileup-ed in total 128 SNPs for chrom 13
[I::csp_pileup_core][Thread-19] has pileup-ed in total 303 SNPs for chrom 20
[I::csp_pileup_core][Thread-21] has pileup-ed in total 259 SNPs for chrom 22
[I::csp_pileup_core][Thread-13] has pileup-ed in total 550 SNPs for chrom 14
[I::csp_pileup_core][Thread-7] has pileup-ed in total 295 SNPs for chrom 8
[I::csp_pileup_core][Thread-15] has pileup-ed in total 425 SNPs for chrom 16
[I::csp_pileup_core][Thread-3] has pileup-ed in total 327 SNPs for chrom 4
[I::csp_pileup_core][Thread-8] has pileup-ed in total 400 SNPs for chrom 9
[I::csp_pileup_core][Thread-9] has pileup-ed in total 377 SNPs for chrom 10
[I::csp_pileup_core][Thread-6] has pileup-ed in total 578 SNPs for chrom 7
[I::csp_pileup_core][Thread-16] has pileup-ed in total 720 SNPs for chrom 17
[I::csp_pileup_core][Thread-14] has pileup-ed in total 280 SNPs for chrom 15
[I::csp_pileup_core][Thread-10] has pileup-ed in total 582 SNPs for chrom 11
[I::csp_pileup_core][Thread-11] has pileup-ed in total 634 SNPs for chrom 12
[I::csp_pileup_core][Thread-4] has pileup-ed in total 465 SNPs for chrom 5
[I::csp_pileup_core][Thread-1] has pileup-ed in total 911 SNPs for chrom 2
[I::csp_pileup_core][Thread-2] has pileup-ed in total 568 SNPs for chrom 3
[I::csp_pileup_core][Thread-18] has pileup-ed in total 933 SNPs for chrom 19
[I::csp_pileup_core][Thread-5] has pileup-ed in total 1042 SNPs for chrom 6
[I::csp_pileup_core][Thread-0] has pileup-ed in total 1079 SNPs for chrom 1
[I::main] All Done!
[I::main] end time: 2023-06-22 09:54:37
[I::main] time spent: 533 seconds.
