[I::main] start time: 2023-06-20 10:33:28
[W::check_args] Max depth set to maximum value (2147483647)
[I::main] mode 2b: pileup 22 whole chromosomes in 1 sample(s).
[W::csp_pileup_core] Combined max depth is above 1M. Potential memory hog!
[I::csp_pileup_core][Thread-17] processing chrom 18 ...
[W::csp_pileup_core] Combined max depth is above 1M. Potential memory hog!
[I::csp_pileup_core][Thread-21] processing chrom 22 ...
[W::csp_pileup_core] Combined max depth is above 1M. Potential memory hog!
[I::csp_pileup_core][Thread-20] processing chrom 21 ...
[W::csp_pileup_core] Combined max depth is above 1M. Potential memory hog!
[I::csp_pileup_core][Thread-12] processing chrom 13 ...
[W::csp_pileup_core] Combined max depth is above 1M. Potential memory hog!
[I::csp_pileup_core][Thread-10] processing chrom 11 ...
[W::csp_pileup_core] Combined max depth is above 1M. Potential memory hog!
[I::csp_pileup_core][Thread-5] processing chrom 6 ...
[W::csp_pileup_core] Combined max depth is above 1M. Potential memory hog!
[I::csp_pileup_core][Thread-6] processing chrom 7 ...
[W::csp_pileup_core] Combined max depth is above 1M. Potential memory hog!
[I::csp_pileup_core][Thread-1] processing chrom 2 ...
[W::csp_pileup_core] Combined max depth is above 1M. Potential memory hog!
[I::csp_pileup_core][Thread-0] processing chrom 1 ...
[W::csp_pileup_core] Combined max depth is above 1M. Potential memory hog!
[I::csp_pileup_core][Thread-3] processing chrom 4 ...
[W::csp_pileup_core] Combined max depth is above 1M. Potential memory hog!
[I::csp_pileup_core][Thread-9] processing chrom 10 ...
[W::csp_pileup_core] Combined max depth is above 1M. Potential memory hog!
[I::csp_pileup_core][Thread-18] processing chrom 19 ...
[W::csp_pileup_core] Combined max depth is above 1M. Potential memory hog!
[I::csp_pileup_core][Thread-7] processing chrom 8 ...
[W::csp_pileup_core] Combined max depth is above 1M. Potential memory hog!
[I::csp_pileup_core][Thread-2] processing chrom 3 ...
[W::csp_pileup_core] Combined max depth is above 1M. Potential memory hog!
[I::csp_pileup_core][Thread-19] processing chrom 20 ...
[W::csp_pileup_core] Combined max depth is above 1M. Potential memory hog!
[I::csp_pileup_core][Thread-8] processing chrom 9 ...
[W::csp_pileup_core] Combined max depth is above 1M. Potential memory hog!
[I::csp_pileup_core][Thread-16] processing chrom 17 ...
[W::csp_pileup_core] Combined max depth is above 1M. Potential memory hog!
[I::csp_pileup_core][Thread-13] processing chrom 14 ...
[W::csp_pileup_core] Combined max depth is above 1M. Potential memory hog!
[I::csp_pileup_core][Thread-15] processing chrom 16 ...
[W::csp_pileup_core] Combined max depth is above 1M. Potential memory hog!
[I::csp_pileup_core][Thread-11] processing chrom 12 ...
[W::csp_pileup_core] Combined max depth is above 1M. Potential memory hog!
[I::csp_pileup_core][Thread-14] processing chrom 15 ...
[W::csp_pileup_core] Combined max depth is above 1M. Potential memory hog!
[I::csp_pileup_core][Thread-4] processing chrom 5 ...
[I::csp_pileup_core][Thread-17] has pileup-ed in total 49613 SNPs for chrom 18
[I::csp_pileup_core][Thread-20] has pileup-ed in total 67852 SNPs for chrom 21
[I::csp_pileup_core][Thread-21] has pileup-ed in total 109989 SNPs for chrom 22
[I::csp_pileup_core][Thread-12] has pileup-ed in total 78816 SNPs for chrom 13
[I::csp_pileup_core][Thread-13] has pileup-ed in total 171745 SNPs for chrom 14
[I::csp_pileup_core][Thread-19] has pileup-ed in total 120561 SNPs for chrom 20
[I::csp_pileup_core][Thread-3] has pileup-ed in total 158218 SNPs for chrom 4
[I::csp_pileup_core][Thread-8] has pileup-ed in total 162412 SNPs for chrom 9
[I::csp_pileup_core][Thread-7] has pileup-ed in total 149328 SNPs for chrom 8
[I::csp_pileup_core][Thread-6] has pileup-ed in total 191190 SNPs for chrom 7
[I::csp_pileup_core][Thread-16] has pileup-ed 0.20M SNPs for chrom 17
[I::csp_pileup_core][Thread-9] has pileup-ed in total 175502 SNPs for chrom 10
[I::csp_pileup_core][Thread-1] has pileup-ed 0.20M SNPs for chrom 2
[I::csp_pileup_core][Thread-16] has pileup-ed in total 254191 SNPs for chrom 17
[I::csp_pileup_core][Thread-18] has pileup-ed 0.20M SNPs for chrom 19
[I::csp_pileup_core][Thread-15] has pileup-ed in total 166401 SNPs for chrom 16
[I::csp_pileup_core][Thread-10] has pileup-ed 0.20M SNPs for chrom 11
[I::csp_pileup_core][Thread-4] has pileup-ed 0.20M SNPs for chrom 5
[I::csp_pileup_core][Thread-4] has pileup-ed in total 208213 SNPs for chrom 5
[I::csp_pileup_core][Thread-2] has pileup-ed 0.20M SNPs for chrom 3
[I::csp_pileup_core][Thread-1] has pileup-ed in total 346088 SNPs for chrom 2
[I::csp_pileup_core][Thread-0] has pileup-ed 0.20M SNPs for chrom 1
[I::csp_pileup_core][Thread-11] has pileup-ed 0.20M SNPs for chrom 12
[I::csp_pileup_core][Thread-2] has pileup-ed in total 260043 SNPs for chrom 3
[I::csp_pileup_core][Thread-14] has pileup-ed in total 139757 SNPs for chrom 15
[I::csp_pileup_core][Thread-10] has pileup-ed in total 306202 SNPs for chrom 11
[I::csp_pileup_core][Thread-5] has pileup-ed 0.20M SNPs for chrom 6
[I::csp_pileup_core][Thread-11] has pileup-ed in total 290807 SNPs for chrom 12
[I::csp_pileup_core][Thread-5] has pileup-ed in total 276238 SNPs for chrom 6
[I::csp_pileup_core][Thread-18] has pileup-ed in total 322801 SNPs for chrom 19
[I::csp_pileup_core][Thread-0] has pileup-ed 0.40M SNPs for chrom 1
[I::csp_pileup_core][Thread-0] has pileup-ed in total 524741 SNPs for chrom 1
[I::main] All Done!
[I::main] end time: 2023-06-20 10:41:01
[I::main] time spent: 453 seconds.
