[I::main] start time: 2023-06-19 19:23:04
[W::check_args] Max depth set to maximum value (2147483647)
[I::main] mode 2a: pileup 22 whole chromosomes in 9377 single cells.
[W::csp_pileup_core] Combined max depth is above 1M. Potential memory hog!
[I::csp_pileup_core][Thread-1] processing chrom 2 ...
[W::csp_pileup_core] Combined max depth is above 1M. Potential memory hog!
[I::csp_pileup_core][Thread-4] processing chrom 5 ...
[W::csp_pileup_core] Combined max depth is above 1M. Potential memory hog!
[I::csp_pileup_core][Thread-6] processing chrom 7 ...
[W::csp_pileup_core] Combined max depth is above 1M. Potential memory hog!
[I::csp_pileup_core][Thread-9] processing chrom 10 ...
[W::csp_pileup_core] Combined max depth is above 1M. Potential memory hog!
[I::csp_pileup_core][Thread-17] processing chrom 18 ...
[W::csp_pileup_core] Combined max depth is above 1M. Potential memory hog!
[I::csp_pileup_core][Thread-19] processing chrom 20 ...
[W::csp_pileup_core] Combined max depth is above 1M. Potential memory hog!
[I::csp_pileup_core][Thread-15] processing chrom 16 ...
[W::csp_pileup_core] Combined max depth is above 1M. Potential memory hog!
[I::csp_pileup_core][Thread-18] processing chrom 19 ...
[W::csp_pileup_core] Combined max depth is above 1M. Potential memory hog!
[I::csp_pileup_core][Thread-12] processing chrom 13 ...
[W::csp_pileup_core] Combined max depth is above 1M. Potential memory hog!
[W::csp_pileup_core] Combined max depth is above 1M. Potential memory hog!
[I::csp_pileup_core][Thread-20] processing chrom 21 ...
[I::csp_pileup_core][Thread-8] processing chrom 9 ...
[W::csp_pileup_core] Combined max depth is above 1M. Potential memory hog!
[I::csp_pileup_core][Thread-13] processing chrom 14 ...
[W::csp_pileup_core] Combined max depth is above 1M. Potential memory hog!
[I::csp_pileup_core][Thread-2] processing chrom 3 ...
[W::csp_pileup_core] Combined max depth is above 1M. Potential memory hog!
[I::csp_pileup_core][Thread-5] processing chrom 6 ...
[W::csp_pileup_core] Combined max depth is above 1M. Potential memory hog!
[I::csp_pileup_core][Thread-14] processing chrom 15 ...
[W::csp_pileup_core] Combined max depth is above 1M. Potential memory hog!
[I::csp_pileup_core][Thread-21] processing chrom 22 ...
[W::csp_pileup_core] Combined max depth is above 1M. Potential memory hog!
[I::csp_pileup_core][Thread-3] processing chrom 4 ...
[W::csp_pileup_core] Combined max depth is above 1M. Potential memory hog!
[I::csp_pileup_core][Thread-16] processing chrom 17 ...
[W::csp_pileup_core] Combined max depth is above 1M. Potential memory hog!
[I::csp_pileup_core][Thread-10] processing chrom 11 ...
[W::csp_pileup_core] Combined max depth is above 1M. Potential memory hog!
[I::csp_pileup_core][Thread-11] processing chrom 12 ...
[W::csp_pileup_core] Combined max depth is above 1M. Potential memory hog!
[I::csp_pileup_core][Thread-7] processing chrom 8 ...
[W::csp_pileup_core] Combined max depth is above 1M. Potential memory hog!
[I::csp_pileup_core][Thread-0] processing chrom 1 ...
