[bam_sort_core] merging from 48 files and 48 in-memory blocks...
[I::main] start time: 2023-04-28 14:26:43
[W::check_args] Max depth set to maximum value (2147483647)
[I::main] loading the VCF file for given SNPs ...
[I::main] fetching 36305578 candidate variants ...
[I::main] mode 1a: fetch given SNPs in 9973 single cells.
[I::csp_fetch_core][Thread-7] 2.00% SNPs processed.
[I::csp_fetch_core][Thread-18] 2.00% SNPs processed.
[I::csp_fetch_core][Thread-11] 2.00% SNPs processed.
[I::csp_fetch_core][Thread-32] 2.00% SNPs processed.
[I::csp_fetch_core][Thread-24] 2.00% SNPs processed.
[I::csp_fetch_core][Thread-25] 2.00% SNPs processed.
[I::csp_fetch_core][Thread-47] 2.00% SNPs processed.
[I::csp_fetch_core][Thread-21] 2.00% SNPs processed.
[I::csp_fetch_core][Thread-22] 2.00% SNPs processed.
[I::csp_fetch_core][Thread-5] 2.00% SNPs processed.
[I::csp_fetch_core][Thread-14] 2.00% SNPs processed.
[I::csp_fetch_core][Thread-4] 2.00% SNPs processed.
[I::csp_fetch_core][Thread-35] 2.00% SNPs processed.
[I::csp_fetch_core][Thread-9] 2.00% SNPs processed.
[I::csp_fetch_core][Thread-12] 2.00% SNPs processed.
[I::csp_fetch_core][Thread-30] 2.00% SNPs processed.
[I::csp_fetch_core][Thread-23] 2.00% SNPs processed.
[I::csp_fetch_core][Thread-16] 2.00% SNPs processed.
[I::csp_fetch_core][Thread-20] 2.00% SNPs processed.
[I::csp_fetch_core][Thread-29] 2.00% SNPs processed.
[I::csp_fetch_core][Thread-46] 2.00% SNPs processed.
[I::csp_fetch_core][Thread-42] 2.00% SNPs processed.
[I::csp_fetch_core][Thread-28] 2.00% SNPs processed.
[I::csp_fetch_core][Thread-37] 2.00% SNPs processed.
[I::csp_fetch_core][Thread-33] 2.00% SNPs processed.
[I::csp_fetch_core][Thread-45] 2.00% SNPs processed.
[I::csp_fetch_core][Thread-19] 2.00% SNPs processed.
[I::csp_fetch_core][Thread-31] 2.00% SNPs processed.
[I::csp_fetch_core][Thread-39] 2.00% SNPs processed.
[I::csp_fetch_core][Thread-38] 2.00% SNPs processed.
[I::csp_fetch_core][Thread-6] 2.00% SNPs processed.
[I::csp_fetch_core][Thread-34] 2.00% SNPs processed.
[I::csp_fetch_core][Thread-13] 2.00% SNPs processed.
[I::csp_fetch_core][Thread-26] 2.00% SNPs processed.
[I::csp_fetch_core][Thread-43] 2.00% SNPs processed.
[I::csp_fetch_core][Thread-40] 2.00% SNPs processed.
[I::csp_fetch_core][Thread-15] 2.00% SNPs processed.
[I::csp_fetch_core][Thread-36] 2.00% SNPs processed.
[I::csp_fetch_core][Thread-1] 2.00% SNPs processed.
[I::csp_fetch_core][Thread-3] 2.00% SNPs processed.
[I::csp_fetch_core][Thread-10] 2.00% SNPs processed.
[I::csp_fetch_core][Thread-44] 2.00% SNPs processed.
[I::csp_fetch_core][Thread-27] 2.00% SNPs processed.
[I::csp_fetch_core][Thread-17] 2.00% SNPs processed.
[I::csp_fetch_core][Thread-41] 2.00% SNPs processed.
[I::csp_fetch_core][Thread-8] 2.00% SNPs processed.
[I::csp_fetch_core][Thread-21] 4.00% SNPs processed.
[I::csp_fetch_core][Thread-0] 2.00% SNPs processed.
[I::csp_fetch_core][Thread-7] 4.00% SNPs processed.
[I::csp_fetch_core][Thread-25] 4.00% SNPs processed.
[I::csp_fetch_core][Thread-24] 4.00% SNPs processed.
[I::csp_fetch_core][Thread-47] 4.00% SNPs processed.
[I::csp_fetch_core][Thread-32] 4.00% SNPs processed.
[I::csp_fetch_core][Thread-4] 4.00% SNPs processed.
[I::csp_fetch_core][Thread-5] 4.00% SNPs processed.
[I::csp_fetch_core][Thread-14] 4.00% SNPs processed.
[I::csp_fetch_core][Thread-35] 4.00% SNPs processed.
[I::csp_fetch_core][Thread-9] 4.00% SNPs processed.
[I::csp_fetch_core][Thread-23] 4.00% SNPs processed.
[I::csp_fetch_core][Thread-16] 4.00% SNPs processed.
[I::csp_fetch_core][Thread-2] 2.00% SNPs processed.
[I::csp_fetch_core][Thread-11] 4.00% SNPs processed.
[I::csp_fetch_core][Thread-18] 4.00% SNPs processed.
[I::csp_fetch_core][Thread-12] 4.00% SNPs processed.
[I::csp_fetch_core][Thread-37] 4.00% SNPs processed.
[I::csp_fetch_core][Thread-33] 4.00% SNPs processed.
[I::csp_fetch_core][Thread-13] 4.00% SNPs processed.
[I::csp_fetch_core][Thread-34] 4.00% SNPs processed.
[I::csp_fetch_core][Thread-6] 4.00% SNPs processed.
[I::csp_fetch_core][Thread-39] 4.00% SNPs processed.
[I::csp_fetch_core][Thread-29] 4.00% SNPs processed.
[I::csp_fetch_core][Thread-46] 4.00% SNPs processed.
[I::csp_fetch_core][Thread-19] 4.00% SNPs processed.
[I::csp_fetch_core][Thread-28] 4.00% SNPs processed.
[I::csp_fetch_core][Thread-31] 4.00% SNPs processed.
[I::csp_fetch_core][Thread-15] 4.00% SNPs processed.
[I::csp_fetch_core][Thread-30] 4.00% SNPs processed.
[I::csp_fetch_core][Thread-45] 4.00% SNPs processed.
[I::csp_fetch_core][Thread-42] 4.00% SNPs processed.
[I::csp_fetch_core][Thread-26] 4.00% SNPs processed.
[I::csp_fetch_core][Thread-1] 4.00% SNPs processed.
[I::csp_fetch_core][Thread-22] 4.00% SNPs processed.
[I::csp_fetch_core][Thread-38] 4.00% SNPs processed.
[I::csp_fetch_core][Thread-3] 4.00% SNPs processed.
[I::csp_fetch_core][Thread-40] 4.00% SNPs processed.
[I::csp_fetch_core][Thread-10] 4.00% SNPs processed.
[I::csp_fetch_core][Thread-44] 4.00% SNPs processed.
[I::csp_fetch_core][Thread-17] 4.00% SNPs processed.
[I::csp_fetch_core][Thread-8] 4.00% SNPs processed.
[I::csp_fetch_core][Thread-36] 4.00% SNPs processed.
[I::csp_fetch_core][Thread-25] 6.00% SNPs processed.
[I::csp_fetch_core][Thread-47] 6.00% SNPs processed.
[I::csp_fetch_core][Thread-7] 6.00% SNPs processed.
[I::csp_fetch_core][Thread-5] 6.00% SNPs processed.
[I::csp_fetch_core][Thread-24] 6.00% SNPs processed.
[I::csp_fetch_core][Thread-14] 6.00% SNPs processed.
[I::csp_fetch_core][Thread-21] 6.00% SNPs processed.
[I::csp_fetch_core][Thread-27] 4.00% SNPs processed.
[I::csp_fetch_core][Thread-35] 6.00% SNPs processed.
[I::csp_fetch_core][Thread-32] 6.00% SNPs processed.
[I::csp_fetch_core][Thread-18] 6.00% SNPs processed.
[I::csp_fetch_core][Thread-4] 6.00% SNPs processed.
[I::csp_fetch_core][Thread-11] 6.00% SNPs processed.
[I::csp_fetch_core][Thread-23] 6.00% SNPs processed.
[I::csp_fetch_core][Thread-37] 6.00% SNPs processed.
[I::csp_fetch_core][Thread-9] 6.00% SNPs processed.
[I::csp_fetch_core][Thread-12] 6.00% SNPs processed.
[I::csp_fetch_core][Thread-43] 4.00% SNPs processed.
[I::csp_fetch_core][Thread-16] 6.00% SNPs processed.
[I::csp_fetch_core][Thread-41] 4.00% SNPs processed.
[I::csp_fetch_core][Thread-33] 6.00% SNPs processed.
[I::csp_fetch_core][Thread-13] 6.00% SNPs processed.
[I::csp_fetch_core][Thread-19] 6.00% SNPs processed.
[I::csp_fetch_core][Thread-39] 6.00% SNPs processed.
[I::csp_fetch_core][Thread-46] 6.00% SNPs processed.
[I::csp_fetch_core][Thread-28] 6.00% SNPs processed.
[I::csp_fetch_core][Thread-6] 6.00% SNPs processed.
[I::csp_fetch_core][Thread-42] 6.00% SNPs processed.
[I::csp_fetch_core][Thread-26] 6.00% SNPs processed.
[I::csp_fetch_core][Thread-0] 4.00% SNPs processed.
[I::csp_fetch_core][Thread-29] 6.00% SNPs processed.
[I::csp_fetch_core][Thread-15] 6.00% SNPs processed.
[I::csp_fetch_core][Thread-1] 6.00% SNPs processed.
[I::csp_fetch_core][Thread-31] 6.00% SNPs processed.
[I::csp_fetch_core][Thread-38] 6.00% SNPs processed.
[I::csp_fetch_core][Thread-3] 6.00% SNPs processed.
[I::csp_fetch_core][Thread-47] 8.00% SNPs processed.
[I::csp_fetch_core][Thread-40] 6.00% SNPs processed.
[I::csp_fetch_core][Thread-45] 6.00% SNPs processed.
[I::csp_fetch_core][Thread-20] 4.00% SNPs processed.
[I::csp_fetch_core][Thread-5] 8.00% SNPs processed.
[I::csp_fetch_core][Thread-34] 6.00% SNPs processed.
[I::csp_fetch_core][Thread-2] 4.00% SNPs processed.
[I::csp_fetch_core][Thread-24] 8.00% SNPs processed.
[I::csp_fetch_core][Thread-7] 8.00% SNPs processed.
[I::csp_fetch_core][Thread-35] 8.00% SNPs processed.
[I::csp_fetch_core][Thread-44] 6.00% SNPs processed.
[I::csp_fetch_core][Thread-22] 6.00% SNPs processed.
[I::csp_fetch_core][Thread-25] 8.00% SNPs processed.
[I::csp_fetch_core][Thread-8] 6.00% SNPs processed.
[I::csp_fetch_core][Thread-18] 8.00% SNPs processed.
[I::csp_fetch_core][Thread-32] 8.00% SNPs processed.
[I::csp_fetch_core][Thread-10] 6.00% SNPs processed.
[I::csp_fetch_core][Thread-11] 8.00% SNPs processed.
[I::csp_fetch_core][Thread-9] 8.00% SNPs processed.
[I::csp_fetch_core][Thread-14] 8.00% SNPs processed.
[I::csp_fetch_core][Thread-33] 8.00% SNPs processed.
[I::csp_fetch_core][Thread-12] 8.00% SNPs processed.
[I::csp_fetch_core][Thread-16] 8.00% SNPs processed.
[I::csp_fetch_core][Thread-37] 8.00% SNPs processed.
[I::csp_fetch_core][Thread-36] 6.00% SNPs processed.
[I::csp_fetch_core][Thread-27] 6.00% SNPs processed.
[I::csp_fetch_core][Thread-17] 6.00% SNPs processed.
[I::csp_fetch_core][Thread-13] 8.00% SNPs processed.
[I::csp_fetch_core][Thread-30] 6.00% SNPs processed.
[I::csp_fetch_core][Thread-23] 8.00% SNPs processed.
[I::csp_fetch_core][Thread-21] 8.00% SNPs processed.
[I::csp_fetch_core][Thread-4] 8.00% SNPs processed.
[I::csp_fetch_core][Thread-19] 8.00% SNPs processed.
[I::csp_fetch_core][Thread-39] 8.00% SNPs processed.
[I::csp_fetch_core][Thread-42] 8.00% SNPs processed.
[I::csp_fetch_core][Thread-28] 8.00% SNPs processed.
[I::csp_fetch_core][Thread-6] 8.00% SNPs processed.
[I::csp_fetch_core][Thread-31] 8.00% SNPs processed.
[I::csp_fetch_core][Thread-3] 8.00% SNPs processed.
[I::csp_fetch_core][Thread-5] 10.00% SNPs processed.
[I::csp_fetch_core][Thread-38] 8.00% SNPs processed.
[I::csp_fetch_core][Thread-47] 10.00% SNPs processed.
[I::csp_fetch_core][Thread-15] 8.00% SNPs processed.
[I::csp_fetch_core][Thread-29] 8.00% SNPs processed.
[I::csp_fetch_core][Thread-0] 6.00% SNPs processed.
[I::csp_fetch_core][Thread-46] 8.00% SNPs processed.
[I::csp_fetch_core][Thread-26] 8.00% SNPs processed.
[I::csp_fetch_core][Thread-35] 10.00% SNPs processed.
[I::csp_fetch_core][Thread-40] 8.00% SNPs processed.
[I::csp_fetch_core][Thread-41] 6.00% SNPs processed.
[I::csp_fetch_core][Thread-43] 6.00% SNPs processed.
[I::csp_fetch_core][Thread-1] 8.00% SNPs processed.
[I::csp_fetch_core][Thread-18] 10.00% SNPs processed.
[I::csp_fetch_core][Thread-24] 10.00% SNPs processed.
[I::csp_fetch_core][Thread-25] 10.00% SNPs processed.
[I::csp_fetch_core][Thread-11] 10.00% SNPs processed.
[I::csp_fetch_core][Thread-33] 10.00% SNPs processed.
[I::csp_fetch_core][Thread-32] 10.00% SNPs processed.
[I::csp_fetch_core][Thread-16] 10.00% SNPs processed.
[I::csp_fetch_core][Thread-9] 10.00% SNPs processed.
[I::csp_fetch_core][Thread-8] 8.00% SNPs processed.
[I::csp_fetch_core][Thread-44] 8.00% SNPs processed.
[I::csp_fetch_core][Thread-37] 10.00% SNPs processed.
[I::csp_fetch_core][Thread-34] 8.00% SNPs processed.
[I::csp_fetch_core][Thread-13] 10.00% SNPs processed.
[I::csp_fetch_core][Thread-45] 8.00% SNPs processed.
[I::csp_fetch_core][Thread-7] 10.00% SNPs processed.
[I::csp_fetch_core][Thread-10] 8.00% SNPs processed.
[I::csp_fetch_core][Thread-14] 10.00% SNPs processed.
[I::csp_fetch_core][Thread-12] 10.00% SNPs processed.
[I::csp_fetch_core][Thread-22] 8.00% SNPs processed.
[I::csp_fetch_core][Thread-36] 8.00% SNPs processed.
[I::csp_fetch_core][Thread-30] 8.00% SNPs processed.
[I::csp_fetch_core][Thread-19] 10.00% SNPs processed.
[I::csp_fetch_core][Thread-5] 12.00% SNPs processed.
[I::csp_fetch_core][Thread-23] 10.00% SNPs processed.
[I::csp_fetch_core][Thread-20] 6.00% SNPs processed.
[I::csp_fetch_core][Thread-47] 12.00% SNPs processed.
[I::csp_fetch_core][Thread-28] 10.00% SNPs processed.
[I::csp_fetch_core][Thread-17] 8.00% SNPs processed.
[I::csp_fetch_core][Thread-6] 10.00% SNPs processed.
[I::csp_fetch_core][Thread-39] 10.00% SNPs processed.
[I::csp_fetch_core][Thread-3] 10.00% SNPs processed.
[I::csp_fetch_core][Thread-42] 10.00% SNPs processed.
[I::csp_fetch_core][Thread-35] 12.00% SNPs processed.
[I::csp_fetch_core][Thread-21] 10.00% SNPs processed.
[I::csp_fetch_core][Thread-31] 10.00% SNPs processed.
[I::csp_fetch_core][Thread-4] 10.00% SNPs processed.
[I::csp_fetch_core][Thread-15] 10.00% SNPs processed.
[I::csp_fetch_core][Thread-27] 8.00% SNPs processed.
[I::csp_fetch_core][Thread-26] 10.00% SNPs processed.
[I::csp_fetch_core][Thread-18] 12.00% SNPs processed.
[I::csp_fetch_core][Thread-40] 10.00% SNPs processed.
[I::csp_fetch_core][Thread-46] 10.00% SNPs processed.
[I::csp_fetch_core][Thread-0] 8.00% SNPs processed.
[I::csp_fetch_core][Thread-38] 10.00% SNPs processed.
[I::csp_fetch_core][Thread-33] 12.00% SNPs processed.
[I::csp_fetch_core][Thread-11] 12.00% SNPs processed.
[I::csp_fetch_core][Thread-29] 10.00% SNPs processed.
[I::csp_fetch_core][Thread-24] 12.00% SNPs processed.
[I::csp_fetch_core][Thread-1] 10.00% SNPs processed.
[I::csp_fetch_core][Thread-32] 12.00% SNPs processed.
[I::csp_fetch_core][Thread-16] 12.00% SNPs processed.
[I::csp_fetch_core][Thread-25] 12.00% SNPs processed.
[I::csp_fetch_core][Thread-13] 12.00% SNPs processed.
[I::csp_fetch_core][Thread-9] 12.00% SNPs processed.
[I::csp_fetch_core][Thread-44] 10.00% SNPs processed.
[I::csp_fetch_core][Thread-37] 12.00% SNPs processed.
[I::csp_fetch_core][Thread-7] 12.00% SNPs processed.
[I::csp_fetch_core][Thread-43] 8.00% SNPs processed.
[I::csp_fetch_core][Thread-12] 12.00% SNPs processed.
[I::csp_fetch_core][Thread-8] 10.00% SNPs processed.
[I::csp_fetch_core][Thread-41] 8.00% SNPs processed.
[I::csp_fetch_core][Thread-34] 10.00% SNPs processed.
[I::csp_fetch_core][Thread-10] 10.00% SNPs processed.
[I::csp_fetch_core][Thread-14] 12.00% SNPs processed.
[I::csp_fetch_core][Thread-47] 14.00% SNPs processed.
[I::csp_fetch_core][Thread-22] 10.00% SNPs processed.
[I::csp_fetch_core][Thread-28] 12.00% SNPs processed.
[I::csp_fetch_core][Thread-30] 10.00% SNPs processed.
[I::csp_fetch_core][Thread-19] 12.00% SNPs processed.
[I::csp_fetch_core][Thread-35] 14.00% SNPs processed.
[I::csp_fetch_core][Thread-23] 12.00% SNPs processed.
[I::csp_fetch_core][Thread-3] 12.00% SNPs processed.
[I::csp_fetch_core][Thread-2] 6.00% SNPs processed.
[I::csp_fetch_core][Thread-36] 10.00% SNPs processed.
[I::csp_fetch_core][Thread-31] 12.00% SNPs processed.
[I::csp_fetch_core][Thread-21] 12.00% SNPs processed.
[I::csp_fetch_core][Thread-39] 12.00% SNPs processed.
[I::csp_fetch_core][Thread-15] 12.00% SNPs processed.
[I::csp_fetch_core][Thread-42] 12.00% SNPs processed.
[I::csp_fetch_core][Thread-18] 14.00% SNPs processed.
[I::csp_fetch_core][Thread-17] 10.00% SNPs processed.
[I::csp_fetch_core][Thread-20] 8.00% SNPs processed.
[I::csp_fetch_core][Thread-45] 10.00% SNPs processed.
[I::csp_fetch_core][Thread-6] 12.00% SNPs processed.
[I::csp_fetch_core][Thread-33] 14.00% SNPs processed.
[I::csp_fetch_core][Thread-11] 14.00% SNPs processed.
[I::csp_fetch_core][Thread-46] 12.00% SNPs processed.
[I::csp_fetch_core][Thread-0] 10.00% SNPs processed.
[I::csp_fetch_core][Thread-40] 12.00% SNPs processed.
[I::csp_fetch_core][Thread-4] 12.00% SNPs processed.
[I::csp_fetch_core][Thread-24] 14.00% SNPs processed.
[I::csp_fetch_core][Thread-29] 12.00% SNPs processed.
[I::csp_fetch_core][Thread-13] 14.00% SNPs processed.
[I::csp_fetch_core][Thread-27] 10.00% SNPs processed.
[I::csp_fetch_core][Thread-26] 12.00% SNPs processed.
[I::csp_fetch_core][Thread-9] 14.00% SNPs processed.
[I::csp_fetch_core][Thread-16] 14.00% SNPs processed.
[I::csp_fetch_core][Thread-1] 12.00% SNPs processed.
[I::csp_fetch_core][Thread-32] 14.00% SNPs processed.
[I::csp_fetch_core][Thread-47] 16.00% SNPs processed.
[I::csp_fetch_core][Thread-5] 14.00% SNPs processed.
[I::csp_fetch_core][Thread-37] 14.00% SNPs processed.
[I::csp_fetch_core][Thread-14] 14.00% SNPs processed.
[I::csp_fetch_core][Thread-44] 12.00% SNPs processed.
[I::csp_fetch_core][Thread-38] 12.00% SNPs processed.
[I::csp_fetch_core][Thread-8] 12.00% SNPs processed.
[I::csp_fetch_core][Thread-35] 16.00% SNPs processed.
[I::csp_fetch_core][Thread-28] 14.00% SNPs processed.
[I::csp_fetch_core][Thread-34] 12.00% SNPs processed.
[I::csp_fetch_core][Thread-25] 14.00% SNPs processed.
[I::csp_fetch_core][Thread-30] 12.00% SNPs processed.
[I::csp_fetch_core][Thread-23] 14.00% SNPs processed.
[I::csp_fetch_core][Thread-22] 12.00% SNPs processed.
[I::csp_fetch_core][Thread-18] 16.00% SNPs processed.
[I::csp_fetch_core][Thread-10] 12.00% SNPs processed.
[I::csp_fetch_core][Thread-12] 14.00% SNPs processed.
[I::csp_fetch_core][Thread-19] 14.00% SNPs processed.
[I::csp_fetch_core][Thread-3] 14.00% SNPs processed.
[I::csp_fetch_core][Thread-31] 14.00% SNPs processed.
[I::csp_fetch_core][Thread-21] 14.00% SNPs processed.
[I::csp_fetch_core][Thread-42] 14.00% SNPs processed.
[I::csp_fetch_core][Thread-7] 14.00% SNPs processed.
[I::csp_fetch_core][Thread-15] 14.00% SNPs processed.
[I::csp_fetch_core][Thread-39] 14.00% SNPs processed.
[I::csp_fetch_core][Thread-17] 12.00% SNPs processed.
[I::csp_fetch_core][Thread-13] 16.00% SNPs processed.
[I::csp_fetch_core][Thread-33] 16.00% SNPs processed.
[I::csp_fetch_core][Thread-20] 10.00% SNPs processed.
[I::csp_fetch_core][Thread-24] 16.00% SNPs processed.
[I::csp_fetch_core][Thread-36] 12.00% SNPs processed.
[I::csp_fetch_core][Thread-6] 14.00% SNPs processed.
[I::csp_fetch_core][Thread-0] 12.00% SNPs processed.
[I::csp_fetch_core][Thread-41] 10.00% SNPs processed.
[I::csp_fetch_core][Thread-11] 16.00% SNPs processed.
[I::csp_fetch_core][Thread-40] 14.00% SNPs processed.
[I::csp_fetch_core][Thread-47] 18.00% SNPs processed.
[I::csp_fetch_core][Thread-29] 14.00% SNPs processed.
[I::csp_fetch_core][Thread-4] 14.00% SNPs processed.
[I::csp_fetch_core][Thread-27] 12.00% SNPs processed.
[I::csp_fetch_core][Thread-16] 16.00% SNPs processed.
[I::csp_fetch_core][Thread-26] 14.00% SNPs processed.
[I::csp_fetch_core][Thread-1] 14.00% SNPs processed.
[I::csp_fetch_core][Thread-14] 16.00% SNPs processed.
[I::csp_fetch_core][Thread-32] 16.00% SNPs processed.
[I::csp_fetch_core][Thread-2] 8.00% SNPs processed.
[I::csp_fetch_core][Thread-46] 14.00% SNPs processed.
[I::csp_fetch_core][Thread-43] 10.00% SNPs processed.
[I::csp_fetch_core][Thread-35] 18.00% SNPs processed.
[I::csp_fetch_core][Thread-9] 16.00% SNPs processed.
[I::csp_fetch_core][Thread-28] 16.00% SNPs processed.
[I::csp_fetch_core][Thread-45] 12.00% SNPs processed.
[I::csp_fetch_core][Thread-18] 18.00% SNPs processed.
[I::csp_fetch_core][Thread-8] 14.00% SNPs processed.
[I::csp_fetch_core][Thread-30] 14.00% SNPs processed.
[I::csp_fetch_core][Thread-37] 16.00% SNPs processed.
[I::csp_fetch_core][Thread-23] 16.00% SNPs processed.
[I::csp_fetch_core][Thread-38] 14.00% SNPs processed.
[I::csp_fetch_core][Thread-3] 16.00% SNPs processed.
[I::csp_fetch_core][Thread-42] 16.00% SNPs processed.
[I::csp_fetch_core][Thread-34] 14.00% SNPs processed.
[I::csp_fetch_core][Thread-12] 16.00% SNPs processed.
[I::csp_fetch_core][Thread-19] 16.00% SNPs processed.
[I::csp_fetch_core][Thread-31] 16.00% SNPs processed.
[I::csp_fetch_core][Thread-10] 14.00% SNPs processed.
[I::csp_fetch_core][Thread-13] 18.00% SNPs processed.
[I::csp_fetch_core][Thread-7] 16.00% SNPs processed.
[I::csp_fetch_core][Thread-22] 14.00% SNPs processed.
[I::csp_fetch_core][Thread-5] 16.00% SNPs processed.
[I::csp_fetch_core][Thread-44] 14.00% SNPs processed.
[I::csp_fetch_core][Thread-21] 16.00% SNPs processed.
[I::csp_fetch_core][Thread-24] 18.00% SNPs processed.
[I::csp_fetch_core][Thread-15] 16.00% SNPs processed.
[I::csp_fetch_core][Thread-20] 12.00% SNPs processed.
[I::csp_fetch_core][Thread-17] 14.00% SNPs processed.
[I::csp_fetch_core][Thread-47] 20.00% SNPs processed.
[I::csp_fetch_core][Thread-6] 16.00% SNPs processed.
[I::csp_fetch_core][Thread-36] 14.00% SNPs processed.
[I::csp_fetch_core][Thread-16] 18.00% SNPs processed.
[I::csp_fetch_core][Thread-11] 18.00% SNPs processed.
[I::csp_fetch_core][Thread-29] 16.00% SNPs processed.
[I::csp_fetch_core][Thread-25] 16.00% SNPs processed.
[I::csp_fetch_core][Thread-14] 18.00% SNPs processed.
[I::csp_fetch_core][Thread-4] 16.00% SNPs processed.
[I::csp_fetch_core][Thread-1] 16.00% SNPs processed.
