[NbConvertApp] Converting notebook structural.p.ipynb to html
Traceback (most recent call last):
  File "/nobackup/peer/fdeckert/miniconda3/bin/jupyter-nbconvert", line 11, in <module>
    sys.exit(main())
  File "/nobackup/peer/fdeckert/miniconda3/lib/python3.8/site-packages/jupyter_core/application.py", line 277, in launch_instance
    return super().launch_instance(argv=argv, **kwargs)
  File "/nobackup/peer/fdeckert/miniconda3/lib/python3.8/site-packages/traitlets/config/application.py", line 992, in launch_instance
    app.start()
  File "/nobackup/peer/fdeckert/miniconda3/lib/python3.8/site-packages/nbconvert/nbconvertapp.py", line 423, in start
    self.convert_notebooks()
  File "/nobackup/peer/fdeckert/miniconda3/lib/python3.8/site-packages/nbconvert/nbconvertapp.py", line 597, in convert_notebooks
    self.convert_single_notebook(notebook_filename)
  File "/nobackup/peer/fdeckert/miniconda3/lib/python3.8/site-packages/nbconvert/nbconvertapp.py", line 560, in convert_single_notebook
    output, resources = self.export_single_notebook(
  File "/nobackup/peer/fdeckert/miniconda3/lib/python3.8/site-packages/nbconvert/nbconvertapp.py", line 488, in export_single_notebook
    output, resources = self.exporter.from_filename(
  File "/nobackup/peer/fdeckert/miniconda3/lib/python3.8/site-packages/nbconvert/exporters/exporter.py", line 189, in from_filename
    return self.from_file(f, resources=resources, **kw)
  File "/nobackup/peer/fdeckert/miniconda3/lib/python3.8/site-packages/nbconvert/exporters/exporter.py", line 206, in from_file
    return self.from_notebook_node(
  File "/nobackup/peer/fdeckert/miniconda3/lib/python3.8/site-packages/nbconvert/exporters/html.py", line 223, in from_notebook_node
    return super().from_notebook_node(nb, resources, **kw)
  File "/nobackup/peer/fdeckert/miniconda3/lib/python3.8/site-packages/nbconvert/exporters/templateexporter.py", line 397, in from_notebook_node
    nb_copy, resources = super().from_notebook_node(nb, resources, **kw)
  File "/nobackup/peer/fdeckert/miniconda3/lib/python3.8/site-packages/nbconvert/exporters/exporter.py", line 146, in from_notebook_node
    nb_copy, resources = self._preprocess(nb_copy, resources)
  File "/nobackup/peer/fdeckert/miniconda3/lib/python3.8/site-packages/nbconvert/exporters/exporter.py", line 335, in _preprocess
    nbc, resc = preprocessor(nbc, resc)
  File "/nobackup/peer/fdeckert/miniconda3/lib/python3.8/site-packages/nbconvert/preprocessors/base.py", line 47, in __call__
    return self.preprocess(nb, resources)
  File "/nobackup/peer/fdeckert/miniconda3/lib/python3.8/site-packages/nbconvert/preprocessors/execute.py", line 89, in preprocess
    self.preprocess_cell(cell, resources, index)
  File "/nobackup/peer/fdeckert/miniconda3/lib/python3.8/site-packages/nbconvert/preprocessors/execute.py", line 110, in preprocess_cell
    cell = self.execute_cell(cell, index, store_history=True)
  File "/nobackup/peer/fdeckert/miniconda3/lib/python3.8/site-packages/nbclient/util.py", line 84, in wrapped
    return just_run(coro(*args, **kwargs))
  File "/nobackup/peer/fdeckert/miniconda3/lib/python3.8/site-packages/nbclient/util.py", line 62, in just_run
    return loop.run_until_complete(coro)
  File "/nobackup/peer/fdeckert/miniconda3/lib/python3.8/asyncio/base_events.py", line 616, in run_until_complete
    return future.result()
  File "/nobackup/peer/fdeckert/miniconda3/lib/python3.8/site-packages/nbclient/client.py", line 965, in async_execute_cell
    await self._check_raise_for_error(cell, cell_index, exec_reply)
  File "/nobackup/peer/fdeckert/miniconda3/lib/python3.8/site-packages/nbclient/client.py", line 862, in _check_raise_for_error
    raise CellExecutionError.from_cell_and_msg(cell, exec_reply_content)
nbclient.exceptions.CellExecutionError: An error occurred while executing the following cell:
------------------
# Load color 
import rpy2.robjects as robjects
color_load = robjects.r.source('plotting_global.R')
color = dict()
for i in range(len(color_load[0])):
    color[color_load[0].names[i]] = {key : color_load[0][i].rx2(key)[0] for key in color_load[0][i].names}
------------------

[0;31m---------------------------------------------------------------------------[0m
[0;31mRRuntimeError[0m                             Traceback (most recent call last)
Input [0;32mIn [11][0m, in [0;36m<cell line: 3>[0;34m()[0m
[1;32m      1[0m [38;5;66;03m# Load color [39;00m
[1;32m      2[0m [38;5;28;01mimport[39;00m [38;5;21;01mrpy2[39;00m[38;5;21;01m.[39;00m[38;5;21;01mrobjects[39;00m [38;5;28;01mas[39;00m [38;5;21;01mrobjects[39;00m
[0;32m----> 3[0m color_load [38;5;241m=[39m [43mrobjects[49m[38;5;241;43m.[39;49m[43mr[49m[38;5;241;43m.[39;49m[43msource[49m[43m([49m[38;5;124;43m'[39;49m[38;5;124;43mplotting_global.R[39;49m[38;5;124;43m'[39;49m[43m)[49m
[1;32m      4[0m color [38;5;241m=[39m [38;5;28mdict[39m()
[1;32m      5[0m [38;5;28;01mfor[39;00m i [38;5;129;01min[39;00m [38;5;28mrange[39m([38;5;28mlen[39m(color_load[[38;5;241m0[39m])):

File [0;32m/nobackup/peer/fdeckert/miniconda3/envs/p.3.8.12-FD20220623HSCT/lib/python3.8/site-packages/rpy2/robjects/functions.py:208[0m, in [0;36mSignatureTranslatedFunction.__call__[0;34m(self, *args, **kwargs)[0m
[1;32m    206[0m         v [38;5;241m=[39m kwargs[38;5;241m.[39mpop(k)
[1;32m    207[0m         kwargs[r_k] [38;5;241m=[39m v
[0;32m--> 208[0m [38;5;28;01mreturn[39;00m ([38;5;28;43msuper[39;49m[43m([49m[43mSignatureTranslatedFunction[49m[43m,[49m[43m [49m[38;5;28;43mself[39;49m[43m)[49m
[1;32m    209[0m [43m        [49m[38;5;241;43m.[39;49m[38;5;21;43m__call__[39;49m[43m([49m[38;5;241;43m*[39;49m[43margs[49m[43m,[49m[43m [49m[38;5;241;43m*[39;49m[38;5;241;43m*[39;49m[43mkwargs[49m[43m)[49m)

File [0;32m/nobackup/peer/fdeckert/miniconda3/envs/p.3.8.12-FD20220623HSCT/lib/python3.8/site-packages/rpy2/robjects/functions.py:131[0m, in [0;36mFunction.__call__[0;34m(self, *args, **kwargs)[0m
[1;32m    129[0m     [38;5;28;01melse[39;00m:
[1;32m    130[0m         new_kwargs[k] [38;5;241m=[39m cv[38;5;241m.[39mpy2rpy(v)
[0;32m--> 131[0m res [38;5;241m=[39m [38;5;28;43msuper[39;49m[43m([49m[43mFunction[49m[43m,[49m[43m [49m[38;5;28;43mself[39;49m[43m)[49m[38;5;241;43m.[39;49m[38;5;21;43m__call__[39;49m[43m([49m[38;5;241;43m*[39;49m[43mnew_args[49m[43m,[49m[43m [49m[38;5;241;43m*[39;49m[38;5;241;43m*[39;49m[43mnew_kwargs[49m[43m)[49m
[1;32m    132[0m res [38;5;241m=[39m cv[38;5;241m.[39mrpy2py(res)
[1;32m    133[0m [38;5;28;01mreturn[39;00m res

File [0;32m/nobackup/peer/fdeckert/miniconda3/envs/p.3.8.12-FD20220623HSCT/lib/python3.8/site-packages/rpy2/rinterface_lib/conversion.py:45[0m, in [0;36m_cdata_res_to_rinterface.<locals>._[0;34m(*args, **kwargs)[0m
[1;32m     44[0m [38;5;28;01mdef[39;00m [38;5;21m_[39m([38;5;241m*[39margs, [38;5;241m*[39m[38;5;241m*[39mkwargs):
[0;32m---> 45[0m     cdata [38;5;241m=[39m [43mfunction[49m[43m([49m[38;5;241;43m*[39;49m[43margs[49m[43m,[49m[43m [49m[38;5;241;43m*[39;49m[38;5;241;43m*[39;49m[43mkwargs[49m[43m)[49m
[1;32m     46[0m     [38;5;66;03m# TODO: test cdata is of the expected CType[39;00m
[1;32m     47[0m     [38;5;28;01mreturn[39;00m _cdata_to_rinterface(cdata)

File [0;32m/nobackup/peer/fdeckert/miniconda3/envs/p.3.8.12-FD20220623HSCT/lib/python3.8/site-packages/rpy2/rinterface.py:817[0m, in [0;36mSexpClosure.__call__[0;34m(self, *args, **kwargs)[0m
[1;32m    810[0m     res [38;5;241m=[39m rmemory[38;5;241m.[39mprotect(
[1;32m    811[0m         openrlib[38;5;241m.[39mrlib[38;5;241m.[39mR_tryEval(
[1;32m    812[0m             call_r,
[1;32m    813[0m             call_context[38;5;241m.[39m__sexp__[38;5;241m.[39m_cdata,
[1;32m    814[0m             error_occured)
[1;32m    815[0m     )
[1;32m    816[0m     [38;5;28;01mif[39;00m error_occured[[38;5;241m0[39m]:
[0;32m--> 817[0m         [38;5;28;01mraise[39;00m embedded[38;5;241m.[39mRRuntimeError(_rinterface[38;5;241m.[39m_geterrmessage())
[1;32m    818[0m [38;5;28;01mreturn[39;00m res

[0;31mRRuntimeError[0m: Error in (function (file, local = FALSE, echo = verbose, print.eval = echo,  : 
  plotting_global.R:230:5: unexpected string constant
230:     "#FFC029
231:     "
         ^

RRuntimeError: Error in (function (file, local = FALSE, echo = verbose, print.eval = echo,  : 
  plotting_global.R:230:5: unexpected string constant
230:     "#FFC029
231:     "
         ^


