Successfully retrieved statistics for job: 8808542. 
+------------------------------------------------------------------------------+
| GPU ID: 0                                                                    |
+====================================+=========================================+
|-----  Execution Stats  ------------+-----------------------------------------|
| Start Time                         | Mon Mar 10 16:31:48 2025                |
| End Time                           | Mon Mar 10 17:05:23 2025                |
| Total Execution Time (sec)         | 2015.06                                 |
| No. of Processes                   | 1                                       |
+-----  Performance Stats  ----------+-----------------------------------------+
| Energy Consumed (Joules)           | 3294                                    |
| Power Usage (Watts)                | Avg: 31.1343, Max: 45.138, Min: 28.135  |
| Max GPU Memory Used (bytes)        | 595591168                               |
| SM Clock (MHz)                     | Avg: 1993, Max: 2040, Min: 1485         |
| Memory Clock (MHz)                 | Avg: 6250, Max: 6250, Min: 6250         |
| SM Utilization (%)                 | Avg: 2, Max: 32, Min: 0                 |
| Memory Utilization (%)             | Avg: 4, Max: 24, Min: 0                 |
| PCIe Rx Bandwidth (megabytes)      | Avg: N/A, Max: N/A, Min: N/A            |
| PCIe Tx Bandwidth (megabytes)      | Avg: N/A, Max: N/A, Min: N/A            |
+-----  Event Stats  ----------------+-----------------------------------------+
| Single Bit ECC Errors              | 0                                       |
| Double Bit ECC Errors              | 0                                       |
| PCIe Replay Warnings               | 0                                       |
| Critical XID Errors                | 0                                       |
+-----  Slowdown Stats  -------------+-----------------------------------------+
| Due to - Power (%)                 | 0                                       |
|        - Thermal (%)               | 0                                       |
|        - Reliability (%)           | Not Supported                           |
|        - Board Limit (%)           | Not Supported                           |
|        - Low Utilization (%)       | Not Supported                           |
|        - Sync Boost (%)            | 0                                       |
+--  Compute Process Utilization  ---+-----------------------------------------+
| PID                                | 1027820                                 |
|     Avg SM Utilization (%)         | 6                                       |
|     Avg Memory Utilization (%)     | 3                                       |
+-----  Overall Health  -------------+-----------------------------------------+
| Overall Health                     | Healthy                                 |
+------------------------------------+-----------------------------------------+

