[NbConvertApp] Converting notebook figure_2.r.ipynb to html
Performing log-normalization
0%   10   20   30   40   50   60   70   80   90   100%
[----|----|----|----|----|----|----|----|----|----|
**************************************************|
Warning: Feature names cannot have underscores ('_'), replacing with dashes ('-')
Warning: Layer counts isn't present in the assay object; returning NULL
Warning: Feature names cannot have underscores ('_'), replacing with dashes ('-')
Warning: Layer counts isn't present in the assay object; returning NULL
Warning: Feature names cannot have underscores ('_'), replacing with dashes ('-')
Warning: Layer counts isn't present in the assay object; returning NULL
Warning: Feature names cannot have underscores ('_'), replacing with dashes ('-')
Warning: Layer counts isn't present in the assay object; returning NULL
Warning: Feature names cannot have underscores ('_'), replacing with dashes ('-')
Warning: Layer counts isn't present in the assay object; returning NULL
Warning: Feature names cannot have underscores ('_'), replacing with dashes ('-')
Warning: Layer counts isn't present in the assay object; returning NULL
Warning: Feature names cannot have underscores ('_'), replacing with dashes ('-')
Warning: Layer counts isn't present in the assay object; returning NULL
Warning: Feature names cannot have underscores ('_'), replacing with dashes ('-')
Warning: Layer counts isn't present in the assay object; returning NULL
[NbConvertApp] Writing 753167 bytes to figure_2.r.html
