Patient_10
[vireo] Loading cell folder ...
[vireo] Demultiplex 9973 cells to 2 donors with 129129 variants.
[vireo] lower bound ranges [-1816480.2, -1814106.5, -1813277.6]
[vireo] allelic rate mean and concentrations:
[[0.001 0.429 0.995]]
[[32628320.9  3043350.9   959211.2]]
[vireo] donor size before removing doublets:
donor0	donor1
6533	3440
[vireo] final donor size:
donor0	donor1	doublet	unassigned
6327	3132	422	92
[vireo] All done: 3 min 2.7 sec

[vireo] Loading vartrix files ...
[vireo] Demultiplex 9973 cells to 2 donors with 129129 variants.
[vireo] lower bound ranges [-2051069.0, -2050020.5, -2049405.9]
[vireo] allelic rate mean and concentrations:
[[0.003 0.401 0.895]]
[[33584909.   3092273.8    41583.3]]
[vireo] donor size before removing doublets:
donor0	donor1
3450	6523
[vireo] final donor size:
donor0	donor1	doublet	unassigned
3157	6334	393	89
[vireo] All done: 3 min 14.1 sec

